/usr/lib/python3/dist-packages/scipy/__init__.py:146: UserWarning: A NumPy version >=1.17.3 and <1.25.0 is required for this version of SciPy (detected version 1.26.4
  warnings.warn(f"A NumPy version >={np_minversion} and <{np_maxversion}"
{
  "verdict": "M0_E2_CRN_SENTINEL_QUALIFIED",
  "failures": [],
  "stage": "E2_ONLY",
  "new_U0_runs": 0,
  "new_wrong_wind_runs": 4,
  "total_M0_runs_completed": 12,
  "remaining_wrong_wind_runs": 28,
  "remaining_28_authorized": false,
  "remaining_28_launched": false,
  "R0_unchanged": true,
  "E1_unchanged": true,
  "scientific_M0_verdict": "NOT_TESTED",
  "posterior_material_effect": "NOT_TESTED",
  "no_threshold_or_design_adjustment": true,
  "STOP_now": true,
  "resources": {
    "E2_campaign_wall_s": 7.457592830000067,
    "max_RSS_bytes": 127848448,
    "E2_input_output_bytes": 412406036,
    "remaining_28_projected_total_wall_s_with_safety": 1930.4346998474625,
    "projected_total_bytes": 1103955160,
    "resource_gate_pass": true
  }
}
