/usr/lib/python3/dist-packages/scipy/__init__.py:146: UserWarning: A NumPy version >=1.17.3 and <1.25.0 is required for this version of SciPy (detected version 1.26.4
  warnings.warn(f"A NumPy version >={np_minversion} and <{np_maxversion}"
{
  "status": "INDEPENDENT_E2_VERIFICATION_PASS",
  "native_files_verified": 1620,
  "frozen_R0_files_verified": 39,
  "four_sentinel_runs_verified": 4,
  "new_baseline_runs": 0,
  "remaining_28_runs": 0,
  "margin_max_difference_m": 0.0,
  "descriptive_forward_QC_max_difference": 1.3877787807814457e-17,
  "native_sampling_queries_verified": 10200,
  "all_cross_wind_CRN_prerequisites": true,
  "per_arm": [
    {
      "run_id": "m0r0_A_on_S0_r01",
      "matched_clock_release_sigma_and_noise_table": true,
      "minimum_3sigma_margin_m": 6.622976970672608,
      "stable_all6_band_mean_upper_bound": 5.284486922271411e-69,
      "stable_all6_band_q95_upper_bound": 1.8795694002932237e-71,
      "max_all_saved_record_band_upper_bound": 6.981465382741993e-57,
      "between_save_terminal_motion_bound_m": 0.2927806375274818,
      "deletion_count_certified": 0,
      "native_parity_checks": 2550
    },
    {
      "run_id": "m0r0_A_off_S0_r01",
      "matched_clock_release_sigma_and_noise_table": true,
      "minimum_3sigma_margin_m": 6.622976970672608,
      "stable_all6_band_mean_upper_bound": 5.284486922271411e-69,
      "stable_all6_band_q95_upper_bound": 1.8795694002932237e-71,
      "max_all_saved_record_band_upper_bound": 6.981465382741993e-57,
      "between_save_terminal_motion_bound_m": 0.2927806375274818,
      "deletion_count_certified": 0,
      "native_parity_checks": 2550
    },
    {
      "run_id": "m0r0_B_shear_S0_r01",
      "matched_clock_release_sigma_and_noise_table": true,
      "minimum_3sigma_margin_m": 6.622976970672608,
      "stable_all6_band_mean_upper_bound": 5.284486922271411e-69,
      "stable_all6_band_q95_upper_bound": 1.8795694002932237e-71,
      "max_all_saved_record_band_upper_bound": 6.981465382741993e-57,
      "between_save_terminal_motion_bound_m": 0.2809779586276908,
      "deletion_count_certified": 0,
      "native_parity_checks": 2550
    },
    {
      "run_id": "m0r0_B_speed_S0_r01",
      "matched_clock_release_sigma_and_noise_table": true,
      "minimum_3sigma_margin_m": 6.622976970672608,
      "stable_all6_band_mean_upper_bound": 5.284486922271411e-69,
      "stable_all6_band_q95_upper_bound": 1.8795694002932237e-71,
      "max_all_saved_record_band_upper_bound": 6.981465382741993e-57,
      "between_save_terminal_motion_bound_m": 0.2844094571763098,
      "deletion_count_certified": 0,
      "native_parity_checks": 2550
    }
  ],
  "zero_deletion_is_invariant_certificate_not_tick_counter": true,
  "material_effect_or_M0_PASS": "NOT_TESTED",
  "STOP": true
}
