SV Svalbard_phase1 flight_mean 
SV Svalbard_phase1 current_local 
SV Svalbard_phase2 flight_mean 
SV Svalbard_phase2 current_local 
SV Svalbard_phase3 flight_mean 
SV Svalbard_phase3 current_local 
MK Mackenzie_CP flight_mean 
MK Mackenzie_CP current_local 
MK Mackenzie_CP height_dependent 
MK Mackenzie_OP flight_mean 
MK Mackenzie_OP current_local 
MK Mackenzie_OP height_dependent 
SV Svalbard_phase1 current_local history
SV Svalbard_phase1 flight_mean history
SV Svalbard_phase1 past10 history
SV Svalbard_phase1 future10 history
SV Svalbard_phase1 past30 history
SV Svalbard_phase1 future30 history
SV Svalbard_phase1 past60 history
SV Svalbard_phase1 future60 history
SV Svalbard_phase2 current_local history
SV Svalbard_phase2 flight_mean history
SV Svalbard_phase2 past10 history
SV Svalbard_phase2 future10 history
SV Svalbard_phase2 past30 history
SV Svalbard_phase2 future30 history
SV Svalbard_phase2 past60 history
SV Svalbard_phase2 future60 history
MK Mackenzie_CP current_local history
MK Mackenzie_CP flight_mean history
MK Mackenzie_CP past10 history
MK Mackenzie_CP future10 history
MK Mackenzie_CP past30 history
MK Mackenzie_CP future30 history
MK Mackenzie_CP past60 history
MK Mackenzie_CP future60 history
MK Mackenzie_OP current_local history
MK Mackenzie_OP flight_mean history
MK Mackenzie_OP past10 history
MK Mackenzie_OP future10 history
MK Mackenzie_OP past30 history
MK Mackenzie_OP future30 history
MK Mackenzie_OP past60 history
MK Mackenzie_OP future60 history
