{
  "decision": "R3_STOP",
  "R3_A_pass": false,
  "R3_B_negative_control_gate": true,
  "R3_C": "STOP_HISTORY_ROUTE",
  "history": "score results retained; no consistent verified causal claim, no RNN or history module",
  "condition_gates": [
    {
      "condition": "Svalbard_phase1",
      "between_model_source_drift_m": 68.2367203197809,
      "normalized_source_drift": 0.238562590921737,
      "within_model_bootstrap_drift_m": 10.0,
      "structural_drift_ratio": 6.82367203197809,
      "wind_only_source_drift_m": 68.2367203197809,
      "wind_only_bootstrap_drift_m": 10.0,
      "wind_only_ratio": 6.82367203197809,
      "wind_only_bootstrap95_m": 115.59628021696892,
      "denominator_floor_m": 1.25,
      "floor_applies": false,
      "primary_boundary_invalid": false,
      "condition_pass": false,
      "n_models": 12
    },
    {
      "condition": "Svalbard_phase2",
      "between_model_source_drift_m": 10.0,
      "normalized_source_drift": 0.030923349317589256,
      "within_model_bootstrap_drift_m": 5.5901699437494745,
      "structural_drift_ratio": 1.7888543819998317,
      "wind_only_source_drift_m": 12.5,
      "wind_only_bootstrap_drift_m": 5.5901699437494745,
      "wind_only_ratio": 2.23606797749979,
      "wind_only_bootstrap95_m": 53.85164807134504,
      "denominator_floor_m": 1.25,
      "floor_applies": false,
      "primary_boundary_invalid": false,
      "condition_pass": false,
      "n_models": 12
    },
    {
      "condition": "Svalbard_phase3",
      "between_model_source_drift_m": 107.38365797457264,
      "normalized_source_drift": 0.34146078276751196,
      "within_model_bootstrap_drift_m": 76.68930825088984,
      "structural_drift_ratio": 1.400242881618725,
      "wind_only_source_drift_m": 167.79824194549835,
      "wind_only_bootstrap_drift_m": 94.48718009201036,
      "wind_only_ratio": 1.775883689005203,
      "wind_only_bootstrap95_m": 285.5367752146823,
      "denominator_floor_m": 1.25,
      "floor_applies": false,
      "primary_boundary_invalid": true,
      "condition_pass": false,
      "n_models": 12
    },
    {
      "condition": "Mackenzie_CP",
      "between_model_source_drift_m": 27.19376119891683,
      "normalized_source_drift": 0.09970128418283664,
      "within_model_bootstrap_drift_m": 12.999999999846594,
      "structural_drift_ratio": 2.0918277845567483,
      "wind_only_source_drift_m": 39.80578661643828,
      "wind_only_bootstrap_drift_m": 15.247971935015077,
      "wind_only_ratio": 2.610562688997953,
      "wind_only_bootstrap95_m": 138.535401494269,
      "denominator_floor_m": 6.5,
      "floor_applies": false,
      "primary_boundary_invalid": false,
      "condition_pass": false,
      "n_models": 12
    },
    {
      "condition": "Mackenzie_OP",
      "between_model_source_drift_m": 12.999999999919094,
      "normalized_source_drift": 0.049450320384714794,
      "within_model_bootstrap_drift_m": 25.9999999998296,
      "structural_drift_ratio": 0.5000000000001651,
      "wind_only_source_drift_m": 65.00000000049084,
      "wind_only_bootstrap_drift_m": 25.9999999998296,
      "wind_only_ratio": 2.500000000035263,
      "wind_only_bootstrap95_m": 104.00000000023095,
      "denominator_floor_m": 6.5,
      "floor_applies": false,
      "primary_boundary_invalid": true,
      "condition_pass": false,
      "n_models": 12
    }
  ],
  "observability": [
    {
      "condition": "Svalbard_phase1",
      "enhancement_fraction": 0.1728395061728395,
      "posterior_entropy_fraction": 0.1558174267872172,
      "credible_area_fraction": 0.0003623188405797,
      "Q_MAP": 2000.0,
      "q_zero_probability": 8.911358494173185e-24,
      "boundary_probability": 2.2138411814925171e-16,
      "split_drift_m": 2.5,
      "split_drift_domain_fraction": 0.008740257071403421,
      "informative": true,
      "decision": "INFORMATIVE",
      "criteria_pass_count": 7,
      "criteria_total": 7
    },
    {
      "condition": "Svalbard_phase2",
      "enhancement_fraction": 0.1092436974789916,
      "posterior_entropy_fraction": 0.0799320282268922,
      "credible_area_fraction": 0.0001449275362318,
      "Q_MAP": 1375.0,
      "q_zero_probability": 1.4330929025389416e-40,
      "boundary_probability": 1.619552939739521e-17,
      "split_drift_m": 79.88272654335229,
      "split_drift_domain_fraction": 0.24702414573415424,
      "informative": true,
      "decision": "INFORMATIVE",
      "criteria_pass_count": 7,
      "criteria_total": 7
    },
    {
      "condition": "Svalbard_phase3",
      "enhancement_fraction": 0.008771929824561403,
      "posterior_entropy_fraction": 0.935860084471854,
      "credible_area_fraction": 0.8000724637681159,
      "Q_MAP": 0.0,
      "q_zero_probability": 0.0859218794757226,
      "boundary_probability": 0.066946498049534,
      "split_drift_m": 67.91538853603062,
      "split_drift_domain_fraction": 0.2159587610338622,
      "informative": false,
      "decision": "INSUFFICIENT_ABSTAIN",
      "criteria_pass_count": 3,
      "criteria_total": 7
    }
  ],
  "protocol_anchor_commit": "17b31989e726b64ac95030a5b3f7dd635578af65",
  "delivery_parent_commit": "5c1da8d824393119f5b2688486ebf759dd8ec0a2",
  "starting_commit": "5c1da8d824393119f5b2688486ebf759dd8ec0a2",
  "truth_read_for_gate": false,
  "R4_executed": false,
  "model_training": false,
  "causal_missing_state_proved": false
}
