{
  "status": "PASS_ALL_FROZEN_PHASE_GENERATIONS",
  "new_GADEN_realizations": 6,
  "records": [
    {
      "candidate": "C7",
      "realization": 1,
      "wall": 3.317522839999583,
      "bank_bytes": 68263153
    },
    {
      "candidate": "K2",
      "realization": 1,
      "wall": 3.552093569000135,
      "bank_bytes": 75722831
    },
    {
      "candidate": "C7",
      "realization": 2,
      "wall": 3.401514944001974,
      "bank_bytes": 68675939
    },
    {
      "candidate": "K2",
      "realization": 2,
      "wall": 3.6600735539977904,
      "bank_bytes": 75677151
    },
    {
      "candidate": "C7",
      "realization": 3,
      "wall": 3.401374715002021,
      "bank_bytes": 68180550
    },
    {
      "candidate": "K2",
      "realization": 3,
      "wall": 4.185575977000553,
      "bank_bytes": 82494998
    }
  ],
  "error": null
}

