[INFO] [1788859804.868046312] [GSL]: Starting GSL server
[INFO] [1788859809.901722273] [GSL]: GSL action server is ready for action!
[INFO] [1788859810.902658052] [GSL]: [33mRequest received: PMFS[0m
[INFO] [1788859811.913516345] [GSL]: Waiting to hear from localization topic: /amcl_pose
[INFO] [1788859811.916316443] [GSL]: Gas sensor topic: '/PID/Sensor_reading'
[INFO] [1788859811.917929331] [GSL]: Wind sensor topic: '/Anemometer/WindSensor_reading'
[INFO] [1788859811.918124878] [GSL]: [34mINITIALIZATON COMPLETED[0m
[INFO] [1788859811.949765788] [GSL - Trace]: [32mEntering WaitForMap[0m
[INFO] [1788859811.949804976] [GSL - Trace]: [32mNeed occupancy map and costmap[0m
[INFO] [1788859812.002558195] [GSL - Trace]: [32mGot occupancy map[0m
[INFO] [1788859812.002628173] [GSL]: 
--------------GSL---------------
Occupancy Map dimensions:
x_min:-5.4 x_max:2.9   -   y_min:-7.5 y_max:4.4
--------------------------------
[INFO] [1788859812.002796639] [GSL]: [MAP-DEBUG] 83x119 res=0.1000 free=6811 obs=3066 unk=0 origin=(-5.39,-7.45)
[INFO] [1788859812.003947578] [GSL - Trace]: [32mCreated grid[0m
[INFO] [1788859812.003969828] [GSL]: [DEBUG] After reduceOccupancyMap: free=643 obstacle=410 total=1053
[INFO] [1788859812.004460933] [GSL - Trace]: [32mPruned unreachable cells[0m
[INFO] [1788859812.004468542] [GSL]: [DEBUG] After PruneUnreachable: free=631 obstacle=422 total=1053
[INFO] [1788859812.004475452] [GSL]: [DEBUG] Grid dims: 27x39 scale=3 cellSize=0.3
[INFO] [1788859812.004481754] [GSL]: [DEBUG] Start pos: (-0.5, -2.5)
[INFO] [1788859812.010195868] [GSL - Trace]: [32mCreated visibility map[0m
[INFO] [1788859812.014150608] [GSL]: Number of cells after fusing quadtree: 62
[INFO] [1788859812.014966282] [GSL]: [DEBUG-WIND] useGroundTruth=false gmrf_req_size=631 gaden_req_size=-1
[INFO] [1788859812.014981266] [GSL]: [DEBUG-WIND] Taking GMRF path
[INFO] [1788859812.049997120] [GSL - Trace]: [32mEntering StopAndMeasure[0m
[INFO] [1788859812.102838282] [GSL - Trace]: [32mGot cost map[0m
[INFO] [1788859813.903270920] [GSL]: 10 gas measurements, 10 wind measurements over 1.85 seconds
[INFO] [1788859813.903804370] [GSL]: avg_gas=0.31;  avg_windSpeed=0.022;  avg_wind_dir=-3
[INFO] [1788859813.904733619] [GSL]: [33mGAS HIT[0m
[INFO] [1788859813.904748528] [GSL]: [DEBUG-WIND] useGroundTruth=false gmrf_req_size=631 gaden_req_size=-1
[INFO] [1788859813.904758551] [GSL]: [DEBUG-WIND] Taking GMRF path
[INFO] [1788859813.950938802] [GSL - Trace]: [32mEntering StopAndMeasure[0m
[INFO] [1788859815.953002807] [GSL]: 10 gas measurements, 10 wind measurements over 2.00 seconds
[INFO] [1788859815.953089334] [GSL]: avg_gas=0.37;  avg_windSpeed=0.022;  avg_wind_dir=-3
[INFO] [1788859815.953919856] [GSL]: [33mGAS HIT[0m
[INFO] [1788859815.953932888] [GSL]: [DEBUG-WIND] useGroundTruth=false gmrf_req_size=631 gaden_req_size=-1
[INFO] [1788859815.953942274] [GSL]: [DEBUG-WIND] Taking GMRF path
[INFO] [1788859816.050549248] [GSL - Trace]: [32mEntering StopAndMeasure[0m
[INFO] [1788859817.902963239] [GSL]: 10 gas measurements, 10 wind measurements over 1.85 seconds
[INFO] [1788859817.903609324] [GSL]: avg_gas=0.44;  avg_windSpeed=0.022;  avg_wind_dir=-3
[INFO] [1788859817.904950861] [GSL]: [33mGAS HIT[0m
[INFO] [1788859817.904996107] [GSL]: [DEBUG-WIND] useGroundTruth=false gmrf_req_size=631 gaden_req_size=-1
[INFO] [1788859817.905008628] [GSL]: [DEBUG-WIND] Taking GMRF path
[INFO] [1788859817.950851737] [GSL - Trace]: [32mEntering StopAndMeasure[0m
[INFO] [1788859819.902945608] [GSL]: 10 gas measurements, 10 wind measurements over 1.95 seconds
[INFO] [1788859819.903018971] [GSL]: avg_gas=0.44;  avg_windSpeed=0.022;  avg_wind_dir=-3
[INFO] [1788859819.903804643] [GSL]: [33mGAS HIT[0m
[INFO] [1788859819.903815914] [GSL]: [DEBUG-WIND] useGroundTruth=false gmrf_req_size=631 gaden_req_size=-1
[INFO] [1788859819.903822651] [GSL]: [DEBUG-WIND] Taking GMRF path
[INFO] [1788859819.950099707] [GSL - Trace]: [32mEntering StopAndMeasure[0m
[INFO] [1788859821.903043847] [GSL]: 10 gas measurements, 10 wind measurements over 1.95 seconds
[INFO] [1788859821.903791636] [GSL]: avg_gas=0.43;  avg_windSpeed=0.022;  avg_wind_dir=-3
[INFO] [1788859821.905563488] [GSL]: [33mGAS HIT[0m
[INFO] [1788859821.905616141] [GSL]: [DEBUG-WIND] useGroundTruth=false gmrf_req_size=631 gaden_req_size=-1
[INFO] [1788859821.905630835] [GSL]: [DEBUG-WIND] Taking GMRF path
[INFO] [1788859821.950569631] [GSL - Trace]: [32mEntering StopAndMeasure[0m
[INFO] [1788859823.902749524] [GSL]: 10 gas measurements, 10 wind measurements over 1.95 seconds
[INFO] [1788859823.902814640] [GSL]: avg_gas=0.42;  avg_windSpeed=0.022;  avg_wind_dir=-3
[INFO] [1788859823.903663009] [GSL]: [33mGAS HIT[0m
[INFO] [1788859823.903676877] [GSL]: [DEBUG-WIND] useGroundTruth=false gmrf_req_size=631 gaden_req_size=-1
[INFO] [1788859823.903696917] [GSL]: [DEBUG-WIND] Taking GMRF path
[INFO] [1788859823.950560310] [GSL - Trace]: [32mEntering StopAndMeasure[0m
[INFO] [1788859825.902839130] [GSL]: 10 gas measurements, 10 wind measurements over 1.95 seconds
[INFO] [1788859825.902908681] [GSL]: avg_gas=0.45;  avg_windSpeed=0.022;  avg_wind_dir=-3
[INFO] [1788859825.904460923] [GSL]: [33mGAS HIT[0m
[INFO] [1788859825.904491113] [GSL]: [DEBUG-WIND] useGroundTruth=false gmrf_req_size=631 gaden_req_size=-1
[INFO] [1788859825.904504566] [GSL]: [DEBUG-WIND] Taking GMRF path
[INFO] [1788859825.950429054] [GSL - Trace]: [32mEntering StopAndMeasure[0m
[INFO] [1788859827.903064502] [GSL]: 10 gas measurements, 10 wind measurements over 1.95 seconds
[INFO] [1788859827.903159292] [GSL]: avg_gas=0.48;  avg_windSpeed=0.022;  avg_wind_dir=-3
[INFO] [1788859827.904177726] [GSL]: [33mGAS HIT[0m
[INFO] [1788859827.904193430] [GSL]: [DEBUG-WIND] useGroundTruth=false gmrf_req_size=631 gaden_req_size=-1
[INFO] [1788859827.904204223] [GSL]: [DEBUG-WIND] Taking GMRF path
[INFO] [1788859827.963250621] [GSL]: Max mutual info: 6.447
[WARN] [1788859827.963510346] [rcl.logging_rosout]: Publisher already registered for provided node name. If this is due to multiple nodes with the same name then all logs for that logger name will go out over the existing publisher. As soon as any node with that name is destructed it will unregister the publisher, preventing any further logs for that name from being published on the rosout topic.
[INFO] [1788859827.981172474] [GSL]: MutualInformation - Ellapsed: 0.031s
[INFO] [1788859828.007511217] [GSL]: Sending goal (-1.64, -2.50)
[INFO] [1788859828.008241930] [GSL]: Variance: 14.35
[INFO] [1788859828.008262841] [GSL - Trace]: [32mEntering Moving[0m
[INFO] [1788859828.922959436] [GSL - Trace]: [32mEntering StopAndMeasure[0m
[INFO] [1788859830.897541609] [GSL]: 10 gas measurements, 10 wind measurements over 1.97 seconds
[INFO] [1788859830.897594842] [GSL]: avg_gas=0.65;  avg_windSpeed=0.12;  avg_wind_dir=-1.4
[INFO] [1788859830.898122965] [GSL]: [33mGAS HIT[0m
[INFO] [1788859830.898132896] [GSL]: [DEBUG-WIND] useGroundTruth=false gmrf_req_size=631 gaden_req_size=-1
[INFO] [1788859830.898139301] [GSL]: [DEBUG-WIND] Taking GMRF path
[INFO] [1788859830.949754397] [GSL - Trace]: [32mEntering StopAndMeasure[0m
[INFO] [1788859832.909333644] [GSL]: 10 gas measurements, 10 wind measurements over 1.96 seconds
[INFO] [1788859832.909435480] [GSL]: avg_gas=0.75;  avg_windSpeed=0.15;  avg_wind_dir=-1.5
[INFO] [1788859832.910663221] [GSL]: [33mGAS HIT[0m
[INFO] [1788859832.910701007] [GSL]: [DEBUG-WIND] useGroundTruth=false gmrf_req_size=631 gaden_req_size=-1
[INFO] [1788859832.910713893] [GSL]: [DEBUG-WIND] Taking GMRF path
[INFO] [1788859832.949988808] [GSL - Trace]: [32mEntering StopAndMeasure[0m
[INFO] [1788859834.909445401] [GSL]: 10 gas measurements, 10 wind measurements over 1.96 seconds
[INFO] [1788859834.909539752] [GSL]: avg_gas=0.74;  avg_windSpeed=0.12;  avg_wind_dir=-1.4
[INFO] [1788859834.910493221] [GSL]: [33mGAS HIT[0m
[INFO] [1788859834.910512331] [GSL]: [DEBUG-WIND] useGroundTruth=false gmrf_req_size=631 gaden_req_size=-1
[INFO] [1788859834.910524036] [GSL]: [DEBUG-WIND] Taking GMRF path
[INFO] [1788859834.950181663] [GSL - Trace]: [32mEntering StopAndMeasure[0m
[INFO] [1788859836.909362503] [GSL]: 10 gas measurements, 10 wind measurements over 1.96 seconds
[INFO] [1788859836.910163251] [GSL]: avg_gas=0.74;  avg_windSpeed=0.15;  avg_wind_dir=-1.5
[INFO] [1788859836.911470054] [GSL]: [33mGAS HIT[0m
[INFO] [1788859836.911512173] [GSL]: [DEBUG-WIND] useGroundTruth=false gmrf_req_size=631 gaden_req_size=-1
[INFO] [1788859836.911524122] [GSL]: [DEBUG-WIND] Taking GMRF path
[INFO] [1788859836.950331525] [GSL - Trace]: [32mEntering StopAndMeasure[0m
[INFO] [1788859838.910396842] [GSL]: 10 gas measurements, 10 wind measurements over 1.96 seconds
[INFO] [1788859838.910566343] [GSL]: avg_gas=0.76;  avg_windSpeed=0.12;  avg_wind_dir=-1.4
[INFO] [1788859838.911726548] [GSL]: [33mGAS HIT[0m
[INFO] [1788859838.911746897] [GSL]: [DEBUG-WIND] useGroundTruth=false gmrf_req_size=631 gaden_req_size=-1
[INFO] [1788859838.911760236] [GSL]: [DEBUG-WIND] Taking GMRF path
[INFO] [1788859838.949994627] [GSL - Trace]: [32mEntering StopAndMeasure[0m
[INFO] [1788859840.909587306] [GSL]: 10 gas measurements, 10 wind measurements over 1.96 seconds
[INFO] [1788859840.910406188] [GSL]: avg_gas=0.8;  avg_windSpeed=0.15;  avg_wind_dir=-1.5
[INFO] [1788859840.911478161] [GSL]: [33mGAS HIT[0m
[INFO] [1788859840.911739361] [GSL]: [DEBUG-WIND] useGroundTruth=false gmrf_req_size=631 gaden_req_size=-1
[INFO] [1788859840.911790527] [GSL]: [DEBUG-WIND] Taking GMRF path
[INFO] [1788859840.949782802] [GSL - Trace]: [32mEntering StopAndMeasure[0m
[INFO] [1788859842.909277006] [GSL]: 10 gas measurements, 10 wind measurements over 1.96 seconds
[INFO] [1788859842.909383012] [GSL]: avg_gas=0.89;  avg_windSpeed=0.12;  avg_wind_dir=-1.4
[INFO] [1788859842.909955255] [GSL]: [33mGAS HIT[0m
[INFO] [1788859842.909966226] [GSL]: [DEBUG-WIND] useGroundTruth=false gmrf_req_size=631 gaden_req_size=-1
[INFO] [1788859842.909972535] [GSL]: [DEBUG-WIND] Taking GMRF path
[INFO] [1788859842.949956144] [GSL - Trace]: [32mEntering StopAndMeasure[0m
[INFO] [1788859844.909258799] [GSL]: 10 gas measurements, 10 wind measurements over 1.96 seconds
[INFO] [1788859844.909637233] [GSL]: avg_gas=0.88;  avg_windSpeed=0.15;  avg_wind_dir=-1.5
[INFO] [1788859844.910223799] [GSL]: [33mGAS HIT[0m
[INFO] [1788859844.910235491] [GSL]: [DEBUG-WIND] useGroundTruth=false gmrf_req_size=631 gaden_req_size=-1
[INFO] [1788859844.910242707] [GSL]: [DEBUG-WIND] Taking GMRF path
[INFO] [1788859844.970045272] [GSL]: Max mutual info: 6.447
[INFO] [1788859844.970178887] [GSL]: MutualInformation - Ellapsed: 0.020s
[INFO] [1788859845.002254598] [GSL]: Sending goal (-2.54, -2.50)
[INFO] [1788859845.002761329] [GSL]: Variance: 14.35
[INFO] [1788859845.002786392] [GSL - Trace]: [32mEntering Moving[0m
[INFO] [1788859845.710372282] [GSL - Trace]: [32mEntering StopAndMeasure[0m
[INFO] [1788859847.709732274] [GSL]: 10 gas measurements, 10 wind measurements over 2.00 seconds
[INFO] [1788859847.709793676] [GSL]: avg_gas=0.72;  avg_windSpeed=0.048;  avg_wind_dir=-1.1
[INFO] [1788859847.710397836] [GSL]: [33mGAS HIT[0m
[INFO] [1788859847.710409238] [GSL]: [DEBUG-WIND] useGroundTruth=false gmrf_req_size=631 gaden_req_size=-1
[INFO] [1788859847.710979902] [GSL]: [DEBUG-WIND] Taking GMRF path
[INFO] [1788859847.750800876] [GSL - Trace]: [32mEntering StopAndMeasure[0m
[INFO] [1788859849.710046793] [GSL]: 10 gas measurements, 10 wind measurements over 1.96 seconds
[INFO] [1788859849.710194208] [GSL]: avg_gas=0.64;  avg_windSpeed=0.04;  avg_wind_dir=-0.87
[INFO] [1788859849.711227661] [GSL]: [33mGAS HIT[0m
[INFO] [1788859849.711246872] [GSL]: [DEBUG-WIND] useGroundTruth=false gmrf_req_size=631 gaden_req_size=-1
[INFO] [1788859849.711259643] [GSL]: [DEBUG-WIND] Taking GMRF path
[INFO] [1788859849.752399481] [GSL - Trace]: [32mEntering StopAndMeasure[0m
[INFO] [1788859851.709770379] [GSL]: 10 gas measurements, 10 wind measurements over 1.96 seconds
[INFO] [1788859851.709839706] [GSL]: avg_gas=0.61;  avg_windSpeed=0.048;  avg_wind_dir=-1.1
[INFO] [1788859851.710612212] [GSL]: [33mGAS HIT[0m
[INFO] [1788859851.710626597] [GSL]: [DEBUG-WIND] useGroundTruth=false gmrf_req_size=631 gaden_req_size=-1
[INFO] [1788859851.711022750] [GSL]: [DEBUG-WIND] Taking GMRF path
[INFO] [1788859851.751124752] [GSL - Trace]: [32mEntering StopAndMeasure[0m
[INFO] [1788859853.709836695] [GSL]: 10 gas measurements, 10 wind measurements over 1.96 seconds
[INFO] [1788859853.709953065] [GSL]: avg_gas=0.58;  avg_windSpeed=0.04;  avg_wind_dir=-0.87
[INFO] [1788859853.712023414] [GSL]: [33mGAS HIT[0m
[INFO] [1788859853.712085899] [GSL]: [DEBUG-WIND] useGroundTruth=false gmrf_req_size=631 gaden_req_size=-1
[INFO] [1788859853.712104112] [GSL]: [DEBUG-WIND] Taking GMRF path
[INFO] [1788859853.750778223] [GSL - Trace]: [32mEntering StopAndMeasure[0m
[INFO] [1788859855.709487949] [GSL]: 10 gas measurements, 10 wind measurements over 1.96 seconds
[INFO] [1788859855.709570718] [GSL]: avg_gas=0.56;  avg_windSpeed=0.048;  avg_wind_dir=-1.1
[INFO] [1788859855.710810156] [GSL]: [33mGAS HIT[0m
[INFO] [1788859855.710844514] [GSL]: [DEBUG-WIND] useGroundTruth=false gmrf_req_size=631 gaden_req_size=-1
[INFO] [1788859855.710854353] [GSL]: [DEBUG-WIND] Taking GMRF path
[INFO] [1788859855.749929540] [GSL - Trace]: [32mEntering StopAndMeasure[0m
[INFO] [1788859857.709289461] [GSL]: 10 gas measurements, 10 wind measurements over 1.96 seconds
[INFO] [1788859857.709350745] [GSL]: avg_gas=0.59;  avg_windSpeed=0.04;  avg_wind_dir=-0.87
[INFO] [1788859857.709892820] [GSL]: [33mGAS HIT[0m
[INFO] [1788859857.709902694] [GSL]: [DEBUG-WIND] useGroundTruth=false gmrf_req_size=631 gaden_req_size=-1
[INFO] [1788859857.709909122] [GSL]: [DEBUG-WIND] Taking GMRF path
[INFO] [1788859857.749931689] [GSL - Trace]: [32mEntering StopAndMeasure[0m
[INFO] [1788859859.709764729] [GSL]: 10 gas measurements, 10 wind measurements over 1.96 seconds
[INFO] [1788859859.709848131] [GSL]: avg_gas=0.61;  avg_windSpeed=0.048;  avg_wind_dir=-1.1
[INFO] [1788859859.711156400] [GSL]: [33mGAS HIT[0m
[INFO] [1788859859.711194502] [GSL]: [DEBUG-WIND] useGroundTruth=false gmrf_req_size=631 gaden_req_size=-1
[INFO] [1788859859.711205561] [GSL]: [DEBUG-WIND] Taking GMRF path
[INFO] [1788859859.749875749] [GSL - Trace]: [32mEntering StopAndMeasure[0m
[INFO] [1788859861.709344294] [GSL]: 10 gas measurements, 10 wind measurements over 1.96 seconds
[INFO] [1788859861.709416999] [GSL]: avg_gas=0.62;  avg_windSpeed=0.04;  avg_wind_dir=-0.87
[INFO] [1788859861.709974098] [GSL]: [33mGAS HIT[0m
[INFO] [1788859861.709985740] [GSL]: [DEBUG-WIND] useGroundTruth=false gmrf_req_size=631 gaden_req_size=-1
[INFO] [1788859861.709992213] [GSL]: [DEBUG-WIND] Taking GMRF path
[INFO] [1788859861.757426990] [GSL]: Max mutual info: 6.447
[INFO] [1788859861.757936154] [GSL]: MutualInformation - Ellapsed: 0.008s
[INFO] [1788859861.786568833] [GSL]: Sending goal (-3.44, -2.50)
[INFO] [1788859861.787406804] [GSL]: Variance: 14.35
[INFO] [1788859861.787431883] [GSL - Trace]: [32mEntering Moving[0m
[INFO] [1788859862.511006730] [GSL - Trace]: [32mEntering StopAndMeasure[0m
[INFO] [1788859864.509277713] [GSL]: 10 gas measurements, 10 wind measurements over 2.00 seconds
[INFO] [1788859864.509336938] [GSL]: avg_gas=0.6;  avg_windSpeed=0.035;  avg_wind_dir=-2
[INFO] [1788859864.510264785] [GSL]: [33mGAS HIT[0m
[INFO] [1788859864.510288769] [GSL]: [DEBUG-WIND] useGroundTruth=false gmrf_req_size=631 gaden_req_size=-1
[INFO] [1788859864.510295800] [GSL]: [DEBUG-WIND] Taking GMRF path
[INFO] [1788859864.549795458] [GSL - Trace]: [32mEntering StopAndMeasure[0m
[INFO] [1788859866.509402847] [GSL]: 10 gas measurements, 10 wind measurements over 1.96 seconds
[INFO] [1788859866.509475215] [GSL]: avg_gas=0.61;  avg_windSpeed=0.032;  avg_wind_dir=-1.5
[INFO] [1788859866.510031731] [GSL]: [33mGAS HIT[0m
[INFO] [1788859866.510041755] [GSL]: [DEBUG-WIND] useGroundTruth=false gmrf_req_size=631 gaden_req_size=-1
[INFO] [1788859866.510047813] [GSL]: [DEBUG-WIND] Taking GMRF path
[INFO] [1788859866.549747892] [GSL - Trace]: [32mEntering StopAndMeasure[0m
[INFO] [1788859868.509523744] [GSL]: 10 gas measurements, 10 wind measurements over 1.96 seconds
[INFO] [1788859868.509651851] [GSL]: avg_gas=0.63;  avg_windSpeed=0.035;  avg_wind_dir=-2
[INFO] [1788859868.511533415] [GSL]: [33mGAS HIT[0m
[INFO] [1788859868.511574951] [GSL]: [DEBUG-WIND] useGroundTruth=false gmrf_req_size=631 gaden_req_size=-1
[INFO] [1788859868.511587345] [GSL]: [DEBUG-WIND] Taking GMRF path
[INFO] [1788859868.550155804] [GSL - Trace]: [32mEntering StopAndMeasure[0m
[INFO] [1788859870.509431708] [GSL]: 10 gas measurements, 10 wind measurements over 1.96 seconds
[INFO] [1788859870.509535481] [GSL]: avg_gas=0.63;  avg_windSpeed=0.032;  avg_wind_dir=-1.5
[INFO] [1788859870.510874219] [GSL]: [33mGAS HIT[0m
[INFO] [1788859870.510923047] [GSL]: [DEBUG-WIND] useGroundTruth=false gmrf_req_size=631 gaden_req_size=-1
[INFO] [1788859870.510936115] [GSL]: [DEBUG-WIND] Taking GMRF path
[INFO] [1788859870.550481516] [GSL - Trace]: [32mEntering StopAndMeasure[0m
[INFO] [1788859872.459248834] [GSL]: 10 gas measurements, 10 wind measurements over 1.91 seconds
[INFO] [1788859872.459301454] [GSL]: avg_gas=0.64;  avg_windSpeed=0.035;  avg_wind_dir=-2
[INFO] [1788859872.460220735] [GSL]: [33mGAS HIT[0m
[INFO] [1788859872.460255938] [GSL]: [DEBUG-WIND] useGroundTruth=false gmrf_req_size=631 gaden_req_size=-1
[INFO] [1788859872.460263069] [GSL]: [DEBUG-WIND] Taking GMRF path
[INFO] [1788859872.550195050] [GSL - Trace]: [32mEntering StopAndMeasure[0m
[INFO] [1788859874.509332862] [GSL]: 10 gas measurements, 10 wind measurements over 1.96 seconds
[INFO] [1788859874.509389202] [GSL]: avg_gas=0.64;  avg_windSpeed=0.032;  avg_wind_dir=-1.5
[INFO] [1788859874.509967098] [GSL]: [33mGAS HIT[0m
[INFO] [1788859874.509977141] [GSL]: [DEBUG-WIND] useGroundTruth=false gmrf_req_size=631 gaden_req_size=-1
[INFO] [1788859874.509983572] [GSL]: [DEBUG-WIND] Taking GMRF path
[INFO] [1788859874.550151033] [GSL - Trace]: [32mEntering StopAndMeasure[0m
[INFO] [1788859876.509402075] [GSL]: 10 gas measurements, 10 wind measurements over 1.96 seconds
[INFO] [1788859876.509493023] [GSL]: avg_gas=0.63;  avg_windSpeed=0.035;  avg_wind_dir=-2
[INFO] [1788859876.510778223] [GSL]: [33mGAS HIT[0m
[INFO] [1788859876.511199750] [GSL]: [DEBUG-WIND] useGroundTruth=false gmrf_req_size=631 gaden_req_size=-1
[INFO] [1788859876.511221149] [GSL]: [DEBUG-WIND] Taking GMRF path
[INFO] [1788859876.550459693] [GSL - Trace]: [32mEntering StopAndMeasure[0m
[INFO] [1788859878.510312286] [GSL]: 10 gas measurements, 10 wind measurements over 1.96 seconds
[INFO] [1788859878.510377249] [GSL]: avg_gas=0.63;  avg_windSpeed=0.032;  avg_wind_dir=-1.5
[INFO] [1788859878.510984062] [GSL]: [33mGAS HIT[0m
[INFO] [1788859878.510995408] [GSL]: [DEBUG-WIND] useGroundTruth=false gmrf_req_size=631 gaden_req_size=-1
[INFO] [1788859878.511002162] [GSL]: [DEBUG-WIND] Taking GMRF path
[INFO] [1788859878.551087323] [GSL]: [33mStarted simulations. Might take a while![0m
[INFO] [1788859878.683014778] [GSL - Trace]: [32mFirst simulation level done[0m
[INFO] [1788859878.683391016] [GSL]: [RC2-DIAG] scores_size=62 refineFraction=0.25 refine_product=15.5 valid_first_level=62 sum_sourceProbInternal_before_norm=0.00015457440610799114 min_sourceProbInternal_before_norm=0 max_sourceProbInternal_before_norm=7.490392565889165e-06 finite_sourceProbInternal=1053 finite_varianceOfHitProb=1053
[INFO] [1788859878.778063283] [GSL - Trace]: [32mSimulation level 2 done[0m
[INFO] [1788859878.853341248] [GSL - Trace]: [32mSimulation level 3 done[0m
[INFO] [1788859878.882001038] [GSL - Trace]: [32mSimulation level 4 done[0m
[INFO] [1788859878.882066297] [GSL - Trace]: [32mSimulation level 5 done[0m
[INFO] [1788859878.882077469] [GSL]: Number of levels in the simulation: 5
[INFO] [1788859878.882084501] [GSL]: Total number of simulations: 164
[INFO] [1788859878.882108274] [GSL]: [RC2-DIAG] normalized_finite_count=1053 normalized_sum=1
[INFO] [1788859878.882116840] [GSL]: Time ellapsed in simulation = 0.330941276 s
[INFO] [1788859878.885025577] [GSL]: Max mutual info: 2.643
[INFO] [1788859878.885133718] [GSL]: MutualInformation - Ellapsed: 0.003s
[INFO] [1788859878.912002481] [GSL]: Sending goal (-3.74, -3.40)
[INFO] [1788859878.912445804] [GSL]: Variance: 0.45
[INFO] [1788859878.912679201] [GSL - Trace]: [32mEntering Moving[0m
[INFO] [1788859879.732090348] [GSL - Trace]: [32mEntering StopAndMeasure[0m
[INFO] [1788859881.714067484] [GSL]: 10 gas measurements, 10 wind measurements over 1.98 seconds
[INFO] [1788859881.714160338] [GSL]: avg_gas=0.68;  avg_windSpeed=0.041;  avg_wind_dir=2.9
[INFO] [1788859881.715135765] [GSL]: [33mGAS HIT[0m
[INFO] [1788859881.715164003] [GSL]: [DEBUG-WIND] useGroundTruth=false gmrf_req_size=631 gaden_req_size=-1
[INFO] [1788859881.715175341] [GSL]: [DEBUG-WIND] Taking GMRF path
[INFO] [1788859881.751623296] [GSL - Trace]: [32mEntering StopAndMeasure[0m
[INFO] [1788859883.714022788] [GSL]: 10 gas measurements, 10 wind measurements over 1.96 seconds
[INFO] [1788859883.714107894] [GSL]: avg_gas=0.68;  avg_windSpeed=0.065;  avg_wind_dir=-3.1
[INFO] [1788859883.715244767] [GSL]: [33mGAS HIT[0m
[INFO] [1788859883.715267874] [GSL]: [DEBUG-WIND] useGroundTruth=false gmrf_req_size=631 gaden_req_size=-1
[INFO] [1788859883.715278895] [GSL]: [DEBUG-WIND] Taking GMRF path
[INFO] [1788859883.750046399] [GSL - Trace]: [32mEntering StopAndMeasure[0m
[INFO] [1788859885.714231704] [GSL]: 10 gas measurements, 10 wind measurements over 1.96 seconds
[INFO] [1788859885.714802467] [GSL]: avg_gas=0.65;  avg_windSpeed=0.041;  avg_wind_dir=2.9
[INFO] [1788859885.715609683] [GSL]: [33mGAS HIT[0m
[INFO] [1788859885.715623902] [GSL]: [DEBUG-WIND] useGroundTruth=false gmrf_req_size=631 gaden_req_size=-1
[INFO] [1788859885.715632832] [GSL]: [DEBUG-WIND] Taking GMRF path
[INFO] [1788859885.751068064] [GSL - Trace]: [32mEntering StopAndMeasure[0m
[INFO] [1788859887.714226157] [GSL]: 10 gas measurements, 10 wind measurements over 1.96 seconds
[INFO] [1788859887.714343309] [GSL]: avg_gas=0.64;  avg_windSpeed=0.065;  avg_wind_dir=-3.1
[INFO] [1788859887.715771941] [GSL]: [33mGAS HIT[0m
[INFO] [1788859887.715821425] [GSL]: [DEBUG-WIND] useGroundTruth=false gmrf_req_size=631 gaden_req_size=-1
[INFO] [1788859887.715834505] [GSL]: [DEBUG-WIND] Taking GMRF path
[INFO] [1788859887.750135928] [GSL - Trace]: [32mEntering StopAndMeasure[0m
[INFO] [1788859889.713790138] [GSL]: 10 gas measurements, 10 wind measurements over 1.96 seconds
[INFO] [1788859889.713852738] [GSL]: avg_gas=0.67;  avg_windSpeed=0.041;  avg_wind_dir=2.9
[INFO] [1788859889.714387399] [GSL]: [33mGAS HIT[0m
[INFO] [1788859889.714399619] [GSL]: [DEBUG-WIND] useGroundTruth=false gmrf_req_size=631 gaden_req_size=-1
[INFO] [1788859889.714405832] [GSL]: [DEBUG-WIND] Taking GMRF path
[INFO] [1788859889.749834782] [GSL - Trace]: [32mEntering StopAndMeasure[0m
[INFO] [1788859891.713769067] [GSL]: 10 gas measurements, 10 wind measurements over 1.96 seconds
[INFO] [1788859891.713824242] [GSL]: avg_gas=0.71;  avg_windSpeed=0.065;  avg_wind_dir=-3.1
[INFO] [1788859891.714372642] [GSL]: [33mGAS HIT[0m
[INFO] [1788859891.714382405] [GSL]: [DEBUG-WIND] useGroundTruth=false gmrf_req_size=631 gaden_req_size=-1
[INFO] [1788859891.714388902] [GSL]: [DEBUG-WIND] Taking GMRF path
[INFO] [1788859891.750128571] [GSL - Trace]: [32mEntering StopAndMeasure[0m
[INFO] [1788859893.713983706] [GSL]: 10 gas measurements, 10 wind measurements over 1.96 seconds
[INFO] [1788859893.714053466] [GSL]: avg_gas=0.73;  avg_windSpeed=0.041;  avg_wind_dir=2.9
[INFO] [1788859893.715111711] [GSL]: [33mGAS HIT[0m
[INFO] [1788859893.715147364] [GSL]: [DEBUG-WIND] useGroundTruth=false gmrf_req_size=631 gaden_req_size=-1
[INFO] [1788859893.715156513] [GSL]: [DEBUG-WIND] Taking GMRF path
[INFO] [1788859893.749803003] [GSL - Trace]: [32mEntering StopAndMeasure[0m
[INFO] [1788859895.713759124] [GSL]: 10 gas measurements, 10 wind measurements over 1.96 seconds
[INFO] [1788859895.713812589] [GSL]: avg_gas=0.78;  avg_windSpeed=0.065;  avg_wind_dir=-3.1
[INFO] [1788859895.714363038] [GSL]: [33mGAS HIT[0m
[INFO] [1788859895.714372020] [GSL]: [DEBUG-WIND] useGroundTruth=false gmrf_req_size=631 gaden_req_size=-1
[INFO] [1788859895.714378488] [GSL]: [DEBUG-WIND] Taking GMRF path
[INFO] [1788859895.761248543] [GSL]: Max mutual info: 2.675
[INFO] [1788859895.762567007] [GSL]: MutualInformation - Ellapsed: 0.013s
[INFO] [1788859895.795009075] [GSL]: Sending goal (-3.14, -3.70)
[INFO] [1788859895.796000143] [GSL]: Variance: 0.45
[INFO] [1788859895.796024666] [GSL - Trace]: [32mEntering Moving[0m
[INFO] [1788859896.315558901] [GSL - Trace]: [32mEntering StopAndMeasure[0m
[INFO] [1788859898.313879087] [GSL]: 10 gas measurements, 10 wind measurements over 2.00 seconds
[INFO] [1788859898.313962091] [GSL]: avg_gas=0.85;  avg_windSpeed=0.069;  avg_wind_dir=3.1
[INFO] [1788859898.314917000] [GSL]: [33mGAS HIT[0m
[INFO] [1788859898.314933518] [GSL]: [DEBUG-WIND] useGroundTruth=false gmrf_req_size=631 gaden_req_size=-1
[INFO] [1788859898.314944293] [GSL]: [DEBUG-WIND] Taking GMRF path
[INFO] [1788859898.349821419] [GSL - Trace]: [32mEntering StopAndMeasure[0m
[INFO] [1788859900.313870928] [GSL]: 10 gas measurements, 10 wind measurements over 1.96 seconds
[INFO] [1788859900.313969662] [GSL]: avg_gas=0.92;  avg_windSpeed=0.07;  avg_wind_dir=3.1
[INFO] [1788859900.316033282] [GSL]: [33mGAS HIT[0m
[INFO] [1788859900.316082118] [GSL]: [DEBUG-WIND] useGroundTruth=false gmrf_req_size=631 gaden_req_size=-1
[INFO] [1788859900.316096138] [GSL]: [DEBUG-WIND] Taking GMRF path
[INFO] [1788859900.350376823] [GSL - Trace]: [32mEntering StopAndMeasure[0m
[INFO] [1788859902.313868809] [GSL]: 10 gas measurements, 10 wind measurements over 1.96 seconds
[INFO] [1788859902.313942288] [GSL]: avg_gas=0.9;  avg_windSpeed=0.069;  avg_wind_dir=3.1
[INFO] [1788859902.314741710] [GSL]: [33mGAS HIT[0m
[INFO] [1788859902.314755002] [GSL]: [DEBUG-WIND] useGroundTruth=false gmrf_req_size=631 gaden_req_size=-1
[INFO] [1788859902.314764233] [GSL]: [DEBUG-WIND] Taking GMRF path
[INFO] [1788859902.350073870] [GSL - Trace]: [32mEntering StopAndMeasure[0m
[INFO] [1788859904.313763731] [GSL]: 10 gas measurements, 10 wind measurements over 1.96 seconds
[INFO] [1788859904.313818089] [GSL]: avg_gas=0.89;  avg_windSpeed=0.07;  avg_wind_dir=3.1
[INFO] [1788859904.314356838] [GSL]: [33mGAS HIT[0m
[INFO] [1788859904.314759358] [GSL]: [DEBUG-WIND] useGroundTruth=false gmrf_req_size=631 gaden_req_size=-1
[INFO] [1788859904.314781899] [GSL]: [DEBUG-WIND] Taking GMRF path
[INFO] [1788859904.349737856] [GSL - Trace]: [32mEntering StopAndMeasure[0m
[INFO] [1788859906.314656616] [GSL]: 10 gas measurements, 10 wind measurements over 1.96 seconds
[INFO] [1788859906.314862610] [GSL]: avg_gas=0.9;  avg_windSpeed=0.069;  avg_wind_dir=3.1
[INFO] [1788859906.315929340] [GSL]: [33mGAS HIT[0m
[INFO] [1788859906.315968271] [GSL]: [DEBUG-WIND] useGroundTruth=false gmrf_req_size=631 gaden_req_size=-1
[INFO] [1788859906.315980441] [GSL]: [DEBUG-WIND] Taking GMRF path
[INFO] [1788859906.349746130] [GSL - Trace]: [32mEntering StopAndMeasure[0m
[INFO] [1788859908.313811674] [GSL]: 10 gas measurements, 10 wind measurements over 1.96 seconds
[INFO] [1788859908.313878006] [GSL]: avg_gas=0.89;  avg_windSpeed=0.07;  avg_wind_dir=3.1
[INFO] [1788859908.314600937] [GSL]: [33mGAS HIT[0m
[INFO] [1788859908.314614842] [GSL]: [DEBUG-WIND] useGroundTruth=false gmrf_req_size=631 gaden_req_size=-1
[INFO] [1788859908.315073234] [GSL]: [DEBUG-WIND] Taking GMRF path
[INFO] [1788859908.349633929] [GSL - Trace]: [32mEntering StopAndMeasure[0m
[INFO] [1788859910.314966284] [GSL]: 10 gas measurements, 10 wind measurements over 1.97 seconds
[INFO] [1788859910.315025802] [GSL]: avg_gas=0.85;  avg_windSpeed=0.069;  avg_wind_dir=3.1
[INFO] [1788859910.315608872] [GSL]: [33mGAS HIT[0m
[INFO] [1788859910.315618614] [GSL]: [DEBUG-WIND] useGroundTruth=false gmrf_req_size=631 gaden_req_size=-1
[INFO] [1788859910.315625722] [GSL]: [DEBUG-WIND] Taking GMRF path
[INFO] [1788859910.352037209] [GSL - Trace]: [32mEntering StopAndMeasure[0m
[INFO] [1788859912.314334692] [GSL]: 10 gas measurements, 10 wind measurements over 1.96 seconds
[INFO] [1788859912.314402416] [GSL]: avg_gas=0.84;  avg_windSpeed=0.07;  avg_wind_dir=3.1
[INFO] [1788859912.314980618] [GSL]: [33mGAS HIT[0m
[INFO] [1788859912.314991678] [GSL]: [DEBUG-WIND] useGroundTruth=false gmrf_req_size=631 gaden_req_size=-1
[INFO] [1788859912.315323301] [GSL]: [DEBUG-WIND] Taking GMRF path
[INFO] [1788859912.356648777] [GSL]: Max mutual info: 3.517
[INFO] [1788859912.356780709] [GSL]: MutualInformation - Ellapsed: 0.006s
[INFO] [1788859912.397231819] [GSL]: Sending goal (-1.94, -1.30)
[INFO] [1788859912.397704995] [GSL]: Variance: 0.45
[INFO] [1788859912.397728493] [GSL - Trace]: [32mEntering Moving[0m
[INFO] [1788859914.314933213] [GSL - Trace]: [32mEntering StopAndMeasure[0m
[INFO] [1788859916.314047918] [GSL]: 10 gas measurements, 10 wind measurements over 2.00 seconds
[INFO] [1788859916.314163402] [GSL]: avg_gas=0.84;  avg_windSpeed=0.058;  avg_wind_dir=-0.69
[INFO] [1788859916.316098323] [GSL]: [33mGAS HIT[0m
[INFO] [1788859916.316146050] [GSL]: [DEBUG-WIND] useGroundTruth=false gmrf_req_size=631 gaden_req_size=-1
[INFO] [1788859916.316158737] [GSL]: [DEBUG-WIND] Taking GMRF path
[INFO] [1788859916.349894423] [GSL - Trace]: [32mEntering StopAndMeasure[0m
[INFO] [1788859918.263741308] [GSL]: 10 gas measurements, 10 wind measurements over 1.91 seconds
[INFO] [1788859918.263789499] [GSL]: avg_gas=0.89;  avg_windSpeed=0.052;  avg_wind_dir=-0.65
[INFO] [1788859918.264415130] [GSL]: [33mGAS HIT[0m
[INFO] [1788859918.264425322] [GSL]: [DEBUG-WIND] useGroundTruth=false gmrf_req_size=631 gaden_req_size=-1
[INFO] [1788859918.264432234] [GSL]: [DEBUG-WIND] Taking GMRF path
[INFO] [1788859918.350915699] [GSL - Trace]: [32mEntering StopAndMeasure[0m
[INFO] [1788859920.313878522] [GSL]: 10 gas measurements, 10 wind measurements over 1.96 seconds
[INFO] [1788859920.313938131] [GSL]: avg_gas=0.88;  avg_windSpeed=0.058;  avg_wind_dir=-0.69
[INFO] [1788859920.314607900] [GSL]: [33mGAS HIT[0m
[INFO] [1788859920.314618575] [GSL]: [DEBUG-WIND] useGroundTruth=false gmrf_req_size=631 gaden_req_size=-1
[INFO] [1788859920.314626397] [GSL]: [DEBUG-WIND] Taking GMRF path
[INFO] [1788859920.350245036] [GSL - Trace]: [32mEntering StopAndMeasure[0m
[INFO] [1788859922.313944370] [GSL]: 10 gas measurements, 10 wind measurements over 1.96 seconds
[INFO] [1788859922.314498947] [GSL]: avg_gas=0.88;  avg_windSpeed=0.052;  avg_wind_dir=-0.65
[INFO] [1788859922.315592974] [GSL]: [33mGAS HIT[0m
[INFO] [1788859922.315611608] [GSL]: [DEBUG-WIND] useGroundTruth=false gmrf_req_size=631 gaden_req_size=-1
[INFO] [1788859922.315622919] [GSL]: [DEBUG-WIND] Taking GMRF path
[INFO] [1788859922.350041107] [GSL - Trace]: [32mEntering StopAndMeasure[0m
[INFO] [1788859924.313760136] [GSL]: 10 gas measurements, 10 wind measurements over 1.96 seconds
[INFO] [1788859924.313818848] [GSL]: avg_gas=0.91;  avg_windSpeed=0.058;  avg_wind_dir=-0.69
[INFO] [1788859924.314426319] [GSL]: [33mGAS HIT[0m
[INFO] [1788859924.314435724] [GSL]: [DEBUG-WIND] useGroundTruth=false gmrf_req_size=631 gaden_req_size=-1
[INFO] [1788859924.314442064] [GSL]: [DEBUG-WIND] Taking GMRF path
[INFO] [1788859924.349883707] [GSL - Trace]: [32mEntering StopAndMeasure[0m
[INFO] [1788859926.314200395] [GSL]: 10 gas measurements, 10 wind measurements over 1.96 seconds
[INFO] [1788859926.315463903] [GSL]: avg_gas=0.92;  avg_windSpeed=0.052;  avg_wind_dir=-0.65
[INFO] [1788859926.317251390] [GSL]: [33mGAS HIT[0m
[INFO] [1788859926.317321188] [GSL]: [DEBUG-WIND] useGroundTruth=false gmrf_req_size=631 gaden_req_size=-1
[INFO] [1788859926.317334231] [GSL]: [DEBUG-WIND] Taking GMRF path
[INFO] [1788859926.350995062] [GSL - Trace]: [32mEntering StopAndMeasure[0m
[INFO] [1788859928.314469178] [GSL]: 10 gas measurements, 10 wind measurements over 1.96 seconds
[INFO] [1788859928.314568209] [GSL]: avg_gas=0.91;  avg_windSpeed=0.058;  avg_wind_dir=-0.69
[INFO] [1788859928.315634233] [GSL]: [33mGAS HIT[0m
[INFO] [1788859928.315650111] [GSL]: [DEBUG-WIND] useGroundTruth=false gmrf_req_size=631 gaden_req_size=-1
[INFO] [1788859928.315660028] [GSL]: [DEBUG-WIND] Taking GMRF path
[INFO] [1788859928.351766135] [GSL - Trace]: [32mEntering StopAndMeasure[0m
[INFO] [1788859930.313767859] [GSL]: 10 gas measurements, 10 wind measurements over 1.96 seconds
[INFO] [1788859930.314126854] [GSL]: avg_gas=0.93;  avg_windSpeed=0.052;  avg_wind_dir=-0.65
[INFO] [1788859930.314764950] [GSL]: [33mGAS HIT[0m
[INFO] [1788859930.314775628] [GSL]: [DEBUG-WIND] useGroundTruth=false gmrf_req_size=631 gaden_req_size=-1
[INFO] [1788859930.314782535] [GSL]: [DEBUG-WIND] Taking GMRF path
[INFO] [1788859930.351084062] [GSL]: [33mStarted simulations. Might take a while![0m
[INFO] [1788859930.478736328] [GSL - Trace]: [32mFirst simulation level done[0m
[INFO] [1788859930.479065647] [GSL]: [RC2-DIAG] scores_size=62 refineFraction=0.25 refine_product=15.5 valid_first_level=62 sum_sourceProbInternal_before_norm=1.2115953564458174e-07 min_sourceProbInternal_before_norm=0 max_sourceProbInternal_before_norm=5.890435445118316e-09 finite_sourceProbInternal=1053 finite_varianceOfHitProb=1053
[INFO] [1788859930.570101090] [GSL - Trace]: [32mSimulation level 2 done[0m
[INFO] [1788859930.643340356] [GSL - Trace]: [32mSimulation level 3 done[0m
[INFO] [1788859930.672160261] [GSL - Trace]: [32mSimulation level 4 done[0m
[INFO] [1788859930.672774733] [GSL - Trace]: [32mSimulation level 5 done[0m
[INFO] [1788859930.672793331] [GSL]: Number of levels in the simulation: 5
[INFO] [1788859930.672800255] [GSL]: Total number of simulations: 164
[INFO] [1788859930.672828153] [GSL]: [RC2-DIAG] normalized_finite_count=1053 normalized_sum=1
[INFO] [1788859930.672835783] [GSL]: Time ellapsed in simulation = 0.321636551 s
[INFO] [1788859930.676282083] [GSL]: Max mutual info: 2.895
[INFO] [1788859930.676390416] [GSL]: MutualInformation - Ellapsed: 0.004s
[INFO] [1788859930.702296802] [GSL]: Sending goal (-3.14, -1.60)
[INFO] [1788859930.702810186] [GSL]: Variance: 0.27
[INFO] [1788859930.702834081] [GSL - Trace]: [32mEntering Moving[0m
[INFO] [1788859931.694612595] [GSL - Trace]: [32mEntering StopAndMeasure[0m
[INFO] [1788859933.703944928] [GSL]: 10 gas measurements, 10 wind measurements over 2.01 seconds
[INFO] [1788859933.704016022] [GSL]: avg_gas=0.9;  avg_windSpeed=0.041;  avg_wind_dir=-0.27
[INFO] [1788859933.705317984] [GSL]: [33mGAS HIT[0m
[INFO] [1788859933.705343328] [GSL]: [DEBUG-WIND] useGroundTruth=false gmrf_req_size=631 gaden_req_size=-1
[INFO] [1788859933.705353152] [GSL]: [DEBUG-WIND] Taking GMRF path
[INFO] [1788859933.750411303] [GSL - Trace]: [32mEntering StopAndMeasure[0m
[INFO] [1788859935.703923236] [GSL]: 10 gas measurements, 10 wind measurements over 1.95 seconds
[INFO] [1788859935.704006924] [GSL]: avg_gas=0.87;  avg_windSpeed=0.036;  avg_wind_dir=-1
[INFO] [1788859935.705292523] [GSL]: [33mGAS HIT[0m
[INFO] [1788859935.705343423] [GSL]: [DEBUG-WIND] useGroundTruth=false gmrf_req_size=631 gaden_req_size=-1
[INFO] [1788859935.705355016] [GSL]: [DEBUG-WIND] Taking GMRF path
[INFO] [1788859935.749797255] [GSL - Trace]: [32mEntering StopAndMeasure[0m
[INFO] [1788859937.704294115] [GSL]: 10 gas measurements, 10 wind measurements over 1.95 seconds
[INFO] [1788859937.704413499] [GSL]: avg_gas=0.85;  avg_windSpeed=0.041;  avg_wind_dir=-0.27
[INFO] [1788859937.705663014] [GSL]: [33mGAS HIT[0m
[INFO] [1788859937.706120768] [GSL]: [DEBUG-WIND] useGroundTruth=false gmrf_req_size=631 gaden_req_size=-1
[INFO] [1788859937.706160465] [GSL]: [DEBUG-WIND] Taking GMRF path
[INFO] [1788859937.751045572] [GSL - Trace]: [32mEntering StopAndMeasure[0m
[INFO] [1788859939.704026737] [GSL]: 10 gas measurements, 10 wind measurements over 1.95 seconds
[INFO] [1788859939.704132927] [GSL]: avg_gas=0.85;  avg_windSpeed=0.036;  avg_wind_dir=-1
[INFO] [1788859939.705151404] [GSL]: [33mGAS HIT[0m
[INFO] [1788859939.705168721] [GSL]: [DEBUG-WIND] useGroundTruth=false gmrf_req_size=631 gaden_req_size=-1
[INFO] [1788859939.705179798] [GSL]: [DEBUG-WIND] Taking GMRF path
[INFO] [1788859939.750385631] [GSL - Trace]: [32mEntering StopAndMeasure[0m
[INFO] [1788859941.704146782] [GSL]: 10 gas measurements, 10 wind measurements over 1.95 seconds
[INFO] [1788859941.704268141] [GSL]: avg_gas=0.87;  avg_windSpeed=0.041;  avg_wind_dir=-0.27
[INFO] [1788859941.705593402] [GSL]: [33mGAS HIT[0m
[INFO] [1788859941.705657453] [GSL]: [DEBUG-WIND] useGroundTruth=false gmrf_req_size=631 gaden_req_size=-1
[INFO] [1788859941.706176341] [GSL]: [DEBUG-WIND] Taking GMRF path
[INFO] [1788859941.750544505] [GSL - Trace]: [32mEntering StopAndMeasure[0m
[INFO] [1788859943.703937660] [GSL]: 10 gas measurements, 10 wind measurements over 1.95 seconds
[INFO] [1788859943.704019132] [GSL]: avg_gas=0.89;  avg_windSpeed=0.036;  avg_wind_dir=-1
[INFO] [1788859943.704901249] [GSL]: [33mGAS HIT[0m
[INFO] [1788859943.704916947] [GSL]: [DEBUG-WIND] useGroundTruth=false gmrf_req_size=631 gaden_req_size=-1
[INFO] [1788859943.704926943] [GSL]: [DEBUG-WIND] Taking GMRF path
[INFO] [1788859943.750206346] [GSL - Trace]: [32mEntering StopAndMeasure[0m
[INFO] [1788859945.703956885] [GSL]: 10 gas measurements, 10 wind measurements over 1.95 seconds
[INFO] [1788859945.704015369] [GSL]: avg_gas=0.91;  avg_windSpeed=0.041;  avg_wind_dir=-0.27
[INFO] [1788859945.704613115] [GSL]: [33mGAS HIT[0m
[INFO] [1788859945.704622963] [GSL]: [DEBUG-WIND] useGroundTruth=false gmrf_req_size=631 gaden_req_size=-1
[INFO] [1788859945.704920814] [GSL]: [DEBUG-WIND] Taking GMRF path
[INFO] [1788859945.749945484] [GSL - Trace]: [32mEntering StopAndMeasure[0m
[INFO] [1788859947.703966839] [GSL]: 10 gas measurements, 10 wind measurements over 1.95 seconds
[INFO] [1788859947.704065050] [GSL]: avg_gas=0.93;  avg_windSpeed=0.036;  avg_wind_dir=-1
[INFO] [1788859947.705148421] [GSL]: [33mGAS HIT[0m
[INFO] [1788859947.705166305] [GSL]: [DEBUG-WIND] useGroundTruth=false gmrf_req_size=631 gaden_req_size=-1
[INFO] [1788859947.705177348] [GSL]: [DEBUG-WIND] Taking GMRF path
[INFO] [1788859947.767679784] [GSL]: Max mutual info: 2.895
[INFO] [1788859947.767823751] [GSL]: MutualInformation - Ellapsed: 0.018s
[INFO] [1788859947.796891854] [GSL]: Sending goal (-3.74, -1.90)
[INFO] [1788859947.797459854] [GSL]: Variance: 0.27
[INFO] [1788859947.797480692] [GSL - Trace]: [32mEntering Moving[0m
[INFO] [1788859948.304505430] [GSL - Trace]: [32mEntering StopAndMeasure[0m
[INFO] [1788859950.303927640] [GSL]: 10 gas measurements, 10 wind measurements over 2.00 seconds
[INFO] [1788859950.304289433] [GSL]: avg_gas=0.93;  avg_windSpeed=0.026;  avg_wind_dir=-0.53
[INFO] [1788859950.304971848] [GSL]: [33mGAS HIT[0m
[INFO] [1788859950.304993676] [GSL]: [DEBUG-WIND] useGroundTruth=false gmrf_req_size=631 gaden_req_size=-1
[INFO] [1788859950.305000386] [GSL]: [DEBUG-WIND] Taking GMRF path
[INFO] [1788859950.350512872] [GSL - Trace]: [32mEntering StopAndMeasure[0m
[INFO] [1788859952.303946910] [GSL]: 10 gas measurements, 10 wind measurements over 1.95 seconds
[INFO] [1788859952.304039366] [GSL]: avg_gas=0.94;  avg_windSpeed=0.023;  avg_wind_dir=-1.4
[INFO] [1788859952.304817386] [GSL]: [33mGAS HIT[0m
[INFO] [1788859952.304830652] [GSL]: [DEBUG-WIND] useGroundTruth=false gmrf_req_size=631 gaden_req_size=-1
[INFO] [1788859952.304839624] [GSL]: [DEBUG-WIND] Taking GMRF path
[INFO] [1788859952.350273878] [GSL - Trace]: [32mEntering StopAndMeasure[0m
[INFO] [1788859954.304053700] [GSL]: 10 gas measurements, 10 wind measurements over 1.95 seconds
[INFO] [1788859954.304630180] [GSL]: avg_gas=0.93;  avg_windSpeed=0.026;  avg_wind_dir=-0.53
[INFO] [1788859954.305986371] [GSL]: [33mGAS HIT[0m
[INFO] [1788859954.306029630] [GSL]: [DEBUG-WIND] useGroundTruth=false gmrf_req_size=631 gaden_req_size=-1
[INFO] [1788859954.306042141] [GSL]: [DEBUG-WIND] Taking GMRF path
[INFO] [1788859954.350162871] [GSL - Trace]: [32mEntering StopAndMeasure[0m
[INFO] [1788859956.304160702] [GSL]: 10 gas measurements, 10 wind measurements over 1.95 seconds
[INFO] [1788859956.304530856] [GSL]: avg_gas=0.92;  avg_windSpeed=0.023;  avg_wind_dir=-1.4
[INFO] [1788859956.306060988] [GSL]: [33mGAS HIT[0m
[INFO] [1788859956.306087641] [GSL]: [DEBUG-WIND] useGroundTruth=false gmrf_req_size=631 gaden_req_size=-1
[INFO] [1788859956.306102803] [GSL]: [DEBUG-WIND] Taking GMRF path
[INFO] [1788859956.350185422] [GSL - Trace]: [32mEntering StopAndMeasure[0m
[INFO] [1788859958.304998147] [GSL]: 10 gas measurements, 10 wind measurements over 1.95 seconds
[INFO] [1788859958.305498604] [GSL]: avg_gas=0.92;  avg_windSpeed=0.026;  avg_wind_dir=-0.53
[INFO] [1788859958.307032283] [GSL]: [33mGAS HIT[0m
[INFO] [1788859958.307061797] [GSL]: [DEBUG-WIND] useGroundTruth=false gmrf_req_size=631 gaden_req_size=-1
[INFO] [1788859958.307072404] [GSL]: [DEBUG-WIND] Taking GMRF path
[INFO] [1788859958.351574272] [GSL - Trace]: [32mEntering StopAndMeasure[0m
[INFO] [1788859960.304610170] [GSL]: 10 gas measurements, 10 wind measurements over 1.95 seconds
[INFO] [1788859960.304678288] [GSL]: avg_gas=0.92;  avg_windSpeed=0.023;  avg_wind_dir=-1.4
[INFO] [1788859960.305268642] [GSL]: [33mGAS HIT[0m
[INFO] [1788859960.305279217] [GSL]: [DEBUG-WIND] useGroundTruth=false gmrf_req_size=631 gaden_req_size=-1
[INFO] [1788859960.305285808] [GSL]: [DEBUG-WIND] Taking GMRF path
[INFO] [1788859960.352063852] [GSL - Trace]: [32mEntering StopAndMeasure[0m
[INFO] [1788859962.304998821] [GSL]: 10 gas measurements, 10 wind measurements over 1.95 seconds
[INFO] [1788859962.305104363] [GSL]: avg_gas=0.91;  avg_windSpeed=0.026;  avg_wind_dir=-0.53
[INFO] [1788859962.307270328] [GSL]: [33mGAS HIT[0m
[INFO] [1788859962.307314066] [GSL]: [DEBUG-WIND] useGroundTruth=false gmrf_req_size=631 gaden_req_size=-1
[INFO] [1788859962.307328434] [GSL]: [DEBUG-WIND] Taking GMRF path
[INFO] [1788859962.350183065] [GSL - Trace]: [32mEntering StopAndMeasure[0m
[INFO] [1788859964.304227480] [GSL]: 10 gas measurements, 10 wind measurements over 1.95 seconds
[INFO] [1788859964.304321397] [GSL]: avg_gas=0.91;  avg_windSpeed=0.023;  avg_wind_dir=-1.4
[INFO] [1788859964.305193667] [GSL]: [33mGAS HIT[0m
[INFO] [1788859964.305208569] [GSL]: [DEBUG-WIND] useGroundTruth=false gmrf_req_size=631 gaden_req_size=-1
[INFO] [1788859964.305219000] [GSL]: [DEBUG-WIND] Taking GMRF path
[INFO] [1788859964.360686798] [GSL]: Max mutual info: 2.895
[INFO] [1788859964.360889214] [GSL]: MutualInformation - Ellapsed: 0.010s
[INFO] [1788859964.390566187] [GSL]: Sending goal (-4.04, -2.80)
[INFO] [1788859964.391050889] [GSL]: Variance: 0.27
[INFO] [1788859964.391292532] [GSL - Trace]: [32mEntering Moving[0m
[INFO] [1788859965.155178526] [GSL - Trace]: [32mEntering StopAndMeasure[0m
[INFO] [1788859967.104060148] [GSL]: 10 gas measurements, 10 wind measurements over 1.95 seconds
[INFO] [1788859967.104126390] [GSL]: avg_gas=0.96;  avg_windSpeed=0.061;  avg_wind_dir=3
[INFO] [1788859967.104714122] [GSL]: [33mGAS HIT[0m
[INFO] [1788859967.104723119] [GSL]: [DEBUG-WIND] useGroundTruth=false gmrf_req_size=631 gaden_req_size=-1
[INFO] [1788859967.104729249] [GSL]: [DEBUG-WIND] Taking GMRF path
[INFO] [1788859967.150076655] [GSL - Trace]: [32mEntering StopAndMeasure[0m
[INFO] [1788859969.104041552] [GSL]: 10 gas measurements, 10 wind measurements over 1.95 seconds
[INFO] [1788859969.104123370] [GSL]: avg_gas=1;  avg_windSpeed=0.046;  avg_wind_dir=2.2
[INFO] [1788859969.105035623] [GSL]: [33mGAS HIT[0m
[INFO] [1788859969.105051901] [GSL]: [DEBUG-WIND] useGroundTruth=false gmrf_req_size=631 gaden_req_size=-1
[INFO] [1788859969.105062030] [GSL]: [DEBUG-WIND] Taking GMRF path
[INFO] [1788859969.150184829] [GSL - Trace]: [32mEntering StopAndMeasure[0m
[INFO] [1788859971.103907997] [GSL]: 10 gas measurements, 10 wind measurements over 1.95 seconds
[INFO] [1788859971.103963991] [GSL]: avg_gas=1;  avg_windSpeed=0.061;  avg_wind_dir=3
[INFO] [1788859971.104534538] [GSL]: [33mGAS HIT[0m
[INFO] [1788859971.104543670] [GSL]: [DEBUG-WIND] useGroundTruth=false gmrf_req_size=631 gaden_req_size=-1
[INFO] [1788859971.104550046] [GSL]: [DEBUG-WIND] Taking GMRF path
[INFO] [1788859971.150615415] [GSL - Trace]: [32mEntering StopAndMeasure[0m
[INFO] [1788859973.103936802] [GSL]: 10 gas measurements, 10 wind measurements over 1.95 seconds
[INFO] [1788859973.103994872] [GSL]: avg_gas=1;  avg_windSpeed=0.046;  avg_wind_dir=2.2
[INFO] [1788859973.104553775] [GSL]: [33mGAS HIT[0m
[INFO] [1788859973.104563253] [GSL]: [DEBUG-WIND] useGroundTruth=false gmrf_req_size=631 gaden_req_size=-1
[INFO] [1788859973.104569638] [GSL]: [DEBUG-WIND] Taking GMRF path
[INFO] [1788859973.149764443] [GSL - Trace]: [32mEntering StopAndMeasure[0m
[INFO] [1788859975.103961250] [GSL]: 10 gas measurements, 10 wind measurements over 1.95 seconds
[INFO] [1788859975.104040187] [GSL]: avg_gas=0.99;  avg_windSpeed=0.061;  avg_wind_dir=3
[INFO] [1788859975.104961957] [GSL]: [33mGAS HIT[0m
[INFO] [1788859975.104978256] [GSL]: [DEBUG-WIND] useGroundTruth=false gmrf_req_size=631 gaden_req_size=-1
[INFO] [1788859975.104988654] [GSL]: [DEBUG-WIND] Taking GMRF path
[INFO] [1788859975.150211316] [GSL - Trace]: [32mEntering StopAndMeasure[0m
[INFO] [1788859977.103987791] [GSL]: 10 gas measurements, 10 wind measurements over 1.95 seconds
[INFO] [1788859977.104065703] [GSL]: avg_gas=0.96;  avg_windSpeed=0.046;  avg_wind_dir=2.2
[INFO] [1788859977.104953099] [GSL]: [33mGAS HIT[0m
[INFO] [1788859977.104967245] [GSL]: [DEBUG-WIND] useGroundTruth=false gmrf_req_size=631 gaden_req_size=-1
[INFO] [1788859977.104976953] [GSL]: [DEBUG-WIND] Taking GMRF path
[INFO] [1788859977.150192348] [GSL - Trace]: [32mEntering StopAndMeasure[0m
[INFO] [1788859979.103898082] [GSL]: 10 gas measurements, 10 wind measurements over 1.95 seconds
[INFO] [1788859979.103962596] [GSL]: avg_gas=0.92;  avg_windSpeed=0.061;  avg_wind_dir=3
[INFO] [1788859979.104541045] [GSL]: [33mGAS HIT[0m
[INFO] [1788859979.104550432] [GSL]: [DEBUG-WIND] useGroundTruth=false gmrf_req_size=631 gaden_req_size=-1
[INFO] [1788859979.104556951] [GSL]: [DEBUG-WIND] Taking GMRF path
[INFO] [1788859979.150054580] [GSL - Trace]: [32mEntering StopAndMeasure[0m
[INFO] [1788859981.103932152] [GSL]: 10 gas measurements, 10 wind measurements over 1.95 seconds
[INFO] [1788859981.104000819] [GSL]: avg_gas=0.89;  avg_windSpeed=0.046;  avg_wind_dir=2.2
[INFO] [1788859981.104595626] [GSL]: [33mGAS HIT[0m
[INFO] [1788859981.104604696] [GSL]: [DEBUG-WIND] useGroundTruth=false gmrf_req_size=631 gaden_req_size=-1
[INFO] [1788859981.104611107] [GSL]: [DEBUG-WIND] Taking GMRF path
[INFO] [1788859981.150304821] [GSL]: [33mStarted simulations. Might take a while![0m
[INFO] [1788859981.274753744] [GSL - Trace]: [32mFirst simulation level done[0m
[INFO] [1788859981.275098165] [GSL]: [RC2-DIAG] scores_size=62 refineFraction=0.25 refine_product=15.5 valid_first_level=62 sum_sourceProbInternal_before_norm=5.432404050628704e-09 min_sourceProbInternal_before_norm=0 max_sourceProbInternal_before_norm=2.714252043983447e-10 finite_sourceProbInternal=1053 finite_varianceOfHitProb=1053
[INFO] [1788859981.370551592] [GSL - Trace]: [32mSimulation level 2 done[0m
[INFO] [1788859981.455808206] [GSL - Trace]: [32mSimulation level 3 done[0m
[INFO] [1788859981.478350899] [GSL - Trace]: [32mSimulation level 4 done[0m
[INFO] [1788859981.478989304] [GSL - Trace]: [32mSimulation level 5 done[0m
[INFO] [1788859981.479118785] [GSL]: Number of levels in the simulation: 5
[INFO] [1788859981.479126724] [GSL]: Total number of simulations: 168
[INFO] [1788859981.479561784] [GSL]: [RC2-DIAG] normalized_finite_count=1053 normalized_sum=1
[INFO] [1788859981.479571506] [GSL]: Time ellapsed in simulation = 0.32848846200000004 s
[INFO] [1788859981.481928672] [GSL]: Max mutual info: 2.481
[INFO] [1788859981.482566847] [GSL]: MutualInformation - Ellapsed: 0.002s
[INFO] [1788859981.510882296] [GSL]: Sending goal (-1.64, -1.90)
[INFO] [1788859981.511898892] [GSL]: Variance: 0.14
[INFO] [1788859981.512141473] [GSL - Trace]: [32mEntering Moving[0m
[INFO] [1788859983.493404699] [GSL - Trace]: [32mEntering StopAndMeasure[0m
[INFO] [1788859985.513349968] [GSL]: 10 gas measurements, 10 wind measurements over 2.02 seconds
[INFO] [1788859985.513457088] [GSL]: avg_gas=0.97;  avg_windSpeed=0.16;  avg_wind_dir=-1.4
[INFO] [1788859985.514633385] [GSL]: [33mGAS HIT[0m
[INFO] [1788859985.514720794] [GSL]: [DEBUG-WIND] useGroundTruth=false gmrf_req_size=631 gaden_req_size=-1
[INFO] [1788859985.514735549] [GSL]: [DEBUG-WIND] Taking GMRF path
[INFO] [1788859985.550998279] [GSL - Trace]: [32mEntering StopAndMeasure[0m
[INFO] [1788859987.513247172] [GSL]: 10 gas measurements, 10 wind measurements over 1.96 seconds
[INFO] [1788859987.513715852] [GSL]: avg_gas=1;  avg_windSpeed=0.13;  avg_wind_dir=-1.4
[INFO] [1788859987.514539675] [GSL]: [33mGAS HIT[0m
[INFO] [1788859987.514554778] [GSL]: [DEBUG-WIND] useGroundTruth=false gmrf_req_size=631 gaden_req_size=-1
[INFO] [1788859987.514563749] [GSL]: [DEBUG-WIND] Taking GMRF path
[INFO] [1788859987.550443606] [GSL - Trace]: [32mEntering StopAndMeasure[0m
[INFO] [1788859989.513178187] [GSL]: 10 gas measurements, 10 wind measurements over 1.96 seconds
[INFO] [1788859989.513248836] [GSL]: avg_gas=1.2;  avg_windSpeed=0.16;  avg_wind_dir=-1.4
[INFO] [1788859989.513840263] [GSL]: [33mGAS HIT[0m
[INFO] [1788859989.513850654] [GSL]: [DEBUG-WIND] useGroundTruth=false gmrf_req_size=631 gaden_req_size=-1
[INFO] [1788859989.513857394] [GSL]: [DEBUG-WIND] Taking GMRF path
[INFO] [1788859989.549822450] [GSL - Trace]: [32mEntering StopAndMeasure[0m
[INFO] [1788859991.513286187] [GSL]: 10 gas measurements, 10 wind measurements over 1.96 seconds
[INFO] [1788859991.513386611] [GSL]: avg_gas=1.2;  avg_windSpeed=0.13;  avg_wind_dir=-1.4
[INFO] [1788859991.515182046] [GSL]: [33mGAS HIT[0m
[INFO] [1788859991.515289833] [GSL]: [DEBUG-WIND] useGroundTruth=false gmrf_req_size=631 gaden_req_size=-1
[INFO] [1788859991.515305736] [GSL]: [DEBUG-WIND] Taking GMRF path
[INFO] [1788859991.550162803] [GSL - Trace]: [32mEntering StopAndMeasure[0m
[INFO] [1788859993.513355345] [GSL]: 10 gas measurements, 10 wind measurements over 1.96 seconds
[INFO] [1788859993.513466489] [GSL]: avg_gas=1.2;  avg_windSpeed=0.16;  avg_wind_dir=-1.4
[INFO] [1788859993.514621542] [GSL]: [33mGAS HIT[0m
[INFO] [1788859993.514706287] [GSL]: [DEBUG-WIND] useGroundTruth=false gmrf_req_size=631 gaden_req_size=-1
[INFO] [1788859993.514720448] [GSL]: [DEBUG-WIND] Taking GMRF path
[INFO] [1788859993.550025392] [GSL - Trace]: [32mEntering StopAndMeasure[0m
[INFO] [1788859995.513292608] [GSL]: 10 gas measurements, 10 wind measurements over 1.96 seconds
[INFO] [1788859995.513404093] [GSL]: avg_gas=1.2;  avg_windSpeed=0.13;  avg_wind_dir=-1.4
[INFO] [1788859995.515045245] [GSL]: [33mGAS HIT[0m
[INFO] [1788859995.515113590] [GSL]: [DEBUG-WIND] useGroundTruth=false gmrf_req_size=631 gaden_req_size=-1
[INFO] [1788859995.515124782] [GSL]: [DEBUG-WIND] Taking GMRF path
[INFO] [1788859995.549654514] [GSL - Trace]: [32mEntering StopAndMeasure[0m
[INFO] [1788859997.513148074] [GSL]: 10 gas measurements, 10 wind measurements over 1.96 seconds
[INFO] [1788859997.513210059] [GSL]: avg_gas=1.2;  avg_windSpeed=0.16;  avg_wind_dir=-1.4
[INFO] [1788859997.513733796] [GSL]: [33mGAS HIT[0m
[INFO] [1788859997.513743590] [GSL]: [DEBUG-WIND] useGroundTruth=false gmrf_req_size=631 gaden_req_size=-1
[INFO] [1788859997.513749982] [GSL]: [DEBUG-WIND] Taking GMRF path
[INFO] [1788859997.549748329] [GSL - Trace]: [32mEntering StopAndMeasure[0m
[INFO] [1788859999.513232643] [GSL]: 10 gas measurements, 10 wind measurements over 1.96 seconds
[INFO] [1788859999.513318179] [GSL]: avg_gas=1.1;  avg_windSpeed=0.13;  avg_wind_dir=-1.4
[INFO] [1788859999.514978403] [GSL]: [33mGAS HIT[0m
[INFO] [1788859999.515031302] [GSL]: [DEBUG-WIND] useGroundTruth=false gmrf_req_size=631 gaden_req_size=-1
[INFO] [1788859999.515044489] [GSL]: [DEBUG-WIND] Taking GMRF path
[INFO] [1788859999.559446770] [GSL]: Max mutual info: 2.481
[INFO] [1788859999.559611438] [GSL]: MutualInformation - Ellapsed: 0.010s
[INFO] [1788859999.593480030] [GSL]: Sending goal (-1.04, -2.20)
[INFO] [1788859999.594080510] [GSL]: Variance: 0.14
[INFO] [1788859999.594104307] [GSL - Trace]: [32mEntering Moving[0m
[INFO] [1788860000.114355668] [GSL - Trace]: [32mEntering StopAndMeasure[0m
[INFO] [1788860002.113101985] [GSL]: 10 gas measurements, 10 wind measurements over 2.00 seconds
[INFO] [1788860002.113160083] [GSL]: avg_gas=0.48;  avg_windSpeed=0.31;  avg_wind_dir=-1.5
[INFO] [1788860002.113713566] [GSL]: [33mGAS HIT[0m
[INFO] [1788860002.113722696] [GSL]: [DEBUG-WIND] useGroundTruth=false gmrf_req_size=631 gaden_req_size=-1
[INFO] [1788860002.113729258] [GSL]: [DEBUG-WIND] Taking GMRF path
[INFO] [1788860002.149795286] [GSL - Trace]: [32mEntering StopAndMeasure[0m
[INFO] [1788860004.113115423] [GSL]: 10 gas measurements, 10 wind measurements over 1.96 seconds
[INFO] [1788860004.113195649] [GSL]: avg_gas=0.091;  avg_windSpeed=0.33;  avg_wind_dir=-1.5
[INFO] [1788860004.113814919] [GSL]: [33mNOTHING [0m
[INFO] [1788860004.113825091] [GSL]: [DEBUG-WIND] useGroundTruth=false gmrf_req_size=631 gaden_req_size=-1
[INFO] [1788860004.113831636] [GSL]: [DEBUG-WIND] Taking GMRF path
[INFO] [1788860004.149809970] [GSL - Trace]: [32mEntering StopAndMeasure[0m
[INFO] [1788860006.113470098] [GSL]: 10 gas measurements, 10 wind measurements over 1.96 seconds
[INFO] [1788860006.113567026] [GSL]: avg_gas=0.017;  avg_windSpeed=0.32;  avg_wind_dir=-1.5
[INFO] [1788860006.114504525] [GSL]: [33mNOTHING [0m
[INFO] [1788860006.114519633] [GSL]: [DEBUG-WIND] useGroundTruth=false gmrf_req_size=631 gaden_req_size=-1
[INFO] [1788860006.114530032] [GSL]: [DEBUG-WIND] Taking GMRF path
[INFO] [1788860006.151819724] [GSL - Trace]: [32mEntering StopAndMeasure[0m
[INFO] [1788860008.113279926] [GSL]: 10 gas measurements, 10 wind measurements over 1.96 seconds
[INFO] [1788860008.113345750] [GSL]: avg_gas=0.0033;  avg_windSpeed=0.33;  avg_wind_dir=-1.5
[INFO] [1788860008.113983574] [GSL]: [33mNOTHING [0m
[INFO] [1788860008.113993979] [GSL]: [DEBUG-WIND] useGroundTruth=false gmrf_req_size=631 gaden_req_size=-1
[INFO] [1788860008.114000450] [GSL]: [DEBUG-WIND] Taking GMRF path
[INFO] [1788860008.152899930] [GSL - Trace]: [32mEntering StopAndMeasure[0m
[INFO] [1788860010.113516502] [GSL]: 10 gas measurements, 10 wind measurements over 1.96 seconds
[INFO] [1788860010.113590964] [GSL]: avg_gas=0.00062;  avg_windSpeed=0.32;  avg_wind_dir=-1.5
[INFO] [1788860010.114358180] [GSL]: [33mNOTHING [0m
[INFO] [1788860010.114386603] [GSL]: [DEBUG-WIND] useGroundTruth=false gmrf_req_size=631 gaden_req_size=-1
[INFO] [1788860010.114393362] [GSL]: [DEBUG-WIND] Taking GMRF path
[INFO] [1788860010.150437076] [GSL - Trace]: [32mEntering StopAndMeasure[0m
[INFO] [1788860012.113192650] [GSL]: 10 gas measurements, 10 wind measurements over 1.96 seconds
[INFO] [1788860012.113255757] [GSL]: avg_gas=0.00012;  avg_windSpeed=0.33;  avg_wind_dir=-1.5
[INFO] [1788860012.113901191] [GSL]: [33mNOTHING [0m
[INFO] [1788860012.113911900] [GSL]: [DEBUG-WIND] useGroundTruth=false gmrf_req_size=631 gaden_req_size=-1
[INFO] [1788860012.113918513] [GSL]: [DEBUG-WIND] Taking GMRF path
[INFO] [1788860012.151457145] [GSL - Trace]: [32mEntering StopAndMeasure[0m
[INFO] [1788860014.113373452] [GSL]: 10 gas measurements, 10 wind measurements over 1.96 seconds
[INFO] [1788860014.113416570] [GSL]: avg_gas=2.2e-05;  avg_windSpeed=0.32;  avg_wind_dir=-1.5
[INFO] [1788860014.113999859] [GSL]: [33mNOTHING [0m
[INFO] [1788860014.114010745] [GSL]: [DEBUG-WIND] useGroundTruth=false gmrf_req_size=631 gaden_req_size=-1
[INFO] [1788860014.114017259] [GSL]: [DEBUG-WIND] Taking GMRF path
[INFO] [1788860014.150238514] [GSL - Trace]: [32mEntering StopAndMeasure[0m
[INFO] [1788860016.113261988] [GSL]: 10 gas measurements, 10 wind measurements over 1.96 seconds
[INFO] [1788860016.113304199] [GSL]: avg_gas=4.1e-06;  avg_windSpeed=0.33;  avg_wind_dir=-1.5
[INFO] [1788860016.113911520] [GSL]: [33mNOTHING [0m
[INFO] [1788860016.113921519] [GSL]: [DEBUG-WIND] useGroundTruth=false gmrf_req_size=631 gaden_req_size=-1
[INFO] [1788860016.113927979] [GSL]: [DEBUG-WIND] Taking GMRF path
[INFO] [1788860016.168139218] [GSL]: Max mutual info: 2.481
[INFO] [1788860016.168269946] [GSL]: MutualInformation - Ellapsed: 0.018s
[INFO] [1788860016.199147932] [GSL]: Sending goal (-1.04, -2.80)
[INFO] [1788860016.199799550] [GSL]: Variance: 0.14
[INFO] [1788860016.199831777] [GSL - Trace]: [32mEntering Moving[0m
[INFO] [1788860016.713737218] [GSL - Trace]: [32mEntering StopAndMeasure[0m
[INFO] [1788860018.713240544] [GSL]: 10 gas measurements, 10 wind measurements over 2.00 seconds
[INFO] [1788860018.713308243] [GSL]: avg_gas=4.8e-07;  avg_windSpeed=0.31;  avg_wind_dir=-1.6
[INFO] [1788860018.713885770] [GSL]: [33mNOTHING [0m
[INFO] [1788860018.714173996] [GSL]: [DEBUG-WIND] useGroundTruth=false gmrf_req_size=631 gaden_req_size=-1
[INFO] [1788860018.714194178] [GSL]: [DEBUG-WIND] Taking GMRF path
[INFO] [1788860018.750149398] [GSL - Trace]: [32mEntering StopAndMeasure[0m
[INFO] [1788860020.713197168] [GSL]: 10 gas measurements, 10 wind measurements over 1.96 seconds
[INFO] [1788860020.713296977] [GSL]: avg_gas=9e-08;  avg_windSpeed=0.35;  avg_wind_dir=-1.6
[INFO] [1788860020.713889152] [GSL]: [33mNOTHING [0m
[INFO] [1788860020.713900889] [GSL]: [DEBUG-WIND] useGroundTruth=false gmrf_req_size=631 gaden_req_size=-1
[INFO] [1788860020.713907354] [GSL]: [DEBUG-WIND] Taking GMRF path
[INFO] [1788860020.749796317] [GSL - Trace]: [32mEntering StopAndMeasure[0m
[INFO] [1788860022.713230352] [GSL]: 10 gas measurements, 10 wind measurements over 1.96 seconds
[INFO] [1788860022.713295502] [GSL]: avg_gas=1.7e-08;  avg_windSpeed=0.31;  avg_wind_dir=-1.6
[INFO] [1788860022.713858736] [GSL]: [33mNOTHING [0m
[INFO] [1788860022.714182879] [GSL]: [DEBUG-WIND] useGroundTruth=false gmrf_req_size=631 gaden_req_size=-1
[INFO] [1788860022.714197361] [GSL]: [DEBUG-WIND] Taking GMRF path
[INFO] [1788860022.749801358] [GSL - Trace]: [32mEntering StopAndMeasure[0m
[INFO] [1788860024.663113305] [GSL]: 10 gas measurements, 10 wind measurements over 1.91 seconds
[INFO] [1788860024.663165692] [GSL]: avg_gas=3.2e-09;  avg_windSpeed=0.35;  avg_wind_dir=-1.6
[INFO] [1788860024.663763247] [GSL]: [33mNOTHING [0m
[INFO] [1788860024.663773903] [GSL]: [DEBUG-WIND] useGroundTruth=false gmrf_req_size=631 gaden_req_size=-1
[INFO] [1788860024.663780166] [GSL]: [DEBUG-WIND] Taking GMRF path
[INFO] [1788860024.749762740] [GSL - Trace]: [32mEntering StopAndMeasure[0m
[INFO] [1788860026.663114149] [GSL]: 10 gas measurements, 10 wind measurements over 1.91 seconds
[INFO] [1788860026.663168484] [GSL]: avg_gas=6e-10;  avg_windSpeed=0.31;  avg_wind_dir=-1.6
[INFO] [1788860026.664154006] [GSL]: [33mNOTHING [0m
[INFO] [1788860026.664181870] [GSL]: [DEBUG-WIND] useGroundTruth=false gmrf_req_size=631 gaden_req_size=-1
[INFO] [1788860026.664590150] [GSL]: [DEBUG-WIND] Taking GMRF path
[INFO] [1788860026.749811515] [GSL - Trace]: [32mEntering StopAndMeasure[0m
[INFO] [1788860028.663097104] [GSL]: 10 gas measurements, 10 wind measurements over 1.91 seconds
[INFO] [1788860028.663152462] [GSL]: avg_gas=1.1e-10;  avg_windSpeed=0.35;  avg_wind_dir=-1.6
[INFO] [1788860028.663777573] [GSL]: [33mNOTHING [0m
[INFO] [1788860028.663802497] [GSL]: [DEBUG-WIND] useGroundTruth=false gmrf_req_size=631 gaden_req_size=-1
[INFO] [1788860028.663809331] [GSL]: [DEBUG-WIND] Taking GMRF path
[INFO] [1788860028.749758004] [GSL - Trace]: [32mEntering StopAndMeasure[0m
[INFO] [1788860030.713193882] [GSL]: 10 gas measurements, 10 wind measurements over 1.96 seconds
[INFO] [1788860030.713276461] [GSL]: avg_gas=2.2e-11;  avg_windSpeed=0.3;  avg_wind_dir=-1.6
[INFO] [1788860030.713844392] [GSL]: [33mNOTHING [0m
[INFO] [1788860030.713854948] [GSL]: [DEBUG-WIND] useGroundTruth=false gmrf_req_size=631 gaden_req_size=-1
[INFO] [1788860030.714234771] [GSL]: [DEBUG-WIND] Taking GMRF path
[INFO] [1788860030.749801398] [GSL - Trace]: [32mEntering StopAndMeasure[0m
[INFO] [1788860032.663125461] [GSL]: 10 gas measurements, 10 wind measurements over 1.91 seconds
[INFO] [1788860032.663167995] [GSL]: avg_gas=4.1e-12;  avg_windSpeed=0.35;  avg_wind_dir=-1.6
[INFO] [1788860032.663742517] [GSL]: [33mNOTHING [0m
[INFO] [1788860032.663753835] [GSL]: [DEBUG-WIND] useGroundTruth=false gmrf_req_size=631 gaden_req_size=-1
[INFO] [1788860032.663760074] [GSL]: [DEBUG-WIND] Taking GMRF path
[INFO] [1788860032.749823589] [GSL]: [33mStarted simulations. Might take a while![0m
[INFO] [1788860032.856855149] [GSL - Trace]: [32mFirst simulation level done[0m
[INFO] [1788860032.857358918] [GSL]: [RC2-DIAG] scores_size=62 refineFraction=0.25 refine_product=15.5 valid_first_level=62 sum_sourceProbInternal_before_norm=1.8888305546524738e-11 min_sourceProbInternal_before_norm=0 max_sourceProbInternal_before_norm=9.443719128843212e-13 finite_sourceProbInternal=1053 finite_varianceOfHitProb=1053
[INFO] [1788860032.958007507] [GSL - Trace]: [32mSimulation level 2 done[0m
[INFO] [1788860033.040656949] [GSL - Trace]: [32mSimulation level 3 done[0m
[INFO] [1788860033.062077672] [GSL - Trace]: [32mSimulation level 4 done[0m
[INFO] [1788860033.063711221] [GSL - Trace]: [32mSimulation level 5 done[0m
[INFO] [1788860033.063731630] [GSL]: Number of levels in the simulation: 5
[INFO] [1788860033.063739963] [GSL]: Total number of simulations: 166
[INFO] [1788860033.063802566] [GSL]: [RC2-DIAG] normalized_finite_count=1053 normalized_sum=1
[INFO] [1788860033.063819294] [GSL]: Time ellapsed in simulation = 0.313948188 s
[INFO] [1788860033.070273350] [GSL]: Max mutual info: 1.633
[INFO] [1788860033.070436056] [GSL]: MutualInformation - Ellapsed: 0.007s
[INFO] [1788860033.129838855] [GSL]: Sending goal (-2.24, -1.90)
[INFO] [1788860033.130341344] [GSL]: Variance: 0.06
[INFO] [1788860033.130360357] [GSL - Trace]: [32mEntering Moving[0m
[INFO] [1788860034.295852836] [GSL - Trace]: [32mEntering StopAndMeasure[0m
[INFO] [1788860036.268475877] [GSL]: 10 gas measurements, 10 wind measurements over 1.97 seconds
[INFO] [1788860036.268539663] [GSL]: avg_gas=2e-13;  avg_windSpeed=0.061;  avg_wind_dir=-0.79
[INFO] [1788860036.269158468] [GSL]: [33mNOTHING [0m
[INFO] [1788860036.269168411] [GSL]: [DEBUG-WIND] useGroundTruth=false gmrf_req_size=631 gaden_req_size=-1
[INFO] [1788860036.269174957] [GSL]: [DEBUG-WIND] Taking GMRF path
[INFO] [1788860036.350039084] [GSL - Trace]: [32mEntering StopAndMeasure[0m
[INFO] [1788860038.282016657] [GSL]: 10 gas measurements, 10 wind measurements over 1.93 seconds
[INFO] [1788860038.282075345] [GSL]: avg_gas=3.8e-14;  avg_windSpeed=0.053;  avg_wind_dir=-0.7
[INFO] [1788860038.282769845] [GSL]: [33mNOTHING [0m
[INFO] [1788860038.282797500] [GSL]: [DEBUG-WIND] useGroundTruth=false gmrf_req_size=631 gaden_req_size=-1
[INFO] [1788860038.282805041] [GSL]: [DEBUG-WIND] Taking GMRF path
[INFO] [1788860038.351517511] [GSL - Trace]: [32mEntering StopAndMeasure[0m
[INFO] [1788860040.282116909] [GSL]: 10 gas measurements, 10 wind measurements over 1.93 seconds
[INFO] [1788860040.282178797] [GSL]: avg_gas=7.2e-15;  avg_windSpeed=0.06;  avg_wind_dir=-0.73
[INFO] [1788860040.283200462] [GSL]: [33mNOTHING [0m
[INFO] [1788860040.283227462] [GSL]: [DEBUG-WIND] useGroundTruth=false gmrf_req_size=631 gaden_req_size=-1
[INFO] [1788860040.283234492] [GSL]: [DEBUG-WIND] Taking GMRF path
[INFO] [1788860040.351285930] [GSL - Trace]: [32mEntering StopAndMeasure[0m
[INFO] [1788860042.281964273] [GSL]: 10 gas measurements, 10 wind measurements over 1.93 seconds
[INFO] [1788860042.282023530] [GSL]: avg_gas=1.4e-15;  avg_windSpeed=0.057;  avg_wind_dir=-0.77
[INFO] [1788860042.282866676] [GSL]: [33mNOTHING [0m
[INFO] [1788860042.282894094] [GSL]: [DEBUG-WIND] useGroundTruth=false gmrf_req_size=631 gaden_req_size=-1
[INFO] [1788860042.282901368] [GSL]: [DEBUG-WIND] Taking GMRF path
[INFO] [1788860042.350350669] [GSL - Trace]: [32mEntering StopAndMeasure[0m
[INFO] [1788860044.281881109] [GSL]: 10 gas measurements, 10 wind measurements over 1.93 seconds
[INFO] [1788860044.281936076] [GSL]: avg_gas=2.6e-16;  avg_windSpeed=0.056;  avg_wind_dir=-0.65
[INFO] [1788860044.282529826] [GSL]: [33mNOTHING [0m
[INFO] [1788860044.282540251] [GSL]: [DEBUG-WIND] useGroundTruth=false gmrf_req_size=631 gaden_req_size=-1
[INFO] [1788860044.282546715] [GSL]: [DEBUG-WIND] Taking GMRF path
[INFO] [1788860044.350223543] [GSL - Trace]: [32mEntering StopAndMeasure[0m
[INFO] [1788860046.281860156] [GSL]: 10 gas measurements, 10 wind measurements over 1.93 seconds
[INFO] [1788860046.281915296] [GSL]: avg_gas=4.9e-17;  avg_windSpeed=0.061;  avg_wind_dir=-0.82
[INFO] [1788860046.282579490] [GSL]: [33mNOTHING [0m
[INFO] [1788860046.282602212] [GSL]: [DEBUG-WIND] useGroundTruth=false gmrf_req_size=631 gaden_req_size=-1
[INFO] [1788860046.282608708] [GSL]: [DEBUG-WIND] Taking GMRF path
[INFO] [1788860046.350343529] [GSL - Trace]: [32mEntering StopAndMeasure[0m
[INFO] [1788860048.281900144] [GSL]: 10 gas measurements, 10 wind measurements over 1.93 seconds
[INFO] [1788860048.281965056] [GSL]: avg_gas=9.2e-18;  avg_windSpeed=0.052;  avg_wind_dir=-0.6
[INFO] [1788860048.282544219] [GSL]: [33mNOTHING [0m
[INFO] [1788860048.282553658] [GSL]: [DEBUG-WIND] useGroundTruth=false gmrf_req_size=631 gaden_req_size=-1
[INFO] [1788860048.282560137] [GSL]: [DEBUG-WIND] Taking GMRF path
[INFO] [1788860048.349766842] [GSL - Trace]: [32mEntering StopAndMeasure[0m
[INFO] [1788860050.281811712] [GSL]: 10 gas measurements, 10 wind measurements over 1.93 seconds
[INFO] [1788860050.281863021] [GSL]: avg_gas=1.7e-18;  avg_windSpeed=0.061;  avg_wind_dir=-0.83
[INFO] [1788860050.282442978] [GSL]: [33mNOTHING [0m
[INFO] [1788860050.282471094] [GSL]: [DEBUG-WIND] useGroundTruth=false gmrf_req_size=631 gaden_req_size=-1
[INFO] [1788860050.282478175] [GSL]: [DEBUG-WIND] Taking GMRF path
[INFO] [1788860050.365899908] [GSL]: Max mutual info: 1.633
[INFO] [1788860050.367898564] [GSL]: MutualInformation - Ellapsed: 0.015s
[INFO] [1788860050.398594586] [GSL]: Sending goal (-2.54, -1.00)
[INFO] [1788860050.399146079] [GSL]: Variance: 0.06
[INFO] [1788860050.399176371] [GSL - Trace]: [32mEntering Moving[0m
[INFO] [1788860051.116131456] [GSL - Trace]: [32mEntering StopAndMeasure[0m
[INFO] [1788860051.976395542] [GSL]: Could not find the source. Sorry!
[INFO] [1788860052.994997402] [GSL]: [34mDONE, CLOSING[0m
