[INFO] [1788872780.091991160] [vgr_uav_sim]: Loading VGR data from /mnt/hgfs/workspace/GADEN_files/scenarios/House01, config=2,4-1_fast
[INFO] [1788872780.152564403] [vgr_uav_sim]: Occupancy: 87x114 slice z_idx=13 (z=0.3m), free=6866, obstacle=3052, input_sha256=846003ffbbc8e99aa322cf189356399412763710e937bb5e5316186afccf17cb
[INFO] [1788872780.413202216] [vgr_uav_sim]: Gas backend=raw_house1_snapshot exec=/home/zyc/CSTAR_CONTROLLED_ASSETS_20260907/tools/cstar_numeric_wind_raw_query env_root=/mnt/hgfs/workspace/GADEN_files/scenarios/House01 gas_results=/mnt/hgfs/workspace/GADEN_files/scenarios/House01/gas_simulations/2,4-1_fast/FilamentSimulation_gasType_10_sourcePosition_-0.40_-2.90_-0.30 max_iteration=1999
[INFO] [1788872780.416139126] [vgr_uav_sim]: Navigation grid: coarse 29x38 cell=0.3000 free=626 obstacle=476 (reduce_scale=3)
[INFO] [1788872780.472304775] [vgr_uav_sim]: UAV Sim v3 ready. Start=(-3.17,-1.75), sim_dt=0.200s, realtime_factor=1.00, sensor=asymmetric, vertical_motion=False, open_loop_profile=hover
[WARN] [1788872808.057853616] [vgr_uav_sim]: PLAN_CB: called with goal=(-4.10,-1.13)
[WARN] [1788872808.059130068] [vgr_uav_sim]: PLAN_CB: returning 5 poses
[WARN] [1788872808.069689725] [vgr_uav_sim]: PLAN_CB: called with goal=(-4.10,-1.13)
[WARN] [1788872808.070974259] [vgr_uav_sim]: PLAN_CB: returning 5 poses
[INFO] [1788872808.089199124] [vgr_uav_sim]: Prepared 5 collision-free navigation waypoints to (-4.10, -1.13)
[INFO] [1788872808.090230473] [vgr_uav_sim]: UAV navigating in audited 2-D mode to (-4.10, -1.13, 0.30)
[WARN] [1788872825.029451358] [vgr_uav_sim]: PLAN_CB: called with goal=(-5.00,-0.83)
[WARN] [1788872825.034216755] [vgr_uav_sim]: PLAN_CB: returning 5 poses
[WARN] [1788872825.046491502] [vgr_uav_sim]: PLAN_CB: called with goal=(-5.00,-0.83)
[WARN] [1788872825.047772787] [vgr_uav_sim]: PLAN_CB: returning 5 poses
[INFO] [1788872825.059071085] [vgr_uav_sim]: Prepared 5 collision-free navigation waypoints to (-5.00, -0.83)
[INFO] [1788872825.060138340] [vgr_uav_sim]: UAV navigating in audited 2-D mode to (-5.00, -0.83, 0.30)
[WARN] [1788872841.740033912] [vgr_uav_sim]: PLAN_CB: called with goal=(-5.90,-0.83)
[WARN] [1788872841.741985807] [vgr_uav_sim]: PLAN_CB: returning 5 poses
[WARN] [1788872841.753323512] [vgr_uav_sim]: PLAN_CB: called with goal=(-5.90,-0.83)
[WARN] [1788872841.754379353] [vgr_uav_sim]: PLAN_CB: returning 5 poses
[INFO] [1788872841.765758951] [vgr_uav_sim]: Prepared 5 collision-free navigation waypoints to (-5.90, -0.83)
[INFO] [1788872841.767017417] [vgr_uav_sim]: UAV navigating in audited 2-D mode to (-5.90, -0.83, 0.30)
[WARN] [1788872858.892199765] [vgr_uav_sim]: PLAN_CB: called with goal=(-5.90,0.07)
[WARN] [1788872858.897819983] [vgr_uav_sim]: PLAN_CB: returning 5 poses
[WARN] [1788872858.908044279] [vgr_uav_sim]: PLAN_CB: called with goal=(-5.90,0.07)
[WARN] [1788872858.909162631] [vgr_uav_sim]: PLAN_CB: returning 5 poses
[INFO] [1788872858.920487166] [vgr_uav_sim]: Prepared 5 collision-free navigation waypoints to (-5.90, 0.07)
[INFO] [1788872858.921826160] [vgr_uav_sim]: UAV navigating in audited 2-D mode to (-5.90, 0.07, 0.30)
[WARN] [1788872875.829482730] [vgr_uav_sim]: PLAN_CB: called with goal=(-5.90,0.67)
[WARN] [1788872875.835531862] [vgr_uav_sim]: PLAN_CB: returning 4 poses
[WARN] [1788872875.845456953] [vgr_uav_sim]: PLAN_CB: called with goal=(-5.90,0.67)
[WARN] [1788872875.846815652] [vgr_uav_sim]: PLAN_CB: returning 4 poses
[INFO] [1788872875.858328061] [vgr_uav_sim]: Prepared 4 collision-free navigation waypoints to (-5.90, 0.67)
[INFO] [1788872875.859467257] [vgr_uav_sim]: UAV navigating in audited 2-D mode to (-5.90, 0.67, 0.30)
[WARN] [1788872892.337138778] [vgr_uav_sim]: PLAN_CB: called with goal=(-5.90,1.87)
[WARN] [1788872892.339591255] [vgr_uav_sim]: PLAN_CB: returning 6 poses
[WARN] [1788872892.350684608] [vgr_uav_sim]: PLAN_CB: called with goal=(-5.90,1.87)
[WARN] [1788872892.352194893] [vgr_uav_sim]: PLAN_CB: returning 6 poses
[INFO] [1788872892.362773837] [vgr_uav_sim]: Prepared 6 collision-free navigation waypoints to (-5.90, 1.87)
[INFO] [1788872892.363756332] [vgr_uav_sim]: UAV navigating in audited 2-D mode to (-5.90, 1.87, 0.30)
[WARN] [1788872909.648478499] [vgr_uav_sim]: PLAN_CB: called with goal=(-5.60,2.77)
[WARN] [1788872909.653934000] [vgr_uav_sim]: PLAN_CB: returning 5 poses
[WARN] [1788872909.665453542] [vgr_uav_sim]: PLAN_CB: called with goal=(-5.60,2.77)
[WARN] [1788872909.666440531] [vgr_uav_sim]: PLAN_CB: returning 5 poses
[INFO] [1788872909.689757861] [vgr_uav_sim]: Prepared 5 collision-free navigation waypoints to (-5.60, 2.77)
[INFO] [1788872909.690789076] [vgr_uav_sim]: UAV navigating in audited 2-D mode to (-5.60, 2.77, 0.30)
[WARN] [1788872926.633458480] [vgr_uav_sim]: PLAN_CB: called with goal=(-6.20,2.77)
[WARN] [1788872926.638463149] [vgr_uav_sim]: PLAN_CB: returning 4 poses
[WARN] [1788872926.649488501] [vgr_uav_sim]: PLAN_CB: called with goal=(-6.20,2.77)
[WARN] [1788872926.650739479] [vgr_uav_sim]: PLAN_CB: returning 4 poses
[INFO] [1788872926.661764058] [vgr_uav_sim]: Prepared 4 collision-free navigation waypoints to (-6.20, 2.77)
[INFO] [1788872926.663294739] [vgr_uav_sim]: UAV navigating in audited 2-D mode to (-6.20, 2.77, 0.30)
[WARN] [1788872943.222326631] [vgr_uav_sim]: PLAN_CB: called with goal=(-4.40,-0.23)
[WARN] [1788872943.223983315] [vgr_uav_sim]: PLAN_CB: returning 14 poses
[WARN] [1788872943.237112496] [vgr_uav_sim]: PLAN_CB: called with goal=(-4.40,-0.23)
[WARN] [1788872943.238821473] [vgr_uav_sim]: PLAN_CB: returning 14 poses
[INFO] [1788872943.250087428] [vgr_uav_sim]: Prepared 14 collision-free navigation waypoints to (-4.40, -0.23)
[INFO] [1788872943.251182730] [vgr_uav_sim]: UAV navigating in audited 2-D mode to (-4.40, -0.23, 0.30)
[WARN] [1788872962.232475413] [vgr_uav_sim]: PLAN_CB: called with goal=(-3.80,0.37)
[WARN] [1788872962.236877954] [vgr_uav_sim]: PLAN_CB: returning 4 poses
[WARN] [1788872962.249618064] [vgr_uav_sim]: PLAN_CB: called with goal=(-3.80,0.37)
[WARN] [1788872962.250877643] [vgr_uav_sim]: PLAN_CB: returning 4 poses
[INFO] [1788872962.262012646] [vgr_uav_sim]: Prepared 4 collision-free navigation waypoints to (-3.80, 0.37)
[INFO] [1788872962.263204960] [vgr_uav_sim]: UAV navigating in audited 2-D mode to (-3.80, 0.37, 0.30)
[WARN] [1788872978.835499950] [vgr_uav_sim]: PLAN_CB: called with goal=(-6.80,2.17)
[WARN] [1788872978.846480365] [vgr_uav_sim]: PLAN_CB: returning 15 poses
[WARN] [1788872978.854668812] [vgr_uav_sim]: PLAN_CB: called with goal=(-6.80,2.17)
[WARN] [1788872978.858400545] [vgr_uav_sim]: PLAN_CB: returning 15 poses
[INFO] [1788872978.868885366] [vgr_uav_sim]: Prepared 15 collision-free navigation waypoints to (-6.80, 2.17)
[INFO] [1788872978.869899019] [vgr_uav_sim]: UAV navigating in audited 2-D mode to (-6.80, 2.17, 0.30)
[WARN] [1788872997.828296961] [vgr_uav_sim]: PLAN_CB: called with goal=(-6.80,2.77)
[WARN] [1788872997.829449811] [vgr_uav_sim]: PLAN_CB: returning 4 poses
[WARN] [1788872997.842381377] [vgr_uav_sim]: PLAN_CB: called with goal=(-6.80,2.77)
[WARN] [1788872997.843484039] [vgr_uav_sim]: PLAN_CB: returning 4 poses
[INFO] [1788872997.852241814] [vgr_uav_sim]: Prepared 4 collision-free navigation waypoints to (-6.80, 2.77)
[INFO] [1788872997.854001779] [vgr_uav_sim]: UAV navigating in audited 2-D mode to (-6.80, 2.77, 0.30)
[WARN] [1788873014.632496767] [vgr_uav_sim]: PLAN_CB: called with goal=(-6.50,1.57)
[WARN] [1788873014.637139821] [vgr_uav_sim]: PLAN_CB: returning 6 poses
[WARN] [1788873014.649602681] [vgr_uav_sim]: PLAN_CB: called with goal=(-6.50,1.57)
[WARN] [1788873014.650610376] [vgr_uav_sim]: PLAN_CB: returning 6 poses
[INFO] [1788873014.662196883] [vgr_uav_sim]: Prepared 6 collision-free navigation waypoints to (-6.50, 1.57)
[INFO] [1788873014.663325584] [vgr_uav_sim]: UAV navigating in audited 2-D mode to (-6.50, 1.57, 0.30)
[WARN] [1788873031.626260966] [vgr_uav_sim]: PLAN_CB: called with goal=(-5.00,-1.43)
[WARN] [1788873031.629900722] [vgr_uav_sim]: PLAN_CB: returning 14 poses
[WARN] [1788873031.639524152] [vgr_uav_sim]: PLAN_CB: called with goal=(-5.00,-1.43)
[WARN] [1788873031.641557486] [vgr_uav_sim]: PLAN_CB: returning 14 poses
[INFO] [1788873031.652744575] [vgr_uav_sim]: Prepared 14 collision-free navigation waypoints to (-5.00, -1.43)
[INFO] [1788873031.654566069] [vgr_uav_sim]: UAV navigating in audited 2-D mode to (-5.00, -1.43, 0.30)
