[INFO] [launch]: All log files can be found below /home/zyc/.ros/log/2026-10-09-23-24-58-824451-zyc-virtual-machine-12521
[INFO] [launch]: Default logging verbosity is set to INFO
[INFO] [player-1]: process started with pid [12523]
[INFO] [simulated_anemometer-2]: process started with pid [12525]
[INFO] [static_transform_publisher-3]: process started with pid [12527]
[INFO] [simulated_gas_sensor-4]: process started with pid [12529]
[INFO] [static_transform_publisher-5]: process started with pid [12531]
[INFO] [map_server-6]: process started with pid [12533]
[INFO] [bt_navigator-7]: process started with pid [12535]
[INFO] [planner_server-8]: process started with pid [12537]
[INFO] [controller_server-9]: process started with pid [12539]
[INFO] [behavior_server-10]: process started with pid [12541]
[INFO] [lifecycle_manager-11]: process started with pid [12548]
[INFO] [robot_state_publisher-12]: process started with pid [12562]
[INFO] [basic_sim-13]: process started with pid [12581]
[INFO] [gsl_actionserver_node-14]: process started with pid [12588]
[static_transform_publisher-3] [33m[WARN] [1791559499.173168647] []: Old-style arguments are deprecated; see --help for new-style arguments[0m
[static_transform_publisher-5] [33m[WARN] [1791559499.173063267] []: Old-style arguments are deprecated; see --help for new-style arguments[0m
[simulated_anemometer-2] [0m[INFO] [1791559499.235982999] [PioneerP3DX.Anemometer]: wind noise: 0.300000[0m
[simulated_gas_sensor-4] [0m[INFO] [1791559499.242375257] [PioneerP3DX.PID]: The data provided in the roslaunch file is:[0m
[simulated_gas_sensor-4] [0m[INFO] [1791559499.242478157] [PioneerP3DX.PID]: Sensor model: 30[0m
[simulated_gas_sensor-4] [0m[INFO] [1791559499.242487690] [PioneerP3DX.PID]: Fixed frame: map[0m
[simulated_gas_sensor-4] [0m[INFO] [1791559499.242494459] [PioneerP3DX.PID]: Sensor frame: PioneerP3DX_pid_frame[0m
[simulated_gas_sensor-4] [0m[INFO] [1791559499.242501227] [PioneerP3DX.PID]: Running at 10.000000Hz[0m
[player-1] [33m[WARN] [1791559499.253415432] [GadenPlayer]: 
[player-1] --- Deprecation notice ---
[player-1] You are using ROS parameters to specify the Gaden configuration. This is now considered deprecated (though, for now, still valid).
[player-1] You should update your configuration to use a gaden project (see test_env for examples).
[player-1] You can easily configure a gaden project with 'ros2 run gaden_common gaden_gui
[player-1] ----[0m
[player-1] [0m[INFO] [1791559499.253800283] [GadenPlayer]: num_simulators: 1[0m
[player-1] [0m[INFO] [1791559499.253969014] [GadenPlayer]: simulation_data_0: /home/zyc/hcmc_v1_independent_data_20260922/H02_R2026092211/FilamentSimulation_gasType_10_sourcePosition_0.00_-1.00_0.20[0m
[static_transform_publisher-3] [0m[INFO] [1791559499.256805136] [PioneerP3DX.anemometer_tf_pub]: Spinning until stopped - publishing transform
[static_transform_publisher-3] translation: ('0.000000', '0.000000', '0.500000')
[static_transform_publisher-3] rotation: ('1.000000', '0.000000', '0.000000', '0.000000')
[static_transform_publisher-3] from 'PioneerP3DX_base_link' to 'PioneerP3DX_anemometer_frame'[0m
[static_transform_publisher-5] [0m[INFO] [1791559499.262186339] [PioneerP3DX.pid_tf_pub]: Spinning until stopped - publishing transform
[static_transform_publisher-5] translation: ('0.000000', '0.000000', '0.500000')
[static_transform_publisher-5] rotation: ('1.000000', '0.000000', '0.000000', '0.000000')
[static_transform_publisher-5] from 'PioneerP3DX_base_link' to 'PioneerP3DX_pid_frame'[0m
[player-1] [0m[INFO] [1791559499.273131754] [GadenPlayer]: Looking for wind files in:
[player-1] 	-'/home/zyc/wind'
[player-1] 	-'/home/zyc/hcmc_v1_independent_data_20260922/H02_R2026092211/FilamentSimulation_gasType_10_sourcePosition_0.00_-1.00_0.20/wind'[0m
[player-1] [0m[INFO] [1791559499.273196218] [GadenPlayer]: Found wind files at '/home/zyc/hcmc_v1_independent_data_20260922/H02_R2026092211/FilamentSimulation_gasType_10_sourcePosition_0.00_-1.00_0.20/wind'[0m
[WARNING] [launch]: user interrupted with ctrl-c (SIGINT)
[simulated_gas_sensor-4] [0m[INFO] [1791559499.330833298] [rclcpp]: signal_handler(signum=2)[0m
[simulated_gas_sensor-4] [0m[INFO] [1791559499.332160291] [PioneerP3DX.PID]: WAITING FOR GADEN_PLAYER SERVICE[0m
[simulated_gas_sensor-4] 
[simulated_gas_sensor-4] >>> [rcutils|error_handling.c:108] rcutils_set_error_state()
[simulated_gas_sensor-4] This error state is being overwritten:
[simulated_gas_sensor-4] 
[simulated_gas_sensor-4]   'rcl node's context is invalid, at ./src/rcl/node.c:428'
[simulated_gas_sensor-4] 
[simulated_gas_sensor-4] with this new error message:
[simulated_gas_sensor-4] 
[simulated_gas_sensor-4]   'publisher's context is invalid, at ./src/rcl/publisher.c:389'
[simulated_gas_sensor-4] 
[simulated_gas_sensor-4] rcutils_reset_error() should be called after error handling to avoid this.
[simulated_gas_sensor-4] <<<
[simulated_gas_sensor-4] Failed to publish log message to rosout: publisher's context is invalid, at ./src/rcl/publisher.c:389
[ERROR] [gsl_actionserver_node-14]: process has died [pid 12588, exit code -2, cmd '/home/zyc/pmfs_official_alignment_r5_20261009/ws/install/gsl_server/lib/gsl_server/gsl_actionserver_node --ros-args -r __node:=GSL -r __ns:=/PioneerP3DX --params-file /tmp/launch_params_hraxla9l --params-file /tmp/launch_params_4hbbfa8g --params-file /tmp/launch_params_e7__ek_1 --params-file /tmp/launch_params_uqspwcq2 --params-file /tmp/launch_params_lcz7rkj6 --params-file /tmp/launch_params_j8af5dh8 --params-file /tmp/launch_params_somk35_e --params-file /tmp/launch_params_nrm9fd_s --params-file /tmp/launch_params_9we7ts7f --params-file /tmp/launch_params_b13_1asx --params-file /tmp/launch_params_hdtd6_lk --params-file /tmp/launch_params_928trblv --params-file /tmp/launch_params_ngwe_p39 --params-file /tmp/launch_params_hzq0f__n --params-file /tmp/launch_params_jc9c2tj8 --params-file /tmp/launch_params_e4nnkags --params-file /tmp/launch_params_kyh6392a --params-file /tmp/launch_params_2d3zb3nu --params-file /tmp/launch_params_k9a99dcc --params-file /tmp/launch_params_p8rq3rif --params-file /tmp/launch_params_t946x1u5 --params-file /tmp/launch_params_juak1kzs --params-file /tmp/launch_params_9sayijem --params-file /tmp/launch_params_iegt9np0 --params-file /tmp/launch_params_qanz8cx9 --params-file /tmp/launch_params_r6_x5_k3 --params-file /tmp/launch_params__ic6582e --params-file /tmp/launch_params_2xkdkxrn --params-file /tmp/launch_params_qvzr6xke --params-file /tmp/launch_params_f_7dpa_l --params-file /tmp/launch_params_hqs1ghte --params-file /tmp/launch_params_fd_mn45x --params-file /tmp/launch_params_53w_z2n8 --params-file /tmp/launch_params_zeozepgh --params-file /tmp/launch_params_cu0j6njs --params-file /tmp/launch_params_1c1yat47 --params-file /tmp/launch_params_2oim2d4w --params-file /tmp/launch_params_rhq0y4er --params-file /tmp/launch_params_j22zyt1t --params-file /tmp/launch_params_pib9glej --params-file /tmp/launch_params_k147syob --params-file /tmp/launch_params_2fhag0x2 --params-file /tmp/launch_params_k6nh2pqu'].
[basic_sim-13] [0m[INFO] [1791559499.330801379] [rclcpp]: signal_handler(signum=2)[0m
[simulated_anemometer-2] [0m[INFO] [1791559499.330847796] [rclcpp]: signal_handler(signum=2)[0m
[simulated_anemometer-2] [0m[INFO] [1791559499.332139734] [PioneerP3DX.Anemometer]: WAITING FOR GADEN_PLAYER SERVICE[0m
[simulated_anemometer-2] 
[simulated_anemometer-2] >>> [rcutils|error_handling.c:108] rcutils_set_error_state()
[simulated_anemometer-2] This error state is being overwritten:
[simulated_anemometer-2] 
[simulated_anemometer-2]   'rcl node's context is invalid, at ./src/rcl/node.c:428'
[simulated_anemometer-2] 
[simulated_anemometer-2] with this new error message:
[simulated_anemometer-2] 
[simulated_anemometer-2]   'publisher's context is invalid, at ./src/rcl/publisher.c:389'
[simulated_anemometer-2] 
[simulated_anemometer-2] rcutils_reset_error() should be called after error handling to avoid this.
[simulated_anemometer-2] <<<
[simulated_anemometer-2] Failed to publish log message to rosout: publisher's context is invalid, at ./src/rcl/publisher.c:389
[static_transform_publisher-3] [0m[INFO] [1791559499.330924407] [rclcpp]: signal_handler(signum=2)[0m
[static_transform_publisher-5] [0m[INFO] [1791559499.332450705] [rclcpp]: signal_handler(signum=2)[0m
[INFO] [basic_sim-13]: sending signal 'SIGINT' to process[basic_sim-13]
[INFO] [robot_state_publisher-12]: sending signal 'SIGINT' to process[robot_state_publisher-12]
[INFO] [lifecycle_manager-11]: sending signal 'SIGINT' to process[lifecycle_manager-11]
[INFO] [behavior_server-10]: sending signal 'SIGINT' to process[behavior_server-10]
[INFO] [controller_server-9]: sending signal 'SIGINT' to process[controller_server-9]
[INFO] [planner_server-8]: sending signal 'SIGINT' to process[planner_server-8]
[INFO] [bt_navigator-7]: sending signal 'SIGINT' to process[bt_navigator-7]
[INFO] [map_server-6]: sending signal 'SIGINT' to process[map_server-6]
[ERROR] [behavior_server-10]: process has died [pid 12541, exit code -2, cmd '/opt/ros/humble/lib/nav2_behaviors/behavior_server --ros-args --log-level ERROR --ros-args -r __node:=behavior_server -r __ns:=/PioneerP3DX --params-file /tmp/launch_params_70jk6i07'].
[INFO] [static_transform_publisher-5]: sending signal 'SIGINT' to process[static_transform_publisher-5]
[INFO] [simulated_gas_sensor-4]: sending signal 'SIGINT' to process[simulated_gas_sensor-4]
[ERROR] [bt_navigator-7]: process has died [pid 12535, exit code -2, cmd '/opt/ros/humble/lib/nav2_bt_navigator/bt_navigator --ros-args --log-level ERROR --ros-args -r __node:=bt_navigator -r __ns:=/PioneerP3DX --params-file /tmp/launch_params_70jk6i07'].
[INFO] [static_transform_publisher-3]: sending signal 'SIGINT' to process[static_transform_publisher-3]
[INFO] [simulated_anemometer-2]: sending signal 'SIGINT' to process[simulated_anemometer-2]
[ERROR] [static_transform_publisher-5]: process has died [pid 12531, exit code -2, cmd '/opt/ros/humble/lib/tf2_ros/static_transform_publisher 0 0 0.5 1.0 0.0 0 0 PioneerP3DX_base_link PioneerP3DX_pid_frame --ros-args -r __node:=pid_tf_pub -r __ns:=/PioneerP3DX --params-file /tmp/launch_params_3mmru20z'].
[INFO] [player-1]: sending signal 'SIGINT' to process[player-1]
[ERROR] [static_transform_publisher-3]: process has died [pid 12527, exit code -2, cmd '/opt/ros/humble/lib/tf2_ros/static_transform_publisher 0 0 0.5 1.0 0.0 0 0 PioneerP3DX_base_link PioneerP3DX_anemometer_frame --ros-args -r __node:=anemometer_tf_pub -r __ns:=/PioneerP3DX --params-file /tmp/launch_params_m03f8h4b'].
[player-1] [0m[INFO] [1791559499.338079953] [rclcpp]: signal_handler(signum=2)[0m
[planner_server-8] terminate called after throwing an instance of 'rclcpp::exceptions::RCLError'
[planner_server-8]   what():  failed to create guard condition: the given context is not valid, either rcl_init() was not called or rcl_shutdown() was called., at ./src/rcl/guard_condition.c:67
[basic_sim-13] terminate called after throwing an instance of 'rclcpp::exceptions::RCLError'
[basic_sim-13]   what():  could not create service: rcl node's context is invalid, at ./src/rcl/node.c:428
[robot_state_publisher-12] terminate called after throwing an instance of 'rclcpp::exceptions::RCLError'
[robot_state_publisher-12]   what():  could not create publisher: rcl node's context is invalid, at ./src/rcl/node.c:428
[map_server-6] terminate called after throwing an instance of 'rclcpp::exceptions::RCLError'
[map_server-6]   what():  could not create subscription: rcl node's context is invalid, at ./src/rcl/node.c:428
[controller_server-9] terminate called after throwing an instance of 'rclcpp::exceptions::RCLError'
[controller_server-9]   what():  failed to create guard condition: the given context is not valid, either rcl_init() was not called or rcl_shutdown() was called., at ./src/rcl/guard_condition.c:67
[simulated_gas_sensor-4] [0m[INFO] [1791559499.365952350] [rclcpp]: signal_handler(signum=2)[0m
[simulated_anemometer-2] [0m[INFO] [1791559499.369931986] [rclcpp]: signal_handler(signum=2)[0m
[player-1] [0m[INFO] [1791559499.372573622] [rclcpp]: signal_handler(signum=2)[0m
[player-1] terminate called after throwing an instance of 'rclcpp::exceptions::RCLError'
[player-1]   what():  could not create service: rcl node's context is invalid, at ./src/rcl/node.c:428
[ERROR] [controller_server-9]: process has died [pid 12539, exit code -6, cmd '/opt/ros/humble/lib/nav2_controller/controller_server --ros-args --log-level ERROR --ros-args -r __node:=controller_server -r __ns:=/PioneerP3DX --params-file /tmp/launch_params_70jk6i07'].
[ERROR] [map_server-6]: process has died [pid 12533, exit code -6, cmd '/opt/ros/humble/lib/nav2_map_server/map_server --ros-args --log-level ERROR --ros-args -r __node:=map_server -r __ns:=/PioneerP3DX --params-file /tmp/launch_params_6gerf38r --params-file /tmp/launch_params_5o07xsj0 --params-file /tmp/launch_params_xlt5r3kn'].
[ERROR] [basic_sim-13]: process has died [pid 12581, exit code -6, cmd '/home/zyc/pmfs_official_alignment_r5_20261009/ws/install/basic_sim/lib/basic_sim/basic_sim --ros-args --params-file /tmp/launch_params_zwysd0uy --params-file /tmp/launch_params_ob0lmlsc --params-file /tmp/launch_params_v4rl1mnd'].
[ERROR] [robot_state_publisher-12]: process has died [pid 12562, exit code -6, cmd '/opt/ros/humble/lib/robot_state_publisher/robot_state_publisher --ros-args --log-level ERROR --ros-args -r __ns:=/PioneerP3DX --params-file /tmp/launch_params_98l98anw'].
[ERROR] [lifecycle_manager-11]: process[lifecycle_manager-11] failed to terminate '5' seconds after receiving 'SIGINT', escalating to 'SIGTERM'
[ERROR] [planner_server-8]: process[planner_server-8] failed to terminate '5' seconds after receiving 'SIGINT', escalating to 'SIGTERM'
[ERROR] [simulated_gas_sensor-4]: process[simulated_gas_sensor-4] failed to terminate '5' seconds after receiving 'SIGINT', escalating to 'SIGTERM'
[ERROR] [simulated_anemometer-2]: process[simulated_anemometer-2] failed to terminate '5' seconds after receiving 'SIGINT', escalating to 'SIGTERM'
[ERROR] [player-1]: process[player-1] failed to terminate '5' seconds after receiving 'SIGINT', escalating to 'SIGTERM'
[INFO] [lifecycle_manager-11]: sending signal 'SIGTERM' to process[lifecycle_manager-11]
[INFO] [planner_server-8]: sending signal 'SIGTERM' to process[planner_server-8]
[INFO] [simulated_gas_sensor-4]: sending signal 'SIGTERM' to process[simulated_gas_sensor-4]
[INFO] [simulated_anemometer-2]: sending signal 'SIGTERM' to process[simulated_anemometer-2]
[INFO] [player-1]: sending signal 'SIGTERM' to process[player-1]
[simulated_gas_sensor-4] [0m[INFO] [1791559504.358018731] [rclcpp]: signal_handler(signum=15)[0m
[simulated_anemometer-2] [0m[INFO] [1791559504.359676554] [rclcpp]: signal_handler(signum=15)[0m
[ERROR] [planner_server-8]: process has died [pid 12537, exit code -6, cmd '/opt/ros/humble/lib/nav2_planner/planner_server --ros-args --log-level ERROR --ros-args -r __node:=planner_server -r __ns:=/PioneerP3DX --params-file /tmp/launch_params_70jk6i07'].
[ERROR] [player-1]: process has died [pid 12523, exit code -6, cmd '/home/zyc/pmfs_official_alignment_r5_20261009/ws/install/gaden_player/lib/gaden_player/player --ros-args -r __node:=gaden_player --params-file /tmp/launch_params__87mlfka --params-file /tmp/launch_params_5sz_faec'].
[INFO] [simulated_anemometer-2]: process has finished cleanly [pid 12525]
[INFO] [simulated_gas_sensor-4]: process has finished cleanly [pid 12529]
[ERROR] [lifecycle_manager-11]: process[lifecycle_manager-11] failed to terminate '10.0' seconds after receiving 'SIGTERM', escalating to 'SIGKILL'
[INFO] [lifecycle_manager-11]: sending signal 'SIGKILL' to process[lifecycle_manager-11]
[ERROR] [lifecycle_manager-11]: process has died [pid 12548, exit code -9, cmd '/opt/ros/humble/lib/nav2_lifecycle_manager/lifecycle_manager --ros-args --log-level ERROR --ros-args -r __node:=lifecycle_manager_navigation -r __ns:=/PioneerP3DX --params-file /tmp/launch_params_to4d5nt6 --params-file /tmp/launch_params_tp8_4ht0 --params-file /tmp/launch_params_jljf5fpl'].
