[INFO] [1788867003.888921039] [vgr_uav_sim]: Loading VGR data from /mnt/hgfs/workspace/GADEN_files/scenarios/House01, config=2,4-1_fast
[INFO] [1788867003.960601096] [vgr_uav_sim]: Occupancy: 87x114 slice z_idx=13 (z=0.3m), free=6866, obstacle=3052, input_sha256=846003ffbbc8e99aa322cf189356399412763710e937bb5e5316186afccf17cb
[INFO] [1788867004.232141825] [vgr_uav_sim]: Gas backend=raw_house1_snapshot exec=/home/zyc/CSTAR_CONTROLLED_ASSETS_20260907/tools/cstar_numeric_wind_raw_query env_root=/mnt/hgfs/workspace/GADEN_files/scenarios/House01 gas_results=/mnt/hgfs/workspace/GADEN_files/scenarios/House01/gas_simulations/2,4-1_fast/FilamentSimulation_gasType_10_sourcePosition_-0.40_-2.90_-0.30 max_iteration=1999
[INFO] [1788867004.234571956] [vgr_uav_sim]: Navigation grid: coarse 29x38 cell=0.3000 free=626 obstacle=476 (reduce_scale=3)
[INFO] [1788867004.282218022] [vgr_uav_sim]: UAV Sim v3 ready. Start=(-3.17,-1.75), sim_dt=0.200s, realtime_factor=1.00, sensor=asymmetric, vertical_motion=False, open_loop_profile=hover
[WARN] [1788867031.969273940] [vgr_uav_sim]: PLAN_CB: called with goal=(-4.10,-1.13)
[WARN] [1788867031.970376665] [vgr_uav_sim]: PLAN_CB: returning 5 poses
[WARN] [1788867031.980539270] [vgr_uav_sim]: PLAN_CB: called with goal=(-4.10,-1.13)
[WARN] [1788867031.981604144] [vgr_uav_sim]: PLAN_CB: returning 5 poses
[INFO] [1788867031.992749317] [vgr_uav_sim]: Prepared 5 collision-free navigation waypoints to (-4.10, -1.13)
[INFO] [1788867031.993658396] [vgr_uav_sim]: UAV navigating in audited 2-D mode to (-4.10, -1.13, 0.30)
[WARN] [1788867048.745966404] [vgr_uav_sim]: PLAN_CB: called with goal=(-5.00,-0.83)
[WARN] [1788867048.748879280] [vgr_uav_sim]: PLAN_CB: returning 5 poses
[WARN] [1788867048.758770018] [vgr_uav_sim]: PLAN_CB: called with goal=(-5.00,-0.83)
[WARN] [1788867048.760632565] [vgr_uav_sim]: PLAN_CB: returning 5 poses
[INFO] [1788867048.771303245] [vgr_uav_sim]: Prepared 5 collision-free navigation waypoints to (-5.00, -0.83)
[INFO] [1788867048.772319073] [vgr_uav_sim]: UAV navigating in audited 2-D mode to (-5.00, -0.83, 0.30)
[WARN] [1788867065.545808539] [vgr_uav_sim]: PLAN_CB: called with goal=(-5.90,-0.83)
[WARN] [1788867065.548449516] [vgr_uav_sim]: PLAN_CB: returning 5 poses
[WARN] [1788867065.560517853] [vgr_uav_sim]: PLAN_CB: called with goal=(-5.90,-0.83)
[WARN] [1788867065.561682666] [vgr_uav_sim]: PLAN_CB: returning 5 poses
[INFO] [1788867065.572464398] [vgr_uav_sim]: Prepared 5 collision-free navigation waypoints to (-5.90, -0.83)
[INFO] [1788867065.573413403] [vgr_uav_sim]: UAV navigating in audited 2-D mode to (-5.90, -0.83, 0.30)
[WARN] [1788867082.722685753] [vgr_uav_sim]: PLAN_CB: called with goal=(-1.40,0.37)
[WARN] [1788867082.730060789] [vgr_uav_sim]: PLAN_CB: returning 17 poses
[WARN] [1788867082.744208474] [vgr_uav_sim]: PLAN_CB: called with goal=(-1.40,0.37)
[WARN] [1788867082.746861451] [vgr_uav_sim]: PLAN_CB: returning 17 poses
[INFO] [1788867082.758435816] [vgr_uav_sim]: Prepared 17 collision-free navigation waypoints to (-1.40, 0.37)
[INFO] [1788867082.759559330] [vgr_uav_sim]: UAV navigating in audited 2-D mode to (-1.40, 0.37, 0.30)
[WARN] [1788867102.164433784] [vgr_uav_sim]: PLAN_CB: called with goal=(-0.80,0.37)
[WARN] [1788867102.165329364] [vgr_uav_sim]: PLAN_CB: returning 4 poses
[WARN] [1788867102.174589034] [vgr_uav_sim]: PLAN_CB: called with goal=(-0.80,0.37)
[WARN] [1788867102.175534926] [vgr_uav_sim]: PLAN_CB: returning 4 poses
[INFO] [1788867102.186685527] [vgr_uav_sim]: Prepared 4 collision-free navigation waypoints to (-0.80, 0.37)
[INFO] [1788867102.188046769] [vgr_uav_sim]: UAV navigating in audited 2-D mode to (-0.80, 0.37, 0.30)
[WARN] [1788867118.766148007] [vgr_uav_sim]: PLAN_CB: called with goal=(-0.20,0.37)
[WARN] [1788867118.767456776] [vgr_uav_sim]: PLAN_CB: returning 4 poses
[WARN] [1788867118.778692182] [vgr_uav_sim]: PLAN_CB: called with goal=(-0.20,0.37)
[WARN] [1788867118.779609283] [vgr_uav_sim]: PLAN_CB: returning 4 poses
[INFO] [1788867118.790670965] [vgr_uav_sim]: Prepared 4 collision-free navigation waypoints to (-0.20, 0.37)
[INFO] [1788867118.791759546] [vgr_uav_sim]: UAV navigating in audited 2-D mode to (-0.20, 0.37, 0.30)
[WARN] [1788867135.730308590] [vgr_uav_sim]: PLAN_CB: called with goal=(-1.40,1.57)
[WARN] [1788867135.734177383] [vgr_uav_sim]: PLAN_CB: returning 9 poses
[WARN] [1788867135.740891519] [vgr_uav_sim]: PLAN_CB: called with goal=(-1.40,1.57)
[WARN] [1788867135.742284818] [vgr_uav_sim]: PLAN_CB: returning 9 poses
[INFO] [1788867135.751274205] [vgr_uav_sim]: Prepared 9 collision-free navigation waypoints to (-1.40, 1.57)
[INFO] [1788867135.752451837] [vgr_uav_sim]: UAV navigating in audited 2-D mode to (-1.40, 1.57, 0.30)
[WARN] [1788867153.447988611] [vgr_uav_sim]: PLAN_CB: called with goal=(-2.60,0.07)
[WARN] [1788867153.454066129] [vgr_uav_sim]: PLAN_CB: returning 9 poses
[WARN] [1788867153.462717389] [vgr_uav_sim]: PLAN_CB: called with goal=(-2.60,0.07)
[WARN] [1788867153.464564859] [vgr_uav_sim]: PLAN_CB: returning 9 poses
[INFO] [1788867153.475723747] [vgr_uav_sim]: Prepared 9 collision-free navigation waypoints to (-2.60, 0.07)
[INFO] [1788867153.477537976] [vgr_uav_sim]: UAV navigating in audited 2-D mode to (-2.60, 0.07, 0.30)
[WARN] [1788867170.947570839] [vgr_uav_sim]: PLAN_CB: called with goal=(-3.20,0.07)
[WARN] [1788867170.948386787] [vgr_uav_sim]: PLAN_CB: returning 4 poses
[WARN] [1788867170.958212183] [vgr_uav_sim]: PLAN_CB: called with goal=(-3.20,0.07)
[WARN] [1788867170.959580152] [vgr_uav_sim]: PLAN_CB: returning 4 poses
[INFO] [1788867170.969577250] [vgr_uav_sim]: Prepared 4 collision-free navigation waypoints to (-3.20, 0.07)
[INFO] [1788867170.971183210] [vgr_uav_sim]: UAV navigating in audited 2-D mode to (-3.20, 0.07, 0.30)
[WARN] [1788867187.817466813] [vgr_uav_sim]: PLAN_CB: called with goal=(-1.70,2.17)
[WARN] [1788867187.822459765] [vgr_uav_sim]: PLAN_CB: returning 13 poses
[WARN] [1788867187.834065479] [vgr_uav_sim]: PLAN_CB: called with goal=(-1.70,2.17)
[WARN] [1788867187.836237578] [vgr_uav_sim]: PLAN_CB: returning 13 poses
[INFO] [1788867187.847762093] [vgr_uav_sim]: Prepared 13 collision-free navigation waypoints to (-1.70, 2.17)
[INFO] [1788867187.849235325] [vgr_uav_sim]: UAV navigating in audited 2-D mode to (-1.70, 2.17, 0.30)
[WARN] [1788867206.449050482] [vgr_uav_sim]: PLAN_CB: called with goal=(-1.10,2.47)
[WARN] [1788867206.449900756] [vgr_uav_sim]: PLAN_CB: returning 4 poses
[WARN] [1788867206.461737218] [vgr_uav_sim]: PLAN_CB: called with goal=(-1.10,2.47)
[WARN] [1788867206.463277329] [vgr_uav_sim]: PLAN_CB: returning 4 poses
[INFO] [1788867206.473021694] [vgr_uav_sim]: Prepared 4 collision-free navigation waypoints to (-1.10, 2.47)
[INFO] [1788867206.474219794] [vgr_uav_sim]: UAV navigating in audited 2-D mode to (-1.10, 2.47, 0.30)
[WARN] [1788867222.944476254] [vgr_uav_sim]: PLAN_CB: called with goal=(-1.70,2.77)
[WARN] [1788867222.945685793] [vgr_uav_sim]: PLAN_CB: returning 4 poses
[WARN] [1788867222.957241257] [vgr_uav_sim]: PLAN_CB: called with goal=(-1.70,2.77)
[WARN] [1788867222.958138318] [vgr_uav_sim]: PLAN_CB: returning 4 poses
[INFO] [1788867222.969973398] [vgr_uav_sim]: Prepared 4 collision-free navigation waypoints to (-1.70, 2.77)
[INFO] [1788867222.971290417] [vgr_uav_sim]: UAV navigating in audited 2-D mode to (-1.70, 2.77, 0.30)
[WARN] [1788867239.803935926] [vgr_uav_sim]: PLAN_CB: called with goal=(-2.00,1.57)
[WARN] [1788867239.808233411] [vgr_uav_sim]: PLAN_CB: returning 6 poses
[WARN] [1788867239.818177088] [vgr_uav_sim]: PLAN_CB: called with goal=(-2.00,1.57)
[WARN] [1788867239.819679415] [vgr_uav_sim]: PLAN_CB: returning 6 poses
[INFO] [1788867239.830140739] [vgr_uav_sim]: Prepared 6 collision-free navigation waypoints to (-2.00, 1.57)
[INFO] [1788867239.831210485] [vgr_uav_sim]: UAV navigating in audited 2-D mode to (-2.00, 1.57, 0.30)
