[INFO] [1788877554.723135030] [vgr_uav_sim]: Loading VGR data from /mnt/hgfs/workspace/GADEN_files/scenarios/House01, config=2,4-1_fast
[INFO] [1788877554.780369215] [vgr_uav_sim]: Occupancy: 87x114 slice z_idx=13 (z=0.3m), free=6866, obstacle=3052, input_sha256=846003ffbbc8e99aa322cf189356399412763710e937bb5e5316186afccf17cb
[INFO] [1788877555.048227357] [vgr_uav_sim]: Gas backend=raw_house1_snapshot exec=/home/zyc/CSTAR_CONTROLLED_ASSETS_20260907/tools/cstar_numeric_wind_raw_query env_root=/mnt/hgfs/workspace/GADEN_files/scenarios/House01 gas_results=/mnt/hgfs/workspace/GADEN_files/scenarios/House01/gas_simulations/2,4-1_fast/FilamentSimulation_gasType_10_sourcePosition_-0.40_-2.90_-0.30 max_iteration=1999
[INFO] [1788877555.050571041] [vgr_uav_sim]: Navigation grid: coarse 29x38 cell=0.3000 free=626 obstacle=476 (reduce_scale=3)
[INFO] [1788877555.077242347] [vgr_uav_sim]: UAV Sim v3 ready. Start=(-3.17,-1.75), sim_dt=0.200s, realtime_factor=1.00, sensor=asymmetric, vertical_motion=False, open_loop_profile=hover
[WARN] [1788877583.548954967] [vgr_uav_sim]: PLAN_CB: called with goal=(-4.10,-1.13)
[WARN] [1788877583.551519786] [vgr_uav_sim]: PLAN_CB: returning 5 poses
[WARN] [1788877583.561116665] [vgr_uav_sim]: PLAN_CB: called with goal=(-4.10,-1.13)
[WARN] [1788877583.562274317] [vgr_uav_sim]: PLAN_CB: returning 5 poses
[INFO] [1788877583.574005957] [vgr_uav_sim]: Prepared 5 collision-free navigation waypoints to (-4.10, -1.13)
[INFO] [1788877583.575078441] [vgr_uav_sim]: UAV navigating in audited 2-D mode to (-4.10, -1.13, 0.30)
[WARN] [1788877600.347762980] [vgr_uav_sim]: PLAN_CB: called with goal=(-5.00,-0.83)
[WARN] [1788877600.353308883] [vgr_uav_sim]: PLAN_CB: returning 5 poses
[WARN] [1788877600.362846086] [vgr_uav_sim]: PLAN_CB: called with goal=(-5.00,-0.83)
[WARN] [1788877600.364269087] [vgr_uav_sim]: PLAN_CB: returning 5 poses
[INFO] [1788877600.377146415] [vgr_uav_sim]: Prepared 5 collision-free navigation waypoints to (-5.00, -0.83)
[INFO] [1788877600.378124854] [vgr_uav_sim]: UAV navigating in audited 2-D mode to (-5.00, -0.83, 0.30)
[WARN] [1788877617.247528767] [vgr_uav_sim]: PLAN_CB: called with goal=(-5.90,-0.83)
[WARN] [1788877617.252331065] [vgr_uav_sim]: PLAN_CB: returning 5 poses
[WARN] [1788877617.262405638] [vgr_uav_sim]: PLAN_CB: called with goal=(-5.90,-0.83)
[WARN] [1788877617.263705852] [vgr_uav_sim]: PLAN_CB: returning 5 poses
[INFO] [1788877617.274353272] [vgr_uav_sim]: Prepared 5 collision-free navigation waypoints to (-5.90, -0.83)
[INFO] [1788877617.275330686] [vgr_uav_sim]: UAV navigating in audited 2-D mode to (-5.90, -0.83, 0.30)
[WARN] [1788877634.341835987] [vgr_uav_sim]: PLAN_CB: called with goal=(-2.90,2.47)
[WARN] [1788877634.350119258] [vgr_uav_sim]: PLAN_CB: returning 25 poses
[WARN] [1788877634.358325022] [vgr_uav_sim]: PLAN_CB: called with goal=(-2.90,2.47)
[WARN] [1788877634.372560909] [vgr_uav_sim]: PLAN_CB: returning 25 poses
[INFO] [1788877634.382353257] [vgr_uav_sim]: Prepared 25 collision-free navigation waypoints to (-2.90, 2.47)
[INFO] [1788877634.383435224] [vgr_uav_sim]: UAV navigating in audited 2-D mode to (-2.90, 2.47, 0.30)
[WARN] [1788877655.841232641] [vgr_uav_sim]: PLAN_CB: called with goal=(-2.30,2.47)
[WARN] [1788877655.842270662] [vgr_uav_sim]: PLAN_CB: returning 4 poses
[WARN] [1788877655.851985021] [vgr_uav_sim]: PLAN_CB: called with goal=(-2.30,2.47)
[WARN] [1788877655.853085142] [vgr_uav_sim]: PLAN_CB: returning 4 poses
[INFO] [1788877655.861881868] [vgr_uav_sim]: Prepared 4 collision-free navigation waypoints to (-2.30, 2.47)
[INFO] [1788877655.862985551] [vgr_uav_sim]: UAV navigating in audited 2-D mode to (-2.30, 2.47, 0.30)
[WARN] [1788877672.348147580] [vgr_uav_sim]: PLAN_CB: called with goal=(-1.70,2.47)
[WARN] [1788877672.349481831] [vgr_uav_sim]: PLAN_CB: returning 4 poses
[WARN] [1788877672.357165991] [vgr_uav_sim]: PLAN_CB: called with goal=(-1.70,2.47)
[WARN] [1788877672.358112391] [vgr_uav_sim]: PLAN_CB: returning 4 poses
[INFO] [1788877672.369796775] [vgr_uav_sim]: Prepared 4 collision-free navigation waypoints to (-1.70, 2.47)
[INFO] [1788877672.370987047] [vgr_uav_sim]: UAV navigating in audited 2-D mode to (-1.70, 2.47, 0.30)
[WARN] [1788877689.291890432] [vgr_uav_sim]: PLAN_CB: called with goal=(-3.80,2.17)
[WARN] [1788877689.297703197] [vgr_uav_sim]: PLAN_CB: returning 9 poses
[WARN] [1788877689.309191419] [vgr_uav_sim]: PLAN_CB: called with goal=(-3.80,2.17)
[WARN] [1788877689.310664810] [vgr_uav_sim]: PLAN_CB: returning 9 poses
[INFO] [1788877689.321317026] [vgr_uav_sim]: Prepared 9 collision-free navigation waypoints to (-3.80, 2.17)
[INFO] [1788877689.322389275] [vgr_uav_sim]: UAV navigating in audited 2-D mode to (-3.80, 2.17, 0.30)
[WARN] [1788877706.960209042] [vgr_uav_sim]: PLAN_CB: called with goal=(-4.40,2.17)
[WARN] [1788877706.962285375] [vgr_uav_sim]: PLAN_CB: returning 4 poses
[WARN] [1788877706.974133862] [vgr_uav_sim]: PLAN_CB: called with goal=(-4.40,2.17)
[WARN] [1788877706.975027362] [vgr_uav_sim]: PLAN_CB: returning 4 poses
[INFO] [1788877706.986223713] [vgr_uav_sim]: Prepared 4 collision-free navigation waypoints to (-4.40, 2.17)
[INFO] [1788877706.987662859] [vgr_uav_sim]: UAV navigating in audited 2-D mode to (-4.40, 2.17, 0.30)
[WARN] [1788877723.539573367] [vgr_uav_sim]: PLAN_CB: called with goal=(-4.10,2.77)
[WARN] [1788877723.540514704] [vgr_uav_sim]: PLAN_CB: returning 4 poses
[WARN] [1788877723.551189075] [vgr_uav_sim]: PLAN_CB: called with goal=(-4.10,2.77)
[WARN] [1788877723.552053193] [vgr_uav_sim]: PLAN_CB: returning 4 poses
[INFO] [1788877723.563599829] [vgr_uav_sim]: Prepared 4 collision-free navigation waypoints to (-4.10, 2.77)
[INFO] [1788877723.564820399] [vgr_uav_sim]: UAV navigating in audited 2-D mode to (-4.10, 2.77, 0.30)
[WARN] [1788877740.456709339] [vgr_uav_sim]: PLAN_CB: called with goal=(-1.70,0.67)
[WARN] [1788877740.460044080] [vgr_uav_sim]: PLAN_CB: returning 15 poses
[WARN] [1788877740.468032052] [vgr_uav_sim]: PLAN_CB: called with goal=(-1.70,0.67)
[WARN] [1788877740.469751333] [vgr_uav_sim]: PLAN_CB: returning 15 poses
[INFO] [1788877740.489324371] [vgr_uav_sim]: Prepared 15 collision-free navigation waypoints to (-1.70, 0.67)
[INFO] [1788877740.490628961] [vgr_uav_sim]: UAV navigating in audited 2-D mode to (-1.70, 0.67, 0.30)
[WARN] [1788877759.644816123] [vgr_uav_sim]: PLAN_CB: called with goal=(-2.60,1.87)
[WARN] [1788877759.647002113] [vgr_uav_sim]: PLAN_CB: returning 10 poses
[WARN] [1788877759.659446872] [vgr_uav_sim]: PLAN_CB: called with goal=(-2.60,1.87)
[WARN] [1788877759.661322470] [vgr_uav_sim]: PLAN_CB: returning 10 poses
[INFO] [1788877759.672318801] [vgr_uav_sim]: Prepared 10 collision-free navigation waypoints to (-2.60, 1.87)
[INFO] [1788877759.673238829] [vgr_uav_sim]: UAV navigating in audited 2-D mode to (-2.60, 1.87, 0.30)
[WARN] [1788877777.446565308] [vgr_uav_sim]: PLAN_CB: called with goal=(-3.50,2.77)
[WARN] [1788877777.449440341] [vgr_uav_sim]: PLAN_CB: returning 5 poses
[WARN] [1788877777.460656990] [vgr_uav_sim]: PLAN_CB: called with goal=(-3.50,2.77)
[WARN] [1788877777.461920875] [vgr_uav_sim]: PLAN_CB: returning 5 poses
[INFO] [1788877777.472820420] [vgr_uav_sim]: Prepared 5 collision-free navigation waypoints to (-3.50, 2.77)
[INFO] [1788877777.474327906] [vgr_uav_sim]: UAV navigating in audited 2-D mode to (-3.50, 2.77, 0.30)
[WARN] [1788877794.786094042] [vgr_uav_sim]: PLAN_CB: called with goal=(-0.80,0.07)
[WARN] [1788877794.791138612] [vgr_uav_sim]: PLAN_CB: returning 14 poses
[WARN] [1788877794.802175967] [vgr_uav_sim]: PLAN_CB: called with goal=(-0.80,0.07)
[WARN] [1788877794.804410251] [vgr_uav_sim]: PLAN_CB: returning 14 poses
[INFO] [1788877794.815453155] [vgr_uav_sim]: Prepared 14 collision-free navigation waypoints to (-0.80, 0.07)
[INFO] [1788877794.816515471] [vgr_uav_sim]: UAV navigating in audited 2-D mode to (-0.80, 0.07, 0.30)
