[INFO] [1788874469.710452962] [vgr_uav_sim]: Loading VGR data from /mnt/hgfs/workspace/GADEN_files/scenarios/House01, config=2,4-1_fast
[INFO] [1788874469.770368655] [vgr_uav_sim]: Occupancy: 87x114 slice z_idx=13 (z=0.3m), free=6866, obstacle=3052, input_sha256=846003ffbbc8e99aa322cf189356399412763710e937bb5e5316186afccf17cb
[INFO] [1788874470.027068265] [vgr_uav_sim]: Gas backend=raw_house1_snapshot exec=/home/zyc/CSTAR_CONTROLLED_ASSETS_20260907/tools/cstar_numeric_wind_raw_query env_root=/mnt/hgfs/workspace/GADEN_files/scenarios/House01 gas_results=/mnt/hgfs/workspace/GADEN_files/scenarios/House01/gas_simulations/2,4-1_fast/FilamentSimulation_gasType_10_sourcePosition_-0.40_-2.90_-0.30 max_iteration=1999
[INFO] [1788874470.029522547] [vgr_uav_sim]: Navigation grid: coarse 29x38 cell=0.3000 free=626 obstacle=476 (reduce_scale=3)
[INFO] [1788874470.060558713] [vgr_uav_sim]: UAV Sim v3 ready. Start=(-3.17,-1.75), sim_dt=0.200s, realtime_factor=1.00, sensor=asymmetric, vertical_motion=False, open_loop_profile=hover
[WARN] [1788874497.615109146] [vgr_uav_sim]: PLAN_CB: called with goal=(-4.10,-1.13)
[WARN] [1788874497.618292852] [vgr_uav_sim]: PLAN_CB: returning 5 poses
[WARN] [1788874497.630578419] [vgr_uav_sim]: PLAN_CB: called with goal=(-4.10,-1.13)
[WARN] [1788874497.631625079] [vgr_uav_sim]: PLAN_CB: returning 5 poses
[INFO] [1788874497.642809703] [vgr_uav_sim]: Prepared 5 collision-free navigation waypoints to (-4.10, -1.13)
[INFO] [1788874497.643928331] [vgr_uav_sim]: UAV navigating in audited 2-D mode to (-4.10, -1.13, 0.30)
[WARN] [1788874514.406316083] [vgr_uav_sim]: PLAN_CB: called with goal=(-5.00,-0.83)
[WARN] [1788874514.408008825] [vgr_uav_sim]: PLAN_CB: returning 5 poses
[WARN] [1788874514.418088132] [vgr_uav_sim]: PLAN_CB: called with goal=(-5.00,-0.83)
[WARN] [1788874514.419228043] [vgr_uav_sim]: PLAN_CB: returning 5 poses
[INFO] [1788874514.430095483] [vgr_uav_sim]: Prepared 5 collision-free navigation waypoints to (-5.00, -0.83)
[INFO] [1788874514.431152243] [vgr_uav_sim]: UAV navigating in audited 2-D mode to (-5.00, -0.83, 0.30)
[WARN] [1788874531.214001940] [vgr_uav_sim]: PLAN_CB: called with goal=(-5.90,-0.83)
[WARN] [1788874531.215469984] [vgr_uav_sim]: PLAN_CB: returning 5 poses
[WARN] [1788874531.224517318] [vgr_uav_sim]: PLAN_CB: called with goal=(-5.90,-0.83)
[WARN] [1788874531.227025961] [vgr_uav_sim]: PLAN_CB: returning 5 poses
[INFO] [1788874531.236743516] [vgr_uav_sim]: Prepared 5 collision-free navigation waypoints to (-5.90, -0.83)
[INFO] [1788874531.237776987] [vgr_uav_sim]: UAV navigating in audited 2-D mode to (-5.90, -0.83, 0.30)
[WARN] [1788874548.178019233] [vgr_uav_sim]: PLAN_CB: called with goal=(-2.30,2.47)
[WARN] [1788874548.187884723] [vgr_uav_sim]: PLAN_CB: returning 23 poses
[WARN] [1788874548.199515270] [vgr_uav_sim]: PLAN_CB: called with goal=(-2.30,2.47)
[WARN] [1788874548.203389756] [vgr_uav_sim]: PLAN_CB: returning 23 poses
[INFO] [1788874548.223294260] [vgr_uav_sim]: Prepared 23 collision-free navigation waypoints to (-2.30, 2.47)
[INFO] [1788874548.224375619] [vgr_uav_sim]: UAV navigating in audited 2-D mode to (-2.30, 2.47, 0.30)
[WARN] [1788874569.225220701] [vgr_uav_sim]: PLAN_CB: called with goal=(-2.90,2.47)
[WARN] [1788874569.227861641] [vgr_uav_sim]: PLAN_CB: returning 4 poses
[WARN] [1788874569.236806957] [vgr_uav_sim]: PLAN_CB: called with goal=(-2.90,2.47)
[WARN] [1788874569.237816002] [vgr_uav_sim]: PLAN_CB: returning 4 poses
[INFO] [1788874569.249454047] [vgr_uav_sim]: Prepared 4 collision-free navigation waypoints to (-2.90, 2.47)
[INFO] [1788874569.250868425] [vgr_uav_sim]: UAV navigating in audited 2-D mode to (-2.90, 2.47, 0.30)
[WARN] [1788874585.823408250] [vgr_uav_sim]: PLAN_CB: called with goal=(-3.50,2.47)
[WARN] [1788874585.825556545] [vgr_uav_sim]: PLAN_CB: returning 4 poses
[WARN] [1788874585.836139451] [vgr_uav_sim]: PLAN_CB: called with goal=(-3.50,2.47)
[WARN] [1788874585.837077535] [vgr_uav_sim]: PLAN_CB: returning 4 poses
[INFO] [1788874585.848198063] [vgr_uav_sim]: Prepared 4 collision-free navigation waypoints to (-3.50, 2.47)
[INFO] [1788874585.849624962] [vgr_uav_sim]: UAV navigating in audited 2-D mode to (-3.50, 2.47, 0.30)
[WARN] [1788874602.762644759] [vgr_uav_sim]: PLAN_CB: called with goal=(-4.10,2.47)
[WARN] [1788874602.765111923] [vgr_uav_sim]: PLAN_CB: returning 4 poses
[WARN] [1788874602.776274738] [vgr_uav_sim]: PLAN_CB: called with goal=(-4.10,2.47)
[WARN] [1788874602.777166418] [vgr_uav_sim]: PLAN_CB: returning 4 poses
[INFO] [1788874602.788501864] [vgr_uav_sim]: Prepared 4 collision-free navigation waypoints to (-4.10, 2.47)
[INFO] [1788874602.789620653] [vgr_uav_sim]: UAV navigating in audited 2-D mode to (-4.10, 2.47, 0.30)
[WARN] [1788874619.306027773] [vgr_uav_sim]: PLAN_CB: called with goal=(-4.10,1.87)
[WARN] [1788874619.307558650] [vgr_uav_sim]: PLAN_CB: returning 4 poses
[WARN] [1788874619.315267623] [vgr_uav_sim]: PLAN_CB: called with goal=(-4.10,1.87)
[WARN] [1788874619.316316707] [vgr_uav_sim]: PLAN_CB: returning 4 poses
[INFO] [1788874619.327060471] [vgr_uav_sim]: Prepared 4 collision-free navigation waypoints to (-4.10, 1.87)
[INFO] [1788874619.328684162] [vgr_uav_sim]: UAV navigating in audited 2-D mode to (-4.10, 1.87, 0.30)
[WARN] [1788874636.006883121] [vgr_uav_sim]: PLAN_CB: called with goal=(-3.50,1.87)
[WARN] [1788874636.007918435] [vgr_uav_sim]: PLAN_CB: returning 4 poses
[WARN] [1788874636.016694294] [vgr_uav_sim]: PLAN_CB: called with goal=(-3.50,1.87)
[WARN] [1788874636.017718059] [vgr_uav_sim]: PLAN_CB: returning 4 poses
[INFO] [1788874636.028505478] [vgr_uav_sim]: Prepared 4 collision-free navigation waypoints to (-3.50, 1.87)
[INFO] [1788874636.030166597] [vgr_uav_sim]: UAV navigating in audited 2-D mode to (-3.50, 1.87, 0.30)
[WARN] [1788874652.807947564] [vgr_uav_sim]: PLAN_CB: called with goal=(-1.40,0.67)
[WARN] [1788874652.809948266] [vgr_uav_sim]: PLAN_CB: returning 12 poses
[WARN] [1788874652.819077805] [vgr_uav_sim]: PLAN_CB: called with goal=(-1.40,0.67)
[WARN] [1788874652.820666669] [vgr_uav_sim]: PLAN_CB: returning 12 poses
[INFO] [1788874652.829808170] [vgr_uav_sim]: Prepared 12 collision-free navigation waypoints to (-1.40, 0.67)
[INFO] [1788874652.831012647] [vgr_uav_sim]: UAV navigating in audited 2-D mode to (-1.40, 0.67, 0.30)
[WARN] [1788874670.905387862] [vgr_uav_sim]: PLAN_CB: called with goal=(-1.40,1.57)
[WARN] [1788874670.907357034] [vgr_uav_sim]: PLAN_CB: returning 5 poses
[WARN] [1788874670.920131552] [vgr_uav_sim]: PLAN_CB: called with goal=(-1.40,1.57)
[WARN] [1788874670.921385022] [vgr_uav_sim]: PLAN_CB: returning 5 poses
[INFO] [1788874670.932059741] [vgr_uav_sim]: Prepared 5 collision-free navigation waypoints to (-1.40, 1.57)
[INFO] [1788874670.933038879] [vgr_uav_sim]: UAV navigating in audited 2-D mode to (-1.40, 1.57, 0.30)
[WARN] [1788874687.711903320] [vgr_uav_sim]: PLAN_CB: called with goal=(-2.00,1.57)
[WARN] [1788874687.714963697] [vgr_uav_sim]: PLAN_CB: returning 4 poses
[WARN] [1788874687.726383258] [vgr_uav_sim]: PLAN_CB: called with goal=(-2.00,1.57)
[WARN] [1788874687.727357647] [vgr_uav_sim]: PLAN_CB: returning 4 poses
[INFO] [1788874687.738507951] [vgr_uav_sim]: Prepared 4 collision-free navigation waypoints to (-2.00, 1.57)
[INFO] [1788874687.740065793] [vgr_uav_sim]: UAV navigating in audited 2-D mode to (-2.00, 1.57, 0.30)
[WARN] [1788874704.715616745] [vgr_uav_sim]: PLAN_CB: called with goal=(-1.40,-3.23)
[WARN] [1788874704.721575013] [vgr_uav_sim]: PLAN_CB: returning 20 poses
[WARN] [1788874704.732478832] [vgr_uav_sim]: PLAN_CB: called with goal=(-1.40,-3.23)
[WARN] [1788874704.735619994] [vgr_uav_sim]: PLAN_CB: returning 20 poses
[INFO] [1788874704.746153162] [vgr_uav_sim]: Prepared 20 collision-free navigation waypoints to (-1.40, -3.23)
[INFO] [1788874704.747412563] [vgr_uav_sim]: UAV navigating in audited 2-D mode to (-1.40, -3.23, 0.30)
