[INFO] [1788867298.199146220] [vgr_uav_sim]: Loading VGR data from /mnt/hgfs/workspace/GADEN_files/scenarios/House01, config=2,4-1_fast
[INFO] [1788867298.256158633] [vgr_uav_sim]: Occupancy: 87x114 slice z_idx=13 (z=0.3m), free=6866, obstacle=3052, input_sha256=846003ffbbc8e99aa322cf189356399412763710e937bb5e5316186afccf17cb
[INFO] [1788867298.512853845] [vgr_uav_sim]: Gas backend=raw_house1_snapshot exec=/home/zyc/CSTAR_CONTROLLED_ASSETS_20260907/tools/cstar_numeric_wind_raw_query env_root=/mnt/hgfs/workspace/GADEN_files/scenarios/House01 gas_results=/mnt/hgfs/workspace/GADEN_files/scenarios/House01/gas_simulations/2,4-1_fast/FilamentSimulation_gasType_10_sourcePosition_-0.40_-2.90_-0.30 max_iteration=1999
[INFO] [1788867298.515977239] [vgr_uav_sim]: Navigation grid: coarse 29x38 cell=0.3000 free=626 obstacle=476 (reduce_scale=3)
[INFO] [1788867298.550482119] [vgr_uav_sim]: UAV Sim v3 ready. Start=(-3.17,-1.75), sim_dt=0.200s, realtime_factor=1.00, sensor=asymmetric, vertical_motion=False, open_loop_profile=hover
[WARN] [1788867326.034954481] [vgr_uav_sim]: PLAN_CB: called with goal=(-4.10,-1.13)
[WARN] [1788867326.036118164] [vgr_uav_sim]: PLAN_CB: returning 5 poses
[WARN] [1788867326.047799167] [vgr_uav_sim]: PLAN_CB: called with goal=(-4.10,-1.13)
[WARN] [1788867326.048771025] [vgr_uav_sim]: PLAN_CB: returning 5 poses
[INFO] [1788867326.060172876] [vgr_uav_sim]: Prepared 5 collision-free navigation waypoints to (-4.10, -1.13)
[INFO] [1788867326.061631900] [vgr_uav_sim]: UAV navigating in audited 2-D mode to (-4.10, -1.13, 0.30)
[WARN] [1788867342.821019465] [vgr_uav_sim]: PLAN_CB: called with goal=(-5.00,-0.83)
[WARN] [1788867342.822001816] [vgr_uav_sim]: PLAN_CB: returning 5 poses
[WARN] [1788867342.830222447] [vgr_uav_sim]: PLAN_CB: called with goal=(-5.00,-0.83)
[WARN] [1788867342.831615939] [vgr_uav_sim]: PLAN_CB: returning 5 poses
[INFO] [1788867342.842684601] [vgr_uav_sim]: Prepared 5 collision-free navigation waypoints to (-5.00, -0.83)
[INFO] [1788867342.843572055] [vgr_uav_sim]: UAV navigating in audited 2-D mode to (-5.00, -0.83, 0.30)
[WARN] [1788867359.628806976] [vgr_uav_sim]: PLAN_CB: called with goal=(-5.90,-0.83)
[WARN] [1788867359.633283550] [vgr_uav_sim]: PLAN_CB: returning 5 poses
[WARN] [1788867359.642465117] [vgr_uav_sim]: PLAN_CB: called with goal=(-5.90,-0.83)
[WARN] [1788867359.643782325] [vgr_uav_sim]: PLAN_CB: returning 5 poses
[INFO] [1788867359.654774797] [vgr_uav_sim]: Prepared 5 collision-free navigation waypoints to (-5.90, -0.83)
[INFO] [1788867359.655978384] [vgr_uav_sim]: UAV navigating in audited 2-D mode to (-5.90, -0.83, 0.30)
[WARN] [1788867377.262334479] [vgr_uav_sim]: PLAN_CB: called with goal=(-6.20,2.17)
[WARN] [1788867377.268241611] [vgr_uav_sim]: PLAN_CB: returning 12 poses
[WARN] [1788867377.278920170] [vgr_uav_sim]: PLAN_CB: called with goal=(-6.20,2.17)
[WARN] [1788867377.281397182] [vgr_uav_sim]: PLAN_CB: returning 12 poses
[INFO] [1788867377.292690066] [vgr_uav_sim]: Prepared 12 collision-free navigation waypoints to (-6.20, 2.17)
[INFO] [1788867377.293676111] [vgr_uav_sim]: UAV navigating in audited 2-D mode to (-6.20, 2.17, 0.30)
[WARN] [1788867395.446982758] [vgr_uav_sim]: PLAN_CB: called with goal=(-6.20,2.77)
[WARN] [1788867395.449202895] [vgr_uav_sim]: PLAN_CB: returning 4 poses
[WARN] [1788867395.456647486] [vgr_uav_sim]: PLAN_CB: called with goal=(-6.20,2.77)
[WARN] [1788867395.457903621] [vgr_uav_sim]: PLAN_CB: returning 4 poses
[INFO] [1788867395.468690820] [vgr_uav_sim]: Prepared 4 collision-free navigation waypoints to (-6.20, 2.77)
[INFO] [1788867395.469884068] [vgr_uav_sim]: UAV navigating in audited 2-D mode to (-6.20, 2.77, 0.30)
[WARN] [1788867412.023318283] [vgr_uav_sim]: PLAN_CB: called with goal=(-6.80,2.47)
[WARN] [1788867412.024225201] [vgr_uav_sim]: PLAN_CB: returning 4 poses
[WARN] [1788867412.034918997] [vgr_uav_sim]: PLAN_CB: called with goal=(-6.80,2.47)
[WARN] [1788867412.036153938] [vgr_uav_sim]: PLAN_CB: returning 4 poses
[INFO] [1788867412.056814947] [vgr_uav_sim]: Prepared 4 collision-free navigation waypoints to (-6.80, 2.47)
[INFO] [1788867412.057783866] [vgr_uav_sim]: UAV navigating in audited 2-D mode to (-6.80, 2.47, 0.30)
[WARN] [1788867430.164400492] [vgr_uav_sim]: PLAN_CB: called with goal=(-5.90,0.67)
[WARN] [1788867430.165640388] [vgr_uav_sim]: PLAN_CB: returning 8 poses
[WARN] [1788867430.175786508] [vgr_uav_sim]: PLAN_CB: called with goal=(-5.90,0.67)
[WARN] [1788867430.177020613] [vgr_uav_sim]: PLAN_CB: returning 8 poses
[INFO] [1788867430.187494160] [vgr_uav_sim]: Prepared 8 collision-free navigation waypoints to (-5.90, 0.67)
[INFO] [1788867430.188695549] [vgr_uav_sim]: UAV navigating in audited 2-D mode to (-5.90, 0.67, 0.30)
[WARN] [1788867447.841984717] [vgr_uav_sim]: PLAN_CB: called with goal=(-5.90,1.27)
[WARN] [1788867447.843562086] [vgr_uav_sim]: PLAN_CB: returning 4 poses
[WARN] [1788867447.855634397] [vgr_uav_sim]: PLAN_CB: called with goal=(-5.90,1.27)
[WARN] [1788867447.856995349] [vgr_uav_sim]: PLAN_CB: returning 4 poses
[INFO] [1788867447.868335850] [vgr_uav_sim]: Prepared 4 collision-free navigation waypoints to (-5.90, 1.27)
[INFO] [1788867447.869784036] [vgr_uav_sim]: UAV navigating in audited 2-D mode to (-5.90, 1.27, 0.30)
[WARN] [1788867464.445898123] [vgr_uav_sim]: PLAN_CB: called with goal=(-6.50,0.67)
[WARN] [1788867464.447582120] [vgr_uav_sim]: PLAN_CB: returning 6 poses
[WARN] [1788867464.459500775] [vgr_uav_sim]: PLAN_CB: called with goal=(-6.50,0.67)
[WARN] [1788867464.460652118] [vgr_uav_sim]: PLAN_CB: returning 6 poses
[INFO] [1788867464.471566747] [vgr_uav_sim]: Prepared 6 collision-free navigation waypoints to (-6.50, 0.67)
[INFO] [1788867464.472529646] [vgr_uav_sim]: UAV navigating in audited 2-D mode to (-6.50, 0.67, 0.30)
[WARN] [1788867482.369018778] [vgr_uav_sim]: PLAN_CB: called with goal=(-5.90,0.07)
[WARN] [1788867482.370394127] [vgr_uav_sim]: PLAN_CB: returning 4 poses
[WARN] [1788867482.381131482] [vgr_uav_sim]: PLAN_CB: called with goal=(-5.90,0.07)
[WARN] [1788867482.382021060] [vgr_uav_sim]: PLAN_CB: returning 4 poses
[INFO] [1788867482.395087626] [vgr_uav_sim]: Prepared 4 collision-free navigation waypoints to (-5.90, 0.07)
[INFO] [1788867482.396572473] [vgr_uav_sim]: UAV navigating in audited 2-D mode to (-5.90, 0.07, 0.30)
[WARN] [1788867499.046126351] [vgr_uav_sim]: PLAN_CB: called with goal=(-5.30,0.07)
[WARN] [1788867499.048275191] [vgr_uav_sim]: PLAN_CB: returning 4 poses
[WARN] [1788867499.062297131] [vgr_uav_sim]: PLAN_CB: called with goal=(-5.30,0.07)
[WARN] [1788867499.064093867] [vgr_uav_sim]: PLAN_CB: returning 4 poses
[INFO] [1788867499.074035126] [vgr_uav_sim]: Prepared 4 collision-free navigation waypoints to (-5.30, 0.07)
[INFO] [1788867499.075259309] [vgr_uav_sim]: UAV navigating in audited 2-D mode to (-5.30, 0.07, 0.30)
[WARN] [1788867515.645052646] [vgr_uav_sim]: PLAN_CB: called with goal=(-6.50,1.57)
[WARN] [1788867515.651457264] [vgr_uav_sim]: PLAN_CB: returning 9 poses
[WARN] [1788867515.663544055] [vgr_uav_sim]: PLAN_CB: called with goal=(-6.50,1.57)
[WARN] [1788867515.665645389] [vgr_uav_sim]: PLAN_CB: returning 9 poses
[INFO] [1788867515.676699058] [vgr_uav_sim]: Prepared 9 collision-free navigation waypoints to (-6.50, 1.57)
[INFO] [1788867515.678109869] [vgr_uav_sim]: UAV navigating in audited 2-D mode to (-6.50, 1.57, 0.30)
[WARN] [1788867534.552404803] [vgr_uav_sim]: PLAN_CB: called with goal=(-5.60,1.87)
[WARN] [1788867534.556785531] [vgr_uav_sim]: PLAN_CB: returning 5 poses
[WARN] [1788867534.587983171] [vgr_uav_sim]: PLAN_CB: called with goal=(-5.60,1.87)
[WARN] [1788867534.588866261] [vgr_uav_sim]: PLAN_CB: returning 5 poses
[INFO] [1788867534.599641593] [vgr_uav_sim]: Prepared 5 collision-free navigation waypoints to (-5.60, 1.87)
[INFO] [1788867534.600627369] [vgr_uav_sim]: UAV navigating in audited 2-D mode to (-5.60, 1.87, 0.30)
