[INFO] [1788884171.090008639] [GSL]: Starting GSL server
[INFO] [1788884176.128608836] [GSL]: GSL action server is ready for action!
[INFO] [1788884177.129399389] [GSL]: [33mRequest received: PMFS[0m
[INFO] [1788884178.139953908] [GSL]: Waiting to hear from localization topic: /amcl_pose
[INFO] [1788884178.142403182] [GSL]: Gas sensor topic: '/PID/Sensor_reading'
[INFO] [1788884178.143901534] [GSL]: Wind sensor topic: '/Anemometer/WindSensor_reading'
[INFO] [1788884178.143961333] [GSL]: [34mINITIALIZATON COMPLETED[0m
[INFO] [1788884178.170119549] [GSL - Trace]: [32mEntering WaitForMap[0m
[INFO] [1788884178.170148168] [GSL - Trace]: [32mNeed occupancy map and costmap[0m
[INFO] [1788884178.222177628] [GSL - Trace]: [32mGot occupancy map[0m
[INFO] [1788884178.222277224] [GSL]: 
--------------GSL---------------
Occupancy Map dimensions:
x_min:-5.4 x_max:2.9   -   y_min:-7.5 y_max:4.4
--------------------------------
[INFO] [1788884178.222455161] [GSL]: [MAP-DEBUG] 83x119 res=0.1000 free=6811 obs=3066 unk=0 origin=(-5.39,-7.45)
[INFO] [1788884178.223822002] [GSL - Trace]: [32mCreated grid[0m
[INFO] [1788884178.223929440] [GSL]: [DEBUG] After reduceOccupancyMap: free=643 obstacle=410 total=1053
[INFO] [1788884178.224483444] [GSL - Trace]: [32mPruned unreachable cells[0m
[INFO] [1788884178.224493000] [GSL]: [DEBUG] After PruneUnreachable: free=631 obstacle=422 total=1053
[INFO] [1788884178.224501163] [GSL]: [DEBUG] Grid dims: 27x39 scale=3 cellSize=0.3
[INFO] [1788884178.224508337] [GSL]: [DEBUG] Start pos: (-0.5, -2.5)
[INFO] [1788884178.230486151] [GSL - Trace]: [32mCreated visibility map[0m
[INFO] [1788884178.235018380] [GSL]: Number of cells after fusing quadtree: 62
[INFO] [1788884178.236325064] [GSL]: [DEBUG-WIND] useGroundTruth=false gmrf_req_size=631 gaden_req_size=-1
[INFO] [1788884178.236348274] [GSL]: [DEBUG-WIND] Taking GMRF path
[INFO] [1788884178.287800288] [GSL - Trace]: [32mEntering StopAndMeasure[0m
[INFO] [1788884178.972144439] [GSL - Trace]: [32mGot cost map[0m
[INFO] [1788884180.172432307] [GSL]: 10 gas measurements, 10 wind measurements over 1.88 seconds
[INFO] [1788884180.172994975] [GSL]: avg_gas=0.37;  avg_windSpeed=0.022;  avg_wind_dir=-3
[INFO] [1788884180.173934728] [GSL]: [33mGAS HIT[0m
[INFO] [1788884180.173951058] [GSL]: [DEBUG-WIND] useGroundTruth=false gmrf_req_size=631 gaden_req_size=-1
[INFO] [1788884180.173961059] [GSL]: [DEBUG-WIND] Taking GMRF path
[INFO] [1788884180.187927715] [GSL - Trace]: [32mEntering StopAndMeasure[0m
[INFO] [1788884182.172123132] [GSL]: 10 gas measurements, 10 wind measurements over 1.98 seconds
[INFO] [1788884182.172198191] [GSL]: avg_gas=0.43;  avg_windSpeed=0.022;  avg_wind_dir=-3
[INFO] [1788884182.172978175] [GSL]: [33mGAS HIT[0m
[INFO] [1788884182.172991051] [GSL]: [DEBUG-WIND] useGroundTruth=false gmrf_req_size=631 gaden_req_size=-1
[INFO] [1788884182.172999964] [GSL]: [DEBUG-WIND] Taking GMRF path
[INFO] [1788884182.188794075] [GSL - Trace]: [32mEntering StopAndMeasure[0m
[INFO] [1788884184.172167681] [GSL]: 10 gas measurements, 10 wind measurements over 1.98 seconds
[INFO] [1788884184.172958059] [GSL]: avg_gas=0.44;  avg_windSpeed=0.022;  avg_wind_dir=-3
[INFO] [1788884184.173562493] [GSL]: [33mGAS HIT[0m
[INFO] [1788884184.173572014] [GSL]: [DEBUG-WIND] useGroundTruth=false gmrf_req_size=631 gaden_req_size=-1
[INFO] [1788884184.173578858] [GSL]: [DEBUG-WIND] Taking GMRF path
[INFO] [1788884184.187566333] [GSL - Trace]: [32mEntering StopAndMeasure[0m
[INFO] [1788884186.172145972] [GSL]: 10 gas measurements, 10 wind measurements over 1.98 seconds
[INFO] [1788884186.172220002] [GSL]: avg_gas=0.43;  avg_windSpeed=0.022;  avg_wind_dir=-3
[INFO] [1788884186.173012331] [GSL]: [33mGAS HIT[0m
[INFO] [1788884186.173025843] [GSL]: [DEBUG-WIND] useGroundTruth=false gmrf_req_size=631 gaden_req_size=-1
[INFO] [1788884186.173034815] [GSL]: [DEBUG-WIND] Taking GMRF path
[INFO] [1788884186.188509120] [GSL - Trace]: [32mEntering StopAndMeasure[0m
[INFO] [1788884188.172183953] [GSL]: 10 gas measurements, 10 wind measurements over 1.98 seconds
[INFO] [1788884188.172611267] [GSL]: avg_gas=0.42;  avg_windSpeed=0.022;  avg_wind_dir=-3
[INFO] [1788884188.173823551] [GSL]: [33mGAS HIT[0m
[INFO] [1788884188.173897094] [GSL]: [DEBUG-WIND] useGroundTruth=false gmrf_req_size=631 gaden_req_size=-1
[INFO] [1788884188.173905421] [GSL]: [DEBUG-WIND] Taking GMRF path
[INFO] [1788884188.187759737] [GSL - Trace]: [32mEntering StopAndMeasure[0m
[INFO] [1788884190.172179202] [GSL]: 10 gas measurements, 10 wind measurements over 1.98 seconds
[INFO] [1788884190.172247543] [GSL]: avg_gas=0.44;  avg_windSpeed=0.022;  avg_wind_dir=-3
[INFO] [1788884190.172808561] [GSL]: [33mGAS HIT[0m
[INFO] [1788884190.172816831] [GSL]: [DEBUG-WIND] useGroundTruth=false gmrf_req_size=631 gaden_req_size=-1
[INFO] [1788884190.172823203] [GSL]: [DEBUG-WIND] Taking GMRF path
[INFO] [1788884190.187626407] [GSL - Trace]: [32mEntering StopAndMeasure[0m
[INFO] [1788884192.172255090] [GSL]: 10 gas measurements, 10 wind measurements over 1.98 seconds
[INFO] [1788884192.172312936] [GSL]: avg_gas=0.48;  avg_windSpeed=0.022;  avg_wind_dir=-3
[INFO] [1788884192.173442354] [GSL]: [33mGAS HIT[0m
[INFO] [1788884192.173466224] [GSL]: [DEBUG-WIND] useGroundTruth=false gmrf_req_size=631 gaden_req_size=-1
[INFO] [1788884192.173473696] [GSL]: [DEBUG-WIND] Taking GMRF path
[INFO] [1788884192.187611628] [GSL - Trace]: [32mEntering StopAndMeasure[0m
[INFO] [1788884194.172212965] [GSL]: 10 gas measurements, 10 wind measurements over 1.98 seconds
[INFO] [1788884194.172353557] [GSL]: avg_gas=0.47;  avg_windSpeed=0.022;  avg_wind_dir=-3
[INFO] [1788884194.173260025] [GSL]: [33mGAS HIT[0m
[INFO] [1788884194.173274927] [GSL]: [DEBUG-WIND] useGroundTruth=false gmrf_req_size=631 gaden_req_size=-1
[INFO] [1788884194.173289600] [GSL]: [DEBUG-WIND] Taking GMRF path
[INFO] [1788884194.212741015] [GSL]: Max mutual info: 6.447
[WARN] [1788884194.213376872] [rcl.logging_rosout]: Publisher already registered for provided node name. If this is due to multiple nodes with the same name then all logs for that logger name will go out over the existing publisher. As soon as any node with that name is destructed it will unregister the publisher, preventing any further logs for that name from being published on the rosout topic.
[INFO] [1788884194.224199167] [GSL]: MutualInformation - Ellapsed: 0.036s
[INFO] [1788884194.250228543] [GSL]: Sending goal (-1.64, -2.50)
[INFO] [1788884194.250907966] [GSL]: Variance: 14.35
[INFO] [1788884194.250969866] [GSL - Trace]: [32mEntering Moving[0m
[INFO] [1788884195.222826521] [GSL - Trace]: [32mEntering StopAndMeasure[0m
[INFO] [1788884197.172103366] [GSL]: 10 gas measurements, 10 wind measurements over 1.95 seconds
[INFO] [1788884197.172169998] [GSL]: avg_gas=0.69;  avg_windSpeed=0.15;  avg_wind_dir=-1.5
[INFO] [1788884197.172674584] [GSL]: [33mGAS HIT[0m
[INFO] [1788884197.172683422] [GSL]: [DEBUG-WIND] useGroundTruth=false gmrf_req_size=631 gaden_req_size=-1
[INFO] [1788884197.172689975] [GSL]: [DEBUG-WIND] Taking GMRF path
[INFO] [1788884197.187600504] [GSL - Trace]: [32mEntering StopAndMeasure[0m
[INFO] [1788884199.172102502] [GSL]: 10 gas measurements, 10 wind measurements over 1.98 seconds
[INFO] [1788884199.172164697] [GSL]: avg_gas=0.73;  avg_windSpeed=0.13;  avg_wind_dir=-1.4
[INFO] [1788884199.172672026] [GSL]: [33mGAS HIT[0m
[INFO] [1788884199.172681288] [GSL]: [DEBUG-WIND] useGroundTruth=false gmrf_req_size=631 gaden_req_size=-1
[INFO] [1788884199.172688021] [GSL]: [DEBUG-WIND] Taking GMRF path
[INFO] [1788884199.187506997] [GSL - Trace]: [32mEntering StopAndMeasure[0m
[INFO] [1788884201.172234207] [GSL]: 10 gas measurements, 10 wind measurements over 1.98 seconds
[INFO] [1788884201.172297458] [GSL]: avg_gas=0.74;  avg_windSpeed=0.15;  avg_wind_dir=-1.5
[INFO] [1788884201.172957079] [GSL]: [33mGAS HIT[0m
[INFO] [1788884201.172969687] [GSL]: [DEBUG-WIND] useGroundTruth=false gmrf_req_size=631 gaden_req_size=-1
[INFO] [1788884201.172978260] [GSL]: [DEBUG-WIND] Taking GMRF path
[INFO] [1788884201.187679667] [GSL - Trace]: [32mEntering StopAndMeasure[0m
[INFO] [1788884203.172095858] [GSL]: 10 gas measurements, 10 wind measurements over 1.98 seconds
[INFO] [1788884203.172426990] [GSL]: avg_gas=0.76;  avg_windSpeed=0.13;  avg_wind_dir=-1.4
[INFO] [1788884203.172967665] [GSL]: [33mGAS HIT[0m
[INFO] [1788884203.172978792] [GSL]: [DEBUG-WIND] useGroundTruth=false gmrf_req_size=631 gaden_req_size=-1
[INFO] [1788884203.172985658] [GSL]: [DEBUG-WIND] Taking GMRF path
[INFO] [1788884203.187507285] [GSL - Trace]: [32mEntering StopAndMeasure[0m
[INFO] [1788884205.172138431] [GSL]: 10 gas measurements, 10 wind measurements over 1.98 seconds
[INFO] [1788884205.172202952] [GSL]: avg_gas=0.8;  avg_windSpeed=0.15;  avg_wind_dir=-1.5
[INFO] [1788884205.172722700] [GSL]: [33mGAS HIT[0m
[INFO] [1788884205.172733184] [GSL]: [DEBUG-WIND] useGroundTruth=false gmrf_req_size=631 gaden_req_size=-1
[INFO] [1788884205.172740054] [GSL]: [DEBUG-WIND] Taking GMRF path
[INFO] [1788884205.188206442] [GSL - Trace]: [32mEntering StopAndMeasure[0m
[INFO] [1788884207.172127753] [GSL]: 10 gas measurements, 10 wind measurements over 1.98 seconds
[INFO] [1788884207.172538189] [GSL]: avg_gas=0.88;  avg_windSpeed=0.13;  avg_wind_dir=-1.4
[INFO] [1788884207.173331961] [GSL]: [33mGAS HIT[0m
[INFO] [1788884207.173348612] [GSL]: [DEBUG-WIND] useGroundTruth=false gmrf_req_size=631 gaden_req_size=-1
[INFO] [1788884207.173358851] [GSL]: [DEBUG-WIND] Taking GMRF path
[INFO] [1788884207.187699716] [GSL - Trace]: [32mEntering StopAndMeasure[0m
[INFO] [1788884209.172145588] [GSL]: 10 gas measurements, 10 wind measurements over 1.98 seconds
[INFO] [1788884209.172350336] [GSL]: avg_gas=0.88;  avg_windSpeed=0.15;  avg_wind_dir=-1.5
[INFO] [1788884209.173281695] [GSL]: [33mGAS HIT[0m
[INFO] [1788884209.173323833] [GSL]: [DEBUG-WIND] useGroundTruth=false gmrf_req_size=631 gaden_req_size=-1
[INFO] [1788884209.173333779] [GSL]: [DEBUG-WIND] Taking GMRF path
[INFO] [1788884209.187816493] [GSL - Trace]: [32mEntering StopAndMeasure[0m
[INFO] [1788884211.172138114] [GSL]: 10 gas measurements, 10 wind measurements over 1.98 seconds
[INFO] [1788884211.172535227] [GSL]: avg_gas=0.86;  avg_windSpeed=0.13;  avg_wind_dir=-1.4
[INFO] [1788884211.173178488] [GSL]: [33mGAS HIT[0m
[INFO] [1788884211.173193551] [GSL]: [DEBUG-WIND] useGroundTruth=false gmrf_req_size=631 gaden_req_size=-1
[INFO] [1788884211.173200794] [GSL]: [DEBUG-WIND] Taking GMRF path
[INFO] [1788884211.191906041] [GSL]: Max mutual info: 6.447
[INFO] [1788884211.192099289] [GSL]: MutualInformation - Ellapsed: 0.004s
[INFO] [1788884211.224466647] [GSL]: Sending goal (-2.54, -2.50)
[INFO] [1788884211.225055524] [GSL]: Variance: 14.35
[INFO] [1788884211.225072713] [GSL - Trace]: [32mEntering Moving[0m
[INFO] [1788884212.022506244] [GSL - Trace]: [32mEntering StopAndMeasure[0m
[INFO] [1788884213.972093752] [GSL]: 10 gas measurements, 10 wind measurements over 1.95 seconds
[INFO] [1788884213.972159657] [GSL]: avg_gas=0.71;  avg_windSpeed=0.039;  avg_wind_dir=-0.88
[INFO] [1788884213.972654619] [GSL]: [33mGAS HIT[0m
[INFO] [1788884213.972663276] [GSL]: [DEBUG-WIND] useGroundTruth=false gmrf_req_size=631 gaden_req_size=-1
[INFO] [1788884213.972983595] [GSL]: [DEBUG-WIND] Taking GMRF path
[INFO] [1788884213.987589291] [GSL - Trace]: [32mEntering StopAndMeasure[0m
[INFO] [1788884216.022287236] [GSL]: 10 gas measurements, 10 wind measurements over 2.03 seconds
[INFO] [1788884216.022408997] [GSL]: avg_gas=0.63;  avg_windSpeed=0.048;  avg_wind_dir=-1.1
[INFO] [1788884216.023584368] [GSL]: [33mGAS HIT[0m
[INFO] [1788884216.023605521] [GSL]: [DEBUG-WIND] useGroundTruth=false gmrf_req_size=631 gaden_req_size=-1
[INFO] [1788884216.023619340] [GSL]: [DEBUG-WIND] Taking GMRF path
[INFO] [1788884216.087781674] [GSL - Trace]: [32mEntering StopAndMeasure[0m
[INFO] [1788884217.972090522] [GSL]: 10 gas measurements, 10 wind measurements over 1.88 seconds
[INFO] [1788884217.972145390] [GSL]: avg_gas=0.59;  avg_windSpeed=0.039;  avg_wind_dir=-0.88
[INFO] [1788884217.972656769] [GSL]: [33mGAS HIT[0m
[INFO] [1788884217.972666237] [GSL]: [DEBUG-WIND] useGroundTruth=false gmrf_req_size=631 gaden_req_size=-1
[INFO] [1788884217.972827798] [GSL]: [DEBUG-WIND] Taking GMRF path
[INFO] [1788884217.987491449] [GSL - Trace]: [32mEntering StopAndMeasure[0m
[INFO] [1788884219.972086821] [GSL]: 10 gas measurements, 10 wind measurements over 1.98 seconds
[INFO] [1788884219.972145864] [GSL]: avg_gas=0.56;  avg_windSpeed=0.048;  avg_wind_dir=-1.1
[INFO] [1788884219.972680658] [GSL]: [33mGAS HIT[0m
[INFO] [1788884219.972690594] [GSL]: [DEBUG-WIND] useGroundTruth=false gmrf_req_size=631 gaden_req_size=-1
[INFO] [1788884219.972697097] [GSL]: [DEBUG-WIND] Taking GMRF path
[INFO] [1788884219.987593049] [GSL - Trace]: [32mEntering StopAndMeasure[0m
[INFO] [1788884222.022106564] [GSL]: 10 gas measurements, 10 wind measurements over 2.03 seconds
[INFO] [1788884222.022171622] [GSL]: avg_gas=0.59;  avg_windSpeed=0.039;  avg_wind_dir=-0.88
[INFO] [1788884222.022684841] [GSL]: [33mGAS HIT[0m
[INFO] [1788884222.022694580] [GSL]: [DEBUG-WIND] useGroundTruth=false gmrf_req_size=631 gaden_req_size=-1
[INFO] [1788884222.022701359] [GSL]: [DEBUG-WIND] Taking GMRF path
[INFO] [1788884222.087475528] [GSL - Trace]: [32mEntering StopAndMeasure[0m
[INFO] [1788884223.972228663] [GSL]: 10 gas measurements, 10 wind measurements over 1.88 seconds
[INFO] [1788884223.972282844] [GSL]: avg_gas=0.61;  avg_windSpeed=0.048;  avg_wind_dir=-1.1
[INFO] [1788884223.972794489] [GSL]: [33mGAS HIT[0m
[INFO] [1788884223.972804524] [GSL]: [DEBUG-WIND] useGroundTruth=false gmrf_req_size=631 gaden_req_size=-1
[INFO] [1788884223.972828736] [GSL]: [DEBUG-WIND] Taking GMRF path
[INFO] [1788884223.987568901] [GSL - Trace]: [32mEntering StopAndMeasure[0m
[INFO] [1788884225.972050990] [GSL]: 10 gas measurements, 10 wind measurements over 1.98 seconds
[INFO] [1788884225.972105554] [GSL]: avg_gas=0.62;  avg_windSpeed=0.039;  avg_wind_dir=-0.88
[INFO] [1788884225.972602313] [GSL]: [33mGAS HIT[0m
[INFO] [1788884225.972610937] [GSL]: [DEBUG-WIND] useGroundTruth=false gmrf_req_size=631 gaden_req_size=-1
[INFO] [1788884225.972617355] [GSL]: [DEBUG-WIND] Taking GMRF path
[INFO] [1788884225.987567448] [GSL - Trace]: [32mEntering StopAndMeasure[0m
[INFO] [1788884228.022295934] [GSL]: 10 gas measurements, 10 wind measurements over 2.03 seconds
[INFO] [1788884228.022406266] [GSL]: avg_gas=0.61;  avg_windSpeed=0.048;  avg_wind_dir=-1.1
[INFO] [1788884228.023302196] [GSL]: [33mGAS HIT[0m
[INFO] [1788884228.023317951] [GSL]: [DEBUG-WIND] useGroundTruth=false gmrf_req_size=631 gaden_req_size=-1
[INFO] [1788884228.023329327] [GSL]: [DEBUG-WIND] Taking GMRF path
[INFO] [1788884228.087970776] [GSL]: [33mStarted simulations. Might take a while![0m
[INFO] [1788884228.381196588] [GSL]: CER contrastive context initialized: events=8, candidates=62, transport_members=3, fixed_ratio_weight=1, context_within_member=true, centered_log_odds=true
[INFO] [1788884228.382808705] [GSL - Trace]: [32mFirst simulation level done[0m
[INFO] [1788884228.383044423] [GSL]: [RC2-DIAG] scores_size=62 refineFraction=0.25 refine_product=15.5 valid_first_level=62 sum_sourceProbInternal_before_norm=210.52482672185874 min_sourceProbInternal_before_norm=0 max_sourceProbInternal_before_norm=0.999200279944007 finite_sourceProbInternal=1053 finite_varianceOfHitProb=1053
[INFO] [1788884228.665103451] [GSL - Trace]: [32mSimulation level 2 done[0m
[INFO] [1788884228.900845444] [GSL - Trace]: [32mSimulation level 3 done[0m
[INFO] [1788884228.962847858] [GSL - Trace]: [32mSimulation level 4 done[0m
[INFO] [1788884228.963233578] [GSL - Trace]: [32mSimulation level 5 done[0m
[INFO] [1788884228.963245768] [GSL]: Number of levels in the simulation: 5
[INFO] [1788884228.963252677] [GSL]: Total number of simulations: 172
[INFO] [1788884228.963283946] [GSL]: CORE sequential event-time commit: window_start=0, new_events=8, committed_total=8
[INFO] [1788884228.963297038] [GSL]: [RC2-DIAG] normalized_finite_count=1053 normalized_sum=1
[INFO] [1788884228.963304378] [GSL]: Time ellapsed in simulation = 0.875275651 s
[INFO] [1788884228.966039784] [GSL]: Max mutual info: 4.341
[INFO] [1788884228.966166777] [GSL]: MutualInformation - Ellapsed: 0.003s
[INFO] [1788884228.999173591] [GSL]: Sending goal (-3.44, -2.50)
[INFO] [1788884228.999511506] [GSL]: Variance: 4.16
[INFO] [1788884228.999531196] [GSL - Trace]: [32mEntering Moving[0m
[INFO] [1788884229.813146297] [GSL - Trace]: [32mEntering StopAndMeasure[0m
[INFO] [1788884231.795885065] [GSL]: 10 gas measurements, 10 wind measurements over 1.98 seconds
[INFO] [1788884231.795951713] [GSL]: avg_gas=0.63;  avg_windSpeed=0.039;  avg_wind_dir=-2.1
[INFO] [1788884231.796517793] [GSL]: [33mGAS HIT[0m
[INFO] [1788884231.796527308] [GSL]: [DEBUG-WIND] useGroundTruth=false gmrf_req_size=631 gaden_req_size=-1
[INFO] [1788884231.796534645] [GSL]: [DEBUG-WIND] Taking GMRF path
[INFO] [1788884231.887484367] [GSL - Trace]: [32mEntering StopAndMeasure[0m
[INFO] [1788884233.800782261] [GSL]: 10 gas measurements, 10 wind measurements over 1.91 seconds
[INFO] [1788884233.800895931] [GSL]: avg_gas=0.63;  avg_windSpeed=0.028;  avg_wind_dir=-0.81
[INFO] [1788884233.801881829] [GSL]: [33mGAS HIT[0m
[INFO] [1788884233.802261470] [GSL]: [DEBUG-WIND] useGroundTruth=false gmrf_req_size=631 gaden_req_size=-1
[INFO] [1788884233.802297943] [GSL]: [DEBUG-WIND] Taking GMRF path
[INFO] [1788884233.888117276] [GSL - Trace]: [32mEntering StopAndMeasure[0m
[INFO] [1788884235.800685610] [GSL]: 10 gas measurements, 10 wind measurements over 1.91 seconds
[INFO] [1788884235.800723169] [GSL]: avg_gas=0.63;  avg_windSpeed=0.039;  avg_wind_dir=-2.1
[INFO] [1788884235.801390680] [GSL]: [33mGAS HIT[0m
[INFO] [1788884235.801402277] [GSL]: [DEBUG-WIND] useGroundTruth=false gmrf_req_size=631 gaden_req_size=-1
[INFO] [1788884235.801410255] [GSL]: [DEBUG-WIND] Taking GMRF path
[INFO] [1788884235.888050112] [GSL - Trace]: [32mEntering StopAndMeasure[0m
[INFO] [1788884237.800609634] [GSL]: 10 gas measurements, 10 wind measurements over 1.91 seconds
[INFO] [1788884237.800678393] [GSL]: avg_gas=0.64;  avg_windSpeed=0.028;  avg_wind_dir=-0.81
[INFO] [1788884237.801272098] [GSL]: [33mGAS HIT[0m
[INFO] [1788884237.801282078] [GSL]: [DEBUG-WIND] useGroundTruth=false gmrf_req_size=631 gaden_req_size=-1
[INFO] [1788884237.801433131] [GSL]: [DEBUG-WIND] Taking GMRF path
[INFO] [1788884237.887539337] [GSL - Trace]: [32mEntering StopAndMeasure[0m
[INFO] [1788884239.800688820] [GSL]: 10 gas measurements, 10 wind measurements over 1.91 seconds
[INFO] [1788884239.800777296] [GSL]: avg_gas=0.64;  avg_windSpeed=0.039;  avg_wind_dir=-2.1
[INFO] [1788884239.801670356] [GSL]: [33mGAS HIT[0m
[INFO] [1788884239.801702407] [GSL]: [DEBUG-WIND] useGroundTruth=false gmrf_req_size=631 gaden_req_size=-1
[INFO] [1788884239.801711406] [GSL]: [DEBUG-WIND] Taking GMRF path
[INFO] [1788884239.887925458] [GSL - Trace]: [32mEntering StopAndMeasure[0m
[INFO] [1788884241.800604321] [GSL]: 10 gas measurements, 10 wind measurements over 1.91 seconds
[INFO] [1788884241.800653726] [GSL]: avg_gas=0.63;  avg_windSpeed=0.028;  avg_wind_dir=-0.81
[INFO] [1788884241.801233514] [GSL]: [33mGAS HIT[0m
[INFO] [1788884241.801244238] [GSL]: [DEBUG-WIND] useGroundTruth=false gmrf_req_size=631 gaden_req_size=-1
[INFO] [1788884241.801478348] [GSL]: [DEBUG-WIND] Taking GMRF path
[INFO] [1788884241.887535232] [GSL - Trace]: [32mEntering StopAndMeasure[0m
[INFO] [1788884243.800777263] [GSL]: 10 gas measurements, 10 wind measurements over 1.91 seconds
[INFO] [1788884243.800927453] [GSL]: avg_gas=0.64;  avg_windSpeed=0.039;  avg_wind_dir=-2.1
[INFO] [1788884243.801864666] [GSL]: [33mGAS HIT[0m
[INFO] [1788884243.801879442] [GSL]: [DEBUG-WIND] useGroundTruth=false gmrf_req_size=631 gaden_req_size=-1
[INFO] [1788884243.801890929] [GSL]: [DEBUG-WIND] Taking GMRF path
[INFO] [1788884243.887699862] [GSL - Trace]: [32mEntering StopAndMeasure[0m
[INFO] [1788884245.800732615] [GSL]: 10 gas measurements, 10 wind measurements over 1.91 seconds
[INFO] [1788884245.800775361] [GSL]: avg_gas=0.67;  avg_windSpeed=0.028;  avg_wind_dir=-0.81
[INFO] [1788884245.801626983] [GSL]: [33mGAS HIT[0m
[INFO] [1788884245.801655880] [GSL]: [DEBUG-WIND] useGroundTruth=false gmrf_req_size=631 gaden_req_size=-1
[INFO] [1788884245.801837469] [GSL]: [DEBUG-WIND] Taking GMRF path
[INFO] [1788884245.887598688] [GSL]: [33mStarted simulations. Might take a while![0m
[INFO] [1788884246.176391354] [GSL]: CER contrastive context initialized: events=16, candidates=62, transport_members=3, fixed_ratio_weight=1, context_within_member=true, centered_log_odds=true
[INFO] [1788884246.177926414] [GSL - Trace]: [32mFirst simulation level done[0m
[INFO] [1788884246.177976854] [GSL]: [RC2-DIAG] scores_size=62 refineFraction=0.25 refine_product=15.5 valid_first_level=62 sum_sourceProbInternal_before_norm=176.04794165777284 min_sourceProbInternal_before_norm=0 max_sourceProbInternal_before_norm=0.999200279944007 finite_sourceProbInternal=1053 finite_varianceOfHitProb=1053
[INFO] [1788884246.460599311] [GSL - Trace]: [32mSimulation level 2 done[0m
[INFO] [1788884246.750303338] [GSL - Trace]: [32mSimulation level 3 done[0m
[INFO] [1788884246.920157529] [GSL - Trace]: [32mSimulation level 4 done[0m
[INFO] [1788884246.925865156] [GSL - Trace]: [32mSimulation level 5 done[0m
[INFO] [1788884246.925947419] [GSL]: Number of levels in the simulation: 5
[INFO] [1788884246.925957998] [GSL]: Total number of simulations: 202
[INFO] [1788884246.931867229] [GSL]: CORE sequential event-time commit: window_start=8, new_events=8, committed_total=16
[INFO] [1788884246.931925372] [GSL]: [RC2-DIAG] normalized_finite_count=1053 normalized_sum=1
[INFO] [1788884246.931935166] [GSL]: Time ellapsed in simulation = 1.043905694 s
[INFO] [1788884246.938451798] [GSL]: Max mutual info: 5.158
[INFO] [1788884246.938611748] [GSL]: MutualInformation - Ellapsed: 0.007s
[INFO] [1788884246.997801754] [GSL]: Sending goal (-4.04, -2.80)
[INFO] [1788884246.998348131] [GSL]: Variance: 2.70
[INFO] [1788884246.998375460] [GSL - Trace]: [32mEntering Moving[0m
[INFO] [1788884247.608405437] [GSL - Trace]: [32mEntering StopAndMeasure[0m
[INFO] [1788884249.590689147] [GSL]: 10 gas measurements, 10 wind measurements over 1.98 seconds
[INFO] [1788884249.590777116] [GSL]: avg_gas=0.74;  avg_windSpeed=0.046;  avg_wind_dir=2.2
[INFO] [1788884249.591912928] [GSL]: [33mGAS HIT[0m
[INFO] [1788884249.591929285] [GSL]: [DEBUG-WIND] useGroundTruth=false gmrf_req_size=631 gaden_req_size=-1
[INFO] [1788884249.591937419] [GSL]: [DEBUG-WIND] Taking GMRF path
[INFO] [1788884249.688436210] [GSL - Trace]: [32mEntering StopAndMeasure[0m
[INFO] [1788884251.599580377] [GSL]: 10 gas measurements, 10 wind measurements over 1.91 seconds
[INFO] [1788884251.599619385] [GSL]: avg_gas=0.73;  avg_windSpeed=0.061;  avg_wind_dir=3
[INFO] [1788884251.600249024] [GSL]: [33mGAS HIT[0m
[INFO] [1788884251.600258541] [GSL]: [DEBUG-WIND] useGroundTruth=false gmrf_req_size=631 gaden_req_size=-1
[INFO] [1788884251.600265480] [GSL]: [DEBUG-WIND] Taking GMRF path
[INFO] [1788884251.688290550] [GSL - Trace]: [32mEntering StopAndMeasure[0m
[INFO] [1788884253.599589873] [GSL]: 10 gas measurements, 10 wind measurements over 1.91 seconds
[INFO] [1788884253.599630147] [GSL]: avg_gas=0.7;  avg_windSpeed=0.046;  avg_wind_dir=2.2
[INFO] [1788884253.600829862] [GSL]: [33mGAS HIT[0m
[INFO] [1788884253.600888790] [GSL]: [DEBUG-WIND] useGroundTruth=false gmrf_req_size=631 gaden_req_size=-1
[INFO] [1788884253.600898245] [GSL]: [DEBUG-WIND] Taking GMRF path
[INFO] [1788884253.688424798] [GSL - Trace]: [32mEntering StopAndMeasure[0m
[INFO] [1788884255.599544959] [GSL]: 10 gas measurements, 10 wind measurements over 1.91 seconds
[INFO] [1788884255.599605521] [GSL]: avg_gas=0.69;  avg_windSpeed=0.061;  avg_wind_dir=3
[INFO] [1788884255.600207804] [GSL]: [33mGAS HIT[0m
[INFO] [1788884255.600221186] [GSL]: [DEBUG-WIND] useGroundTruth=false gmrf_req_size=631 gaden_req_size=-1
[INFO] [1788884255.600227636] [GSL]: [DEBUG-WIND] Taking GMRF path
[INFO] [1788884255.688223565] [GSL - Trace]: [32mEntering StopAndMeasure[0m
[INFO] [1788884257.599719613] [GSL]: 10 gas measurements, 10 wind measurements over 1.91 seconds
[INFO] [1788884257.599782526] [GSL]: avg_gas=0.69;  avg_windSpeed=0.046;  avg_wind_dir=2.2
[INFO] [1788884257.600982620] [GSL]: [33mGAS HIT[0m
[INFO] [1788884257.601025517] [GSL]: [DEBUG-WIND] useGroundTruth=false gmrf_req_size=631 gaden_req_size=-1
[INFO] [1788884257.601032712] [GSL]: [DEBUG-WIND] Taking GMRF path
[INFO] [1788884257.688812366] [GSL - Trace]: [32mEntering StopAndMeasure[0m
[INFO] [1788884259.599481755] [GSL]: 10 gas measurements, 10 wind measurements over 1.91 seconds
[INFO] [1788884259.599532087] [GSL]: avg_gas=0.69;  avg_windSpeed=0.061;  avg_wind_dir=3
[INFO] [1788884259.600194154] [GSL]: [33mGAS HIT[0m
[INFO] [1788884259.600206406] [GSL]: [DEBUG-WIND] useGroundTruth=false gmrf_req_size=631 gaden_req_size=-1
[INFO] [1788884259.600213541] [GSL]: [DEBUG-WIND] Taking GMRF path
[INFO] [1788884259.688531810] [GSL - Trace]: [32mEntering StopAndMeasure[0m
[INFO] [1788884261.599570836] [GSL]: 10 gas measurements, 10 wind measurements over 1.91 seconds
[INFO] [1788884261.599634877] [GSL]: avg_gas=0.74;  avg_windSpeed=0.046;  avg_wind_dir=2.2
[INFO] [1788884261.600260336] [GSL]: [33mGAS HIT[0m
[INFO] [1788884261.600581172] [GSL]: [DEBUG-WIND] useGroundTruth=false gmrf_req_size=631 gaden_req_size=-1
[INFO] [1788884261.600597993] [GSL]: [DEBUG-WIND] Taking GMRF path
[INFO] [1788884261.688642840] [GSL - Trace]: [32mEntering StopAndMeasure[0m
[INFO] [1788884263.599422975] [GSL]: 10 gas measurements, 10 wind measurements over 1.91 seconds
[INFO] [1788884263.599481947] [GSL]: avg_gas=0.79;  avg_windSpeed=0.061;  avg_wind_dir=3
[INFO] [1788884263.600243004] [GSL]: [33mGAS HIT[0m
[INFO] [1788884263.600256300] [GSL]: [DEBUG-WIND] useGroundTruth=false gmrf_req_size=631 gaden_req_size=-1
[INFO] [1788884263.600264511] [GSL]: [DEBUG-WIND] Taking GMRF path
[INFO] [1788884263.687689759] [GSL]: [33mStarted simulations. Might take a while![0m
[INFO] [1788884263.991951124] [GSL]: CER contrastive context initialized: events=24, candidates=62, transport_members=3, fixed_ratio_weight=1, context_within_member=true, centered_log_odds=true
[INFO] [1788884263.995862410] [GSL - Trace]: [32mFirst simulation level done[0m
[INFO] [1788884263.996123432] [GSL]: [RC2-DIAG] scores_size=62 refineFraction=0.25 refine_product=15.5 valid_first_level=62 sum_sourceProbInternal_before_norm=160.04639513512507 min_sourceProbInternal_before_norm=0 max_sourceProbInternal_before_norm=0.999200279944007 finite_sourceProbInternal=1053 finite_varianceOfHitProb=1053
[INFO] [1788884264.273615968] [GSL - Trace]: [32mSimulation level 2 done[0m
[INFO] [1788884264.556336841] [GSL - Trace]: [32mSimulation level 3 done[0m
[INFO] [1788884264.717304855] [GSL - Trace]: [32mSimulation level 4 done[0m
[INFO] [1788884264.717370441] [GSL - Trace]: [32mSimulation level 5 done[0m
[INFO] [1788884264.717379352] [GSL]: Number of levels in the simulation: 5
[INFO] [1788884264.717385420] [GSL]: Total number of simulations: 200
[INFO] [1788884264.717403601] [GSL]: CORE sequential event-time commit: window_start=16, new_events=8, committed_total=24
[INFO] [1788884264.717415517] [GSL]: [RC2-DIAG] normalized_finite_count=1053 normalized_sum=1
[INFO] [1788884264.717957146] [GSL]: Time ellapsed in simulation = 1.03018042 s
[INFO] [1788884264.721108880] [GSL]: Max mutual info: 5.095
[INFO] [1788884264.721201895] [GSL]: MutualInformation - Ellapsed: 0.003s
[INFO] [1788884264.767170047] [GSL]: Sending goal (-4.04, -3.40)
[INFO] [1788884264.767987691] [GSL]: Variance: 2.43
[INFO] [1788884264.768011697] [GSL - Trace]: [32mEntering Moving[0m
[INFO] [1788884265.430697140] [GSL - Trace]: [32mEntering StopAndMeasure[0m
[INFO] [1788884267.363429504] [GSL]: 10 gas measurements, 10 wind measurements over 1.93 seconds
[INFO] [1788884267.363490064] [GSL]: avg_gas=0.84;  avg_windSpeed=0.045;  avg_wind_dir=-3.1
[INFO] [1788884267.364110551] [GSL]: [33mGAS HIT[0m
[INFO] [1788884267.364121211] [GSL]: [DEBUG-WIND] useGroundTruth=false gmrf_req_size=631 gaden_req_size=-1
[INFO] [1788884267.364127916] [GSL]: [DEBUG-WIND] Taking GMRF path
[INFO] [1788884267.387792804] [GSL - Trace]: [32mEntering StopAndMeasure[0m
[INFO] [1788884269.369188684] [GSL]: 10 gas measurements, 10 wind measurements over 1.98 seconds
[INFO] [1788884269.369568519] [GSL]: avg_gas=0.83;  avg_windSpeed=0.036;  avg_wind_dir=2.8
[INFO] [1788884269.370617195] [GSL]: [33mGAS HIT[0m
[INFO] [1788884269.370645397] [GSL]: [DEBUG-WIND] useGroundTruth=false gmrf_req_size=631 gaden_req_size=-1
[INFO] [1788884269.370653726] [GSL]: [DEBUG-WIND] Taking GMRF path
[INFO] [1788884269.388037765] [GSL - Trace]: [32mEntering StopAndMeasure[0m
[INFO] [1788884271.369199654] [GSL]: 10 gas measurements, 10 wind measurements over 1.98 seconds
[INFO] [1788884271.369271492] [GSL]: avg_gas=0.83;  avg_windSpeed=0.045;  avg_wind_dir=-3.1
[INFO] [1788884271.370064030] [GSL]: [33mGAS HIT[0m
[INFO] [1788884271.370094791] [GSL]: [DEBUG-WIND] useGroundTruth=false gmrf_req_size=631 gaden_req_size=-1
[INFO] [1788884271.370102977] [GSL]: [DEBUG-WIND] Taking GMRF path
[INFO] [1788884271.387609442] [GSL - Trace]: [32mEntering StopAndMeasure[0m
[INFO] [1788884273.369558871] [GSL]: 10 gas measurements, 10 wind measurements over 1.98 seconds
[INFO] [1788884273.370102447] [GSL]: avg_gas=0.84;  avg_windSpeed=0.036;  avg_wind_dir=2.8
[INFO] [1788884273.370929510] [GSL]: [33mGAS HIT[0m
[INFO] [1788884273.370943464] [GSL]: [DEBUG-WIND] useGroundTruth=false gmrf_req_size=631 gaden_req_size=-1
[INFO] [1788884273.370952598] [GSL]: [DEBUG-WIND] Taking GMRF path
[INFO] [1788884273.388166197] [GSL - Trace]: [32mEntering StopAndMeasure[0m
[INFO] [1788884275.369108715] [GSL]: 10 gas measurements, 10 wind measurements over 1.98 seconds
[INFO] [1788884275.369186694] [GSL]: avg_gas=0.83;  avg_windSpeed=0.045;  avg_wind_dir=-3.1
[INFO] [1788884275.370026545] [GSL]: [33mGAS HIT[0m
[INFO] [1788884275.370040269] [GSL]: [DEBUG-WIND] useGroundTruth=false gmrf_req_size=631 gaden_req_size=-1
[INFO] [1788884275.370049745] [GSL]: [DEBUG-WIND] Taking GMRF path
[INFO] [1788884275.388022277] [GSL - Trace]: [32mEntering StopAndMeasure[0m
[INFO] [1788884277.369187370] [GSL]: 10 gas measurements, 10 wind measurements over 1.98 seconds
[INFO] [1788884277.369263114] [GSL]: avg_gas=0.81;  avg_windSpeed=0.036;  avg_wind_dir=2.8
[INFO] [1788884277.370415759] [GSL]: [33mGAS HIT[0m
[INFO] [1788884277.370465885] [GSL]: [DEBUG-WIND] useGroundTruth=false gmrf_req_size=631 gaden_req_size=-1
[INFO] [1788884277.370473235] [GSL]: [DEBUG-WIND] Taking GMRF path
[INFO] [1788884277.387639436] [GSL - Trace]: [32mEntering StopAndMeasure[0m
[INFO] [1788884279.369148109] [GSL]: 10 gas measurements, 10 wind measurements over 1.98 seconds
[INFO] [1788884279.369205284] [GSL]: avg_gas=0.82;  avg_windSpeed=0.045;  avg_wind_dir=-3.1
[INFO] [1788884279.369881990] [GSL]: [33mGAS HIT[0m
[INFO] [1788884279.369893588] [GSL]: [DEBUG-WIND] useGroundTruth=false gmrf_req_size=631 gaden_req_size=-1
[INFO] [1788884279.369901745] [GSL]: [DEBUG-WIND] Taking GMRF path
[INFO] [1788884279.388339600] [GSL - Trace]: [32mEntering StopAndMeasure[0m
[INFO] [1788884281.369045864] [GSL]: 10 gas measurements, 10 wind measurements over 1.98 seconds
[INFO] [1788884281.369104392] [GSL]: avg_gas=0.83;  avg_windSpeed=0.036;  avg_wind_dir=2.8
[INFO] [1788884281.370307676] [GSL]: [33mGAS HIT[0m
[INFO] [1788884281.370344152] [GSL]: [DEBUG-WIND] useGroundTruth=false gmrf_req_size=631 gaden_req_size=-1
[INFO] [1788884281.370615849] [GSL]: [DEBUG-WIND] Taking GMRF path
[INFO] [1788884281.388453070] [GSL]: [33mStarted simulations. Might take a while![0m
[INFO] [1788884281.693287637] [GSL]: CER contrastive context initialized: events=32, candidates=62, transport_members=3, fixed_ratio_weight=1, context_within_member=true, centered_log_odds=true
[INFO] [1788884281.696859363] [GSL - Trace]: [32mFirst simulation level done[0m
[INFO] [1788884281.697204778] [GSL]: [RC2-DIAG] scores_size=62 refineFraction=0.25 refine_product=15.5 valid_first_level=62 sum_sourceProbInternal_before_norm=146.37903721079064 min_sourceProbInternal_before_norm=0 max_sourceProbInternal_before_norm=0.999200279944007 finite_sourceProbInternal=1053 finite_varianceOfHitProb=1053
[INFO] [1788884281.984970917] [GSL - Trace]: [32mSimulation level 2 done[0m
[INFO] [1788884282.267354844] [GSL - Trace]: [32mSimulation level 3 done[0m
[INFO] [1788884282.428763554] [GSL - Trace]: [32mSimulation level 4 done[0m
[INFO] [1788884282.437859488] [GSL - Trace]: [32mSimulation level 5 done[0m
[INFO] [1788884282.438201384] [GSL]: Number of levels in the simulation: 5
[INFO] [1788884282.438214448] [GSL]: Total number of simulations: 200
[INFO] [1788884282.443870921] [GSL]: CORE sequential event-time commit: window_start=24, new_events=8, committed_total=32
[INFO] [1788884282.443904950] [GSL]: [RC2-DIAG] normalized_finite_count=1053 normalized_sum=1
[INFO] [1788884282.443914408] [GSL]: Time ellapsed in simulation = 1.055384103 s
[INFO] [1788884282.450111529] [GSL]: Max mutual info: 5.034
[INFO] [1788884282.450262817] [GSL]: MutualInformation - Ellapsed: 0.006s
[INFO] [1788884282.477002295] [GSL]: Sending goal (-4.64, -3.10)
[INFO] [1788884282.478122069] [GSL]: Variance: 2.26
[INFO] [1788884282.478158144] [GSL - Trace]: [32mEntering Moving[0m
[INFO] [1788884283.036899174] [GSL - Trace]: [32mEntering StopAndMeasure[0m
[INFO] [1788884285.017912529] [GSL]: 10 gas measurements, 10 wind measurements over 1.98 seconds
[INFO] [1788884285.017969513] [GSL]: avg_gas=0.84;  avg_windSpeed=0.017;  avg_wind_dir=1.7
[INFO] [1788884285.018557748] [GSL]: [33mGAS HIT[0m
[INFO] [1788884285.018568582] [GSL]: [DEBUG-WIND] useGroundTruth=false gmrf_req_size=631 gaden_req_size=-1
[INFO] [1788884285.018575526] [GSL]: [DEBUG-WIND] Taking GMRF path
[INFO] [1788884285.087568615] [GSL - Trace]: [32mEntering StopAndMeasure[0m
[INFO] [1788884286.979495269] [GSL]: 10 gas measurements, 10 wind measurements over 1.89 seconds
[INFO] [1788884286.979549099] [GSL]: avg_gas=0.85;  avg_windSpeed=0.031;  avg_wind_dir=2
[INFO] [1788884286.980213958] [GSL]: [33mGAS HIT[0m
[INFO] [1788884286.980255662] [GSL]: [DEBUG-WIND] useGroundTruth=false gmrf_req_size=631 gaden_req_size=-1
[INFO] [1788884286.980262773] [GSL]: [DEBUG-WIND] Taking GMRF path
[INFO] [1788884286.987461033] [GSL - Trace]: [32mEntering StopAndMeasure[0m
[INFO] [1788884288.979597914] [GSL]: 10 gas measurements, 10 wind measurements over 1.99 seconds
[INFO] [1788884288.979675996] [GSL]: avg_gas=0.86;  avg_windSpeed=0.017;  avg_wind_dir=1.7
[INFO] [1788884288.980276039] [GSL]: [33mGAS HIT[0m
[INFO] [1788884288.980285892] [GSL]: [DEBUG-WIND] useGroundTruth=false gmrf_req_size=631 gaden_req_size=-1
[INFO] [1788884288.980292547] [GSL]: [DEBUG-WIND] Taking GMRF path
[INFO] [1788884288.987607758] [GSL - Trace]: [32mEntering StopAndMeasure[0m
[INFO] [1788884290.979473849] [GSL]: 10 gas measurements, 10 wind measurements over 1.99 seconds
[INFO] [1788884290.979530712] [GSL]: avg_gas=0.87;  avg_windSpeed=0.031;  avg_wind_dir=2
[INFO] [1788884290.980133950] [GSL]: [33mGAS HIT[0m
[INFO] [1788884290.980144470] [GSL]: [DEBUG-WIND] useGroundTruth=false gmrf_req_size=631 gaden_req_size=-1
[INFO] [1788884290.980151327] [GSL]: [DEBUG-WIND] Taking GMRF path
[INFO] [1788884290.987451360] [GSL - Trace]: [32mEntering StopAndMeasure[0m
[INFO] [1788884292.979547407] [GSL]: 10 gas measurements, 10 wind measurements over 1.99 seconds
[INFO] [1788884292.980003899] [GSL]: avg_gas=0.86;  avg_windSpeed=0.017;  avg_wind_dir=1.7
[INFO] [1788884292.980551989] [GSL]: [33mGAS HIT[0m
[INFO] [1788884292.980561105] [GSL]: [DEBUG-WIND] useGroundTruth=false gmrf_req_size=631 gaden_req_size=-1
[INFO] [1788884292.980567780] [GSL]: [DEBUG-WIND] Taking GMRF path
[INFO] [1788884292.987648471] [GSL - Trace]: [32mEntering StopAndMeasure[0m
[INFO] [1788884294.979575000] [GSL]: 10 gas measurements, 10 wind measurements over 1.99 seconds
[INFO] [1788884294.979636323] [GSL]: avg_gas=0.85;  avg_windSpeed=0.031;  avg_wind_dir=2
[INFO] [1788884294.980302577] [GSL]: [33mGAS HIT[0m
[INFO] [1788884294.980381441] [GSL]: [DEBUG-WIND] useGroundTruth=false gmrf_req_size=631 gaden_req_size=-1
[INFO] [1788884294.980394220] [GSL]: [DEBUG-WIND] Taking GMRF path
[INFO] [1788884294.987486381] [GSL - Trace]: [32mEntering StopAndMeasure[0m
[INFO] [1788884296.979482643] [GSL]: 10 gas measurements, 10 wind measurements over 1.99 seconds
[INFO] [1788884296.979935426] [GSL]: avg_gas=0.84;  avg_windSpeed=0.017;  avg_wind_dir=1.7
[INFO] [1788884296.980570890] [GSL]: [33mGAS HIT[0m
[INFO] [1788884296.980581617] [GSL]: [DEBUG-WIND] useGroundTruth=false gmrf_req_size=631 gaden_req_size=-1
[INFO] [1788884296.980589564] [GSL]: [DEBUG-WIND] Taking GMRF path
[INFO] [1788884296.987562443] [GSL - Trace]: [32mEntering StopAndMeasure[0m
[INFO] [1788884298.979484640] [GSL]: 10 gas measurements, 10 wind measurements over 1.99 seconds
[INFO] [1788884298.979541167] [GSL]: avg_gas=0.81;  avg_windSpeed=0.031;  avg_wind_dir=2
[INFO] [1788884298.980144278] [GSL]: [33mGAS HIT[0m
[INFO] [1788884298.980155453] [GSL]: [DEBUG-WIND] useGroundTruth=false gmrf_req_size=631 gaden_req_size=-1
[INFO] [1788884298.980162451] [GSL]: [DEBUG-WIND] Taking GMRF path
[INFO] [1788884298.987488572] [GSL]: [33mStarted simulations. Might take a while![0m
[INFO] [1788884299.289320991] [GSL]: CER contrastive context initialized: events=40, candidates=62, transport_members=3, fixed_ratio_weight=1, context_within_member=true, centered_log_odds=true
[INFO] [1788884299.292104357] [GSL - Trace]: [32mFirst simulation level done[0m
[INFO] [1788884299.292151923] [GSL]: [RC2-DIAG] scores_size=62 refineFraction=0.25 refine_product=15.5 valid_first_level=62 sum_sourceProbInternal_before_norm=142.12247435247792 min_sourceProbInternal_before_norm=0 max_sourceProbInternal_before_norm=0.999200279944007 finite_sourceProbInternal=1053 finite_varianceOfHitProb=1053
[INFO] [1788884299.569554459] [GSL - Trace]: [32mSimulation level 2 done[0m
[INFO] [1788884299.847665507] [GSL - Trace]: [32mSimulation level 3 done[0m
[INFO] [1788884300.002902948] [GSL - Trace]: [32mSimulation level 4 done[0m
[INFO] [1788884300.011859640] [GSL - Trace]: [32mSimulation level 5 done[0m
[INFO] [1788884300.011893875] [GSL]: Number of levels in the simulation: 5
[INFO] [1788884300.011901934] [GSL]: Total number of simulations: 200
[INFO] [1788884300.017866331] [GSL]: CORE sequential event-time commit: window_start=32, new_events=8, committed_total=40
[INFO] [1788884300.018341205] [GSL]: [RC2-DIAG] normalized_finite_count=1053 normalized_sum=1
[INFO] [1788884300.018362335] [GSL]: Time ellapsed in simulation = 1.030823348 s
[INFO] [1788884300.021380430] [GSL]: Max mutual info: 4.283
[INFO] [1788884300.021489084] [GSL]: MutualInformation - Ellapsed: 0.003s
[INFO] [1788884300.051266799] [GSL]: Sending goal (-1.64, -3.40)
[INFO] [1788884300.051766235] [GSL]: Variance: 2.03
[INFO] [1788884300.051792951] [GSL - Trace]: [32mEntering Moving[0m
[INFO] [1788884302.185223174] [GSL - Trace]: [32mEntering StopAndMeasure[0m
[INFO] [1788884304.202782412] [GSL]: 10 gas measurements, 10 wind measurements over 2.02 seconds
[INFO] [1788884304.202823595] [GSL]: avg_gas=1.1;  avg_windSpeed=0.18;  avg_wind_dir=-1.7
[INFO] [1788884304.203555286] [GSL]: [33mGAS HIT[0m
[INFO] [1788884304.203568641] [GSL]: [DEBUG-WIND] useGroundTruth=false gmrf_req_size=631 gaden_req_size=-1
[INFO] [1788884304.203577167] [GSL]: [DEBUG-WIND] Taking GMRF path
[INFO] [1788884304.287531494] [GSL - Trace]: [32mEntering StopAndMeasure[0m
[INFO] [1788884306.202767581] [GSL]: 10 gas measurements, 10 wind measurements over 1.92 seconds
[INFO] [1788884306.202807390] [GSL]: avg_gas=1.2;  avg_windSpeed=0.21;  avg_wind_dir=-1.7
[INFO] [1788884306.203444156] [GSL]: [33mGAS HIT[0m
[INFO] [1788884306.203454827] [GSL]: [DEBUG-WIND] useGroundTruth=false gmrf_req_size=631 gaden_req_size=-1
[INFO] [1788884306.203462661] [GSL]: [DEBUG-WIND] Taking GMRF path
[INFO] [1788884306.288561243] [GSL - Trace]: [32mEntering StopAndMeasure[0m
[INFO] [1788884308.202803032] [GSL]: 10 gas measurements, 10 wind measurements over 1.91 seconds
[INFO] [1788884308.202932745] [GSL]: avg_gas=1.2;  avg_windSpeed=0.18;  avg_wind_dir=-1.7
[INFO] [1788884308.203643127] [GSL]: [33mGAS HIT[0m
[INFO] [1788884308.203655562] [GSL]: [DEBUG-WIND] useGroundTruth=false gmrf_req_size=631 gaden_req_size=-1
[INFO] [1788884308.203664504] [GSL]: [DEBUG-WIND] Taking GMRF path
[INFO] [1788884308.287785598] [GSL - Trace]: [32mEntering StopAndMeasure[0m
[INFO] [1788884310.202826368] [GSL]: 10 gas measurements, 10 wind measurements over 1.91 seconds
[INFO] [1788884310.202908892] [GSL]: avg_gas=1.2;  avg_windSpeed=0.21;  avg_wind_dir=-1.7
[INFO] [1788884310.203692397] [GSL]: [33mGAS HIT[0m
[INFO] [1788884310.203706490] [GSL]: [DEBUG-WIND] useGroundTruth=false gmrf_req_size=631 gaden_req_size=-1
[INFO] [1788884310.203715696] [GSL]: [DEBUG-WIND] Taking GMRF path
[INFO] [1788884310.288130113] [GSL - Trace]: [32mEntering StopAndMeasure[0m
[INFO] [1788884312.202726436] [GSL]: 10 gas measurements, 10 wind measurements over 1.91 seconds
[INFO] [1788884312.202783867] [GSL]: avg_gas=1.2;  avg_windSpeed=0.18;  avg_wind_dir=-1.7
[INFO] [1788884312.203483096] [GSL]: [33mGAS HIT[0m
[INFO] [1788884312.203513978] [GSL]: [DEBUG-WIND] useGroundTruth=false gmrf_req_size=631 gaden_req_size=-1
[INFO] [1788884312.203521627] [GSL]: [DEBUG-WIND] Taking GMRF path
[INFO] [1788884312.288084445] [GSL - Trace]: [32mEntering StopAndMeasure[0m
[INFO] [1788884314.202765852] [GSL]: 10 gas measurements, 10 wind measurements over 1.91 seconds
[INFO] [1788884314.202873311] [GSL]: avg_gas=1.2;  avg_windSpeed=0.21;  avg_wind_dir=-1.7
[INFO] [1788884314.203609157] [GSL]: [33mGAS HIT[0m
[INFO] [1788884314.203622347] [GSL]: [DEBUG-WIND] useGroundTruth=false gmrf_req_size=631 gaden_req_size=-1
[INFO] [1788884314.203631939] [GSL]: [DEBUG-WIND] Taking GMRF path
[INFO] [1788884314.288105899] [GSL - Trace]: [32mEntering StopAndMeasure[0m
[INFO] [1788884316.202796371] [GSL]: 10 gas measurements, 10 wind measurements over 1.91 seconds
[INFO] [1788884316.202902816] [GSL]: avg_gas=1.3;  avg_windSpeed=0.18;  avg_wind_dir=-1.7
[INFO] [1788884316.203506925] [GSL]: [33mGAS HIT[0m
[INFO] [1788884316.203517039] [GSL]: [DEBUG-WIND] useGroundTruth=false gmrf_req_size=631 gaden_req_size=-1
[INFO] [1788884316.203524872] [GSL]: [DEBUG-WIND] Taking GMRF path
[INFO] [1788884316.288995479] [GSL - Trace]: [32mEntering StopAndMeasure[0m
[INFO] [1788884318.202704732] [GSL]: 10 gas measurements, 10 wind measurements over 1.91 seconds
[INFO] [1788884318.202763336] [GSL]: avg_gas=1.3;  avg_windSpeed=0.21;  avg_wind_dir=-1.7
[INFO] [1788884318.203497963] [GSL]: [33mGAS HIT[0m
[INFO] [1788884318.203529786] [GSL]: [DEBUG-WIND] useGroundTruth=false gmrf_req_size=631 gaden_req_size=-1
[INFO] [1788884318.203538015] [GSL]: [DEBUG-WIND] Taking GMRF path
[INFO] [1788884318.287908285] [GSL]: [33mStarted simulations. Might take a while![0m
[INFO] [1788884318.584526563] [GSL]: CER contrastive context initialized: events=48, candidates=62, transport_members=3, fixed_ratio_weight=1, context_within_member=true, centered_log_odds=true
[INFO] [1788884318.585654374] [GSL - Trace]: [32mFirst simulation level done[0m
[INFO] [1788884318.585688343] [GSL]: [RC2-DIAG] scores_size=62 refineFraction=0.25 refine_product=15.5 valid_first_level=62 sum_sourceProbInternal_before_norm=260.7077613406568 min_sourceProbInternal_before_norm=0 max_sourceProbInternal_before_norm=0.999200279944007 finite_sourceProbInternal=1053 finite_varianceOfHitProb=1053
[INFO] [1788884318.859861310] [GSL - Trace]: [32mSimulation level 2 done[0m
[INFO] [1788884319.143154428] [GSL - Trace]: [32mSimulation level 3 done[0m
[INFO] [1788884319.302794517] [GSL - Trace]: [32mSimulation level 4 done[0m
[INFO] [1788884319.302890251] [GSL - Trace]: [32mSimulation level 5 done[0m
[INFO] [1788884319.302902497] [GSL]: Number of levels in the simulation: 5
[INFO] [1788884319.302909464] [GSL]: Total number of simulations: 200
[INFO] [1788884319.302952836] [GSL]: CORE sequential event-time commit: window_start=40, new_events=8, committed_total=48
[INFO] [1788884319.302966767] [GSL]: [RC2-DIAG] normalized_finite_count=1053 normalized_sum=1
[INFO] [1788884319.302974534] [GSL]: Time ellapsed in simulation = 1.014962125 s
[INFO] [1788884319.304971966] [GSL]: Max mutual info: 2.905
[INFO] [1788884319.305071522] [GSL]: MutualInformation - Ellapsed: 0.002s
[INFO] [1788884319.329486441] [GSL]: Sending goal (-1.04, -3.10)
[INFO] [1788884319.330620443] [GSL]: Variance: 1.95
[INFO] [1788884319.330671249] [GSL - Trace]: [32mEntering Moving[0m
[INFO] [1788884319.790463406] [GSL - Trace]: [32mEntering StopAndMeasure[0m
[INFO] [1788884321.773105729] [GSL]: 10 gas measurements, 10 wind measurements over 1.98 seconds
[INFO] [1788884321.773179392] [GSL]: avg_gas=1.2;  avg_windSpeed=0.28;  avg_wind_dir=-1.7
[INFO] [1788884321.773734800] [GSL]: [33mGAS HIT[0m
[INFO] [1788884321.773744376] [GSL]: [DEBUG-WIND] useGroundTruth=false gmrf_req_size=631 gaden_req_size=-1
[INFO] [1788884321.773751947] [GSL]: [DEBUG-WIND] Taking GMRF path
[INFO] [1788884321.787706218] [GSL - Trace]: [32mEntering StopAndMeasure[0m
[INFO] [1788884323.782056933] [GSL]: 10 gas measurements, 10 wind measurements over 1.99 seconds
[INFO] [1788884323.782134033] [GSL]: avg_gas=1.1;  avg_windSpeed=0.32;  avg_wind_dir=-1.7
[INFO] [1788884323.783316837] [GSL]: [33mGAS HIT[0m
[INFO] [1788884323.783359720] [GSL]: [DEBUG-WIND] useGroundTruth=false gmrf_req_size=631 gaden_req_size=-1
[INFO] [1788884323.783875034] [GSL]: [DEBUG-WIND] Taking GMRF path
[INFO] [1788884323.787693973] [GSL - Trace]: [32mEntering StopAndMeasure[0m
[INFO] [1788884325.781812921] [GSL]: 10 gas measurements, 10 wind measurements over 1.99 seconds
[INFO] [1788884325.781912756] [GSL]: avg_gas=1.1;  avg_windSpeed=0.28;  avg_wind_dir=-1.7
[INFO] [1788884325.782438794] [GSL]: [33mGAS HIT[0m
[INFO] [1788884325.782448467] [GSL]: [DEBUG-WIND] useGroundTruth=false gmrf_req_size=631 gaden_req_size=-1
[INFO] [1788884325.782455197] [GSL]: [DEBUG-WIND] Taking GMRF path
[INFO] [1788884325.787409428] [GSL - Trace]: [32mEntering StopAndMeasure[0m
[INFO] [1788884327.781973414] [GSL]: 10 gas measurements, 10 wind measurements over 1.99 seconds
[INFO] [1788884327.782028754] [GSL]: avg_gas=1.2;  avg_windSpeed=0.32;  avg_wind_dir=-1.7
[INFO] [1788884327.782543847] [GSL]: [33mGAS HIT[0m
[INFO] [1788884327.782552315] [GSL]: [DEBUG-WIND] useGroundTruth=false gmrf_req_size=631 gaden_req_size=-1
[INFO] [1788884327.783006239] [GSL]: [DEBUG-WIND] Taking GMRF path
[INFO] [1788884327.787480024] [GSL - Trace]: [32mEntering StopAndMeasure[0m
[INFO] [1788884329.782051117] [GSL]: 10 gas measurements, 10 wind measurements over 1.99 seconds
[INFO] [1788884329.782146260] [GSL]: avg_gas=1.2;  avg_windSpeed=0.28;  avg_wind_dir=-1.7
[INFO] [1788884329.783175618] [GSL]: [33mGAS HIT[0m
[INFO] [1788884329.783195607] [GSL]: [DEBUG-WIND] useGroundTruth=false gmrf_req_size=631 gaden_req_size=-1
[INFO] [1788884329.783207895] [GSL]: [DEBUG-WIND] Taking GMRF path
[INFO] [1788884329.787649881] [GSL - Trace]: [32mEntering StopAndMeasure[0m
[INFO] [1788884331.781986179] [GSL]: 10 gas measurements, 10 wind measurements over 1.99 seconds
[INFO] [1788884331.782056264] [GSL]: avg_gas=1.2;  avg_windSpeed=0.32;  avg_wind_dir=-1.7
[INFO] [1788884331.783029691] [GSL]: [33mGAS HIT[0m
[INFO] [1788884331.783122395] [GSL]: [DEBUG-WIND] useGroundTruth=false gmrf_req_size=631 gaden_req_size=-1
[INFO] [1788884331.783132739] [GSL]: [DEBUG-WIND] Taking GMRF path
[INFO] [1788884331.787789004] [GSL - Trace]: [32mEntering StopAndMeasure[0m
[INFO] [1788884333.782179983] [GSL]: 10 gas measurements, 10 wind measurements over 1.99 seconds
[INFO] [1788884333.782262585] [GSL]: avg_gas=1.2;  avg_windSpeed=0.28;  avg_wind_dir=-1.7
[INFO] [1788884333.783087269] [GSL]: [33mGAS HIT[0m
[INFO] [1788884333.783101195] [GSL]: [DEBUG-WIND] useGroundTruth=false gmrf_req_size=631 gaden_req_size=-1
[INFO] [1788884333.783111610] [GSL]: [DEBUG-WIND] Taking GMRF path
[INFO] [1788884333.787499169] [GSL - Trace]: [32mEntering StopAndMeasure[0m
[INFO] [1788884335.782040940] [GSL]: 10 gas measurements, 10 wind measurements over 1.99 seconds
[INFO] [1788884335.782129608] [GSL]: avg_gas=1.1;  avg_windSpeed=0.32;  avg_wind_dir=-1.7
[INFO] [1788884335.783089199] [GSL]: [33mGAS HIT[0m
[INFO] [1788884335.783104658] [GSL]: [DEBUG-WIND] useGroundTruth=false gmrf_req_size=631 gaden_req_size=-1
[INFO] [1788884335.783116053] [GSL]: [DEBUG-WIND] Taking GMRF path
[INFO] [1788884335.787598289] [GSL]: [33mStarted simulations. Might take a while![0m
[INFO] [1788884336.086206888] [GSL]: CER contrastive context initialized: events=56, candidates=62, transport_members=3, fixed_ratio_weight=1, context_within_member=true, centered_log_odds=true
[INFO] [1788884336.089889149] [GSL - Trace]: [32mFirst simulation level done[0m
[INFO] [1788884336.089923750] [GSL]: [RC2-DIAG] scores_size=62 refineFraction=0.25 refine_product=15.5 valid_first_level=62 sum_sourceProbInternal_before_norm=232.2580537273647 min_sourceProbInternal_before_norm=0 max_sourceProbInternal_before_norm=0.999200279944007 finite_sourceProbInternal=1053 finite_varianceOfHitProb=1053
[INFO] [1788884336.364650992] [GSL - Trace]: [32mSimulation level 2 done[0m
[INFO] [1788884336.644735995] [GSL - Trace]: [32mSimulation level 3 done[0m
[INFO] [1788884336.794982867] [GSL - Trace]: [32mSimulation level 4 done[0m
[INFO] [1788884336.803867042] [GSL - Trace]: [32mSimulation level 5 done[0m
[INFO] [1788884336.803916267] [GSL]: Number of levels in the simulation: 5
[INFO] [1788884336.804304613] [GSL]: Total number of simulations: 196
[INFO] [1788884336.810870068] [GSL]: CORE sequential event-time commit: window_start=48, new_events=8, committed_total=56
[INFO] [1788884336.810925117] [GSL]: [RC2-DIAG] normalized_finite_count=1053 normalized_sum=1
[INFO] [1788884336.810936871] [GSL]: Time ellapsed in simulation = 1.0228680890000001 s
[INFO] [1788884336.816888914] [GSL]: Max mutual info: 4.855
[INFO] [1788884336.817028170] [GSL]: MutualInformation - Ellapsed: 0.006s
[INFO] [1788884336.846473219] [GSL]: Sending goal (0.76, -3.10)
[INFO] [1788884336.846973309] [GSL]: Variance: 1.72
[INFO] [1788884336.846995922] [GSL - Trace]: [32mEntering Moving[0m
[INFO] [1788884338.216662984] [GSL - Trace]: [32mEntering StopAndMeasure[0m
[INFO] [1788884340.198008819] [GSL]: 10 gas measurements, 10 wind measurements over 1.98 seconds
[INFO] [1788884340.198058609] [GSL]: avg_gas=0.99;  avg_windSpeed=0.015;  avg_wind_dir=2.2
[INFO] [1788884340.198641950] [GSL]: [33mGAS HIT[0m
[INFO] [1788884340.198896406] [GSL]: [DEBUG-WIND] useGroundTruth=false gmrf_req_size=631 gaden_req_size=-1
[INFO] [1788884340.198912955] [GSL]: [DEBUG-WIND] Taking GMRF path
[INFO] [1788884340.287758795] [GSL - Trace]: [32mEntering StopAndMeasure[0m
[INFO] [1788884342.198395152] [GSL]: 10 gas measurements, 10 wind measurements over 1.91 seconds
[INFO] [1788884342.198462624] [GSL]: avg_gas=0.95;  avg_windSpeed=0.016;  avg_wind_dir=2.4
[INFO] [1788884342.199203655] [GSL]: [33mGAS HIT[0m
[INFO] [1788884342.199227354] [GSL]: [DEBUG-WIND] useGroundTruth=false gmrf_req_size=631 gaden_req_size=-1
[INFO] [1788884342.199234836] [GSL]: [DEBUG-WIND] Taking GMRF path
[INFO] [1788884342.288321374] [GSL - Trace]: [32mEntering StopAndMeasure[0m
[INFO] [1788884344.198429296] [GSL]: 10 gas measurements, 10 wind measurements over 1.91 seconds
[INFO] [1788884344.198535500] [GSL]: avg_gas=0.95;  avg_windSpeed=0.015;  avg_wind_dir=2.2
[INFO] [1788884344.199482459] [GSL]: [33mGAS HIT[0m
[INFO] [1788884344.199497282] [GSL]: [DEBUG-WIND] useGroundTruth=false gmrf_req_size=631 gaden_req_size=-1
[INFO] [1788884344.200039472] [GSL]: [DEBUG-WIND] Taking GMRF path
[INFO] [1788884344.287637053] [GSL - Trace]: [32mEntering StopAndMeasure[0m
[INFO] [1788884346.198372670] [GSL]: 10 gas measurements, 10 wind measurements over 1.91 seconds
[INFO] [1788884346.198412842] [GSL]: avg_gas=0.97;  avg_windSpeed=0.016;  avg_wind_dir=2.4
[INFO] [1788884346.199196644] [GSL]: [33mGAS HIT[0m
[INFO] [1788884346.199209009] [GSL]: [DEBUG-WIND] useGroundTruth=false gmrf_req_size=631 gaden_req_size=-1
[INFO] [1788884346.199217386] [GSL]: [DEBUG-WIND] Taking GMRF path
[INFO] [1788884346.288611404] [GSL - Trace]: [32mEntering StopAndMeasure[0m
[INFO] [1788884348.198490896] [GSL]: 10 gas measurements, 10 wind measurements over 1.91 seconds
[INFO] [1788884348.198598184] [GSL]: avg_gas=0.98;  avg_windSpeed=0.015;  avg_wind_dir=2.2
[INFO] [1788884348.199987880] [GSL]: [33mGAS HIT[0m
[INFO] [1788884348.200027680] [GSL]: [DEBUG-WIND] useGroundTruth=false gmrf_req_size=631 gaden_req_size=-1
[INFO] [1788884348.200676274] [GSL]: [DEBUG-WIND] Taking GMRF path
[INFO] [1788884348.288048520] [GSL - Trace]: [32mEntering StopAndMeasure[0m
[INFO] [1788884350.198377523] [GSL]: 10 gas measurements, 10 wind measurements over 1.91 seconds
[INFO] [1788884350.198417958] [GSL]: avg_gas=0.99;  avg_windSpeed=0.016;  avg_wind_dir=2.4
[INFO] [1788884350.199084383] [GSL]: [33mGAS HIT[0m
[INFO] [1788884350.199095275] [GSL]: [DEBUG-WIND] useGroundTruth=false gmrf_req_size=631 gaden_req_size=-1
[INFO] [1788884350.199103026] [GSL]: [DEBUG-WIND] Taking GMRF path
[INFO] [1788884350.287792763] [GSL - Trace]: [32mEntering StopAndMeasure[0m
[INFO] [1788884352.198417366] [GSL]: 10 gas measurements, 10 wind measurements over 1.91 seconds
[INFO] [1788884352.198487061] [GSL]: avg_gas=0.99;  avg_windSpeed=0.015;  avg_wind_dir=2.2
[INFO] [1788884352.199139309] [GSL]: [33mGAS HIT[0m
[INFO] [1788884352.199149904] [GSL]: [DEBUG-WIND] useGroundTruth=false gmrf_req_size=631 gaden_req_size=-1
[INFO] [1788884352.199425495] [GSL]: [DEBUG-WIND] Taking GMRF path
[INFO] [1788884352.288337499] [GSL - Trace]: [32mEntering StopAndMeasure[0m
[INFO] [1788884354.198335571] [GSL]: 10 gas measurements, 10 wind measurements over 1.91 seconds
[INFO] [1788884354.198393466] [GSL]: avg_gas=1;  avg_windSpeed=0.016;  avg_wind_dir=2.4
[INFO] [1788884354.198975200] [GSL]: [33mGAS HIT[0m
[INFO] [1788884354.198985309] [GSL]: [DEBUG-WIND] useGroundTruth=false gmrf_req_size=631 gaden_req_size=-1
[INFO] [1788884354.198991900] [GSL]: [DEBUG-WIND] Taking GMRF path
[INFO] [1788884354.288114683] [GSL]: [33mStarted simulations. Might take a while![0m
[INFO] [1788884354.591885123] [GSL]: CER contrastive context initialized: events=64, candidates=62, transport_members=3, fixed_ratio_weight=1, context_within_member=true, centered_log_odds=true
[INFO] [1788884354.598201355] [GSL - Trace]: [32mFirst simulation level done[0m
[INFO] [1788884354.598250088] [GSL]: [RC2-DIAG] scores_size=62 refineFraction=0.25 refine_product=15.5 valid_first_level=62 sum_sourceProbInternal_before_norm=152.12807592043134 min_sourceProbInternal_before_norm=0 max_sourceProbInternal_before_norm=0.999200279944007 finite_sourceProbInternal=1053 finite_varianceOfHitProb=1053
[INFO] [1788884354.872606263] [GSL - Trace]: [32mSimulation level 2 done[0m
[INFO] [1788884355.109632258] [GSL - Trace]: [32mSimulation level 3 done[0m
[INFO] [1788884355.217954057] [GSL - Trace]: [32mSimulation level 4 done[0m
[INFO] [1788884355.221360542] [GSL - Trace]: [32mSimulation level 5 done[0m
[INFO] [1788884355.221388765] [GSL]: Number of levels in the simulation: 5
[INFO] [1788884355.221396543] [GSL]: Total number of simulations: 178
[INFO] [1788884355.222643245] [GSL]: CORE sequential event-time commit: window_start=56, new_events=8, committed_total=64
[INFO] [1788884355.222667702] [GSL]: [RC2-DIAG] normalized_finite_count=1053 normalized_sum=1
[INFO] [1788884355.222676427] [GSL]: Time ellapsed in simulation = 0.934483041 s
[INFO] [1788884355.225282048] [GSL]: Max mutual info: 2.915
[INFO] [1788884355.226026808] [GSL]: MutualInformation - Ellapsed: 0.003s
[INFO] [1788884355.252471443] [GSL]: Sending goal (-2.24, -1.30)
[INFO] [1788884355.252876626] [GSL]: Variance: 1.07
[INFO] [1788884355.252897646] [GSL - Trace]: [32mEntering Moving[0m
[INFO] [1788884357.796513345] [GSL - Trace]: [32mEntering StopAndMeasure[0m
[INFO] [1788884359.753967439] [GSL]: 10 gas measurements, 10 wind measurements over 1.96 seconds
[INFO] [1788884359.754021381] [GSL]: avg_gas=1.1;  avg_windSpeed=0.065;  avg_wind_dir=-0.44
[INFO] [1788884359.754621584] [GSL]: [33mGAS HIT[0m
[INFO] [1788884359.754632099] [GSL]: [DEBUG-WIND] useGroundTruth=false gmrf_req_size=631 gaden_req_size=-1
[INFO] [1788884359.754638722] [GSL]: [DEBUG-WIND] Taking GMRF path
[INFO] [1788884359.787684971] [GSL - Trace]: [32mEntering StopAndMeasure[0m
[INFO] [1788884361.804183632] [GSL]: 10 gas measurements, 10 wind measurements over 2.02 seconds
[INFO] [1788884361.804244434] [GSL]: avg_gas=1;  avg_windSpeed=0.056;  avg_wind_dir=-0.36
[INFO] [1788884361.805207099] [GSL]: [33mGAS HIT[0m
[INFO] [1788884361.805230849] [GSL]: [DEBUG-WIND] useGroundTruth=false gmrf_req_size=631 gaden_req_size=-1
[INFO] [1788884361.805238163] [GSL]: [DEBUG-WIND] Taking GMRF path
[INFO] [1788884361.889018263] [GSL - Trace]: [32mEntering StopAndMeasure[0m
[INFO] [1788884363.753976839] [GSL]: 10 gas measurements, 10 wind measurements over 1.86 seconds
[INFO] [1788884363.754027515] [GSL]: avg_gas=0.98;  avg_windSpeed=0.065;  avg_wind_dir=-0.44
[INFO] [1788884363.754627821] [GSL]: [33mGAS HIT[0m
[INFO] [1788884363.754637919] [GSL]: [DEBUG-WIND] useGroundTruth=false gmrf_req_size=631 gaden_req_size=-1
[INFO] [1788884363.754644612] [GSL]: [DEBUG-WIND] Taking GMRF path
[INFO] [1788884363.787546116] [GSL - Trace]: [32mEntering StopAndMeasure[0m
[INFO] [1788884365.754094579] [GSL]: 10 gas measurements, 10 wind measurements over 1.97 seconds
[INFO] [1788884365.754157252] [GSL]: avg_gas=0.73;  avg_windSpeed=0.052;  avg_wind_dir=-0.095
[INFO] [1788884365.755082253] [GSL]: [33mGAS HIT[0m
[INFO] [1788884365.755116965] [GSL]: [DEBUG-WIND] useGroundTruth=false gmrf_req_size=631 gaden_req_size=-1
[INFO] [1788884365.755124438] [GSL]: [DEBUG-WIND] Taking GMRF path
[INFO] [1788884365.787558475] [GSL - Trace]: [32mEntering StopAndMeasure[0m
[INFO] [1788884367.804038696] [GSL]: 10 gas measurements, 10 wind measurements over 2.02 seconds
[INFO] [1788884367.804237921] [GSL]: avg_gas=0.16;  avg_windSpeed=0.063;  avg_wind_dir=-0.43
[INFO] [1788884367.804821169] [GSL]: [33mGAS HIT[0m
[INFO] [1788884367.804830588] [GSL]: [DEBUG-WIND] useGroundTruth=false gmrf_req_size=631 gaden_req_size=-1
[INFO] [1788884367.804837225] [GSL]: [DEBUG-WIND] Taking GMRF path
[INFO] [1788884367.888410244] [GSL - Trace]: [32mEntering StopAndMeasure[0m
[INFO] [1788884369.804092876] [GSL]: 10 gas measurements, 10 wind measurements over 1.92 seconds
[INFO] [1788884369.804154970] [GSL]: avg_gas=0.03;  avg_windSpeed=0.059;  avg_wind_dir=-0.39
[INFO] [1788884369.804929471] [GSL]: [33mNOTHING [0m
[INFO] [1788884369.805220834] [GSL]: [DEBUG-WIND] useGroundTruth=false gmrf_req_size=631 gaden_req_size=-1
[INFO] [1788884369.805247582] [GSL]: [DEBUG-WIND] Taking GMRF path
[INFO] [1788884369.889018866] [GSL - Trace]: [32mEntering StopAndMeasure[0m
[INFO] [1788884371.804270707] [GSL]: 10 gas measurements, 10 wind measurements over 1.92 seconds
[INFO] [1788884371.804359068] [GSL]: avg_gas=0.0057;  avg_windSpeed=0.061;  avg_wind_dir=-0.4
[INFO] [1788884371.805224261] [GSL]: [33mNOTHING [0m
[INFO] [1788884371.805238434] [GSL]: [DEBUG-WIND] useGroundTruth=false gmrf_req_size=631 gaden_req_size=-1
[INFO] [1788884371.805248311] [GSL]: [DEBUG-WIND] Taking GMRF path
[INFO] [1788884371.888552216] [GSL - Trace]: [32mEntering StopAndMeasure[0m
[INFO] [1788884373.753974241] [GSL]: 10 gas measurements, 10 wind measurements over 1.87 seconds
[INFO] [1788884373.754027839] [GSL]: avg_gas=0.0011;  avg_windSpeed=0.061;  avg_wind_dir=-0.41
[INFO] [1788884373.754610872] [GSL]: [33mNOTHING [0m
[INFO] [1788884373.755004567] [GSL]: [DEBUG-WIND] useGroundTruth=false gmrf_req_size=631 gaden_req_size=-1
[INFO] [1788884373.755024551] [GSL]: [DEBUG-WIND] Taking GMRF path
[INFO] [1788884373.787726155] [GSL]: [33mStarted simulations. Might take a while![0m
[INFO] [1788884374.085966444] [GSL]: CER contrastive context initialized: events=72, candidates=62, transport_members=3, fixed_ratio_weight=1, context_within_member=true, centered_log_odds=true
[INFO] [1788884374.089870789] [GSL - Trace]: [32mFirst simulation level done[0m
[INFO] [1788884374.090333931] [GSL]: [RC2-DIAG] scores_size=62 refineFraction=0.25 refine_product=15.5 valid_first_level=62 sum_sourceProbInternal_before_norm=0.28435354461685847 min_sourceProbInternal_before_norm=0 max_sourceProbInternal_before_norm=0.012338548837219004 finite_sourceProbInternal=1053 finite_varianceOfHitProb=1053
[INFO] [1788884374.379130088] [GSL - Trace]: [32mSimulation level 2 done[0m
[INFO] [1788884374.535852365] [GSL - Trace]: [32mSimulation level 3 done[0m
[INFO] [1788884374.592429795] [GSL - Trace]: [32mSimulation level 4 done[0m
[INFO] [1788884374.601848046] [GSL - Trace]: [32mSimulation level 5 done[0m
[INFO] [1788884374.601868523] [GSL]: Number of levels in the simulation: 5
[INFO] [1788884374.601877066] [GSL]: Total number of simulations: 148
[INFO] [1788884374.608872638] [GSL]: CORE sequential event-time commit: window_start=64, new_events=8, committed_total=72
[INFO] [1788884374.608918383] [GSL]: [RC2-DIAG] normalized_finite_count=1053 normalized_sum=1
[INFO] [1788884374.608928512] [GSL]: Time ellapsed in simulation = 0.8211449590000001 s
[INFO] [1788884374.617883607] [GSL]: Max mutual info: 1.736
[INFO] [1788884374.618044731] [GSL]: MutualInformation - Ellapsed: 0.009s
[INFO] [1788884374.654448568] [GSL]: Sending goal (-3.44, -3.10)
[INFO] [1788884374.655012168] [GSL]: Variance: 0.74
[INFO] [1788884374.655045580] [GSL - Trace]: [32mEntering Moving[0m
[INFO] [1788884376.232450435] [GSL - Trace]: [32mEntering StopAndMeasure[0m
[INFO] [1788884378.156193436] [GSL]: 10 gas measurements, 10 wind measurements over 1.92 seconds
[INFO] [1788884378.156515573] [GSL]: avg_gas=2.7e-05;  avg_windSpeed=0.04;  avg_wind_dir=2.7
[INFO] [1788884378.157233163] [GSL]: [33mNOTHING [0m
[INFO] [1788884378.157244863] [GSL]: [DEBUG-WIND] useGroundTruth=false gmrf_req_size=631 gaden_req_size=-1
[INFO] [1788884378.157252972] [GSL]: [DEBUG-WIND] Taking GMRF path
[INFO] [1788884378.188202471] [GSL - Trace]: [32mEntering StopAndMeasure[0m
[INFO] [1788884380.156046036] [GSL]: 10 gas measurements, 10 wind measurements over 1.97 seconds
[INFO] [1788884380.156095979] [GSL]: avg_gas=5.2e-06;  avg_windSpeed=0.058;  avg_wind_dir=-2.9
[INFO] [1788884380.156661923] [GSL]: [33mNOTHING [0m
[INFO] [1788884380.156671046] [GSL]: [DEBUG-WIND] useGroundTruth=false gmrf_req_size=631 gaden_req_size=-1
[INFO] [1788884380.156677934] [GSL]: [DEBUG-WIND] Taking GMRF path
[INFO] [1788884380.188456607] [GSL - Trace]: [32mEntering StopAndMeasure[0m
[INFO] [1788884382.156004716] [GSL]: 10 gas measurements, 10 wind measurements over 1.97 seconds
[INFO] [1788884382.156354344] [GSL]: avg_gas=9.8e-07;  avg_windSpeed=0.04;  avg_wind_dir=2.7
[INFO] [1788884382.156947402] [GSL]: [33mNOTHING [0m
[INFO] [1788884382.156957603] [GSL]: [DEBUG-WIND] useGroundTruth=false gmrf_req_size=631 gaden_req_size=-1
[INFO] [1788884382.156964112] [GSL]: [DEBUG-WIND] Taking GMRF path
[INFO] [1788884382.187631379] [GSL - Trace]: [32mEntering StopAndMeasure[0m
[INFO] [1788884384.206322906] [GSL]: 10 gas measurements, 10 wind measurements over 2.02 seconds
[INFO] [1788884384.206415993] [GSL]: avg_gas=1.9e-07;  avg_windSpeed=0.058;  avg_wind_dir=-2.9
[INFO] [1788884384.207321781] [GSL]: [33mNOTHING [0m
[INFO] [1788884384.207336242] [GSL]: [DEBUG-WIND] useGroundTruth=false gmrf_req_size=631 gaden_req_size=-1
[INFO] [1788884384.207346411] [GSL]: [DEBUG-WIND] Taking GMRF path
[INFO] [1788884384.288642386] [GSL - Trace]: [32mEntering StopAndMeasure[0m
[INFO] [1788884386.206145907] [GSL]: 10 gas measurements, 10 wind measurements over 1.92 seconds
[INFO] [1788884386.206535490] [GSL]: avg_gas=3.5e-08;  avg_windSpeed=0.04;  avg_wind_dir=2.7
[INFO] [1788884386.207206990] [GSL]: [33mNOTHING [0m
[INFO] [1788884386.207218161] [GSL]: [DEBUG-WIND] useGroundTruth=false gmrf_req_size=631 gaden_req_size=-1
[INFO] [1788884386.207226062] [GSL]: [DEBUG-WIND] Taking GMRF path
[INFO] [1788884386.288409720] [GSL - Trace]: [32mEntering StopAndMeasure[0m
[INFO] [1788884388.206265551] [GSL]: 10 gas measurements, 10 wind measurements over 1.92 seconds
[INFO] [1788884388.206365401] [GSL]: avg_gas=6.6e-09;  avg_windSpeed=0.058;  avg_wind_dir=-2.9
[INFO] [1788884388.207680292] [GSL]: [33mNOTHING [0m
[INFO] [1788884388.207700812] [GSL]: [DEBUG-WIND] useGroundTruth=false gmrf_req_size=631 gaden_req_size=-1
[INFO] [1788884388.207709557] [GSL]: [DEBUG-WIND] Taking GMRF path
[INFO] [1788884388.288092119] [GSL - Trace]: [32mEntering StopAndMeasure[0m
[INFO] [1788884390.206196876] [GSL]: 10 gas measurements, 10 wind measurements over 1.92 seconds
[INFO] [1788884390.206814434] [GSL]: avg_gas=1.2e-09;  avg_windSpeed=0.04;  avg_wind_dir=2.7
[INFO] [1788884390.207864486] [GSL]: [33mNOTHING [0m
[INFO] [1788884390.207885657] [GSL]: [DEBUG-WIND] useGroundTruth=false gmrf_req_size=631 gaden_req_size=-1
[INFO] [1788884390.207897015] [GSL]: [DEBUG-WIND] Taking GMRF path
[INFO] [1788884390.288242051] [GSL - Trace]: [32mEntering StopAndMeasure[0m
[INFO] [1788884392.206131740] [GSL]: 10 gas measurements, 10 wind measurements over 1.92 seconds
[INFO] [1788884392.206208308] [GSL]: avg_gas=2.4e-10;  avg_windSpeed=0.057;  avg_wind_dir=-2.9
[INFO] [1788884392.207213504] [GSL]: [33mNOTHING [0m
[INFO] [1788884392.207229691] [GSL]: [DEBUG-WIND] useGroundTruth=false gmrf_req_size=631 gaden_req_size=-1
[INFO] [1788884392.207241305] [GSL]: [DEBUG-WIND] Taking GMRF path
[INFO] [1788884392.288419253] [GSL]: [33mStarted simulations. Might take a while![0m
[INFO] [1788884392.587366284] [GSL]: CER contrastive context initialized: events=80, candidates=62, transport_members=3, fixed_ratio_weight=1, context_within_member=true, centered_log_odds=true
[INFO] [1788884392.589860475] [GSL - Trace]: [32mFirst simulation level done[0m
[INFO] [1788884392.589905268] [GSL]: [RC2-DIAG] scores_size=62 refineFraction=0.25 refine_product=15.5 valid_first_level=62 sum_sourceProbInternal_before_norm=255.83935302953893 min_sourceProbInternal_before_norm=0 max_sourceProbInternal_before_norm=0.5883674538815136 finite_sourceProbInternal=1053 finite_varianceOfHitProb=1053
[INFO] [1788884392.845769944] [GSL - Trace]: [32mSimulation level 2 done[0m
[INFO] [1788884392.966965957] [GSL - Trace]: [32mSimulation level 3 done[0m
[INFO] [1788884393.019706674] [GSL - Trace]: [32mSimulation level 4 done[0m
[INFO] [1788884393.019849068] [GSL - Trace]: [32mSimulation level 5 done[0m
[INFO] [1788884393.019858637] [GSL]: Number of levels in the simulation: 5
[INFO] [1788884393.019865083] [GSL]: Total number of simulations: 138
[INFO] [1788884393.019889882] [GSL]: CORE sequential event-time commit: window_start=72, new_events=8, committed_total=80
[INFO] [1788884393.020462212] [GSL]: [RC2-DIAG] normalized_finite_count=1053 normalized_sum=1
[INFO] [1788884393.020481734] [GSL]: Time ellapsed in simulation = 0.731946792 s
[INFO] [1788884393.024072884] [GSL]: Max mutual info: 0.002
[INFO] [1788884393.024218877] [GSL]: MutualInformation - Ellapsed: 0.004s
[INFO] [1788884393.057140118] [GSL]: Sending goal (1.06, -2.50)
[INFO] [1788884393.057603713] [GSL]: Variance: 0.00
[INFO] [1788884393.057627094] [GSL - Trace]: [32mEntering Moving[0m
[INFO] [1788884396.208320403] [GSL - Trace]: [32mEntering StopAndMeasure[0m
[INFO] [1788884398.158986501] [GSL]: 10 gas measurements, 10 wind measurements over 1.95 seconds
[INFO] [1788884398.159035686] [GSL]: avg_gas=1.6e-12;  avg_windSpeed=0.013;  avg_wind_dir=1.4
[INFO] [1788884398.159609071] [GSL]: [33mNOTHING [0m
[INFO] [1788884398.159618147] [GSL]: [DEBUG-WIND] useGroundTruth=false gmrf_req_size=631 gaden_req_size=-1
[INFO] [1788884398.159625024] [GSL]: [DEBUG-WIND] Taking GMRF path
[INFO] [1788884398.187652385] [GSL - Trace]: [32mEntering StopAndMeasure[0m
[INFO] [1788884400.158760489] [GSL]: 10 gas measurements, 10 wind measurements over 1.97 seconds
[INFO] [1788884400.158830913] [GSL]: avg_gas=3e-13;  avg_windSpeed=0.01;  avg_wind_dir=2.3
[INFO] [1788884400.159691797] [GSL]: [33mNOTHING [0m
[INFO] [1788884400.159705059] [GSL]: [DEBUG-WIND] useGroundTruth=false gmrf_req_size=631 gaden_req_size=-1
[INFO] [1788884400.159714814] [GSL]: [DEBUG-WIND] Taking GMRF path
[INFO] [1788884400.187825724] [GSL - Trace]: [32mEntering StopAndMeasure[0m
[INFO] [1788884402.158798323] [GSL]: 10 gas measurements, 10 wind measurements over 1.97 seconds
[INFO] [1788884402.158906197] [GSL]: avg_gas=5.7e-14;  avg_windSpeed=0.013;  avg_wind_dir=0.69
[INFO] [1788884402.159679668] [GSL]: [33mNOTHING [0m
[INFO] [1788884402.159692099] [GSL]: [DEBUG-WIND] useGroundTruth=false gmrf_req_size=631 gaden_req_size=-1
[INFO] [1788884402.159701297] [GSL]: [DEBUG-WIND] Taking GMRF path
[INFO] [1788884402.188136209] [GSL - Trace]: [32mEntering StopAndMeasure[0m
[INFO] [1788884404.158877340] [GSL]: 10 gas measurements, 10 wind measurements over 1.97 seconds
[INFO] [1788884404.158914505] [GSL]: avg_gas=1.1e-14;  avg_windSpeed=0.011;  avg_wind_dir=2.5
[INFO] [1788884404.159454884] [GSL]: [33mNOTHING [0m
[INFO] [1788884404.159463555] [GSL]: [DEBUG-WIND] useGroundTruth=false gmrf_req_size=631 gaden_req_size=-1
[INFO] [1788884404.159470443] [GSL]: [DEBUG-WIND] Taking GMRF path
[INFO] [1788884404.187698227] [GSL - Trace]: [32mEntering StopAndMeasure[0m
[INFO] [1788884406.158785642] [GSL]: 10 gas measurements, 10 wind measurements over 1.97 seconds
[INFO] [1788884406.158897410] [GSL]: avg_gas=2e-15;  avg_windSpeed=0.013;  avg_wind_dir=1
[INFO] [1788884406.159573613] [GSL]: [33mNOTHING [0m
[INFO] [1788884406.159585554] [GSL]: [DEBUG-WIND] useGroundTruth=false gmrf_req_size=631 gaden_req_size=-1
[INFO] [1788884406.159593693] [GSL]: [DEBUG-WIND] Taking GMRF path
[INFO] [1788884406.187745763] [GSL - Trace]: [32mEntering StopAndMeasure[0m
[INFO] [1788884408.159178121] [GSL]: 10 gas measurements, 10 wind measurements over 1.97 seconds
[INFO] [1788884408.159258777] [GSL]: avg_gas=3.8e-16;  avg_windSpeed=0.011;  avg_wind_dir=2.9
[INFO] [1788884408.160324385] [GSL]: [33mNOTHING [0m
[INFO] [1788884408.160342231] [GSL]: [DEBUG-WIND] useGroundTruth=false gmrf_req_size=631 gaden_req_size=-1
[INFO] [1788884408.160354354] [GSL]: [DEBUG-WIND] Taking GMRF path
[INFO] [1788884408.188053402] [GSL - Trace]: [32mEntering StopAndMeasure[0m
[INFO] [1788884410.158798904] [GSL]: 10 gas measurements, 10 wind measurements over 1.97 seconds
[INFO] [1788884410.158905188] [GSL]: avg_gas=7.2e-17;  avg_windSpeed=0.012;  avg_wind_dir=1
[INFO] [1788884410.159470491] [GSL]: [33mNOTHING [0m
[INFO] [1788884410.159479853] [GSL]: [DEBUG-WIND] useGroundTruth=false gmrf_req_size=631 gaden_req_size=-1
[INFO] [1788884410.159499283] [GSL]: [DEBUG-WIND] Taking GMRF path
[INFO] [1788884410.187763450] [GSL - Trace]: [32mEntering StopAndMeasure[0m
[INFO] [1788884412.159112064] [GSL]: 10 gas measurements, 10 wind measurements over 1.97 seconds
[INFO] [1788884412.159170972] [GSL]: avg_gas=1.4e-17;  avg_windSpeed=0.013;  avg_wind_dir=2.6
[INFO] [1788884412.160095812] [GSL]: [33mNOTHING [0m
[INFO] [1788884412.160110212] [GSL]: [DEBUG-WIND] useGroundTruth=false gmrf_req_size=631 gaden_req_size=-1
[INFO] [1788884412.160116918] [GSL]: [DEBUG-WIND] Taking GMRF path
[INFO] [1788884412.188126006] [GSL]: [33mStarted simulations. Might take a while![0m
[INFO] [1788884412.489191045] [GSL]: CER contrastive context initialized: events=88, candidates=62, transport_members=3, fixed_ratio_weight=1, context_within_member=true, centered_log_odds=true
[INFO] [1788884412.490900732] [GSL - Trace]: [32mFirst simulation level done[0m
[INFO] [1788884412.490935503] [GSL]: [RC2-DIAG] scores_size=62 refineFraction=0.25 refine_product=15.5 valid_first_level=62 sum_sourceProbInternal_before_norm=270.57199184900634 min_sourceProbInternal_before_norm=0 max_sourceProbInternal_before_norm=0.5663306195128887 finite_sourceProbInternal=1053 finite_varianceOfHitProb=1053
[INFO] [1788884412.755979349] [GSL - Trace]: [32mSimulation level 2 done[0m
[INFO] [1788884412.920356158] [GSL - Trace]: [32mSimulation level 3 done[0m
[INFO] [1788884412.975460682] [GSL - Trace]: [32mSimulation level 4 done[0m
[INFO] [1788884412.984872167] [GSL - Trace]: [32mSimulation level 5 done[0m
[INFO] [1788884412.985218311] [GSL]: Number of levels in the simulation: 5
[INFO] [1788884412.985230394] [GSL]: Total number of simulations: 146
[INFO] [1788884412.990894033] [GSL]: CORE sequential event-time commit: window_start=80, new_events=8, committed_total=88
[INFO] [1788884412.991469147] [GSL]: [RC2-DIAG] normalized_finite_count=1053 normalized_sum=1
[INFO] [1788884412.991638475] [GSL]: Time ellapsed in simulation = 0.80338953 s
[INFO] [1788884413.000073516] [GSL]: Max mutual info: 0.636
[INFO] [1788884413.000207321] [GSL]: MutualInformation - Ellapsed: 0.009s
[INFO] [1788884413.029255338] [GSL]: Sending goal (-1.64, -4.90)
[INFO] [1788884413.030036821] [GSL]: Variance: 0.16
[INFO] [1788884413.030078798] [GSL - Trace]: [32mEntering Moving[0m
[INFO] [1788884416.026173595] [GSL - Trace]: [32mEntering StopAndMeasure[0m
[INFO] [1788884417.981209806] [GSL]: 10 gas measurements, 10 wind measurements over 1.95 seconds
[INFO] [1788884417.981295550] [GSL]: avg_gas=1.1e-19;  avg_windSpeed=0.46;  avg_wind_dir=-1.8
[INFO] [1788884417.982034859] [GSL]: [33mNOTHING [0m
[INFO] [1788884417.982063461] [GSL]: [DEBUG-WIND] useGroundTruth=false gmrf_req_size=631 gaden_req_size=-1
[INFO] [1788884417.982072238] [GSL]: [DEBUG-WIND] Taking GMRF path
[INFO] [1788884417.987538271] [GSL - Trace]: [32mEntering StopAndMeasure[0m
[INFO] [1788884418.181170030] [GSL]: Could not find the source. Sorry!
[INFO] [1788884419.200608591] [GSL]: [34mDONE, CLOSING[0m
