[WARN] [1788860393.356950064] [rcl.logging_rosout]: Publisher already registered for provided node name. If this is due to multiple nodes with the same name then all logs for that logger name will go out over the existing publisher. As soon as any node with that name is destructed it will unregister the publisher, preventing any further logs for that name from being published on the rosout topic.
[INFO] [1788860393.390611203] [vgr_uav_sim]: Loading VGR data from /mnt/hgfs/workspace/GADEN_files/scenarios/House02, config=3,5-1_fast
[INFO] [1788860393.437709249] [vgr_uav_sim]: Occupancy: 83x119 slice z_idx=13 (z=0.3m), free=6811, obstacle=3066, input_sha256=9402690152be4568ced8f2256e9098d82691aaaa1f22a1887eeac55d0e5d098d
[INFO] [1788860393.712012137] [vgr_uav_sim]: Gas backend=gaden_player service=/frame_query
[INFO] [1788860393.712388803] [vgr_uav_sim]: GADEN realization=FilamentSimulation_gasType_10_sourcePosition_0.00_-1.00_0.20, max_iteration=1999
[INFO] [1788860393.720275548] [vgr_uav_sim]: Sensor-safe occupancy intersection: 83x119 min=[-5.39273, -7.45088] max=[2.9072700000000005, 4.449120000000001]
[INFO] [1788860393.722983350] [vgr_uav_sim]: Navigation grid: coarse 27x39 cell=0.3000 free=643 obstacle=410 (reduce_scale=3)
[INFO] [1788860393.757279366] [vgr_uav_sim]: UAV Sim v3 ready. Start=(-0.5,-2.5), sim_dt=0.200s, realtime_factor=1.00, sensor=asymmetric, vertical_motion=False, open_loop_profile=hover
[WARN] [1788860421.321049384] [vgr_uav_sim]: PLAN_CB: called with goal=(-1.64,-2.50)
[WARN] [1788860421.322550318] [vgr_uav_sim]: PLAN_CB: returning 6 poses
[WARN] [1788860421.332206682] [vgr_uav_sim]: PLAN_CB: called with goal=(-1.64,-2.50)
[WARN] [1788860421.333343794] [vgr_uav_sim]: PLAN_CB: returning 6 poses
[INFO] [1788860421.344302474] [vgr_uav_sim]: Prepared 6 collision-free navigation waypoints to (-1.64, -2.50)
[INFO] [1788860421.345250741] [vgr_uav_sim]: UAV navigating in audited 2-D mode to (-1.64, -2.50, 0.30)
[WARN] [1788860438.307605497] [vgr_uav_sim]: PLAN_CB: called with goal=(-2.54,-2.50)
[WARN] [1788860438.313163096] [vgr_uav_sim]: PLAN_CB: returning 5 poses
[WARN] [1788860438.324375369] [vgr_uav_sim]: PLAN_CB: called with goal=(-2.54,-2.50)
[WARN] [1788860438.325411163] [vgr_uav_sim]: PLAN_CB: returning 5 poses
[INFO] [1788860438.337206014] [vgr_uav_sim]: Prepared 5 collision-free navigation waypoints to (-2.54, -2.50)
[INFO] [1788860438.338293600] [vgr_uav_sim]: UAV navigating in audited 2-D mode to (-2.54, -2.50, 0.30)
[WARN] [1788860455.008989565] [vgr_uav_sim]: PLAN_CB: called with goal=(-3.44,-2.50)
[WARN] [1788860455.012028966] [vgr_uav_sim]: PLAN_CB: returning 5 poses
[WARN] [1788860455.022288998] [vgr_uav_sim]: PLAN_CB: called with goal=(-3.44,-2.50)
[WARN] [1788860455.023426250] [vgr_uav_sim]: PLAN_CB: returning 5 poses
[INFO] [1788860455.035449635] [vgr_uav_sim]: Prepared 5 collision-free navigation waypoints to (-3.44, -2.50)
[INFO] [1788860455.036903715] [vgr_uav_sim]: UAV navigating in audited 2-D mode to (-3.44, -2.50, 0.30)
[WARN] [1788860472.796999893] [vgr_uav_sim]: PLAN_CB: called with goal=(-2.24,-1.30)
[WARN] [1788860472.799138807] [vgr_uav_sim]: PLAN_CB: returning 6 poses
[WARN] [1788860472.808188808] [vgr_uav_sim]: PLAN_CB: called with goal=(-2.24,-1.30)
[WARN] [1788860472.809572647] [vgr_uav_sim]: PLAN_CB: returning 6 poses
[INFO] [1788860472.820376450] [vgr_uav_sim]: Prepared 6 collision-free navigation waypoints to (-2.24, -1.30)
[INFO] [1788860472.821331180] [vgr_uav_sim]: UAV navigating in audited 2-D mode to (-2.24, -1.30, 0.30)
[WARN] [1788860490.126136150] [vgr_uav_sim]: PLAN_CB: called with goal=(-1.64,-1.60)
[WARN] [1788860490.130390578] [vgr_uav_sim]: PLAN_CB: returning 4 poses
[WARN] [1788860490.137419210] [vgr_uav_sim]: PLAN_CB: called with goal=(-1.64,-1.60)
[WARN] [1788860490.138898695] [vgr_uav_sim]: PLAN_CB: returning 4 poses
[INFO] [1788860490.149632731] [vgr_uav_sim]: Prepared 4 collision-free navigation waypoints to (-1.64, -1.60)
[INFO] [1788860490.150698488] [vgr_uav_sim]: UAV navigating in audited 2-D mode to (-1.64, -1.60, 0.30)
[WARN] [1788860506.722355603] [vgr_uav_sim]: PLAN_CB: called with goal=(-3.14,-1.60)
[WARN] [1788860506.736701938] [vgr_uav_sim]: PLAN_CB: returning 7 poses
[WARN] [1788860506.744748824] [vgr_uav_sim]: PLAN_CB: called with goal=(-3.14,-1.60)
[WARN] [1788860506.746154050] [vgr_uav_sim]: PLAN_CB: returning 7 poses
[INFO] [1788860506.757227684] [vgr_uav_sim]: Prepared 7 collision-free navigation waypoints to (-3.14, -1.60)
[INFO] [1788860506.758256473] [vgr_uav_sim]: UAV navigating in audited 2-D mode to (-3.14, -1.60, 0.30)
[WARN] [1788860525.084646861] [vgr_uav_sim]: PLAN_CB: called with goal=(-3.74,-1.90)
[WARN] [1788860525.085479294] [vgr_uav_sim]: PLAN_CB: returning 4 poses
[WARN] [1788860525.093229405] [vgr_uav_sim]: PLAN_CB: called with goal=(-3.74,-1.90)
[WARN] [1788860525.094059049] [vgr_uav_sim]: PLAN_CB: returning 4 poses
[INFO] [1788860525.106149284] [vgr_uav_sim]: Prepared 4 collision-free navigation waypoints to (-3.74, -1.90)
[INFO] [1788860525.107110379] [vgr_uav_sim]: UAV navigating in audited 2-D mode to (-3.74, -1.90, 0.30)
[WARN] [1788860541.713230743] [vgr_uav_sim]: PLAN_CB: called with goal=(-4.04,-2.80)
[WARN] [1788860541.714447306] [vgr_uav_sim]: PLAN_CB: returning 5 poses
[WARN] [1788860541.725746161] [vgr_uav_sim]: PLAN_CB: called with goal=(-4.04,-2.80)
[WARN] [1788860541.726967657] [vgr_uav_sim]: PLAN_CB: returning 5 poses
[INFO] [1788860541.738158051] [vgr_uav_sim]: Prepared 5 collision-free navigation waypoints to (-4.04, -2.80)
[INFO] [1788860541.739282490] [vgr_uav_sim]: UAV navigating in audited 2-D mode to (-4.04, -2.80, 0.30)
[WARN] [1788860558.418762333] [vgr_uav_sim]: PLAN_CB: called with goal=(-3.44,-3.10)
[WARN] [1788860558.420338303] [vgr_uav_sim]: PLAN_CB: returning 4 poses
[WARN] [1788860558.430054422] [vgr_uav_sim]: PLAN_CB: called with goal=(-3.44,-3.10)
[WARN] [1788860558.431015656] [vgr_uav_sim]: PLAN_CB: returning 4 poses
[INFO] [1788860558.444093996] [vgr_uav_sim]: Prepared 4 collision-free navigation waypoints to (-3.44, -3.10)
[INFO] [1788860558.445135227] [vgr_uav_sim]: UAV navigating in audited 2-D mode to (-3.44, -3.10, 0.30)
[WARN] [1788860575.952311781] [vgr_uav_sim]: PLAN_CB: called with goal=(-1.94,-3.10)
[WARN] [1788860575.955573226] [vgr_uav_sim]: PLAN_CB: returning 7 poses
[WARN] [1788860575.971455304] [vgr_uav_sim]: PLAN_CB: called with goal=(-1.94,-3.10)
[WARN] [1788860575.973569981] [vgr_uav_sim]: PLAN_CB: returning 7 poses
[INFO] [1788860575.983742954] [vgr_uav_sim]: Prepared 7 collision-free navigation waypoints to (-1.94, -3.10)
[INFO] [1788860575.985607185] [vgr_uav_sim]: UAV navigating in audited 2-D mode to (-1.94, -3.10, 0.30)
[WARN] [1788860593.212288676] [vgr_uav_sim]: PLAN_CB: called with goal=(-1.04,-2.80)
[WARN] [1788860593.214647083] [vgr_uav_sim]: PLAN_CB: returning 5 poses
[WARN] [1788860593.225923375] [vgr_uav_sim]: PLAN_CB: called with goal=(-1.04,-2.80)
[WARN] [1788860593.227636483] [vgr_uav_sim]: PLAN_CB: returning 5 poses
[INFO] [1788860593.238058058] [vgr_uav_sim]: Prepared 5 collision-free navigation waypoints to (-1.04, -2.80)
[INFO] [1788860593.239057617] [vgr_uav_sim]: UAV navigating in audited 2-D mode to (-1.04, -2.80, 0.30)
[WARN] [1788860610.020130922] [vgr_uav_sim]: PLAN_CB: called with goal=(-1.04,-2.20)
[WARN] [1788860610.021193747] [vgr_uav_sim]: PLAN_CB: returning 4 poses
[WARN] [1788860610.031621235] [vgr_uav_sim]: PLAN_CB: called with goal=(-1.04,-2.20)
[WARN] [1788860610.032725130] [vgr_uav_sim]: PLAN_CB: returning 4 poses
[INFO] [1788860610.044370480] [vgr_uav_sim]: Prepared 4 collision-free navigation waypoints to (-1.04, -2.20)
[INFO] [1788860610.045503398] [vgr_uav_sim]: UAV navigating in audited 2-D mode to (-1.04, -2.20, 0.30)
[WARN] [1788860627.481358038] [vgr_uav_sim]: PLAN_CB: called with goal=(-2.54,-3.40)
[WARN] [1788860627.483469611] [vgr_uav_sim]: PLAN_CB: returning 7 poses
[WARN] [1788860627.494423952] [vgr_uav_sim]: PLAN_CB: called with goal=(-2.54,-3.40)
[WARN] [1788860627.495837819] [vgr_uav_sim]: PLAN_CB: returning 7 poses
[INFO] [1788860627.505313383] [vgr_uav_sim]: Prepared 7 collision-free navigation waypoints to (-2.54, -3.40)
[INFO] [1788860627.506455060] [vgr_uav_sim]: UAV navigating in audited 2-D mode to (-2.54, -3.40, 0.30)
[WARN] [1788860644.910499165] [vgr_uav_sim]: PLAN_CB: called with goal=(-1.64,-3.70)
[WARN] [1788860644.911568243] [vgr_uav_sim]: PLAN_CB: returning 5 poses
[WARN] [1788860644.923575697] [vgr_uav_sim]: PLAN_CB: called with goal=(-1.64,-3.70)
[WARN] [1788860644.924760323] [vgr_uav_sim]: PLAN_CB: returning 5 poses
[INFO] [1788860644.935680191] [vgr_uav_sim]: Prepared 5 collision-free navigation waypoints to (-1.64, -3.70)
[INFO] [1788860644.936689656] [vgr_uav_sim]: UAV navigating in audited 2-D mode to (-1.64, -3.70, 0.30)
