[INFO] [1788891715.830536590] [GSL]: Starting GSL server
[INFO] [1788891721.253363800] [GSL]: GSL action server is ready for action!
[INFO] [1788891722.255397533] [GSL]: [33mRequest received: PMFS[0m
[INFO] [1788891723.266254410] [GSL]: Waiting to hear from localization topic: /amcl_pose
[INFO] [1788891723.268090685] [GSL]: Gas sensor topic: '/PID/Sensor_reading'
[INFO] [1788891723.268796414] [GSL]: Wind sensor topic: '/Anemometer/WindSensor_reading'
[INFO] [1788891723.268832358] [GSL]: [34mINITIALIZATON COMPLETED[0m
[INFO] [1788891723.288643899] [GSL - Trace]: [32mEntering WaitForMap[0m
[INFO] [1788891723.288679608] [GSL - Trace]: [32mNeed occupancy map and costmap[0m
[INFO] [1788891723.340758227] [GSL - Trace]: [32mGot occupancy map[0m
[INFO] [1788891723.340824537] [GSL]: 
--------------GSL---------------
Occupancy Map dimensions:
x_min:-0.85 x_max:13   -   y_min:-1.9 y_max:6.4
--------------------------------
[INFO] [1788891723.341107157] [GSL]: [MAP-DEBUG] 138x83 res=0.1000 free=7258 obs=4196 unk=0 origin=(-0.85,-1.86)
[INFO] [1788891723.343037513] [GSL - Trace]: [32mCreated grid[0m
[INFO] [1788891723.343071794] [GSL]: [DEBUG] After reduceOccupancyMap: free=641 obstacle=601 total=1242
[INFO] [1788891723.343985332] [GSL - Trace]: [32mPruned unreachable cells[0m
[INFO] [1788891723.344024950] [GSL]: [DEBUG] After PruneUnreachable: free=626 obstacle=616 total=1242
[INFO] [1788891723.344036642] [GSL]: [DEBUG] Grid dims: 46x27 scale=3 cellSize=0.3
[INFO] [1788891723.344046049] [GSL]: [DEBUG] Start pos: (2, 0)
[INFO] [1788891723.350487965] [GSL - Trace]: [32mCreated visibility map[0m
[INFO] [1788891723.375892284] [GSL]: Number of cells after fusing quadtree: 85
[INFO] [1788891723.376915926] [GSL]: [DEBUG-WIND] useGroundTruth=false gmrf_req_size=626 gaden_req_size=-1
[INFO] [1788891723.376963066] [GSL]: [DEBUG-WIND] Taking GMRF path
[INFO] [1788891723.427441625] [GSL - Trace]: [32mEntering StopAndMeasure[0m
[INFO] [1788891723.890508081] [GSL - Trace]: [32mGot cost map[0m
[INFO] [1788891725.290647807] [GSL]: 10 gas measurements, 10 wind measurements over 1.86 seconds
[INFO] [1788891725.291041521] [GSL]: avg_gas=0.081;  avg_windSpeed=0.14;  avg_wind_dir=-0.33
[INFO] [1788891725.291530286] [GSL]: [33mNOTHING [0m
[INFO] [1788891725.291539507] [GSL]: [DEBUG-WIND] useGroundTruth=false gmrf_req_size=626 gaden_req_size=-1
[INFO] [1788891725.291546302] [GSL]: [DEBUG-WIND] Taking GMRF path
[INFO] [1788891725.326931483] [GSL - Trace]: [32mEntering StopAndMeasure[0m
[INFO] [1788891727.290747458] [GSL]: 10 gas measurements, 10 wind measurements over 1.96 seconds
[INFO] [1788891727.290925401] [GSL]: avg_gas=0.063;  avg_windSpeed=0.25;  avg_wind_dir=-0.16
[INFO] [1788891727.292287389] [GSL]: [33mNOTHING [0m
[INFO] [1788891727.292347891] [GSL]: [DEBUG-WIND] useGroundTruth=false gmrf_req_size=626 gaden_req_size=-1
[INFO] [1788891727.292363007] [GSL]: [DEBUG-WIND] Taking GMRF path
[INFO] [1788891727.327088791] [GSL - Trace]: [32mEntering StopAndMeasure[0m
[INFO] [1788891729.290660631] [GSL]: 10 gas measurements, 10 wind measurements over 1.96 seconds
[INFO] [1788891729.291675652] [GSL]: avg_gas=0.081;  avg_windSpeed=0.14;  avg_wind_dir=-0.33
[INFO] [1788891729.292834035] [GSL]: [33mNOTHING [0m
[INFO] [1788891729.292895681] [GSL]: [DEBUG-WIND] useGroundTruth=false gmrf_req_size=626 gaden_req_size=-1
[INFO] [1788891729.292910324] [GSL]: [DEBUG-WIND] Taking GMRF path
[INFO] [1788891729.327370978] [GSL - Trace]: [32mEntering StopAndMeasure[0m
[INFO] [1788891731.290725606] [GSL]: 10 gas measurements, 10 wind measurements over 1.96 seconds
[INFO] [1788891731.290929615] [GSL]: avg_gas=0.084;  avg_windSpeed=0.25;  avg_wind_dir=-0.16
[INFO] [1788891731.292004382] [GSL]: [33mNOTHING [0m
[INFO] [1788891731.292025655] [GSL]: [DEBUG-WIND] useGroundTruth=false gmrf_req_size=626 gaden_req_size=-1
[INFO] [1788891731.292040277] [GSL]: [DEBUG-WIND] Taking GMRF path
[INFO] [1788891731.328117515] [GSL - Trace]: [32mEntering StopAndMeasure[0m
[INFO] [1788891733.290757789] [GSL]: 10 gas measurements, 10 wind measurements over 1.96 seconds
[INFO] [1788891733.291074787] [GSL]: avg_gas=0.097;  avg_windSpeed=0.14;  avg_wind_dir=-0.33
[INFO] [1788891733.291618639] [GSL]: [33mNOTHING [0m
[INFO] [1788891733.291641388] [GSL]: [DEBUG-WIND] useGroundTruth=false gmrf_req_size=626 gaden_req_size=-1
[INFO] [1788891733.291648220] [GSL]: [DEBUG-WIND] Taking GMRF path
[INFO] [1788891733.327109185] [GSL - Trace]: [32mEntering StopAndMeasure[0m
[INFO] [1788891735.290717876] [GSL]: 10 gas measurements, 10 wind measurements over 1.96 seconds
[INFO] [1788891735.290823417] [GSL]: avg_gas=0.053;  avg_windSpeed=0.25;  avg_wind_dir=-0.16
[INFO] [1788891735.291701619] [GSL]: [33mNOTHING [0m
[INFO] [1788891735.291718727] [GSL]: [DEBUG-WIND] useGroundTruth=false gmrf_req_size=626 gaden_req_size=-1
[INFO] [1788891735.291731041] [GSL]: [DEBUG-WIND] Taking GMRF path
[INFO] [1788891735.327265306] [GSL - Trace]: [32mEntering StopAndMeasure[0m
[INFO] [1788891737.290618456] [GSL]: 10 gas measurements, 10 wind measurements over 1.96 seconds
[INFO] [1788891737.290690111] [GSL]: avg_gas=0.066;  avg_windSpeed=0.14;  avg_wind_dir=-0.33
[INFO] [1788891737.317397286] [GSL]: [33mNOTHING [0m
[INFO] [1788891737.317431117] [GSL]: [DEBUG-WIND] useGroundTruth=false gmrf_req_size=626 gaden_req_size=-1
[INFO] [1788891737.317438538] [GSL]: [DEBUG-WIND] Taking GMRF path
[INFO] [1788891737.327017855] [GSL - Trace]: [32mEntering StopAndMeasure[0m
[INFO] [1788891739.290822044] [GSL]: 10 gas measurements, 10 wind measurements over 1.96 seconds
[INFO] [1788891739.291094603] [GSL]: avg_gas=0.13;  avg_windSpeed=0.25;  avg_wind_dir=-0.16
[INFO] [1788891739.291978703] [GSL]: [33mGAS HIT[0m
[INFO] [1788891739.291995953] [GSL]: [DEBUG-WIND] useGroundTruth=false gmrf_req_size=626 gaden_req_size=-1
[INFO] [1788891739.292008118] [GSL]: [DEBUG-WIND] Taking GMRF path
[INFO] [1788891739.344747322] [GSL]: Max mutual info: 6.439
[WARN] [1788891739.346252385] [rcl.logging_rosout]: Publisher already registered for provided node name. If this is due to multiple nodes with the same name then all logs for that logger name will go out over the existing publisher. As soon as any node with that name is destructed it will unregister the publisher, preventing any further logs for that name from being published on the rosout topic.
[INFO] [1788891739.356956693] [GSL]: MutualInformation - Ellapsed: 0.030s
[INFO] [1788891739.385207408] [GSL]: Sending goal (1.10, 0.39)
[INFO] [1788891739.385649246] [GSL]: Variance: 18.45
[INFO] [1788891739.385668145] [GSL - Trace]: [32mEntering Moving[0m
[INFO] [1788891740.141102221] [GSL - Trace]: [32mEntering StopAndMeasure[0m
[INFO] [1788891742.090574503] [GSL]: 10 gas measurements, 10 wind measurements over 1.95 seconds
[INFO] [1788891742.090635777] [GSL]: avg_gas=0.053;  avg_windSpeed=0.23;  avg_wind_dir=-1.1
[INFO] [1788891742.091072464] [GSL]: [33mNOTHING [0m
[INFO] [1788891742.091082249] [GSL]: [DEBUG-WIND] useGroundTruth=false gmrf_req_size=626 gaden_req_size=-1
[INFO] [1788891742.091089606] [GSL]: [DEBUG-WIND] Taking GMRF path
[INFO] [1788891742.127167395] [GSL - Trace]: [32mEntering StopAndMeasure[0m
[INFO] [1788891744.090795089] [GSL]: 10 gas measurements, 10 wind measurements over 1.96 seconds
[INFO] [1788891744.091014916] [GSL]: avg_gas=0.025;  avg_windSpeed=0.21;  avg_wind_dir=-1.2
[INFO] [1788891744.091920932] [GSL]: [33mNOTHING [0m
[INFO] [1788891744.091942584] [GSL]: [DEBUG-WIND] useGroundTruth=false gmrf_req_size=626 gaden_req_size=-1
[INFO] [1788891744.091958178] [GSL]: [DEBUG-WIND] Taking GMRF path
[INFO] [1788891744.127058428] [GSL - Trace]: [32mEntering StopAndMeasure[0m
[INFO] [1788891746.090758899] [GSL]: 10 gas measurements, 10 wind measurements over 1.96 seconds
[INFO] [1788891746.090973847] [GSL]: avg_gas=0.05;  avg_windSpeed=0.23;  avg_wind_dir=-1.1
[INFO] [1788891746.091964324] [GSL]: [33mNOTHING [0m
[INFO] [1788891746.091986657] [GSL]: [DEBUG-WIND] useGroundTruth=false gmrf_req_size=626 gaden_req_size=-1
[INFO] [1788891746.092047268] [GSL]: [DEBUG-WIND] Taking GMRF path
[INFO] [1788891746.127055818] [GSL - Trace]: [32mEntering StopAndMeasure[0m
[INFO] [1788891748.090661842] [GSL]: 10 gas measurements, 10 wind measurements over 1.96 seconds
[INFO] [1788891748.090787642] [GSL]: avg_gas=0.035;  avg_windSpeed=0.21;  avg_wind_dir=-1.2
[INFO] [1788891748.091635231] [GSL]: [33mNOTHING [0m
[INFO] [1788891748.091654366] [GSL]: [DEBUG-WIND] useGroundTruth=false gmrf_req_size=626 gaden_req_size=-1
[INFO] [1788891748.091667140] [GSL]: [DEBUG-WIND] Taking GMRF path
[INFO] [1788891748.126752261] [GSL - Trace]: [32mEntering StopAndMeasure[0m
[INFO] [1788891750.090802798] [GSL]: 10 gas measurements, 10 wind measurements over 1.96 seconds
[INFO] [1788891750.090904097] [GSL]: avg_gas=0.038;  avg_windSpeed=0.23;  avg_wind_dir=-1.1
[INFO] [1788891750.091310484] [GSL]: [33mNOTHING [0m
[INFO] [1788891750.091319685] [GSL]: [DEBUG-WIND] useGroundTruth=false gmrf_req_size=626 gaden_req_size=-1
[INFO] [1788891750.091326845] [GSL]: [DEBUG-WIND] Taking GMRF path
[INFO] [1788891750.127364484] [GSL - Trace]: [32mEntering StopAndMeasure[0m
[INFO] [1788891752.090744334] [GSL]: 10 gas measurements, 10 wind measurements over 1.96 seconds
[INFO] [1788891752.091124065] [GSL]: avg_gas=0.057;  avg_windSpeed=0.21;  avg_wind_dir=-1.2
[INFO] [1788891752.091592382] [GSL]: [33mNOTHING [0m
[INFO] [1788891752.091603344] [GSL]: [DEBUG-WIND] useGroundTruth=false gmrf_req_size=626 gaden_req_size=-1
[INFO] [1788891752.091611595] [GSL]: [DEBUG-WIND] Taking GMRF path
[INFO] [1788891752.127061536] [GSL - Trace]: [32mEntering StopAndMeasure[0m
[INFO] [1788891754.090652483] [GSL]: 10 gas measurements, 10 wind measurements over 1.96 seconds
[INFO] [1788891754.090764942] [GSL]: avg_gas=0.026;  avg_windSpeed=0.23;  avg_wind_dir=-1.1
[INFO] [1788891754.091655768] [GSL]: [33mNOTHING [0m
[INFO] [1788891754.091675371] [GSL]: [DEBUG-WIND] useGroundTruth=false gmrf_req_size=626 gaden_req_size=-1
[INFO] [1788891754.091689846] [GSL]: [DEBUG-WIND] Taking GMRF path
[INFO] [1788891754.127022381] [GSL - Trace]: [32mEntering StopAndMeasure[0m
[INFO] [1788891756.090922375] [GSL]: 10 gas measurements, 10 wind measurements over 1.96 seconds
[INFO] [1788891756.091540751] [GSL]: avg_gas=0.025;  avg_windSpeed=0.21;  avg_wind_dir=-1.2
[INFO] [1788891756.092365653] [GSL]: [33mNOTHING [0m
[INFO] [1788891756.092384652] [GSL]: [DEBUG-WIND] useGroundTruth=false gmrf_req_size=626 gaden_req_size=-1
[INFO] [1788891756.092399202] [GSL]: [DEBUG-WIND] Taking GMRF path
[INFO] [1788891756.131435383] [GSL]: Max mutual info: 6.439
[INFO] [1788891756.131678449] [GSL]: MutualInformation - Ellapsed: 0.004s
[INFO] [1788891756.163300609] [GSL]: Sending goal (0.20, 0.39)
[INFO] [1788891756.164086221] [GSL]: Variance: 18.45
[INFO] [1788891756.164116927] [GSL - Trace]: [32mEntering Moving[0m
[INFO] [1788891756.940899416] [GSL - Trace]: [32mEntering StopAndMeasure[0m
[INFO] [1788891758.890568314] [GSL]: 10 gas measurements, 10 wind measurements over 1.95 seconds
[INFO] [1788891758.890625598] [GSL]: avg_gas=0.077;  avg_windSpeed=0.55;  avg_wind_dir=-1.3
[INFO] [1788891758.891081093] [GSL]: [33mNOTHING [0m
[INFO] [1788891758.891130208] [GSL]: [DEBUG-WIND] useGroundTruth=false gmrf_req_size=626 gaden_req_size=-1
[INFO] [1788891758.891302575] [GSL]: [DEBUG-WIND] Taking GMRF path
[INFO] [1788891758.926803581] [GSL - Trace]: [32mEntering StopAndMeasure[0m
[INFO] [1788891760.890488284] [GSL]: 10 gas measurements, 10 wind measurements over 1.96 seconds
[INFO] [1788891760.890542476] [GSL]: avg_gas=0.062;  avg_windSpeed=0.56;  avg_wind_dir=-1.3
[INFO] [1788891760.890970223] [GSL]: [33mNOTHING [0m
[INFO] [1788891760.890980006] [GSL]: [DEBUG-WIND] useGroundTruth=false gmrf_req_size=626 gaden_req_size=-1
[INFO] [1788891760.890987020] [GSL]: [DEBUG-WIND] Taking GMRF path
[INFO] [1788891760.927246863] [GSL - Trace]: [32mEntering StopAndMeasure[0m
[INFO] [1788891762.890688769] [GSL]: 10 gas measurements, 10 wind measurements over 1.96 seconds
[INFO] [1788891762.890782638] [GSL]: avg_gas=0.046;  avg_windSpeed=0.55;  avg_wind_dir=-1.3
[INFO] [1788891762.891436534] [GSL]: [33mNOTHING [0m
[INFO] [1788891762.891450693] [GSL]: [DEBUG-WIND] useGroundTruth=false gmrf_req_size=626 gaden_req_size=-1
[INFO] [1788891762.891814245] [GSL]: [DEBUG-WIND] Taking GMRF path
[INFO] [1788891762.927467798] [GSL - Trace]: [32mEntering StopAndMeasure[0m
[INFO] [1788891764.890569936] [GSL]: 10 gas measurements, 10 wind measurements over 1.96 seconds
[INFO] [1788891764.890626823] [GSL]: avg_gas=0.059;  avg_windSpeed=0.56;  avg_wind_dir=-1.3
[INFO] [1788891764.891062278] [GSL]: [33mNOTHING [0m
[INFO] [1788891764.891094364] [GSL]: [DEBUG-WIND] useGroundTruth=false gmrf_req_size=626 gaden_req_size=-1
[INFO] [1788891764.891102379] [GSL]: [DEBUG-WIND] Taking GMRF path
[INFO] [1788891764.926651371] [GSL - Trace]: [32mEntering StopAndMeasure[0m
[INFO] [1788891766.890630664] [GSL]: 10 gas measurements, 10 wind measurements over 1.96 seconds
[INFO] [1788891766.890703988] [GSL]: avg_gas=0.052;  avg_windSpeed=0.55;  avg_wind_dir=-1.3
[INFO] [1788891766.891152808] [GSL]: [33mNOTHING [0m
[INFO] [1788891766.891203176] [GSL]: [DEBUG-WIND] useGroundTruth=false gmrf_req_size=626 gaden_req_size=-1
[INFO] [1788891766.891627305] [GSL]: [DEBUG-WIND] Taking GMRF path
[INFO] [1788891766.927039172] [GSL - Trace]: [32mEntering StopAndMeasure[0m
[INFO] [1788891768.890561913] [GSL]: 10 gas measurements, 10 wind measurements over 1.96 seconds
[INFO] [1788891768.890629924] [GSL]: avg_gas=0.041;  avg_windSpeed=0.56;  avg_wind_dir=-1.3
[INFO] [1788891768.891081746] [GSL]: [33mNOTHING [0m
[INFO] [1788891768.891092897] [GSL]: [DEBUG-WIND] useGroundTruth=false gmrf_req_size=626 gaden_req_size=-1
[INFO] [1788891768.891100306] [GSL]: [DEBUG-WIND] Taking GMRF path
[INFO] [1788891768.926722602] [GSL - Trace]: [32mEntering StopAndMeasure[0m
[INFO] [1788891770.890481679] [GSL]: 10 gas measurements, 10 wind measurements over 1.96 seconds
[INFO] [1788891770.890540150] [GSL]: avg_gas=0.094;  avg_windSpeed=0.55;  avg_wind_dir=-1.3
[INFO] [1788891770.890968491] [GSL]: [33mNOTHING [0m
[INFO] [1788891770.890977957] [GSL]: [DEBUG-WIND] useGroundTruth=false gmrf_req_size=626 gaden_req_size=-1
[INFO] [1788891770.890985062] [GSL]: [DEBUG-WIND] Taking GMRF path
[INFO] [1788891770.927339370] [GSL - Trace]: [32mEntering StopAndMeasure[0m
[INFO] [1788891772.890587930] [GSL]: 10 gas measurements, 10 wind measurements over 1.96 seconds
[INFO] [1788891772.890661725] [GSL]: avg_gas=0.14;  avg_windSpeed=0.56;  avg_wind_dir=-1.3
[INFO] [1788891772.891117962] [GSL]: [33mGAS HIT[0m
[INFO] [1788891772.891128358] [GSL]: [DEBUG-WIND] useGroundTruth=false gmrf_req_size=626 gaden_req_size=-1
[INFO] [1788891772.891136099] [GSL]: [DEBUG-WIND] Taking GMRF path
[INFO] [1788891772.926887706] [GSL]: [33mStarted simulations. Might take a while![0m
[INFO] [1788891773.061010948] [GSL - Trace]: [32mFirst simulation level done[0m
[INFO] [1788891773.061515099] [GSL]: [RC2-DIAG] scores_size=85 refineFraction=0.25 refine_product=21.25 valid_first_level=85 sum_sourceProbInternal_before_norm=6.842340513412878 min_sourceProbInternal_before_norm=0 max_sourceProbInternal_before_norm=0.044861464414647174 finite_sourceProbInternal=1242 finite_varianceOfHitProb=1242
[INFO] [1788891773.164214967] [GSL - Trace]: [32mSimulation level 2 done[0m
[INFO] [1788891773.201134096] [GSL - Trace]: [32mSimulation level 3 done[0m
[INFO] [1788891773.219063115] [GSL - Trace]: [32mSimulation level 4 done[0m
[INFO] [1788891773.219950027] [GSL - Trace]: [32mSimulation level 5 done[0m
[INFO] [1788891773.220115715] [GSL]: Number of levels in the simulation: 5
[INFO] [1788891773.220126590] [GSL]: Total number of simulations: 169
[INFO] [1788891773.220569093] [GSL]: [RC2-DIAG] normalized_finite_count=1242 normalized_sum=1
[INFO] [1788891773.220583967] [GSL]: Time ellapsed in simulation = 0.293649139 s
[INFO] [1788891773.224047156] [GSL]: Max mutual info: 2.195
[INFO] [1788891773.224332542] [GSL]: MutualInformation - Ellapsed: 0.004s
[INFO] [1788891773.267957035] [GSL]: Sending goal (5.90, -0.21)
[INFO] [1788891773.268370658] [GSL]: Variance: 17.74
[INFO] [1788891773.268382965] [GSL - Trace]: [32mEntering Moving[0m
[INFO] [1788891778.320208851] [GSL - Trace]: [32mEntering StopAndMeasure[0m
[INFO] [1788891780.269456808] [GSL]: 10 gas measurements, 10 wind measurements over 1.95 seconds
[INFO] [1788891780.269541038] [GSL]: avg_gas=1.5;  avg_windSpeed=0.098;  avg_wind_dir=0.22
[INFO] [1788891780.270237135] [GSL]: [33mGAS HIT[0m
[INFO] [1788891780.270250741] [GSL]: [DEBUG-WIND] useGroundTruth=false gmrf_req_size=626 gaden_req_size=-1
[INFO] [1788891780.270259861] [GSL]: [DEBUG-WIND] Taking GMRF path
[INFO] [1788891780.326923335] [GSL - Trace]: [32mEntering StopAndMeasure[0m
[INFO] [1788891782.269360324] [GSL]: 10 gas measurements, 10 wind measurements over 1.94 seconds
[INFO] [1788891782.269428710] [GSL]: avg_gas=1.5;  avg_windSpeed=0.072;  avg_wind_dir=0.52
[INFO] [1788891782.270044390] [GSL]: [33mGAS HIT[0m
[INFO] [1788891782.270056833] [GSL]: [DEBUG-WIND] useGroundTruth=false gmrf_req_size=626 gaden_req_size=-1
[INFO] [1788891782.270065092] [GSL]: [DEBUG-WIND] Taking GMRF path
[INFO] [1788891782.327547187] [GSL - Trace]: [32mEntering StopAndMeasure[0m
[INFO] [1788891784.269460117] [GSL]: 10 gas measurements, 10 wind measurements over 1.94 seconds
[INFO] [1788891784.269538297] [GSL]: avg_gas=1.5;  avg_windSpeed=0.098;  avg_wind_dir=0.22
[INFO] [1788891784.270185191] [GSL]: [33mGAS HIT[0m
[INFO] [1788891784.270197411] [GSL]: [DEBUG-WIND] useGroundTruth=false gmrf_req_size=626 gaden_req_size=-1
[INFO] [1788891784.270206090] [GSL]: [DEBUG-WIND] Taking GMRF path
[INFO] [1788891784.327429070] [GSL - Trace]: [32mEntering StopAndMeasure[0m
[INFO] [1788891786.269335842] [GSL]: 10 gas measurements, 10 wind measurements over 1.94 seconds
[INFO] [1788891786.269394296] [GSL]: avg_gas=1.4;  avg_windSpeed=0.072;  avg_wind_dir=0.52
[INFO] [1788891786.269926050] [GSL]: [33mGAS HIT[0m
[INFO] [1788891786.269936189] [GSL]: [DEBUG-WIND] useGroundTruth=false gmrf_req_size=626 gaden_req_size=-1
[INFO] [1788891786.269943562] [GSL]: [DEBUG-WIND] Taking GMRF path
[INFO] [1788891786.328420070] [GSL - Trace]: [32mEntering StopAndMeasure[0m
[INFO] [1788891788.269358331] [GSL]: 10 gas measurements, 10 wind measurements over 1.94 seconds
[INFO] [1788891788.269714762] [GSL]: avg_gas=1.4;  avg_windSpeed=0.098;  avg_wind_dir=0.22
[INFO] [1788891788.270235987] [GSL]: [33mGAS HIT[0m
[INFO] [1788891788.270246166] [GSL]: [DEBUG-WIND] useGroundTruth=false gmrf_req_size=626 gaden_req_size=-1
[INFO] [1788891788.270253428] [GSL]: [DEBUG-WIND] Taking GMRF path
[INFO] [1788891788.326680841] [GSL - Trace]: [32mEntering StopAndMeasure[0m
[INFO] [1788891790.269466165] [GSL]: 10 gas measurements, 10 wind measurements over 1.94 seconds
[INFO] [1788891790.269552094] [GSL]: avg_gas=1.4;  avg_windSpeed=0.072;  avg_wind_dir=0.52
[INFO] [1788891790.270373638] [GSL]: [33mGAS HIT[0m
[INFO] [1788891790.270388164] [GSL]: [DEBUG-WIND] useGroundTruth=false gmrf_req_size=626 gaden_req_size=-1
[INFO] [1788891790.270399102] [GSL]: [DEBUG-WIND] Taking GMRF path
[INFO] [1788891790.327060209] [GSL - Trace]: [32mEntering StopAndMeasure[0m
[INFO] [1788891792.269410997] [GSL]: 10 gas measurements, 10 wind measurements over 1.94 seconds
[INFO] [1788891792.270074307] [GSL]: avg_gas=1.4;  avg_windSpeed=0.098;  avg_wind_dir=0.22
[INFO] [1788891792.270753519] [GSL]: [33mGAS HIT[0m
[INFO] [1788891792.270765925] [GSL]: [DEBUG-WIND] useGroundTruth=false gmrf_req_size=626 gaden_req_size=-1
[INFO] [1788891792.270775448] [GSL]: [DEBUG-WIND] Taking GMRF path
[INFO] [1788891792.327808944] [GSL - Trace]: [32mEntering StopAndMeasure[0m
[INFO] [1788891794.269366605] [GSL]: 10 gas measurements, 10 wind measurements over 1.94 seconds
[INFO] [1788891794.269430079] [GSL]: avg_gas=1.5;  avg_windSpeed=0.072;  avg_wind_dir=0.52
[INFO] [1788891794.270023530] [GSL]: [33mGAS HIT[0m
[INFO] [1788891794.270049209] [GSL]: [DEBUG-WIND] useGroundTruth=false gmrf_req_size=626 gaden_req_size=-1
[INFO] [1788891794.270056319] [GSL]: [DEBUG-WIND] Taking GMRF path
[INFO] [1788891794.327252687] [GSL]: [33mStarted simulations. Might take a while![0m
[INFO] [1788891794.461821666] [GSL - Trace]: [32mFirst simulation level done[0m
[INFO] [1788891794.462203866] [GSL]: [RC2-DIAG] scores_size=85 refineFraction=0.25 refine_product=21.25 valid_first_level=85 sum_sourceProbInternal_before_norm=0.11423585049207621 min_sourceProbInternal_before_norm=0 max_sourceProbInternal_before_norm=0.001403943156564434 finite_sourceProbInternal=1242 finite_varianceOfHitProb=1242
[INFO] [1788891794.578412199] [GSL - Trace]: [32mSimulation level 2 done[0m
[INFO] [1788891794.642657140] [GSL - Trace]: [32mSimulation level 3 done[0m
[INFO] [1788891794.664676224] [GSL - Trace]: [32mSimulation level 4 done[0m
[INFO] [1788891794.665243332] [GSL - Trace]: [32mSimulation level 5 done[0m
[INFO] [1788891794.665306682] [GSL]: Number of levels in the simulation: 5
[INFO] [1788891794.665321343] [GSL]: Total number of simulations: 197
[INFO] [1788891794.665352124] [GSL]: [RC2-DIAG] normalized_finite_count=1242 normalized_sum=1
[INFO] [1788891794.665360505] [GSL]: Time ellapsed in simulation = 0.338025587 s
[INFO] [1788891794.669275954] [GSL]: Max mutual info: 2.308
[INFO] [1788891794.669554341] [GSL]: MutualInformation - Ellapsed: 0.004s
[INFO] [1788891794.694314700] [GSL]: Sending goal (7.40, 0.09)
[INFO] [1788891794.696023537] [GSL]: Variance: 1.75
[INFO] [1788891794.696427867] [GSL - Trace]: [32mEntering Moving[0m
[INFO] [1788891795.917891420] [GSL - Trace]: [32mEntering StopAndMeasure[0m
[INFO] [1788891797.897720459] [GSL]: 10 gas measurements, 10 wind measurements over 1.98 seconds
[INFO] [1788891797.897784666] [GSL]: avg_gas=1.5;  avg_windSpeed=0.11;  avg_wind_dir=0.54
[INFO] [1788891797.898341961] [GSL]: [33mGAS HIT[0m
[INFO] [1788891797.898352826] [GSL]: [DEBUG-WIND] useGroundTruth=false gmrf_req_size=626 gaden_req_size=-1
[INFO] [1788891797.898360258] [GSL]: [DEBUG-WIND] Taking GMRF path
[INFO] [1788891797.926760487] [GSL - Trace]: [32mEntering StopAndMeasure[0m
[INFO] [1788891799.897582366] [GSL]: 10 gas measurements, 10 wind measurements over 1.97 seconds
[INFO] [1788891799.897643759] [GSL]: avg_gas=1.4;  avg_windSpeed=0.11;  avg_wind_dir=0.77
[INFO] [1788891799.898181552] [GSL]: [33mGAS HIT[0m
[INFO] [1788891799.898525173] [GSL]: [DEBUG-WIND] useGroundTruth=false gmrf_req_size=626 gaden_req_size=-1
[INFO] [1788891799.898546795] [GSL]: [DEBUG-WIND] Taking GMRF path
[INFO] [1788891799.926722005] [GSL - Trace]: [32mEntering StopAndMeasure[0m
[INFO] [1788891801.897720310] [GSL]: 10 gas measurements, 10 wind measurements over 1.97 seconds
[INFO] [1788891801.897779483] [GSL]: avg_gas=1.2;  avg_windSpeed=0.11;  avg_wind_dir=0.54
[INFO] [1788891801.898334587] [GSL]: [33mGAS HIT[0m
[INFO] [1788891801.898345400] [GSL]: [DEBUG-WIND] useGroundTruth=false gmrf_req_size=626 gaden_req_size=-1
[INFO] [1788891801.898353341] [GSL]: [DEBUG-WIND] Taking GMRF path
[INFO] [1788891801.927455156] [GSL - Trace]: [32mEntering StopAndMeasure[0m
[INFO] [1788891803.897620324] [GSL]: 10 gas measurements, 10 wind measurements over 1.97 seconds
[INFO] [1788891803.897684638] [GSL]: avg_gas=1.2;  avg_windSpeed=0.11;  avg_wind_dir=0.77
[INFO] [1788891803.898215778] [GSL]: [33mGAS HIT[0m
[INFO] [1788891803.898225708] [GSL]: [DEBUG-WIND] useGroundTruth=false gmrf_req_size=626 gaden_req_size=-1
[INFO] [1788891803.898723196] [GSL]: [DEBUG-WIND] Taking GMRF path
[INFO] [1788891803.926676615] [GSL - Trace]: [32mEntering StopAndMeasure[0m
[INFO] [1788891805.897626186] [GSL]: 10 gas measurements, 10 wind measurements over 1.97 seconds
[INFO] [1788891805.897681036] [GSL]: avg_gas=1.2;  avg_windSpeed=0.11;  avg_wind_dir=0.54
[INFO] [1788891805.898229869] [GSL]: [33mGAS HIT[0m
[INFO] [1788891805.898240384] [GSL]: [DEBUG-WIND] useGroundTruth=false gmrf_req_size=626 gaden_req_size=-1
[INFO] [1788891805.898247354] [GSL]: [DEBUG-WIND] Taking GMRF path
[INFO] [1788891805.927038732] [GSL - Trace]: [32mEntering StopAndMeasure[0m
[INFO] [1788891807.897685352] [GSL]: 10 gas measurements, 10 wind measurements over 1.97 seconds
[INFO] [1788891807.897755194] [GSL]: avg_gas=1.2;  avg_windSpeed=0.11;  avg_wind_dir=0.77
[INFO] [1788891807.898365901] [GSL]: [33mGAS HIT[0m
[INFO] [1788891807.898377297] [GSL]: [DEBUG-WIND] useGroundTruth=false gmrf_req_size=626 gaden_req_size=-1
[INFO] [1788891807.898759609] [GSL]: [DEBUG-WIND] Taking GMRF path
[INFO] [1788891807.926779584] [GSL - Trace]: [32mEntering StopAndMeasure[0m
[INFO] [1788891809.897635291] [GSL]: 10 gas measurements, 10 wind measurements over 1.97 seconds
[INFO] [1788891809.897700649] [GSL]: avg_gas=1.2;  avg_windSpeed=0.11;  avg_wind_dir=0.54
[INFO] [1788891809.898286110] [GSL]: [33mGAS HIT[0m
[INFO] [1788891809.898297412] [GSL]: [DEBUG-WIND] useGroundTruth=false gmrf_req_size=626 gaden_req_size=-1
[INFO] [1788891809.898304690] [GSL]: [DEBUG-WIND] Taking GMRF path
[INFO] [1788891809.926770835] [GSL - Trace]: [32mEntering StopAndMeasure[0m
[INFO] [1788891811.897731462] [GSL]: 10 gas measurements, 10 wind measurements over 1.97 seconds
[INFO] [1788891811.897797358] [GSL]: avg_gas=1.2;  avg_windSpeed=0.11;  avg_wind_dir=0.77
[INFO] [1788891811.898381694] [GSL]: [33mGAS HIT[0m
[INFO] [1788891811.898392799] [GSL]: [DEBUG-WIND] useGroundTruth=false gmrf_req_size=626 gaden_req_size=-1
[INFO] [1788891811.899049936] [GSL]: [DEBUG-WIND] Taking GMRF path
[INFO] [1788891811.926793947] [GSL]: [33mStarted simulations. Might take a while![0m
[INFO] [1788891812.060463151] [GSL - Trace]: [32mFirst simulation level done[0m
[INFO] [1788891812.061715861] [GSL]: [RC2-DIAG] scores_size=85 refineFraction=0.25 refine_product=21.25 valid_first_level=85 sum_sourceProbInternal_before_norm=0.011834050944603321 min_sourceProbInternal_before_norm=0 max_sourceProbInternal_before_norm=0.00029056213935522307 finite_sourceProbInternal=1242 finite_varianceOfHitProb=1242
[INFO] [1788891812.185058259] [GSL - Trace]: [32mSimulation level 2 done[0m
[INFO] [1788891812.263250415] [GSL - Trace]: [32mSimulation level 3 done[0m
[INFO] [1788891812.283655780] [GSL - Trace]: [32mSimulation level 4 done[0m
[INFO] [1788891812.284826485] [GSL - Trace]: [32mSimulation level 5 done[0m
[INFO] [1788891812.285054583] [GSL]: Number of levels in the simulation: 5
[INFO] [1788891812.285067504] [GSL]: Total number of simulations: 205
[INFO] [1788891812.286127850] [GSL]: [RC2-DIAG] normalized_finite_count=1242 normalized_sum=1
[INFO] [1788891812.286148460] [GSL]: Time ellapsed in simulation = 0.359272431 s
[INFO] [1788891812.291095512] [GSL]: Max mutual info: 2.273
[INFO] [1788891812.291320697] [GSL]: MutualInformation - Ellapsed: 0.005s
[INFO] [1788891812.332634211] [GSL]: Sending goal (8.00, -1.41)
[INFO] [1788891812.333138134] [GSL]: Variance: 0.94
[INFO] [1788891812.333161997] [GSL - Trace]: [32mEntering Moving[0m
[INFO] [1788891813.499122598] [GSL - Trace]: [32mEntering StopAndMeasure[0m
[INFO] [1788891815.474631859] [GSL]: 10 gas measurements, 10 wind measurements over 1.98 seconds
[INFO] [1788891815.474711246] [GSL]: avg_gas=1.9;  avg_windSpeed=1.1;  avg_wind_dir=0.15
[INFO] [1788891815.475907588] [GSL]: [33mGAS HIT[0m
[INFO] [1788891815.475947548] [GSL]: [DEBUG-WIND] useGroundTruth=false gmrf_req_size=626 gaden_req_size=-1
[INFO] [1788891815.475960926] [GSL]: [DEBUG-WIND] Taking GMRF path
[INFO] [1788891815.527102937] [GSL - Trace]: [32mEntering StopAndMeasure[0m
[INFO] [1788891817.484046106] [GSL]: 10 gas measurements, 10 wind measurements over 1.96 seconds
[INFO] [1788891817.484111544] [GSL]: avg_gas=3.6;  avg_windSpeed=1.1;  avg_wind_dir=0.15
[INFO] [1788891817.484623771] [GSL]: [33mGAS HIT[0m
[INFO] [1788891817.484671855] [GSL]: [DEBUG-WIND] useGroundTruth=false gmrf_req_size=626 gaden_req_size=-1
[INFO] [1788891817.484680233] [GSL]: [DEBUG-WIND] Taking GMRF path
[INFO] [1788891817.526612360] [GSL - Trace]: [32mEntering StopAndMeasure[0m
[INFO] [1788891819.484094267] [GSL]: 10 gas measurements, 10 wind measurements over 1.96 seconds
[INFO] [1788891819.484163407] [GSL]: avg_gas=2.9;  avg_windSpeed=1.1;  avg_wind_dir=0.15
[INFO] [1788891819.484701898] [GSL]: [33mGAS HIT[0m
[INFO] [1788891819.484712053] [GSL]: [DEBUG-WIND] useGroundTruth=false gmrf_req_size=626 gaden_req_size=-1
[INFO] [1788891819.484719152] [GSL]: [DEBUG-WIND] Taking GMRF path
[INFO] [1788891819.527057650] [GSL - Trace]: [32mEntering StopAndMeasure[0m
[INFO] [1788891821.484176597] [GSL]: 10 gas measurements, 10 wind measurements over 1.96 seconds
[INFO] [1788891821.484247827] [GSL]: avg_gas=3.1;  avg_windSpeed=1.1;  avg_wind_dir=0.15
[INFO] [1788891821.484740295] [GSL]: [33mGAS HIT[0m
[INFO] [1788891821.484749726] [GSL]: [DEBUG-WIND] useGroundTruth=false gmrf_req_size=626 gaden_req_size=-1
[INFO] [1788891821.484756483] [GSL]: [DEBUG-WIND] Taking GMRF path
[INFO] [1788891821.526689255] [GSL - Trace]: [32mEntering StopAndMeasure[0m
[INFO] [1788891823.484109938] [GSL]: 10 gas measurements, 10 wind measurements over 1.96 seconds
[INFO] [1788891823.484180431] [GSL]: avg_gas=3.4;  avg_windSpeed=1.1;  avg_wind_dir=0.15
[INFO] [1788891823.484737990] [GSL]: [33mGAS HIT[0m
[INFO] [1788891823.484751453] [GSL]: [DEBUG-WIND] useGroundTruth=false gmrf_req_size=626 gaden_req_size=-1
[INFO] [1788891823.484758797] [GSL]: [DEBUG-WIND] Taking GMRF path
[INFO] [1788891823.526937256] [GSL - Trace]: [32mEntering StopAndMeasure[0m
[INFO] [1788891825.484213994] [GSL]: 10 gas measurements, 10 wind measurements over 1.96 seconds
[INFO] [1788891825.485032381] [GSL]: avg_gas=3.7;  avg_windSpeed=1.1;  avg_wind_dir=0.15
[INFO] [1788891825.486104503] [GSL]: [33mGAS HIT[0m
[INFO] [1788891825.486146729] [GSL]: [DEBUG-WIND] useGroundTruth=false gmrf_req_size=626 gaden_req_size=-1
[INFO] [1788891825.486160098] [GSL]: [DEBUG-WIND] Taking GMRF path
[INFO] [1788891825.527140362] [GSL - Trace]: [32mEntering StopAndMeasure[0m
[INFO] [1788891827.484257442] [GSL]: 10 gas measurements, 10 wind measurements over 1.96 seconds
[INFO] [1788891827.484382977] [GSL]: avg_gas=3.2;  avg_windSpeed=1.1;  avg_wind_dir=0.15
[INFO] [1788891827.485659919] [GSL]: [33mGAS HIT[0m
[INFO] [1788891827.485682817] [GSL]: [DEBUG-WIND] useGroundTruth=false gmrf_req_size=626 gaden_req_size=-1
[INFO] [1788891827.485698285] [GSL]: [DEBUG-WIND] Taking GMRF path
[INFO] [1788891827.526995121] [GSL - Trace]: [32mEntering StopAndMeasure[0m
[INFO] [1788891829.484200457] [GSL]: 10 gas measurements, 10 wind measurements over 1.96 seconds
[INFO] [1788891829.484994767] [GSL]: avg_gas=3.3;  avg_windSpeed=1.1;  avg_wind_dir=0.15
[INFO] [1788891829.485980442] [GSL]: [33mGAS HIT[0m
[INFO] [1788891829.485998737] [GSL]: [DEBUG-WIND] useGroundTruth=false gmrf_req_size=626 gaden_req_size=-1
[INFO] [1788891829.486011604] [GSL]: [DEBUG-WIND] Taking GMRF path
[INFO] [1788891829.527004296] [GSL]: [33mStarted simulations. Might take a while![0m
[INFO] [1788891829.665849123] [GSL - Trace]: [32mFirst simulation level done[0m
[INFO] [1788891829.666293913] [GSL]: [RC2-DIAG] scores_size=85 refineFraction=0.25 refine_product=21.25 valid_first_level=85 sum_sourceProbInternal_before_norm=0.0004856178750043268 min_sourceProbInternal_before_norm=0 max_sourceProbInternal_before_norm=1.2527043357653206e-05 finite_sourceProbInternal=1242 finite_varianceOfHitProb=1242
[INFO] [1788891829.788995974] [GSL - Trace]: [32mSimulation level 2 done[0m
[INFO] [1788891829.850941389] [GSL - Trace]: [32mSimulation level 3 done[0m
[INFO] [1788891829.872477769] [GSL - Trace]: [32mSimulation level 4 done[0m
[INFO] [1788891829.873107979] [GSL - Trace]: [32mSimulation level 5 done[0m
[INFO] [1788891829.873117351] [GSL]: Number of levels in the simulation: 5
[INFO] [1788891829.873124390] [GSL]: Total number of simulations: 199
[INFO] [1788891829.873147210] [GSL]: [RC2-DIAG] normalized_finite_count=1242 normalized_sum=1
[INFO] [1788891829.873155421] [GSL]: Time ellapsed in simulation = 0.34606488900000004 s
[INFO] [1788891829.879583869] [GSL]: Max mutual info: 2.189
[INFO] [1788891829.879759167] [GSL]: MutualInformation - Ellapsed: 0.007s
[INFO] [1788891829.912276429] [GSL]: Sending goal (8.30, 0.39)
[INFO] [1788891829.912625141] [GSL]: Variance: 0.61
[INFO] [1788891829.912643216] [GSL - Trace]: [32mEntering Moving[0m
[INFO] [1788891831.335549248] [GSL - Trace]: [32mEntering StopAndMeasure[0m
[INFO] [1788891833.263701986] [GSL]: 10 gas measurements, 10 wind measurements over 1.93 seconds
[INFO] [1788891833.263762641] [GSL]: avg_gas=1.4;  avg_windSpeed=0.39;  avg_wind_dir=1.4
[INFO] [1788891833.264715557] [GSL]: [33mGAS HIT[0m
[INFO] [1788891833.264738602] [GSL]: [DEBUG-WIND] useGroundTruth=false gmrf_req_size=626 gaden_req_size=-1
[INFO] [1788891833.264746052] [GSL]: [DEBUG-WIND] Taking GMRF path
[INFO] [1788891833.327512660] [GSL - Trace]: [32mEntering StopAndMeasure[0m
[INFO] [1788891835.263676787] [GSL]: 10 gas measurements, 10 wind measurements over 1.94 seconds
[INFO] [1788891835.263736506] [GSL]: avg_gas=1.1;  avg_windSpeed=0.53;  avg_wind_dir=1.3
[INFO] [1788891835.264399874] [GSL]: [33mGAS HIT[0m
[INFO] [1788891835.264412209] [GSL]: [DEBUG-WIND] useGroundTruth=false gmrf_req_size=626 gaden_req_size=-1
[INFO] [1788891835.264420538] [GSL]: [DEBUG-WIND] Taking GMRF path
[INFO] [1788891835.326676110] [GSL - Trace]: [32mEntering StopAndMeasure[0m
[INFO] [1788891837.263715845] [GSL]: 10 gas measurements, 10 wind measurements over 1.94 seconds
[INFO] [1788891837.263772648] [GSL]: avg_gas=1.1;  avg_windSpeed=0.39;  avg_wind_dir=1.4
[INFO] [1788891837.264732019] [GSL]: [33mGAS HIT[0m
[INFO] [1788891837.264743899] [GSL]: [DEBUG-WIND] useGroundTruth=false gmrf_req_size=626 gaden_req_size=-1
[INFO] [1788891837.264750892] [GSL]: [DEBUG-WIND] Taking GMRF path
[INFO] [1788891837.327164105] [GSL - Trace]: [32mEntering StopAndMeasure[0m
[INFO] [1788891839.263767961] [GSL]: 10 gas measurements, 10 wind measurements over 1.94 seconds
[INFO] [1788891839.263870792] [GSL]: avg_gas=0.95;  avg_windSpeed=0.53;  avg_wind_dir=1.3
[INFO] [1788891839.264441964] [GSL]: [33mGAS HIT[0m
[INFO] [1788891839.264465464] [GSL]: [DEBUG-WIND] useGroundTruth=false gmrf_req_size=626 gaden_req_size=-1
[INFO] [1788891839.264472440] [GSL]: [DEBUG-WIND] Taking GMRF path
[INFO] [1788891839.327230710] [GSL - Trace]: [32mEntering StopAndMeasure[0m
[INFO] [1788891841.263764525] [GSL]: 10 gas measurements, 10 wind measurements over 1.94 seconds
[INFO] [1788891841.263820205] [GSL]: avg_gas=0.92;  avg_windSpeed=0.39;  avg_wind_dir=1.4
[INFO] [1788891841.264380867] [GSL]: [33mGAS HIT[0m
[INFO] [1788891841.264577759] [GSL]: [DEBUG-WIND] useGroundTruth=false gmrf_req_size=626 gaden_req_size=-1
[INFO] [1788891841.264597109] [GSL]: [DEBUG-WIND] Taking GMRF path
[INFO] [1788891841.326977191] [GSL - Trace]: [32mEntering StopAndMeasure[0m
[INFO] [1788891843.263869474] [GSL]: 10 gas measurements, 10 wind measurements over 1.94 seconds
[INFO] [1788891843.263928108] [GSL]: avg_gas=0.92;  avg_windSpeed=0.53;  avg_wind_dir=1.3
[INFO] [1788891843.264695667] [GSL]: [33mGAS HIT[0m
[INFO] [1788891843.264726099] [GSL]: [DEBUG-WIND] useGroundTruth=false gmrf_req_size=626 gaden_req_size=-1
[INFO] [1788891843.264734600] [GSL]: [DEBUG-WIND] Taking GMRF path
[INFO] [1788891843.326766755] [GSL - Trace]: [32mEntering StopAndMeasure[0m
[INFO] [1788891845.263778237] [GSL]: 10 gas measurements, 10 wind measurements over 1.94 seconds
[INFO] [1788891845.263868817] [GSL]: avg_gas=0.99;  avg_windSpeed=0.39;  avg_wind_dir=1.4
[INFO] [1788891845.264393715] [GSL]: [33mGAS HIT[0m
[INFO] [1788891845.264403333] [GSL]: [DEBUG-WIND] useGroundTruth=false gmrf_req_size=626 gaden_req_size=-1
[INFO] [1788891845.264575856] [GSL]: [DEBUG-WIND] Taking GMRF path
[INFO] [1788891845.327027873] [GSL - Trace]: [32mEntering StopAndMeasure[0m
[INFO] [1788891847.313825570] [GSL]: 10 gas measurements, 10 wind measurements over 1.99 seconds
[INFO] [1788891847.313955940] [GSL]: avg_gas=1.1;  avg_windSpeed=0.53;  avg_wind_dir=1.3
[INFO] [1788891847.314591594] [GSL]: [33mGAS HIT[0m
[INFO] [1788891847.314621103] [GSL]: [DEBUG-WIND] useGroundTruth=false gmrf_req_size=626 gaden_req_size=-1
[INFO] [1788891847.314628879] [GSL]: [DEBUG-WIND] Taking GMRF path
[INFO] [1788891847.326941636] [GSL]: [33mStarted simulations. Might take a while![0m
[INFO] [1788891847.466810514] [GSL - Trace]: [32mFirst simulation level done[0m
[INFO] [1788891847.467329025] [GSL]: [RC2-DIAG] scores_size=85 refineFraction=0.25 refine_product=21.25 valid_first_level=85 sum_sourceProbInternal_before_norm=9.868954238040924e-06 min_sourceProbInternal_before_norm=0 max_sourceProbInternal_before_norm=3.3345483399677315e-07 finite_sourceProbInternal=1242 finite_varianceOfHitProb=1242
[INFO] [1788891847.594783154] [GSL - Trace]: [32mSimulation level 2 done[0m
[INFO] [1788891847.655464478] [GSL - Trace]: [32mSimulation level 3 done[0m
[INFO] [1788891847.674994033] [GSL - Trace]: [32mSimulation level 4 done[0m
[INFO] [1788891847.675868615] [GSL - Trace]: [32mSimulation level 5 done[0m
[INFO] [1788891847.676065699] [GSL]: Number of levels in the simulation: 5
[INFO] [1788891847.676077094] [GSL]: Total number of simulations: 201
[INFO] [1788891847.676255226] [GSL]: [RC2-DIAG] normalized_finite_count=1242 normalized_sum=1
[INFO] [1788891847.676264356] [GSL]: Time ellapsed in simulation = 0.349268234 s
[INFO] [1788891847.680994989] [GSL]: Max mutual info: 2.068
[INFO] [1788891847.681461574] [GSL]: MutualInformation - Ellapsed: 0.005s
[INFO] [1788891847.707900200] [GSL]: Sending goal (7.70, 0.69)
[INFO] [1788891847.708401680] [GSL]: Variance: 0.48
[INFO] [1788891847.708422748] [GSL - Trace]: [32mEntering Moving[0m
[INFO] [1788891848.320651777] [GSL - Trace]: [32mEntering StopAndMeasure[0m
[INFO] [1788891850.302483336] [GSL]: 10 gas measurements, 10 wind measurements over 1.98 seconds
[INFO] [1788891850.302566882] [GSL]: avg_gas=1.8;  avg_windSpeed=0.29;  avg_wind_dir=2.1
[INFO] [1788891850.303213342] [GSL]: [33mGAS HIT[0m
[INFO] [1788891850.303224333] [GSL]: [DEBUG-WIND] useGroundTruth=false gmrf_req_size=626 gaden_req_size=-1
[INFO] [1788891850.303233159] [GSL]: [DEBUG-WIND] Taking GMRF path
[INFO] [1788891850.326774944] [GSL - Trace]: [32mEntering StopAndMeasure[0m
[INFO] [1788891852.260019794] [GSL]: 10 gas measurements, 10 wind measurements over 1.93 seconds
[INFO] [1788891852.260079449] [GSL]: avg_gas=2.1;  avg_windSpeed=0.26;  avg_wind_dir=2.2
[INFO] [1788891852.260583062] [GSL]: [33mGAS HIT[0m
[INFO] [1788891852.260592990] [GSL]: [DEBUG-WIND] useGroundTruth=false gmrf_req_size=626 gaden_req_size=-1
[INFO] [1788891852.260600036] [GSL]: [DEBUG-WIND] Taking GMRF path
[INFO] [1788891852.326797524] [GSL - Trace]: [32mEntering StopAndMeasure[0m
[INFO] [1788891854.259797142] [GSL]: 10 gas measurements, 10 wind measurements over 1.93 seconds
[INFO] [1788891854.259884474] [GSL]: avg_gas=2.1;  avg_windSpeed=0.29;  avg_wind_dir=2.1
[INFO] [1788891854.260397819] [GSL]: [33mGAS HIT[0m
[INFO] [1788891854.260477695] [GSL]: [DEBUG-WIND] useGroundTruth=false gmrf_req_size=626 gaden_req_size=-1
[INFO] [1788891854.260484964] [GSL]: [DEBUG-WIND] Taking GMRF path
[INFO] [1788891854.326827284] [GSL - Trace]: [32mEntering StopAndMeasure[0m
[INFO] [1788891856.259874298] [GSL]: 10 gas measurements, 10 wind measurements over 1.93 seconds
[INFO] [1788891856.259926567] [GSL]: avg_gas=2.7;  avg_windSpeed=0.26;  avg_wind_dir=2.2
[INFO] [1788891856.260411251] [GSL]: [33mGAS HIT[0m
[INFO] [1788891856.260420734] [GSL]: [DEBUG-WIND] useGroundTruth=false gmrf_req_size=626 gaden_req_size=-1
[INFO] [1788891856.260427725] [GSL]: [DEBUG-WIND] Taking GMRF path
[INFO] [1788891856.327284904] [GSL - Trace]: [32mEntering StopAndMeasure[0m
[INFO] [1788891858.259974098] [GSL]: 10 gas measurements, 10 wind measurements over 1.93 seconds
[INFO] [1788891858.260023196] [GSL]: avg_gas=2.5;  avg_windSpeed=0.29;  avg_wind_dir=2.1
[INFO] [1788891858.260514107] [GSL]: [33mGAS HIT[0m
[INFO] [1788891858.260522735] [GSL]: [DEBUG-WIND] useGroundTruth=false gmrf_req_size=626 gaden_req_size=-1
[INFO] [1788891858.260529570] [GSL]: [DEBUG-WIND] Taking GMRF path
[INFO] [1788891858.326725224] [GSL - Trace]: [32mEntering StopAndMeasure[0m
[INFO] [1788891860.260125854] [GSL]: 10 gas measurements, 10 wind measurements over 1.93 seconds
[INFO] [1788891860.260235027] [GSL]: avg_gas=2.2;  avg_windSpeed=0.26;  avg_wind_dir=2.2
[INFO] [1788891860.260814397] [GSL]: [33mGAS HIT[0m
[INFO] [1788891860.260878014] [GSL]: [DEBUG-WIND] useGroundTruth=false gmrf_req_size=626 gaden_req_size=-1
[INFO] [1788891860.260885702] [GSL]: [DEBUG-WIND] Taking GMRF path
[INFO] [1788891860.326967422] [GSL - Trace]: [32mEntering StopAndMeasure[0m
[INFO] [1788891862.310099008] [GSL]: 10 gas measurements, 10 wind measurements over 1.98 seconds
[INFO] [1788891862.310187834] [GSL]: avg_gas=1.9;  avg_windSpeed=0.29;  avg_wind_dir=2.1
[INFO] [1788891862.311118059] [GSL]: [33mGAS HIT[0m
[INFO] [1788891862.311134203] [GSL]: [DEBUG-WIND] useGroundTruth=false gmrf_req_size=626 gaden_req_size=-1
[INFO] [1788891862.311146359] [GSL]: [DEBUG-WIND] Taking GMRF path
[INFO] [1788891862.327201064] [GSL - Trace]: [32mEntering StopAndMeasure[0m
[INFO] [1788891864.259789066] [GSL]: 10 gas measurements, 10 wind measurements over 1.93 seconds
[INFO] [1788891864.259884596] [GSL]: avg_gas=2;  avg_windSpeed=0.26;  avg_wind_dir=2.2
[INFO] [1788891864.260356022] [GSL]: [33mGAS HIT[0m
[INFO] [1788891864.260364399] [GSL]: [DEBUG-WIND] useGroundTruth=false gmrf_req_size=626 gaden_req_size=-1
[INFO] [1788891864.260371255] [GSL]: [DEBUG-WIND] Taking GMRF path
[INFO] [1788891864.326746210] [GSL]: [33mStarted simulations. Might take a while![0m
[INFO] [1788891864.465978408] [GSL - Trace]: [32mFirst simulation level done[0m
[INFO] [1788891864.467019317] [GSL]: [RC2-DIAG] scores_size=85 refineFraction=0.25 refine_product=21.25 valid_first_level=85 sum_sourceProbInternal_before_norm=1.3097852778652683e-06 min_sourceProbInternal_before_norm=0 max_sourceProbInternal_before_norm=6.10607115609371e-08 finite_sourceProbInternal=1242 finite_varianceOfHitProb=1242
[INFO] [1788891864.592812198] [GSL - Trace]: [32mSimulation level 2 done[0m
[INFO] [1788891864.662374563] [GSL - Trace]: [32mSimulation level 3 done[0m
[INFO] [1788891864.682590938] [GSL - Trace]: [32mSimulation level 4 done[0m
[INFO] [1788891864.683291117] [GSL - Trace]: [32mSimulation level 5 done[0m
[INFO] [1788891864.683306179] [GSL]: Number of levels in the simulation: 5
[INFO] [1788891864.683313979] [GSL]: Total number of simulations: 203
[INFO] [1788891864.683339379] [GSL]: [RC2-DIAG] normalized_finite_count=1242 normalized_sum=1
[INFO] [1788891864.683347948] [GSL]: Time ellapsed in simulation = 0.35654172900000003 s
[INFO] [1788891864.688151958] [GSL]: Max mutual info: 2.239
[INFO] [1788891864.688327303] [GSL]: MutualInformation - Ellapsed: 0.005s
[INFO] [1788891864.721743978] [GSL]: Sending goal (6.20, 0.69)
[INFO] [1788891864.722177461] [GSL]: Variance: 0.43
[INFO] [1788891864.722200776] [GSL - Trace]: [32mEntering Moving[0m
[INFO] [1788891865.940488968] [GSL - Trace]: [32mEntering StopAndMeasure[0m
[INFO] [1788891867.917364988] [GSL]: 10 gas measurements, 10 wind measurements over 1.98 seconds
[INFO] [1788891867.917446660] [GSL]: avg_gas=1.6;  avg_windSpeed=0.06;  avg_wind_dir=3.1
[INFO] [1788891867.918068348] [GSL]: [33mGAS HIT[0m
[INFO] [1788891867.918098490] [GSL]: [DEBUG-WIND] useGroundTruth=false gmrf_req_size=626 gaden_req_size=-1
[INFO] [1788891867.918106334] [GSL]: [DEBUG-WIND] Taking GMRF path
[INFO] [1788891867.926724486] [GSL - Trace]: [32mEntering StopAndMeasure[0m
[INFO] [1788891869.923431333] [GSL]: 10 gas measurements, 10 wind measurements over 2.00 seconds
[INFO] [1788891869.923496268] [GSL]: avg_gas=1.6;  avg_windSpeed=0.036;  avg_wind_dir=2.1
[INFO] [1788891869.924318000] [GSL]: [33mGAS HIT[0m
[INFO] [1788891869.924338220] [GSL]: [DEBUG-WIND] useGroundTruth=false gmrf_req_size=626 gaden_req_size=-1
[INFO] [1788891869.924345449] [GSL]: [DEBUG-WIND] Taking GMRF path
[INFO] [1788891869.926511454] [GSL - Trace]: [32mEntering StopAndMeasure[0m
[INFO] [1788891871.923386612] [GSL]: 10 gas measurements, 10 wind measurements over 2.00 seconds
[INFO] [1788891871.923491309] [GSL]: avg_gas=1.7;  avg_windSpeed=0.06;  avg_wind_dir=3.1
[INFO] [1788891871.924330021] [GSL]: [33mGAS HIT[0m
[INFO] [1788891871.924344699] [GSL]: [DEBUG-WIND] useGroundTruth=false gmrf_req_size=626 gaden_req_size=-1
[INFO] [1788891871.924355529] [GSL]: [DEBUG-WIND] Taking GMRF path
[INFO] [1788891871.926769522] [GSL - Trace]: [32mEntering StopAndMeasure[0m
[INFO] [1788891873.923382008] [GSL]: 10 gas measurements, 10 wind measurements over 2.00 seconds
[INFO] [1788891873.923486288] [GSL]: avg_gas=1.9;  avg_windSpeed=0.036;  avg_wind_dir=2.1
[INFO] [1788891873.924823368] [GSL]: [33mGAS HIT[0m
[INFO] [1788891873.924898099] [GSL]: [DEBUG-WIND] useGroundTruth=false gmrf_req_size=626 gaden_req_size=-1
[INFO] [1788891873.924910943] [GSL]: [DEBUG-WIND] Taking GMRF path
[INFO] [1788891873.926643626] [GSL - Trace]: [32mEntering StopAndMeasure[0m
[INFO] [1788891875.923356547] [GSL]: 10 gas measurements, 10 wind measurements over 2.00 seconds
[INFO] [1788891875.923451681] [GSL]: avg_gas=1.8;  avg_windSpeed=0.06;  avg_wind_dir=3.1
[INFO] [1788891875.924277691] [GSL]: [33mGAS HIT[0m
[INFO] [1788891875.924293269] [GSL]: [DEBUG-WIND] useGroundTruth=false gmrf_req_size=626 gaden_req_size=-1
[INFO] [1788891875.924304721] [GSL]: [DEBUG-WIND] Taking GMRF path
[INFO] [1788891875.927091676] [GSL - Trace]: [32mEntering StopAndMeasure[0m
[INFO] [1788891877.923251677] [GSL]: 10 gas measurements, 10 wind measurements over 2.00 seconds
[INFO] [1788891877.923327363] [GSL]: avg_gas=1.8;  avg_windSpeed=0.036;  avg_wind_dir=2.1
[INFO] [1788891877.923804606] [GSL]: [33mGAS HIT[0m
[INFO] [1788891877.924226400] [GSL]: [DEBUG-WIND] useGroundTruth=false gmrf_req_size=626 gaden_req_size=-1
[INFO] [1788891877.924246432] [GSL]: [DEBUG-WIND] Taking GMRF path
[INFO] [1788891877.926811042] [GSL - Trace]: [32mEntering StopAndMeasure[0m
[INFO] [1788891879.924722148] [GSL]: 10 gas measurements, 10 wind measurements over 2.00 seconds
[INFO] [1788891879.924799552] [GSL]: avg_gas=1.8;  avg_windSpeed=0.06;  avg_wind_dir=3.1
[INFO] [1788891879.925332299] [GSL]: [33mGAS HIT[0m
[INFO] [1788891879.925342437] [GSL]: [DEBUG-WIND] useGroundTruth=false gmrf_req_size=626 gaden_req_size=-1
[INFO] [1788891879.925349689] [GSL]: [DEBUG-WIND] Taking GMRF path
[INFO] [1788891879.927724379] [GSL - Trace]: [32mEntering StopAndMeasure[0m
[INFO] [1788891881.924446506] [GSL]: 10 gas measurements, 10 wind measurements over 2.00 seconds
[INFO] [1788891881.924567057] [GSL]: avg_gas=1.7;  avg_windSpeed=0.036;  avg_wind_dir=2.1
[INFO] [1788891881.925767489] [GSL]: [33mGAS HIT[0m
[INFO] [1788891881.926305789] [GSL]: [DEBUG-WIND] useGroundTruth=false gmrf_req_size=626 gaden_req_size=-1
[INFO] [1788891881.926332149] [GSL]: [DEBUG-WIND] Taking GMRF path
[INFO] [1788891881.928239422] [GSL]: [33mStarted simulations. Might take a while![0m
[INFO] [1788891882.064814371] [GSL - Trace]: [32mFirst simulation level done[0m
[INFO] [1788891882.065295982] [GSL]: [RC2-DIAG] scores_size=85 refineFraction=0.25 refine_product=21.25 valid_first_level=85 sum_sourceProbInternal_before_norm=1.3923755172779758e-07 min_sourceProbInternal_before_norm=0 max_sourceProbInternal_before_norm=6.17852208323735e-09 finite_sourceProbInternal=1242 finite_varianceOfHitProb=1242
[INFO] [1788891882.191875203] [GSL - Trace]: [32mSimulation level 2 done[0m
[INFO] [1788891882.256351056] [GSL - Trace]: [32mSimulation level 3 done[0m
[INFO] [1788891882.278097184] [GSL - Trace]: [32mSimulation level 4 done[0m
[INFO] [1788891882.278993350] [GSL - Trace]: [32mSimulation level 5 done[0m
[INFO] [1788891882.279013950] [GSL]: Number of levels in the simulation: 5
[INFO] [1788891882.279524769] [GSL]: Total number of simulations: 201
[INFO] [1788891882.279698129] [GSL]: [RC2-DIAG] normalized_finite_count=1242 normalized_sum=1
[INFO] [1788891882.279708178] [GSL]: Time ellapsed in simulation = 0.351429093 s
[INFO] [1788891882.283829241] [GSL]: Max mutual info: 2.171
[INFO] [1788891882.284386955] [GSL]: MutualInformation - Ellapsed: 0.005s
[INFO] [1788891882.319570191] [GSL]: Sending goal (9.50, -0.21)
[INFO] [1788891882.320132062] [GSL]: Variance: 0.30
[INFO] [1788891882.320155946] [GSL - Trace]: [32mEntering Moving[0m
[INFO] [1788891884.922483725] [GSL - Trace]: [32mEntering StopAndMeasure[0m
[INFO] [1788891886.921483198] [GSL]: 10 gas measurements, 10 wind measurements over 2.00 seconds
[INFO] [1788891886.921543506] [GSL]: avg_gas=1.1;  avg_windSpeed=0.3;  avg_wind_dir=2.6
[INFO] [1788891886.922038216] [GSL]: [33mGAS HIT[0m
[INFO] [1788891886.922048090] [GSL]: [DEBUG-WIND] useGroundTruth=false gmrf_req_size=626 gaden_req_size=-1
[INFO] [1788891886.922418267] [GSL]: [DEBUG-WIND] Taking GMRF path
[INFO] [1788891886.926686499] [GSL - Trace]: [32mEntering StopAndMeasure[0m
[INFO] [1788891888.921537217] [GSL]: 10 gas measurements, 10 wind measurements over 1.99 seconds
[INFO] [1788891888.921653812] [GSL]: avg_gas=0.88;  avg_windSpeed=0.26;  avg_wind_dir=2.4
[INFO] [1788891888.922602288] [GSL]: [33mGAS HIT[0m
[INFO] [1788891888.922619893] [GSL]: [DEBUG-WIND] useGroundTruth=false gmrf_req_size=626 gaden_req_size=-1
[INFO] [1788891888.922632731] [GSL]: [DEBUG-WIND] Taking GMRF path
[INFO] [1788891888.926909624] [GSL - Trace]: [32mEntering StopAndMeasure[0m
[INFO] [1788891890.921644253] [GSL]: 10 gas measurements, 10 wind measurements over 1.99 seconds
[INFO] [1788891890.921783242] [GSL]: avg_gas=0.94;  avg_windSpeed=0.3;  avg_wind_dir=2.6
[INFO] [1788891890.922919446] [GSL]: [33mGAS HIT[0m
[INFO] [1788891890.922941425] [GSL]: [DEBUG-WIND] useGroundTruth=false gmrf_req_size=626 gaden_req_size=-1
[INFO] [1788891890.922989708] [GSL]: [DEBUG-WIND] Taking GMRF path
[INFO] [1788891890.927959745] [GSL - Trace]: [32mEntering StopAndMeasure[0m
[INFO] [1788891892.921416967] [GSL]: 10 gas measurements, 10 wind measurements over 1.99 seconds
[INFO] [1788891892.921523271] [GSL]: avg_gas=0.9;  avg_windSpeed=0.26;  avg_wind_dir=2.4
[INFO] [1788891892.922470459] [GSL]: [33mGAS HIT[0m
[INFO] [1788891892.922488017] [GSL]: [DEBUG-WIND] useGroundTruth=false gmrf_req_size=626 gaden_req_size=-1
[INFO] [1788891892.922501368] [GSL]: [DEBUG-WIND] Taking GMRF path
[INFO] [1788891892.927087601] [GSL - Trace]: [32mEntering StopAndMeasure[0m
[INFO] [1788891894.921487435] [GSL]: 10 gas measurements, 10 wind measurements over 1.99 seconds
[INFO] [1788891894.921621156] [GSL]: avg_gas=0.66;  avg_windSpeed=0.3;  avg_wind_dir=2.6
[INFO] [1788891894.922733941] [GSL]: [33mGAS HIT[0m
[INFO] [1788891894.922758286] [GSL]: [DEBUG-WIND] useGroundTruth=false gmrf_req_size=626 gaden_req_size=-1
[INFO] [1788891894.922775784] [GSL]: [DEBUG-WIND] Taking GMRF path
[INFO] [1788891894.927452182] [GSL - Trace]: [32mEntering StopAndMeasure[0m
[INFO] [1788891896.921342355] [GSL]: 10 gas measurements, 10 wind measurements over 1.99 seconds
[INFO] [1788891896.921466658] [GSL]: avg_gas=0.71;  avg_windSpeed=0.26;  avg_wind_dir=2.4
[INFO] [1788891896.922754705] [GSL]: [33mGAS HIT[0m
[INFO] [1788891896.922815550] [GSL]: [DEBUG-WIND] useGroundTruth=false gmrf_req_size=626 gaden_req_size=-1
[INFO] [1788891896.922830952] [GSL]: [DEBUG-WIND] Taking GMRF path
[INFO] [1788891896.927359543] [GSL - Trace]: [32mEntering StopAndMeasure[0m
[INFO] [1788891898.921401531] [GSL]: 10 gas measurements, 10 wind measurements over 1.99 seconds
[INFO] [1788891898.921510660] [GSL]: avg_gas=0.81;  avg_windSpeed=0.3;  avg_wind_dir=2.6
[INFO] [1788891898.922463012] [GSL]: [33mGAS HIT[0m
[INFO] [1788891898.922482241] [GSL]: [DEBUG-WIND] useGroundTruth=false gmrf_req_size=626 gaden_req_size=-1
[INFO] [1788891898.922495410] [GSL]: [DEBUG-WIND] Taking GMRF path
[INFO] [1788891898.927013272] [GSL - Trace]: [32mEntering StopAndMeasure[0m
[INFO] [1788891900.921089205] [GSL]: 10 gas measurements, 10 wind measurements over 1.99 seconds
[INFO] [1788891900.921153196] [GSL]: avg_gas=0.92;  avg_windSpeed=0.26;  avg_wind_dir=2.4
[INFO] [1788891900.921629215] [GSL]: [33mGAS HIT[0m
[INFO] [1788891900.921637857] [GSL]: [DEBUG-WIND] useGroundTruth=false gmrf_req_size=626 gaden_req_size=-1
[INFO] [1788891900.921644576] [GSL]: [DEBUG-WIND] Taking GMRF path
[INFO] [1788891900.926675631] [GSL]: [33mStarted simulations. Might take a while![0m
[INFO] [1788891901.070332216] [GSL - Trace]: [32mFirst simulation level done[0m
[INFO] [1788891901.070741966] [GSL]: [RC2-DIAG] scores_size=85 refineFraction=0.25 refine_product=21.25 valid_first_level=85 sum_sourceProbInternal_before_norm=4.03124034541823e-09 min_sourceProbInternal_before_norm=0 max_sourceProbInternal_before_norm=2.0145622484177848e-10 finite_sourceProbInternal=1242 finite_varianceOfHitProb=1242
[INFO] [1788891901.196778275] [GSL - Trace]: [32mSimulation level 2 done[0m
[INFO] [1788891901.265249015] [GSL - Trace]: [32mSimulation level 3 done[0m
[INFO] [1788891901.285504306] [GSL - Trace]: [32mSimulation level 4 done[0m
[INFO] [1788891901.286484097] [GSL - Trace]: [32mSimulation level 5 done[0m
[INFO] [1788891901.286680298] [GSL]: Number of levels in the simulation: 5
[INFO] [1788891901.286691861] [GSL]: Total number of simulations: 203
[INFO] [1788891901.287262213] [GSL]: [RC2-DIAG] normalized_finite_count=1242 normalized_sum=1
[INFO] [1788891901.287280709] [GSL]: Time ellapsed in simulation = 0.36055499100000005 s
[INFO] [1788891901.291468945] [GSL]: Max mutual info: 2.512
[INFO] [1788891901.291713028] [GSL]: MutualInformation - Ellapsed: 0.004s
[INFO] [1788891901.319080330] [GSL]: Sending goal (6.20, -1.11)
[INFO] [1788891901.319597890] [GSL]: Variance: 0.28
[INFO] [1788891901.319617390] [GSL - Trace]: [32mEntering Moving[0m
[INFO] [1788891903.957750736] [GSL - Trace]: [32mEntering StopAndMeasure[0m
[INFO] [1788891905.921007588] [GSL]: 10 gas measurements, 10 wind measurements over 1.96 seconds
[INFO] [1788891905.922089869] [GSL]: avg_gas=1.2;  avg_windSpeed=0.53;  avg_wind_dir=0.21
[INFO] [1788891905.923291577] [GSL]: [33mGAS HIT[0m
[INFO] [1788891905.923342932] [GSL]: [DEBUG-WIND] useGroundTruth=false gmrf_req_size=626 gaden_req_size=-1
[INFO] [1788891905.923357509] [GSL]: [DEBUG-WIND] Taking GMRF path
[INFO] [1788891905.927229700] [GSL - Trace]: [32mEntering StopAndMeasure[0m
[INFO] [1788891907.921448851] [GSL]: 10 gas measurements, 10 wind measurements over 1.99 seconds
[INFO] [1788891907.921554671] [GSL]: avg_gas=1.1;  avg_windSpeed=0.49;  avg_wind_dir=0.15
[INFO] [1788891907.923096686] [GSL]: [33mGAS HIT[0m
[INFO] [1788891907.923120084] [GSL]: [DEBUG-WIND] useGroundTruth=false gmrf_req_size=626 gaden_req_size=-1
[INFO] [1788891907.923132960] [GSL]: [DEBUG-WIND] Taking GMRF path
[INFO] [1788891907.927006733] [GSL - Trace]: [32mEntering StopAndMeasure[0m
[INFO] [1788891909.920896982] [GSL]: 10 gas measurements, 10 wind measurements over 1.99 seconds
[INFO] [1788891909.921484900] [GSL]: avg_gas=1.1;  avg_windSpeed=0.53;  avg_wind_dir=0.21
[INFO] [1788891909.922464578] [GSL]: [33mGAS HIT[0m
[INFO] [1788891909.922482645] [GSL]: [DEBUG-WIND] useGroundTruth=false gmrf_req_size=626 gaden_req_size=-1
[INFO] [1788891909.922495182] [GSL]: [DEBUG-WIND] Taking GMRF path
[INFO] [1788891909.926779497] [GSL - Trace]: [32mEntering StopAndMeasure[0m
[INFO] [1788891911.921068136] [GSL]: 10 gas measurements, 10 wind measurements over 1.99 seconds
[INFO] [1788891911.921174730] [GSL]: avg_gas=1.1;  avg_windSpeed=0.4;  avg_wind_dir=0.13
[INFO] [1788891911.922106930] [GSL]: [33mGAS HIT[0m
[INFO] [1788891911.922145658] [GSL]: [DEBUG-WIND] useGroundTruth=false gmrf_req_size=626 gaden_req_size=-1
[INFO] [1788891911.922159622] [GSL]: [DEBUG-WIND] Taking GMRF path
[INFO] [1788891911.927213988] [GSL - Trace]: [32mEntering StopAndMeasure[0m
[INFO] [1788891913.920938282] [GSL]: 10 gas measurements, 10 wind measurements over 1.99 seconds
[INFO] [1788891913.921016705] [GSL]: avg_gas=0.33;  avg_windSpeed=0.53;  avg_wind_dir=0.2
[INFO] [1788891913.922214439] [GSL]: [33mGAS HIT[0m
[INFO] [1788891913.922241001] [GSL]: [DEBUG-WIND] useGroundTruth=false gmrf_req_size=626 gaden_req_size=-1
[INFO] [1788891913.922251428] [GSL]: [DEBUG-WIND] Taking GMRF path
[INFO] [1788891913.927376805] [GSL - Trace]: [32mEntering StopAndMeasure[0m
[INFO] [1788891915.920998782] [GSL]: 10 gas measurements, 10 wind measurements over 1.99 seconds
[INFO] [1788891915.921160084] [GSL]: avg_gas=0.062;  avg_windSpeed=0.51;  avg_wind_dir=0.19
[INFO] [1788891915.922143662] [GSL]: [33mNOTHING [0m
[INFO] [1788891915.922162539] [GSL]: [DEBUG-WIND] useGroundTruth=false gmrf_req_size=626 gaden_req_size=-1
[INFO] [1788891915.922175962] [GSL]: [DEBUG-WIND] Taking GMRF path
[INFO] [1788891915.927087108] [GSL - Trace]: [32mEntering StopAndMeasure[0m
[INFO] [1788891917.921181033] [GSL]: 10 gas measurements, 10 wind measurements over 1.99 seconds
[INFO] [1788891917.921281356] [GSL]: avg_gas=0.012;  avg_windSpeed=0.51;  avg_wind_dir=0.17
[INFO] [1788891917.922888801] [GSL]: [33mNOTHING [0m
[INFO] [1788891917.922936804] [GSL]: [DEBUG-WIND] useGroundTruth=false gmrf_req_size=626 gaden_req_size=-1
[INFO] [1788891917.922949340] [GSL]: [DEBUG-WIND] Taking GMRF path
[INFO] [1788891917.926875890] [GSL - Trace]: [32mEntering StopAndMeasure[0m
[INFO] [1788891919.920961376] [GSL]: 10 gas measurements, 10 wind measurements over 1.99 seconds
[INFO] [1788891919.921051106] [GSL]: avg_gas=0.0022;  avg_windSpeed=0.52;  avg_wind_dir=0.22
[INFO] [1788891919.921911189] [GSL]: [33mNOTHING [0m
[INFO] [1788891919.921925914] [GSL]: [DEBUG-WIND] useGroundTruth=false gmrf_req_size=626 gaden_req_size=-1
[INFO] [1788891919.921937692] [GSL]: [DEBUG-WIND] Taking GMRF path
[INFO] [1788891919.926835008] [GSL]: [33mStarted simulations. Might take a while![0m
[INFO] [1788891920.059553529] [GSL - Trace]: [32mFirst simulation level done[0m
[INFO] [1788891920.059791005] [GSL]: [RC2-DIAG] scores_size=85 refineFraction=0.25 refine_product=21.25 valid_first_level=85 sum_sourceProbInternal_before_norm=5.994904394868606e-11 min_sourceProbInternal_before_norm=0 max_sourceProbInternal_before_norm=2.4726873445768926e-12 finite_sourceProbInternal=1242 finite_varianceOfHitProb=1242
[INFO] [1788891920.183382426] [GSL - Trace]: [32mSimulation level 2 done[0m
[INFO] [1788891920.245515938] [GSL - Trace]: [32mSimulation level 3 done[0m
[INFO] [1788891920.266447365] [GSL - Trace]: [32mSimulation level 4 done[0m
[INFO] [1788891920.267297688] [GSL - Trace]: [32mSimulation level 5 done[0m
[INFO] [1788891920.267320175] [GSL]: Number of levels in the simulation: 5
[INFO] [1788891920.267327853] [GSL]: Total number of simulations: 203
[INFO] [1788891920.267354682] [GSL]: [RC2-DIAG] normalized_finite_count=1242 normalized_sum=1
[INFO] [1788891920.267363204] [GSL]: Time ellapsed in simulation = 0.34045471800000005 s
[INFO] [1788891920.271706785] [GSL]: Max mutual info: 2.075
[INFO] [1788891920.272221427] [GSL]: MutualInformation - Ellapsed: 0.005s
[INFO] [1788891920.299369018] [GSL]: Sending goal (5.60, -0.81)
[INFO] [1788891920.300928590] [GSL]: Variance: 0.24
[INFO] [1788891920.300956357] [GSL - Trace]: [32mEntering Moving[0m
[INFO] [1788891920.962472670] [GSL - Trace]: [32mEntering StopAndMeasure[0m
[INFO] [1788891922.887469501] [GSL]: 10 gas measurements, 10 wind measurements over 1.92 seconds
[INFO] [1788891922.887532868] [GSL]: avg_gas=0.0056;  avg_windSpeed=0.15;  avg_wind_dir=-0.32
[INFO] [1788891922.888146048] [GSL]: [33mNOTHING [0m
[INFO] [1788891922.888170570] [GSL]: [DEBUG-WIND] useGroundTruth=false gmrf_req_size=626 gaden_req_size=-1
[INFO] [1788891922.888177826] [GSL]: [DEBUG-WIND] Taking GMRF path
[INFO] [1788891922.926754363] [GSL - Trace]: [32mEntering StopAndMeasure[0m
[INFO] [1788891924.901949631] [GSL]: 10 gas measurements, 10 wind measurements over 1.98 seconds
[INFO] [1788891924.902003813] [GSL]: avg_gas=0.0011;  avg_windSpeed=0.15;  avg_wind_dir=-0.34
[INFO] [1788891924.902488723] [GSL]: [33mNOTHING [0m
[INFO] [1788891924.902497542] [GSL]: [DEBUG-WIND] useGroundTruth=false gmrf_req_size=626 gaden_req_size=-1
[INFO] [1788891924.902762491] [GSL]: [DEBUG-WIND] Taking GMRF path
[INFO] [1788891924.927048703] [GSL - Trace]: [32mEntering StopAndMeasure[0m
[INFO] [1788891926.901970281] [GSL]: 10 gas measurements, 10 wind measurements over 1.97 seconds
[INFO] [1788891926.902028230] [GSL]: avg_gas=0.0002;  avg_windSpeed=0.15;  avg_wind_dir=-0.32
[INFO] [1788891926.902525001] [GSL]: [33mNOTHING [0m
[INFO] [1788891926.902534654] [GSL]: [DEBUG-WIND] useGroundTruth=false gmrf_req_size=626 gaden_req_size=-1
[INFO] [1788891926.902541695] [GSL]: [DEBUG-WIND] Taking GMRF path
[INFO] [1788891926.926694265] [GSL - Trace]: [32mEntering StopAndMeasure[0m
[INFO] [1788891928.902101263] [GSL]: 10 gas measurements, 10 wind measurements over 1.98 seconds
[INFO] [1788891928.902170005] [GSL]: avg_gas=3.8e-05;  avg_windSpeed=0.15;  avg_wind_dir=-0.34
[INFO] [1788891928.902864610] [GSL]: [33mNOTHING [0m
[INFO] [1788891928.902877986] [GSL]: [DEBUG-WIND] useGroundTruth=false gmrf_req_size=626 gaden_req_size=-1
[INFO] [1788891928.903258046] [GSL]: [DEBUG-WIND] Taking GMRF path
[INFO] [1788891928.927022398] [GSL - Trace]: [32mEntering StopAndMeasure[0m
[INFO] [1788891930.902037598] [GSL]: 10 gas measurements, 10 wind measurements over 1.97 seconds
[INFO] [1788891930.902207737] [GSL]: avg_gas=7.1e-06;  avg_windSpeed=0.15;  avg_wind_dir=-0.32
[INFO] [1788891930.903048119] [GSL]: [33mNOTHING [0m
[INFO] [1788891930.903083135] [GSL]: [DEBUG-WIND] useGroundTruth=false gmrf_req_size=626 gaden_req_size=-1
[INFO] [1788891930.903092315] [GSL]: [DEBUG-WIND] Taking GMRF path
[INFO] [1788891930.927177720] [GSL - Trace]: [32mEntering StopAndMeasure[0m
[INFO] [1788891932.902109681] [GSL]: 10 gas measurements, 10 wind measurements over 1.97 seconds
[INFO] [1788891932.902164669] [GSL]: avg_gas=1.3e-06;  avg_windSpeed=0.15;  avg_wind_dir=-0.34
[INFO] [1788891932.902633149] [GSL]: [33mNOTHING [0m
[INFO] [1788891932.902641637] [GSL]: [DEBUG-WIND] useGroundTruth=false gmrf_req_size=626 gaden_req_size=-1
[INFO] [1788891932.902876076] [GSL]: [DEBUG-WIND] Taking GMRF path
[INFO] [1788891932.926650243] [GSL - Trace]: [32mEntering StopAndMeasure[0m
[INFO] [1788891934.902094060] [GSL]: 10 gas measurements, 10 wind measurements over 1.98 seconds
[INFO] [1788891934.902184327] [GSL]: avg_gas=2.5e-07;  avg_windSpeed=0.15;  avg_wind_dir=-0.32
[INFO] [1788891934.903027333] [GSL]: [33mNOTHING [0m
[INFO] [1788891934.903043294] [GSL]: [DEBUG-WIND] useGroundTruth=false gmrf_req_size=626 gaden_req_size=-1
[INFO] [1788891934.903055204] [GSL]: [DEBUG-WIND] Taking GMRF path
[INFO] [1788891934.926831977] [GSL - Trace]: [32mEntering StopAndMeasure[0m
[INFO] [1788891936.902043500] [GSL]: 10 gas measurements, 10 wind measurements over 1.98 seconds
[INFO] [1788891936.902111709] [GSL]: avg_gas=0.0019;  avg_windSpeed=0.15;  avg_wind_dir=-0.34
[INFO] [1788891936.903055043] [GSL]: [33mNOTHING [0m
[INFO] [1788891936.903092447] [GSL]: [DEBUG-WIND] useGroundTruth=false gmrf_req_size=626 gaden_req_size=-1
[INFO] [1788891936.903397656] [GSL]: [DEBUG-WIND] Taking GMRF path
[INFO] [1788891936.926804197] [GSL]: [33mStarted simulations. Might take a while![0m
[INFO] [1788891937.066192742] [GSL - Trace]: [32mFirst simulation level done[0m
[INFO] [1788891937.066553179] [GSL]: [RC2-DIAG] scores_size=85 refineFraction=0.25 refine_product=21.25 valid_first_level=85 sum_sourceProbInternal_before_norm=3.5464235039421022e-12 min_sourceProbInternal_before_norm=0 max_sourceProbInternal_before_norm=1.9676309878634344e-13 finite_sourceProbInternal=1242 finite_varianceOfHitProb=1242
[INFO] [1788891937.190234704] [GSL - Trace]: [32mSimulation level 2 done[0m
[INFO] [1788891937.255122169] [GSL - Trace]: [32mSimulation level 3 done[0m
[INFO] [1788891937.276065254] [GSL - Trace]: [32mSimulation level 4 done[0m
[INFO] [1788891937.276897033] [GSL - Trace]: [32mSimulation level 5 done[0m
[INFO] [1788891937.276915296] [GSL]: Number of levels in the simulation: 5
[INFO] [1788891937.276922954] [GSL]: Total number of simulations: 201
[INFO] [1788891937.277369370] [GSL]: [RC2-DIAG] normalized_finite_count=1242 normalized_sum=1
[INFO] [1788891937.277404613] [GSL]: Time ellapsed in simulation = 0.350505656 s
[INFO] [1788891937.282021183] [GSL]: Max mutual info: 2.020
[INFO] [1788891937.282158817] [GSL]: MutualInformation - Ellapsed: 0.005s
[INFO] [1788891937.314947824] [GSL]: Sending goal (6.80, 0.99)
[INFO] [1788891937.315642675] [GSL]: Variance: 0.29
[INFO] [1788891937.315664952] [GSL - Trace]: [32mEntering Moving[0m
[INFO] [1788891938.943222240] [GSL - Trace]: [32mEntering StopAndMeasure[0m
[INFO] [1788891940.917208825] [GSL]: 10 gas measurements, 10 wind measurements over 1.97 seconds
[INFO] [1788891940.917339903] [GSL]: avg_gas=0.14;  avg_windSpeed=0;  avg_wind_dir=0
[INFO] [1788891940.918439157] [GSL]: [33mGAS HIT[0m
[INFO] [1788891940.918481048] [GSL]: [DEBUG-WIND] useGroundTruth=false gmrf_req_size=626 gaden_req_size=-1
[INFO] [1788891940.918495925] [GSL]: [DEBUG-WIND] Taking GMRF path
[INFO] [1788891940.926687700] [GSL - Trace]: [32mEntering StopAndMeasure[0m
[INFO] [1788891942.916748441] [GSL]: 10 gas measurements, 10 wind measurements over 1.99 seconds
[INFO] [1788891942.916831668] [GSL]: avg_gas=0.48;  avg_windSpeed=0;  avg_wind_dir=0
[INFO] [1788891942.917512449] [GSL]: [33mGAS HIT[0m
[INFO] [1788891942.917524239] [GSL]: [DEBUG-WIND] useGroundTruth=false gmrf_req_size=626 gaden_req_size=-1
[INFO] [1788891942.917533380] [GSL]: [DEBUG-WIND] Taking GMRF path
[INFO] [1788891942.926902215] [GSL - Trace]: [32mEntering StopAndMeasure[0m
[INFO] [1788891944.916790939] [GSL]: 10 gas measurements, 10 wind measurements over 1.99 seconds
[INFO] [1788891944.916960728] [GSL]: avg_gas=0.87;  avg_windSpeed=0;  avg_wind_dir=0
[INFO] [1788891944.918049025] [GSL]: [33mGAS HIT[0m
[INFO] [1788891944.918067876] [GSL]: [DEBUG-WIND] useGroundTruth=false gmrf_req_size=626 gaden_req_size=-1
[INFO] [1788891944.918082739] [GSL]: [DEBUG-WIND] Taking GMRF path
[INFO] [1788891944.926795524] [GSL - Trace]: [32mEntering StopAndMeasure[0m
[INFO] [1788891946.916754647] [GSL]: 10 gas measurements, 10 wind measurements over 1.99 seconds
[INFO] [1788891946.916906639] [GSL]: avg_gas=1;  avg_windSpeed=0;  avg_wind_dir=0
[INFO] [1788891946.917678843] [GSL]: [33mGAS HIT[0m
[INFO] [1788891946.917693640] [GSL]: [DEBUG-WIND] useGroundTruth=false gmrf_req_size=626 gaden_req_size=-1
[INFO] [1788891946.917704265] [GSL]: [DEBUG-WIND] Taking GMRF path
[INFO] [1788891946.926811276] [GSL - Trace]: [32mEntering StopAndMeasure[0m
[INFO] [1788891948.916642676] [GSL]: 10 gas measurements, 10 wind measurements over 1.99 seconds
[INFO] [1788891948.916707437] [GSL]: avg_gas=0.86;  avg_windSpeed=0;  avg_wind_dir=0
[INFO] [1788891948.917229337] [GSL]: [33mGAS HIT[0m
[INFO] [1788891948.917239266] [GSL]: [DEBUG-WIND] useGroundTruth=false gmrf_req_size=626 gaden_req_size=-1
[INFO] [1788891948.917246034] [GSL]: [DEBUG-WIND] Taking GMRF path
[INFO] [1788891948.926731507] [GSL - Trace]: [32mEntering StopAndMeasure[0m
[INFO] [1788891950.916637533] [GSL]: 10 gas measurements, 10 wind measurements over 1.99 seconds
[INFO] [1788891950.917043876] [GSL]: avg_gas=0.9;  avg_windSpeed=0;  avg_wind_dir=0
[INFO] [1788891950.917528830] [GSL]: [33mGAS HIT[0m
[INFO] [1788891950.917537627] [GSL]: [DEBUG-WIND] useGroundTruth=false gmrf_req_size=626 gaden_req_size=-1
[INFO] [1788891950.917544454] [GSL]: [DEBUG-WIND] Taking GMRF path
[INFO] [1788891950.926643870] [GSL - Trace]: [32mEntering StopAndMeasure[0m
[INFO] [1788891952.916953700] [GSL]: 10 gas measurements, 10 wind measurements over 1.99 seconds
[INFO] [1788891952.917056261] [GSL]: avg_gas=0.96;  avg_windSpeed=0;  avg_wind_dir=0
[INFO] [1788891952.918068354] [GSL]: [33mGAS HIT[0m
[INFO] [1788891952.918086812] [GSL]: [DEBUG-WIND] useGroundTruth=false gmrf_req_size=626 gaden_req_size=-1
[INFO] [1788891952.918101074] [GSL]: [DEBUG-WIND] Taking GMRF path
[INFO] [1788891952.926734488] [GSL - Trace]: [32mEntering StopAndMeasure[0m
[INFO] [1788891954.916931963] [GSL]: 10 gas measurements, 10 wind measurements over 1.99 seconds
[INFO] [1788891954.917030929] [GSL]: avg_gas=1.1;  avg_windSpeed=0;  avg_wind_dir=0
[INFO] [1788891954.918604734] [GSL]: [33mGAS HIT[0m
[INFO] [1788891954.918626744] [GSL]: [DEBUG-WIND] useGroundTruth=false gmrf_req_size=626 gaden_req_size=-1
[INFO] [1788891954.918641854] [GSL]: [DEBUG-WIND] Taking GMRF path
[INFO] [1788891954.926814381] [GSL]: [33mStarted simulations. Might take a while![0m
[INFO] [1788891955.071857415] [GSL - Trace]: [32mFirst simulation level done[0m
[INFO] [1788891955.072254529] [GSL]: [RC2-DIAG] scores_size=85 refineFraction=0.25 refine_product=21.25 valid_first_level=85 sum_sourceProbInternal_before_norm=6.7760031983757085e-12 min_sourceProbInternal_before_norm=0 max_sourceProbInternal_before_norm=6.633708433776069e-13 finite_sourceProbInternal=1242 finite_varianceOfHitProb=1242
[INFO] [1788891955.195075470] [GSL - Trace]: [32mSimulation level 2 done[0m
[INFO] [1788891955.259621869] [GSL - Trace]: [32mSimulation level 3 done[0m
[INFO] [1788891955.280562136] [GSL - Trace]: [32mSimulation level 4 done[0m
[INFO] [1788891955.281277641] [GSL - Trace]: [32mSimulation level 5 done[0m
[INFO] [1788891955.281299512] [GSL]: Number of levels in the simulation: 5
[INFO] [1788891955.281307222] [GSL]: Total number of simulations: 201
[INFO] [1788891955.281604399] [GSL]: [RC2-DIAG] normalized_finite_count=1242 normalized_sum=1
[INFO] [1788891955.281613706] [GSL]: Time ellapsed in simulation = 0.354686757 s
[INFO] [1788891955.285164903] [GSL]: Max mutual info: 2.517
[INFO] [1788891955.285289728] [GSL]: MutualInformation - Ellapsed: 0.004s
[INFO] [1788891955.315033613] [GSL]: Sending goal (5.00, -0.51)
[INFO] [1788891955.315630804] [GSL]: Variance: 0.26
[INFO] [1788891955.315649754] [GSL - Trace]: [32mEntering Moving[0m
[INFO] [1788891957.143510435] [GSL - Trace]: [32mEntering StopAndMeasure[0m
[INFO] [1788891959.066699375] [GSL]: 10 gas measurements, 10 wind measurements over 1.92 seconds
[INFO] [1788891959.066758735] [GSL]: avg_gas=0.71;  avg_windSpeed=0.12;  avg_wind_dir=-0.74
[INFO] [1788891959.067278226] [GSL]: [33mGAS HIT[0m
[INFO] [1788891959.067436093] [GSL]: [DEBUG-WIND] useGroundTruth=false gmrf_req_size=626 gaden_req_size=-1
[INFO] [1788891959.067446924] [GSL]: [DEBUG-WIND] Taking GMRF path
[INFO] [1788891959.127109948] [GSL - Trace]: [32mEntering StopAndMeasure[0m
[INFO] [1788891961.066607885] [GSL]: 10 gas measurements, 10 wind measurements over 1.94 seconds
[INFO] [1788891961.066666836] [GSL]: avg_gas=0.63;  avg_windSpeed=0.12;  avg_wind_dir=-0.79
[INFO] [1788891961.067217595] [GSL]: [33mGAS HIT[0m
[INFO] [1788891961.067228345] [GSL]: [DEBUG-WIND] useGroundTruth=false gmrf_req_size=626 gaden_req_size=-1
[INFO] [1788891961.067236191] [GSL]: [DEBUG-WIND] Taking GMRF path
[INFO] [1788891961.127222229] [GSL - Trace]: [32mEntering StopAndMeasure[0m
[INFO] [1788891963.066702385] [GSL]: 10 gas measurements, 10 wind measurements over 1.94 seconds
[INFO] [1788891963.066763557] [GSL]: avg_gas=0.62;  avg_windSpeed=0.13;  avg_wind_dir=-0.83
[INFO] [1788891963.067341162] [GSL]: [33mGAS HIT[0m
[INFO] [1788891963.067993789] [GSL]: [DEBUG-WIND] useGroundTruth=false gmrf_req_size=626 gaden_req_size=-1
[INFO] [1788891963.068021216] [GSL]: [DEBUG-WIND] Taking GMRF path
[INFO] [1788891963.127041804] [GSL - Trace]: [32mEntering StopAndMeasure[0m
[INFO] [1788891963.316504483] [GSL]: Could not find the source. Sorry!
[INFO] [1788891964.339242553] [GSL]: [34mDONE, CLOSING[0m
