[INFO] [1788866705.963138375] [vgr_uav_sim]: Loading VGR data from /mnt/hgfs/workspace/GADEN_files/scenarios/House01, config=2,4-1_fast
[INFO] [1788866706.022591538] [vgr_uav_sim]: Occupancy: 87x114 slice z_idx=13 (z=0.3m), free=6866, obstacle=3052, input_sha256=846003ffbbc8e99aa322cf189356399412763710e937bb5e5316186afccf17cb
[INFO] [1788866706.329793246] [vgr_uav_sim]: Gas backend=raw_house1_snapshot exec=/home/zyc/CSTAR_CONTROLLED_ASSETS_20260907/tools/cstar_numeric_wind_raw_query env_root=/mnt/hgfs/workspace/GADEN_files/scenarios/House01 gas_results=/mnt/hgfs/workspace/GADEN_files/scenarios/House01/gas_simulations/2,4-1_fast/FilamentSimulation_gasType_10_sourcePosition_-0.40_-2.90_-0.30 max_iteration=1999
[INFO] [1788866706.332236667] [vgr_uav_sim]: Navigation grid: coarse 29x38 cell=0.3000 free=626 obstacle=476 (reduce_scale=3)
[INFO] [1788866706.364239138] [vgr_uav_sim]: UAV Sim v3 ready. Start=(-3.17,-1.75), sim_dt=0.200s, realtime_factor=1.00, sensor=asymmetric, vertical_motion=False, open_loop_profile=hover
[WARN] [1788866733.713381788] [vgr_uav_sim]: PLAN_CB: called with goal=(-4.10,-1.13)
[WARN] [1788866733.714584240] [vgr_uav_sim]: PLAN_CB: returning 5 poses
[WARN] [1788866733.725423353] [vgr_uav_sim]: PLAN_CB: called with goal=(-4.10,-1.13)
[WARN] [1788866733.726567132] [vgr_uav_sim]: PLAN_CB: returning 5 poses
[INFO] [1788866733.737521459] [vgr_uav_sim]: Prepared 5 collision-free navigation waypoints to (-4.10, -1.13)
[INFO] [1788866733.738559296] [vgr_uav_sim]: UAV navigating in audited 2-D mode to (-4.10, -1.13, 0.30)
[WARN] [1788866750.506527736] [vgr_uav_sim]: PLAN_CB: called with goal=(-5.00,-0.83)
[WARN] [1788866750.508428226] [vgr_uav_sim]: PLAN_CB: returning 5 poses
[WARN] [1788866750.519332653] [vgr_uav_sim]: PLAN_CB: called with goal=(-5.00,-0.83)
[WARN] [1788866750.520613610] [vgr_uav_sim]: PLAN_CB: returning 5 poses
[INFO] [1788866750.531212263] [vgr_uav_sim]: Prepared 5 collision-free navigation waypoints to (-5.00, -0.83)
[INFO] [1788866750.532313277] [vgr_uav_sim]: UAV navigating in audited 2-D mode to (-5.00, -0.83, 0.30)
[WARN] [1788866767.311714813] [vgr_uav_sim]: PLAN_CB: called with goal=(-5.90,-0.83)
[WARN] [1788866767.313521938] [vgr_uav_sim]: PLAN_CB: returning 5 poses
[WARN] [1788866767.321252149] [vgr_uav_sim]: PLAN_CB: called with goal=(-5.90,-0.83)
[WARN] [1788866767.322490279] [vgr_uav_sim]: PLAN_CB: returning 5 poses
[INFO] [1788866767.333297928] [vgr_uav_sim]: Prepared 5 collision-free navigation waypoints to (-5.90, -0.83)
[INFO] [1788866767.334446255] [vgr_uav_sim]: UAV navigating in audited 2-D mode to (-5.90, -0.83, 0.30)
[WARN] [1788866784.401414449] [vgr_uav_sim]: PLAN_CB: called with goal=(-1.40,0.07)
[WARN] [1788866784.405143684] [vgr_uav_sim]: PLAN_CB: returning 17 poses
[WARN] [1788866784.412673023] [vgr_uav_sim]: PLAN_CB: called with goal=(-1.40,0.07)
[WARN] [1788866784.414919992] [vgr_uav_sim]: PLAN_CB: returning 17 poses
[INFO] [1788866784.426695442] [vgr_uav_sim]: Prepared 17 collision-free navigation waypoints to (-1.40, 0.07)
[INFO] [1788866784.427674625] [vgr_uav_sim]: UAV navigating in audited 2-D mode to (-1.40, 0.07, 0.30)
[WARN] [1788866803.815837683] [vgr_uav_sim]: PLAN_CB: called with goal=(-0.80,0.07)
[WARN] [1788866803.816958047] [vgr_uav_sim]: PLAN_CB: returning 4 poses
[WARN] [1788866803.824884352] [vgr_uav_sim]: PLAN_CB: called with goal=(-0.80,0.07)
[WARN] [1788866803.826645341] [vgr_uav_sim]: PLAN_CB: returning 4 poses
[INFO] [1788866803.836551668] [vgr_uav_sim]: Prepared 4 collision-free navigation waypoints to (-0.80, 0.07)
[INFO] [1788866803.837681970] [vgr_uav_sim]: UAV navigating in audited 2-D mode to (-0.80, 0.07, 0.30)
[WARN] [1788866820.516578224] [vgr_uav_sim]: PLAN_CB: called with goal=(-1.40,0.67)
[WARN] [1788866820.517655630] [vgr_uav_sim]: PLAN_CB: returning 4 poses
[WARN] [1788866820.531088895] [vgr_uav_sim]: PLAN_CB: called with goal=(-1.40,0.67)
[WARN] [1788866820.532450459] [vgr_uav_sim]: PLAN_CB: returning 4 poses
[INFO] [1788866820.542099734] [vgr_uav_sim]: Prepared 4 collision-free navigation waypoints to (-1.40, 0.67)
[INFO] [1788866820.542976362] [vgr_uav_sim]: UAV navigating in audited 2-D mode to (-1.40, 0.67, 0.30)
[WARN] [1788866837.353098788] [vgr_uav_sim]: PLAN_CB: called with goal=(-2.90,-0.23)
[WARN] [1788866837.357558620] [vgr_uav_sim]: PLAN_CB: returning 7 poses
[WARN] [1788866837.391530418] [vgr_uav_sim]: PLAN_CB: called with goal=(-2.90,-0.23)
[WARN] [1788866837.392704521] [vgr_uav_sim]: PLAN_CB: returning 7 poses
[INFO] [1788866837.403989888] [vgr_uav_sim]: Prepared 7 collision-free navigation waypoints to (-2.90, -0.23)
[INFO] [1788866837.405105552] [vgr_uav_sim]: UAV navigating in audited 2-D mode to (-2.90, -0.23, 0.30)
[WARN] [1788866854.906640609] [vgr_uav_sim]: PLAN_CB: called with goal=(-3.50,0.07)
[WARN] [1788866854.913686147] [vgr_uav_sim]: PLAN_CB: returning 4 poses
[WARN] [1788866854.925041227] [vgr_uav_sim]: PLAN_CB: called with goal=(-3.50,0.07)
[WARN] [1788866854.926569152] [vgr_uav_sim]: PLAN_CB: returning 4 poses
[INFO] [1788866854.936866700] [vgr_uav_sim]: Prepared 4 collision-free navigation waypoints to (-3.50, 0.07)
[INFO] [1788866854.938613786] [vgr_uav_sim]: UAV navigating in audited 2-D mode to (-3.50, 0.07, 0.30)
[WARN] [1788866871.891468203] [vgr_uav_sim]: PLAN_CB: called with goal=(-2.90,0.37)
[WARN] [1788866871.893607825] [vgr_uav_sim]: PLAN_CB: returning 4 poses
[WARN] [1788866871.904175440] [vgr_uav_sim]: PLAN_CB: called with goal=(-2.90,0.37)
[WARN] [1788866871.905109267] [vgr_uav_sim]: PLAN_CB: returning 4 poses
[INFO] [1788866871.918118868] [vgr_uav_sim]: Prepared 4 collision-free navigation waypoints to (-2.90, 0.37)
[INFO] [1788866871.919637174] [vgr_uav_sim]: UAV navigating in audited 2-D mode to (-2.90, 0.37, 0.30)
[WARN] [1788866888.738563461] [vgr_uav_sim]: PLAN_CB: called with goal=(-4.10,0.07)
[WARN] [1788866888.742802482] [vgr_uav_sim]: PLAN_CB: returning 6 poses
[WARN] [1788866888.751894360] [vgr_uav_sim]: PLAN_CB: called with goal=(-4.10,0.07)
[WARN] [1788866888.753040689] [vgr_uav_sim]: PLAN_CB: returning 6 poses
[INFO] [1788866888.763792049] [vgr_uav_sim]: Prepared 6 collision-free navigation waypoints to (-4.10, 0.07)
[INFO] [1788866888.765317122] [vgr_uav_sim]: UAV navigating in audited 2-D mode to (-4.10, 0.07, 0.30)
[WARN] [1788866905.678848038] [vgr_uav_sim]: PLAN_CB: called with goal=(0.40,0.37)
[WARN] [1788866905.684815160] [vgr_uav_sim]: PLAN_CB: returning 17 poses
[WARN] [1788866905.693816063] [vgr_uav_sim]: PLAN_CB: called with goal=(0.40,0.37)
[WARN] [1788866905.696844020] [vgr_uav_sim]: PLAN_CB: returning 17 poses
[INFO] [1788866905.707134670] [vgr_uav_sim]: Prepared 17 collision-free navigation waypoints to (0.40, 0.37)
[INFO] [1788866905.708108980] [vgr_uav_sim]: UAV navigating in audited 2-D mode to (0.40, 0.37, 0.30)
[WARN] [1788866925.299879965] [vgr_uav_sim]: PLAN_CB: called with goal=(-0.20,0.37)
[WARN] [1788866925.301154377] [vgr_uav_sim]: PLAN_CB: returning 4 poses
[WARN] [1788866925.312011625] [vgr_uav_sim]: PLAN_CB: called with goal=(-0.20,0.37)
[WARN] [1788866925.312980306] [vgr_uav_sim]: PLAN_CB: returning 4 poses
[INFO] [1788866925.323695278] [vgr_uav_sim]: Prepared 4 collision-free navigation waypoints to (-0.20, 0.37)
[INFO] [1788866925.325374549] [vgr_uav_sim]: UAV navigating in audited 2-D mode to (-0.20, 0.37, 0.30)
[WARN] [1788866942.146511199] [vgr_uav_sim]: PLAN_CB: called with goal=(-4.70,0.37)
[WARN] [1788866942.149302469] [vgr_uav_sim]: PLAN_CB: returning 17 poses
[WARN] [1788866942.160079168] [vgr_uav_sim]: PLAN_CB: called with goal=(-4.70,0.37)
[WARN] [1788866942.162694648] [vgr_uav_sim]: PLAN_CB: returning 17 poses
[INFO] [1788866942.186315908] [vgr_uav_sim]: Prepared 17 collision-free navigation waypoints to (-4.70, 0.37)
[INFO] [1788866942.188015826] [vgr_uav_sim]: UAV navigating in audited 2-D mode to (-4.70, 0.37, 0.30)
