[INFO] [1788858918.845574960] [GSL]: Starting GSL server
[INFO] [1788858923.878916258] [GSL]: GSL action server is ready for action!
[INFO] [1788858924.881559063] [GSL]: [33mRequest received: PMFS[0m
[INFO] [1788858925.890373252] [GSL]: Waiting to hear from localization topic: /amcl_pose
[INFO] [1788858925.893295717] [GSL]: Gas sensor topic: '/PID/Sensor_reading'
[INFO] [1788858925.894549908] [GSL]: Wind sensor topic: '/Anemometer/WindSensor_reading'
[INFO] [1788858925.894597722] [GSL]: [34mINITIALIZATON COMPLETED[0m
[INFO] [1788858925.916133913] [GSL - Trace]: [32mEntering WaitForMap[0m
[INFO] [1788858925.916169154] [GSL - Trace]: [32mNeed occupancy map and costmap[0m
[INFO] [1788858925.968471140] [GSL - Trace]: [32mGot occupancy map[0m
[INFO] [1788858925.970306133] [GSL]: 
--------------GSL---------------
Occupancy Map dimensions:
x_min:-7.5 x_max:1.1   -   y_min:-7.9 y_max:3.5
--------------------------------
[INFO] [1788858925.970619824] [GSL]: [MAP-DEBUG] 87x114 res=0.1000 free=6866 obs=3052 unk=0 origin=(-7.55,-7.88)
[INFO] [1788858925.972731781] [GSL - Trace]: [32mCreated grid[0m
[INFO] [1788858925.972775362] [GSL]: [DEBUG] After reduceOccupancyMap: free=626 obstacle=476 total=1102
[INFO] [1788858925.973861119] [GSL - Trace]: [32mPruned unreachable cells[0m
[INFO] [1788858925.973901304] [GSL]: [DEBUG] After PruneUnreachable: free=626 obstacle=476 total=1102
[INFO] [1788858925.974341249] [GSL]: [DEBUG] Grid dims: 29x38 scale=3 cellSize=0.3
[INFO] [1788858925.974368645] [GSL]: [DEBUG] Start pos: (-3.17, -1.75)
[INFO] [1788858925.982906168] [GSL - Trace]: [32mCreated visibility map[0m
[INFO] [1788858925.998633777] [GSL]: Number of cells after fusing quadtree: 74
[INFO] [1788858926.001648924] [GSL]: [DEBUG-WIND] useGroundTruth=false gmrf_req_size=626 gaden_req_size=-1
[INFO] [1788858926.001680442] [GSL]: [DEBUG-WIND] Taking GMRF path
[INFO] [1788858926.007214813] [GSL - Trace]: [32mEntering StopAndMeasure[0m
[INFO] [1788858926.718102224] [GSL - Trace]: [32mGot cost map[0m
[INFO] [1788858927.918227460] [GSL]: 10 gas measurements, 10 wind measurements over 1.91 seconds
[INFO] [1788858927.918880366] [GSL]: avg_gas=0.031;  avg_windSpeed=0.048;  avg_wind_dir=-0.12
[INFO] [1788858927.919700335] [GSL]: [33mNOTHING [0m
[INFO] [1788858927.919716540] [GSL]: [DEBUG-WIND] useGroundTruth=false gmrf_req_size=626 gaden_req_size=-1
[INFO] [1788858927.919723481] [GSL]: [DEBUG-WIND] Taking GMRF path
[INFO] [1788858928.004186580] [GSL - Trace]: [32mEntering StopAndMeasure[0m
[INFO] [1788858929.918165528] [GSL]: 10 gas measurements, 10 wind measurements over 1.91 seconds
[INFO] [1788858929.918224786] [GSL]: avg_gas=0.034;  avg_windSpeed=0.065;  avg_wind_dir=-1.8
[INFO] [1788858929.918762036] [GSL]: [33mNOTHING [0m
[INFO] [1788858929.918773177] [GSL]: [DEBUG-WIND] useGroundTruth=false gmrf_req_size=626 gaden_req_size=-1
[INFO] [1788858929.918780111] [GSL]: [DEBUG-WIND] Taking GMRF path
[INFO] [1788858930.004405714] [GSL - Trace]: [32mEntering StopAndMeasure[0m
[INFO] [1788858931.918169533] [GSL]: 10 gas measurements, 10 wind measurements over 1.91 seconds
[INFO] [1788858931.918553892] [GSL]: avg_gas=0.046;  avg_windSpeed=0.048;  avg_wind_dir=-0.12
[INFO] [1788858931.919141781] [GSL]: [33mNOTHING [0m
[INFO] [1788858931.919153889] [GSL]: [DEBUG-WIND] useGroundTruth=false gmrf_req_size=626 gaden_req_size=-1
[INFO] [1788858931.919160529] [GSL]: [DEBUG-WIND] Taking GMRF path
[INFO] [1788858932.004699848] [GSL - Trace]: [32mEntering StopAndMeasure[0m
[INFO] [1788858933.918433681] [GSL]: 10 gas measurements, 10 wind measurements over 1.91 seconds
[INFO] [1788858933.918492232] [GSL]: avg_gas=0.051;  avg_windSpeed=0.065;  avg_wind_dir=-1.8
[INFO] [1788858933.919050103] [GSL]: [33mNOTHING [0m
[INFO] [1788858933.919060622] [GSL]: [DEBUG-WIND] useGroundTruth=false gmrf_req_size=626 gaden_req_size=-1
[INFO] [1788858933.919067143] [GSL]: [DEBUG-WIND] Taking GMRF path
[INFO] [1788858934.004313629] [GSL - Trace]: [32mEntering StopAndMeasure[0m
[INFO] [1788858936.346052286] [GSL]: 10 gas measurements, 10 wind measurements over 2.34 seconds
[INFO] [1788858936.346404590] [GSL]: avg_gas=0.075;  avg_windSpeed=0.048;  avg_wind_dir=-0.12
[INFO] [1788858936.346909788] [GSL]: [33mNOTHING [0m
[INFO] [1788858936.346918939] [GSL]: [DEBUG-WIND] useGroundTruth=false gmrf_req_size=626 gaden_req_size=-1
[INFO] [1788858936.346925569] [GSL]: [DEBUG-WIND] Taking GMRF path
[INFO] [1788858936.362217677] [GSL - Trace]: [32mEntering StopAndMeasure[0m
[INFO] [1788858938.330426327] [GSL]: 10 gas measurements, 10 wind measurements over 1.97 seconds
[INFO] [1788858938.330530800] [GSL]: avg_gas=0.075;  avg_windSpeed=0.065;  avg_wind_dir=-1.8
[INFO] [1788858938.331312812] [GSL]: [33mNOTHING [0m
[INFO] [1788858938.331326436] [GSL]: [DEBUG-WIND] useGroundTruth=false gmrf_req_size=626 gaden_req_size=-1
[INFO] [1788858938.331336924] [GSL]: [DEBUG-WIND] Taking GMRF path
[INFO] [1788858938.424346523] [GSL - Trace]: [32mEntering StopAndMeasure[0m
[INFO] [1788858940.329872717] [GSL]: 10 gas measurements, 10 wind measurements over 1.91 seconds
[INFO] [1788858940.329974761] [GSL]: avg_gas=0.072;  avg_windSpeed=0.048;  avg_wind_dir=-0.12
[INFO] [1788858940.331614238] [GSL]: [33mNOTHING [0m
[INFO] [1788858940.331658948] [GSL]: [DEBUG-WIND] useGroundTruth=false gmrf_req_size=626 gaden_req_size=-1
[INFO] [1788858940.331688507] [GSL]: [DEBUG-WIND] Taking GMRF path
[INFO] [1788858940.424781863] [GSL - Trace]: [32mEntering StopAndMeasure[0m
[INFO] [1788858942.329765965] [GSL]: 10 gas measurements, 10 wind measurements over 1.90 seconds
[INFO] [1788858942.329851279] [GSL]: avg_gas=0.054;  avg_windSpeed=0.065;  avg_wind_dir=-1.8
[INFO] [1788858942.330780837] [GSL]: [33mNOTHING [0m
[INFO] [1788858942.330893138] [GSL]: [DEBUG-WIND] useGroundTruth=false gmrf_req_size=626 gaden_req_size=-1
[INFO] [1788858942.330931411] [GSL]: [DEBUG-WIND] Taking GMRF path
[INFO] [1788858942.446009378] [GSL]: Max mutual info: 6.439
[WARN] [1788858942.446772373] [rcl.logging_rosout]: Publisher already registered for provided node name. If this is due to multiple nodes with the same name then all logs for that logger name will go out over the existing publisher. As soon as any node with that name is destructed it will unregister the publisher, preventing any further logs for that name from being published on the rosout topic.
[INFO] [1788858942.458798233] [GSL]: MutualInformation - Ellapsed: 0.034s
[INFO] [1788858942.487005311] [GSL]: Sending goal (-4.10, -1.13)
[INFO] [1788858942.488593103] [GSL]: Variance: 16.02
[INFO] [1788858942.488618524] [GSL - Trace]: [32mEntering Moving[0m
[INFO] [1788858943.401960290] [GSL - Trace]: [32mEntering StopAndMeasure[0m
[INFO] [1788858945.330940893] [GSL]: 10 gas measurements, 10 wind measurements over 1.93 seconds
[INFO] [1788858945.331038443] [GSL]: avg_gas=0.057;  avg_windSpeed=0.11;  avg_wind_dir=0.95
[INFO] [1788858945.331823190] [GSL]: [33mNOTHING [0m
[INFO] [1788858945.331856021] [GSL]: [DEBUG-WIND] useGroundTruth=false gmrf_req_size=626 gaden_req_size=-1
[INFO] [1788858945.331865565] [GSL]: [DEBUG-WIND] Taking GMRF path
[INFO] [1788858945.424534543] [GSL - Trace]: [32mEntering StopAndMeasure[0m
[INFO] [1788858947.339823762] [GSL]: 10 gas measurements, 10 wind measurements over 1.91 seconds
[INFO] [1788858947.339898524] [GSL]: avg_gas=0.061;  avg_windSpeed=0.075;  avg_wind_dir=-1.9
[INFO] [1788858947.340438307] [GSL]: [33mNOTHING [0m
[INFO] [1788858947.340496445] [GSL]: [DEBUG-WIND] useGroundTruth=false gmrf_req_size=626 gaden_req_size=-1
[INFO] [1788858947.340504328] [GSL]: [DEBUG-WIND] Taking GMRF path
[INFO] [1788858947.424330285] [GSL - Trace]: [32mEntering StopAndMeasure[0m
[INFO] [1788858949.339883117] [GSL]: 10 gas measurements, 10 wind measurements over 1.92 seconds
[INFO] [1788858949.339945180] [GSL]: avg_gas=0.065;  avg_windSpeed=0.11;  avg_wind_dir=0.95
[INFO] [1788858949.340615004] [GSL]: [33mNOTHING [0m
[INFO] [1788858949.340627866] [GSL]: [DEBUG-WIND] useGroundTruth=false gmrf_req_size=626 gaden_req_size=-1
[INFO] [1788858949.340635816] [GSL]: [DEBUG-WIND] Taking GMRF path
[INFO] [1788858949.424579263] [GSL - Trace]: [32mEntering StopAndMeasure[0m
[INFO] [1788858951.339883118] [GSL]: 10 gas measurements, 10 wind measurements over 1.91 seconds
[INFO] [1788858951.339945592] [GSL]: avg_gas=0.068;  avg_windSpeed=0.075;  avg_wind_dir=-1.9
[INFO] [1788858951.340452618] [GSL]: [33mNOTHING [0m
[INFO] [1788858951.340463790] [GSL]: [DEBUG-WIND] useGroundTruth=false gmrf_req_size=626 gaden_req_size=-1
[INFO] [1788858951.340470568] [GSL]: [DEBUG-WIND] Taking GMRF path
[INFO] [1788858951.424182693] [GSL - Trace]: [32mEntering StopAndMeasure[0m
[INFO] [1788858953.339821664] [GSL]: 10 gas measurements, 10 wind measurements over 1.92 seconds
[INFO] [1788858953.339882240] [GSL]: avg_gas=0.092;  avg_windSpeed=0.11;  avg_wind_dir=0.95
[INFO] [1788858953.340409659] [GSL]: [33mNOTHING [0m
[INFO] [1788858953.340419363] [GSL]: [DEBUG-WIND] useGroundTruth=false gmrf_req_size=626 gaden_req_size=-1
[INFO] [1788858953.340425791] [GSL]: [DEBUG-WIND] Taking GMRF path
[INFO] [1788858953.423803324] [GSL - Trace]: [32mEntering StopAndMeasure[0m
[INFO] [1788858955.339923415] [GSL]: 10 gas measurements, 10 wind measurements over 1.92 seconds
[INFO] [1788858955.340378039] [GSL]: avg_gas=0.097;  avg_windSpeed=0.075;  avg_wind_dir=-1.9
[INFO] [1788858955.341059847] [GSL]: [33mNOTHING [0m
[INFO] [1788858955.341075220] [GSL]: [DEBUG-WIND] useGroundTruth=false gmrf_req_size=626 gaden_req_size=-1
[INFO] [1788858955.341084721] [GSL]: [DEBUG-WIND] Taking GMRF path
[INFO] [1788858955.424074260] [GSL - Trace]: [32mEntering StopAndMeasure[0m
[INFO] [1788858957.339959067] [GSL]: 10 gas measurements, 10 wind measurements over 1.92 seconds
[INFO] [1788858957.340089168] [GSL]: avg_gas=0.088;  avg_windSpeed=0.11;  avg_wind_dir=0.95
[INFO] [1788858957.340827157] [GSL]: [33mNOTHING [0m
[INFO] [1788858957.340840106] [GSL]: [DEBUG-WIND] useGroundTruth=false gmrf_req_size=626 gaden_req_size=-1
[INFO] [1788858957.340849522] [GSL]: [DEBUG-WIND] Taking GMRF path
[INFO] [1788858957.424135411] [GSL - Trace]: [32mEntering StopAndMeasure[0m
[INFO] [1788858959.339829995] [GSL]: 10 gas measurements, 10 wind measurements over 1.92 seconds
[INFO] [1788858959.340278821] [GSL]: avg_gas=0.094;  avg_windSpeed=0.075;  avg_wind_dir=-1.9
[INFO] [1788858959.340879661] [GSL]: [33mNOTHING [0m
[INFO] [1788858959.340891900] [GSL]: [DEBUG-WIND] useGroundTruth=false gmrf_req_size=626 gaden_req_size=-1
[INFO] [1788858959.340900232] [GSL]: [DEBUG-WIND] Taking GMRF path
[INFO] [1788858959.452233969] [GSL]: Max mutual info: 6.439
[INFO] [1788858959.452391286] [GSL]: MutualInformation - Ellapsed: 0.028s
[INFO] [1788858959.484327923] [GSL]: Sending goal (-5.00, -0.83)
[INFO] [1788858959.494144115] [GSL]: Variance: 16.02
[INFO] [1788858959.494172959] [GSL - Trace]: [32mEntering Moving[0m
[INFO] [1788858960.409374505] [GSL - Trace]: [32mEntering StopAndMeasure[0m
[INFO] [1788858962.339646221] [GSL]: 10 gas measurements, 10 wind measurements over 1.93 seconds
[INFO] [1788858962.339721462] [GSL]: avg_gas=0.081;  avg_windSpeed=0.11;  avg_wind_dir=0.88
[INFO] [1788858962.340435435] [GSL]: [33mNOTHING [0m
[INFO] [1788858962.340772589] [GSL]: [DEBUG-WIND] useGroundTruth=false gmrf_req_size=626 gaden_req_size=-1
[INFO] [1788858962.340795904] [GSL]: [DEBUG-WIND] Taking GMRF path
[INFO] [1788858962.424154404] [GSL - Trace]: [32mEntering StopAndMeasure[0m
[INFO] [1788858964.345579259] [GSL]: 10 gas measurements, 10 wind measurements over 1.92 seconds
[INFO] [1788858964.345645214] [GSL]: avg_gas=0.078;  avg_windSpeed=0.028;  avg_wind_dir=-2.6
[INFO] [1788858964.346139603] [GSL]: [33mNOTHING [0m
[INFO] [1788858964.346149261] [GSL]: [DEBUG-WIND] useGroundTruth=false gmrf_req_size=626 gaden_req_size=-1
[INFO] [1788858964.346155618] [GSL]: [DEBUG-WIND] Taking GMRF path
[INFO] [1788858964.423871321] [GSL - Trace]: [32mEntering StopAndMeasure[0m
[INFO] [1788858966.345526188] [GSL]: 10 gas measurements, 10 wind measurements over 1.92 seconds
[INFO] [1788858966.345583857] [GSL]: avg_gas=0.088;  avg_windSpeed=0.11;  avg_wind_dir=0.88
[INFO] [1788858966.346135328] [GSL]: [33mNOTHING [0m
[INFO] [1788858966.346160004] [GSL]: [DEBUG-WIND] useGroundTruth=false gmrf_req_size=626 gaden_req_size=-1
[INFO] [1788858966.346561441] [GSL]: [DEBUG-WIND] Taking GMRF path
[INFO] [1788858966.424321441] [GSL - Trace]: [32mEntering StopAndMeasure[0m
[INFO] [1788858968.345564144] [GSL]: 10 gas measurements, 10 wind measurements over 1.92 seconds
[INFO] [1788858968.345629680] [GSL]: avg_gas=0.089;  avg_windSpeed=0.028;  avg_wind_dir=-2.6
[INFO] [1788858968.346138911] [GSL]: [33mNOTHING [0m
[INFO] [1788858968.346148457] [GSL]: [DEBUG-WIND] useGroundTruth=false gmrf_req_size=626 gaden_req_size=-1
[INFO] [1788858968.346154926] [GSL]: [DEBUG-WIND] Taking GMRF path
[INFO] [1788858968.424265614] [GSL - Trace]: [32mEntering StopAndMeasure[0m
[INFO] [1788858970.345919336] [GSL]: 10 gas measurements, 10 wind measurements over 1.92 seconds
[INFO] [1788858970.345984363] [GSL]: avg_gas=0.079;  avg_windSpeed=0.11;  avg_wind_dir=0.88
[INFO] [1788858970.346544627] [GSL]: [33mNOTHING [0m
[INFO] [1788858970.346555221] [GSL]: [DEBUG-WIND] useGroundTruth=false gmrf_req_size=626 gaden_req_size=-1
[INFO] [1788858970.346902518] [GSL]: [DEBUG-WIND] Taking GMRF path
[INFO] [1788858970.426719367] [GSL - Trace]: [32mEntering StopAndMeasure[0m
[INFO] [1788858972.346078219] [GSL]: 10 gas measurements, 10 wind measurements over 1.92 seconds
[INFO] [1788858972.346126688] [GSL]: avg_gas=0.08;  avg_windSpeed=0.028;  avg_wind_dir=-2.6
[INFO] [1788858972.346614194] [GSL]: [33mNOTHING [0m
[INFO] [1788858972.346623386] [GSL]: [DEBUG-WIND] useGroundTruth=false gmrf_req_size=626 gaden_req_size=-1
[INFO] [1788858972.346629928] [GSL]: [DEBUG-WIND] Taking GMRF path
[INFO] [1788858972.425352473] [GSL - Trace]: [32mEntering StopAndMeasure[0m
[INFO] [1788858974.346110015] [GSL]: 10 gas measurements, 10 wind measurements over 1.92 seconds
[INFO] [1788858974.346179873] [GSL]: avg_gas=0.15;  avg_windSpeed=0.11;  avg_wind_dir=0.88
[INFO] [1788858974.346954175] [GSL]: [33mGAS HIT[0m
[INFO] [1788858974.346968892] [GSL]: [DEBUG-WIND] useGroundTruth=false gmrf_req_size=626 gaden_req_size=-1
[INFO] [1788858974.347533491] [GSL]: [DEBUG-WIND] Taking GMRF path
[INFO] [1788858974.424876409] [GSL - Trace]: [32mEntering StopAndMeasure[0m
[INFO] [1788858976.345773906] [GSL]: 10 gas measurements, 10 wind measurements over 1.92 seconds
[INFO] [1788858976.345844457] [GSL]: avg_gas=0.14;  avg_windSpeed=0.028;  avg_wind_dir=-2.6
[INFO] [1788858976.346543464] [GSL]: [33mGAS HIT[0m
[INFO] [1788858976.346557971] [GSL]: [DEBUG-WIND] useGroundTruth=false gmrf_req_size=626 gaden_req_size=-1
[INFO] [1788858976.346566932] [GSL]: [DEBUG-WIND] Taking GMRF path
[INFO] [1788858976.432276195] [GSL]: Max mutual info: 6.439
[INFO] [1788858976.432430079] [GSL]: MutualInformation - Ellapsed: 0.007s
[INFO] [1788858976.463094229] [GSL]: Sending goal (-5.90, -0.83)
[INFO] [1788858976.463563074] [GSL]: Variance: 16.02
[INFO] [1788858976.463582648] [GSL - Trace]: [32mEntering Moving[0m
[INFO] [1788858977.181437545] [GSL - Trace]: [32mEntering StopAndMeasure[0m
[INFO] [1788858979.114911293] [GSL]: 10 gas measurements, 10 wind measurements over 1.93 seconds
[INFO] [1788858979.116758640] [GSL]: avg_gas=0.11;  avg_windSpeed=0.27;  avg_wind_dir=0.035
[INFO] [1788858979.118250987] [GSL]: [33mGAS HIT[0m
[INFO] [1788858979.118300694] [GSL]: [DEBUG-WIND] useGroundTruth=false gmrf_req_size=626 gaden_req_size=-1
[INFO] [1788858979.118315302] [GSL]: [DEBUG-WIND] Taking GMRF path
[INFO] [1788858979.124321441] [GSL - Trace]: [32mEntering StopAndMeasure[0m
[INFO] [1788858981.114546214] [GSL]: 10 gas measurements, 10 wind measurements over 1.99 seconds
[INFO] [1788858981.114611266] [GSL]: avg_gas=0.077;  avg_windSpeed=0.069;  avg_wind_dir=-2.9
[INFO] [1788858981.115184358] [GSL]: [33mNOTHING [0m
[INFO] [1788858981.115196362] [GSL]: [DEBUG-WIND] useGroundTruth=false gmrf_req_size=626 gaden_req_size=-1
[INFO] [1788858981.115203966] [GSL]: [DEBUG-WIND] Taking GMRF path
[INFO] [1788858981.124115535] [GSL - Trace]: [32mEntering StopAndMeasure[0m
[INFO] [1788858983.114564113] [GSL]: 10 gas measurements, 10 wind measurements over 1.99 seconds
[INFO] [1788858983.114950503] [GSL]: avg_gas=0.053;  avg_windSpeed=0.27;  avg_wind_dir=0.035
[INFO] [1788858983.115578491] [GSL]: [33mNOTHING [0m
[INFO] [1788858983.115606515] [GSL]: [DEBUG-WIND] useGroundTruth=false gmrf_req_size=626 gaden_req_size=-1
[INFO] [1788858983.115613783] [GSL]: [DEBUG-WIND] Taking GMRF path
[INFO] [1788858983.124101984] [GSL - Trace]: [32mEntering StopAndMeasure[0m
[INFO] [1788858985.114494386] [GSL]: 10 gas measurements, 10 wind measurements over 1.99 seconds
[INFO] [1788858985.114553169] [GSL]: avg_gas=0.082;  avg_windSpeed=0.069;  avg_wind_dir=-2.9
[INFO] [1788858985.115084402] [GSL]: [33mNOTHING [0m
[INFO] [1788858985.115095394] [GSL]: [DEBUG-WIND] useGroundTruth=false gmrf_req_size=626 gaden_req_size=-1
[INFO] [1788858985.115102267] [GSL]: [DEBUG-WIND] Taking GMRF path
[INFO] [1788858985.124034103] [GSL - Trace]: [32mEntering StopAndMeasure[0m
[INFO] [1788858987.114576931] [GSL]: 10 gas measurements, 10 wind measurements over 1.99 seconds
[INFO] [1788858987.114747266] [GSL]: avg_gas=0.088;  avg_windSpeed=0.27;  avg_wind_dir=0.035
[INFO] [1788858987.115576295] [GSL]: [33mNOTHING [0m
[INFO] [1788858987.115594889] [GSL]: [DEBUG-WIND] useGroundTruth=false gmrf_req_size=626 gaden_req_size=-1
[INFO] [1788858987.115601826] [GSL]: [DEBUG-WIND] Taking GMRF path
[INFO] [1788858987.124032964] [GSL - Trace]: [32mEntering StopAndMeasure[0m
[INFO] [1788858989.164667847] [GSL]: 10 gas measurements, 10 wind measurements over 2.04 seconds
[INFO] [1788858989.164803796] [GSL]: avg_gas=0.077;  avg_windSpeed=0.069;  avg_wind_dir=-2.9
[INFO] [1788858989.165319128] [GSL]: [33mNOTHING [0m
[INFO] [1788858989.165329762] [GSL]: [DEBUG-WIND] useGroundTruth=false gmrf_req_size=626 gaden_req_size=-1
[INFO] [1788858989.165336398] [GSL]: [DEBUG-WIND] Taking GMRF path
[INFO] [1788858989.223963686] [GSL - Trace]: [32mEntering StopAndMeasure[0m
[INFO] [1788858991.114581248] [GSL]: 10 gas measurements, 10 wind measurements over 1.89 seconds
[INFO] [1788858991.114655071] [GSL]: avg_gas=0.065;  avg_windSpeed=0.27;  avg_wind_dir=0.035
[INFO] [1788858991.115448568] [GSL]: [33mNOTHING [0m
[INFO] [1788858991.115463144] [GSL]: [DEBUG-WIND] useGroundTruth=false gmrf_req_size=626 gaden_req_size=-1
[INFO] [1788858991.115470002] [GSL]: [DEBUG-WIND] Taking GMRF path
[INFO] [1788858991.123870005] [GSL - Trace]: [32mEntering StopAndMeasure[0m
[INFO] [1788858993.114497597] [GSL]: 10 gas measurements, 10 wind measurements over 1.99 seconds
[INFO] [1788858993.114622407] [GSL]: avg_gas=0.061;  avg_windSpeed=0.069;  avg_wind_dir=-2.9
[INFO] [1788858993.115142200] [GSL]: [33mNOTHING [0m
[INFO] [1788858993.115155902] [GSL]: [DEBUG-WIND] useGroundTruth=false gmrf_req_size=626 gaden_req_size=-1
[INFO] [1788858993.115162324] [GSL]: [DEBUG-WIND] Taking GMRF path
[INFO] [1788858993.123861792] [GSL]: [33mStarted simulations. Might take a while![0m
[INFO] [1788858993.256858150] [GSL - Trace]: [32mFirst simulation level done[0m
[INFO] [1788858993.258113938] [GSL]: [RC2-DIAG] scores_size=74 refineFraction=0.25 refine_product=18.5 valid_first_level=74 sum_sourceProbInternal_before_norm=0.2129129862560329 min_sourceProbInternal_before_norm=0 max_sourceProbInternal_before_norm=0.011016011042179526 finite_sourceProbInternal=1102 finite_varianceOfHitProb=1102
[INFO] [1788858993.339059271] [GSL - Trace]: [32mSimulation level 2 done[0m
[INFO] [1788858993.376367284] [GSL - Trace]: [32mSimulation level 3 done[0m
[INFO] [1788858993.397069615] [GSL - Trace]: [32mSimulation level 4 done[0m
[INFO] [1788858993.397761341] [GSL - Trace]: [32mSimulation level 5 done[0m
[INFO] [1788858993.397773761] [GSL]: Number of levels in the simulation: 5
[INFO] [1788858993.397780843] [GSL]: Total number of simulations: 142
[INFO] [1788858993.397802243] [GSL]: [RC2-DIAG] normalized_finite_count=1102 normalized_sum=1
[INFO] [1788858993.397810728] [GSL]: Time ellapsed in simulation = 0.273898191 s
[INFO] [1788858993.400664890] [GSL]: Max mutual info: 2.970
[INFO] [1788858993.400778582] [GSL]: MutualInformation - Ellapsed: 0.003s
[INFO] [1788858993.431102128] [GSL]: Sending goal (-5.90, 0.37)
[INFO] [1788858993.431900715] [GSL]: Variance: 18.25
[INFO] [1788858993.431944523] [GSL - Trace]: [32mEntering Moving[0m
[INFO] [1788858994.400369287] [GSL - Trace]: [32mEntering StopAndMeasure[0m
[INFO] [1788858996.325233324] [GSL]: 10 gas measurements, 10 wind measurements over 1.92 seconds
[INFO] [1788858996.325295653] [GSL]: avg_gas=0.12;  avg_windSpeed=0.56;  avg_wind_dir=2.3
[INFO] [1788858996.325781545] [GSL]: [33mGAS HIT[0m
[INFO] [1788858996.325790464] [GSL]: [DEBUG-WIND] useGroundTruth=false gmrf_req_size=626 gaden_req_size=-1
[INFO] [1788858996.325797029] [GSL]: [DEBUG-WIND] Taking GMRF path
[INFO] [1788858996.424101316] [GSL - Trace]: [32mEntering StopAndMeasure[0m
[INFO] [1788858998.332980236] [GSL]: 10 gas measurements, 10 wind measurements over 1.91 seconds
[INFO] [1788858998.333066174] [GSL]: avg_gas=0.15;  avg_windSpeed=0.41;  avg_wind_dir=1.7
[INFO] [1788858998.333530809] [GSL]: [33mGAS HIT[0m
[INFO] [1788858998.333539673] [GSL]: [DEBUG-WIND] useGroundTruth=false gmrf_req_size=626 gaden_req_size=-1
[INFO] [1788858998.333812405] [GSL]: [DEBUG-WIND] Taking GMRF path
[INFO] [1788858998.424944042] [GSL - Trace]: [32mEntering StopAndMeasure[0m
[INFO] [1788859000.332927711] [GSL]: 10 gas measurements, 10 wind measurements over 1.91 seconds
[INFO] [1788859000.332979125] [GSL]: avg_gas=0.14;  avg_windSpeed=0.56;  avg_wind_dir=2.3
[INFO] [1788859000.333487936] [GSL]: [33mGAS HIT[0m
[INFO] [1788859000.333497117] [GSL]: [DEBUG-WIND] useGroundTruth=false gmrf_req_size=626 gaden_req_size=-1
[INFO] [1788859000.333503936] [GSL]: [DEBUG-WIND] Taking GMRF path
[INFO] [1788859000.424274250] [GSL - Trace]: [32mEntering StopAndMeasure[0m
[INFO] [1788859002.333511451] [GSL]: 10 gas measurements, 10 wind measurements over 1.91 seconds
[INFO] [1788859002.333619091] [GSL]: avg_gas=0.13;  avg_windSpeed=0.41;  avg_wind_dir=1.7
[INFO] [1788859002.334207108] [GSL]: [33mGAS HIT[0m
[INFO] [1788859002.334234560] [GSL]: [DEBUG-WIND] useGroundTruth=false gmrf_req_size=626 gaden_req_size=-1
[INFO] [1788859002.334537766] [GSL]: [DEBUG-WIND] Taking GMRF path
[INFO] [1788859002.426875629] [GSL - Trace]: [32mEntering StopAndMeasure[0m
[INFO] [1788859004.333298149] [GSL]: 10 gas measurements, 10 wind measurements over 1.91 seconds
[INFO] [1788859004.333399380] [GSL]: avg_gas=0.15;  avg_windSpeed=0.56;  avg_wind_dir=2.3
[INFO] [1788859004.334323445] [GSL]: [33mGAS HIT[0m
[INFO] [1788859004.334342976] [GSL]: [DEBUG-WIND] useGroundTruth=false gmrf_req_size=626 gaden_req_size=-1
[INFO] [1788859004.334355204] [GSL]: [DEBUG-WIND] Taking GMRF path
[INFO] [1788859004.425225021] [GSL - Trace]: [32mEntering StopAndMeasure[0m
[INFO] [1788859006.333127527] [GSL]: 10 gas measurements, 10 wind measurements over 1.91 seconds
[INFO] [1788859006.333177317] [GSL]: avg_gas=0.18;  avg_windSpeed=0.41;  avg_wind_dir=1.7
[INFO] [1788859006.333712693] [GSL]: [33mGAS HIT[0m
[INFO] [1788859006.333798500] [GSL]: [DEBUG-WIND] useGroundTruth=false gmrf_req_size=626 gaden_req_size=-1
[INFO] [1788859006.334349838] [GSL]: [DEBUG-WIND] Taking GMRF path
[INFO] [1788859006.425232992] [GSL - Trace]: [32mEntering StopAndMeasure[0m
[INFO] [1788859008.333235085] [GSL]: 10 gas measurements, 10 wind measurements over 1.91 seconds
[INFO] [1788859008.333320161] [GSL]: avg_gas=0.16;  avg_windSpeed=0.56;  avg_wind_dir=2.3
[INFO] [1788859008.333949801] [GSL]: [33mGAS HIT[0m
[INFO] [1788859008.333961579] [GSL]: [DEBUG-WIND] useGroundTruth=false gmrf_req_size=626 gaden_req_size=-1
[INFO] [1788859008.333969827] [GSL]: [DEBUG-WIND] Taking GMRF path
[INFO] [1788859008.424660105] [GSL - Trace]: [32mEntering StopAndMeasure[0m
[INFO] [1788859010.333088301] [GSL]: 10 gas measurements, 10 wind measurements over 1.91 seconds
[INFO] [1788859010.333118861] [GSL]: avg_gas=0.17;  avg_windSpeed=0.41;  avg_wind_dir=1.7
[INFO] [1788859010.333570388] [GSL]: [33mGAS HIT[0m
[INFO] [1788859010.333579044] [GSL]: [DEBUG-WIND] useGroundTruth=false gmrf_req_size=626 gaden_req_size=-1
[INFO] [1788859010.333585308] [GSL]: [DEBUG-WIND] Taking GMRF path
[INFO] [1788859010.437192738] [GSL]: Max mutual info: 3.116
[INFO] [1788859010.437722770] [GSL]: MutualInformation - Ellapsed: 0.014s
[INFO] [1788859010.469812352] [GSL]: Sending goal (-6.50, 0.37)
[INFO] [1788859010.470583785] [GSL]: Variance: 18.25
[INFO] [1788859010.470610343] [GSL - Trace]: [32mEntering Moving[0m
[INFO] [1788859010.983652621] [GSL - Trace]: [32mEntering StopAndMeasure[0m
[INFO] [1788859012.921805237] [GSL]: 10 gas measurements, 10 wind measurements over 1.94 seconds
[INFO] [1788859012.921871155] [GSL]: avg_gas=0.11;  avg_windSpeed=0.21;  avg_wind_dir=1.3
[INFO] [1788859012.922409464] [GSL]: [33mGAS HIT[0m
[INFO] [1788859012.922420702] [GSL]: [DEBUG-WIND] useGroundTruth=false gmrf_req_size=626 gaden_req_size=-1
[INFO] [1788859012.922427684] [GSL]: [DEBUG-WIND] Taking GMRF path
[INFO] [1788859012.923912306] [GSL - Trace]: [32mEntering StopAndMeasure[0m
[INFO] [1788859014.921772928] [GSL]: 10 gas measurements, 10 wind measurements over 2.00 seconds
[INFO] [1788859014.921842398] [GSL]: avg_gas=0.12;  avg_windSpeed=0.41;  avg_wind_dir=0.35
[INFO] [1788859014.922771353] [GSL]: [33mGAS HIT[0m
[INFO] [1788859014.922862672] [GSL]: [DEBUG-WIND] useGroundTruth=false gmrf_req_size=626 gaden_req_size=-1
[INFO] [1788859014.922873992] [GSL]: [DEBUG-WIND] Taking GMRF path
[INFO] [1788859014.924592864] [GSL - Trace]: [32mEntering StopAndMeasure[0m
[INFO] [1788859016.921684642] [GSL]: 10 gas measurements, 10 wind measurements over 2.00 seconds
[INFO] [1788859016.921752283] [GSL]: avg_gas=0.16;  avg_windSpeed=0.21;  avg_wind_dir=1.3
[INFO] [1788859016.922271964] [GSL]: [33mGAS HIT[0m
[INFO] [1788859016.922282625] [GSL]: [DEBUG-WIND] useGroundTruth=false gmrf_req_size=626 gaden_req_size=-1
[INFO] [1788859016.922289424] [GSL]: [DEBUG-WIND] Taking GMRF path
[INFO] [1788859016.923775216] [GSL - Trace]: [32mEntering StopAndMeasure[0m
[INFO] [1788859018.921677577] [GSL]: 10 gas measurements, 10 wind measurements over 2.00 seconds
[INFO] [1788859018.921739866] [GSL]: avg_gas=0.16;  avg_windSpeed=0.41;  avg_wind_dir=0.35
[INFO] [1788859018.922485733] [GSL]: [33mGAS HIT[0m
[INFO] [1788859018.922500298] [GSL]: [DEBUG-WIND] useGroundTruth=false gmrf_req_size=626 gaden_req_size=-1
[INFO] [1788859018.922506933] [GSL]: [DEBUG-WIND] Taking GMRF path
[INFO] [1788859018.924282085] [GSL - Trace]: [32mEntering StopAndMeasure[0m
[INFO] [1788859020.922039466] [GSL]: 10 gas measurements, 10 wind measurements over 2.00 seconds
[INFO] [1788859020.922097393] [GSL]: avg_gas=0.17;  avg_windSpeed=0.21;  avg_wind_dir=1.3
[INFO] [1788859020.922675589] [GSL]: [33mGAS HIT[0m
[INFO] [1788859020.922703955] [GSL]: [DEBUG-WIND] useGroundTruth=false gmrf_req_size=626 gaden_req_size=-1
[INFO] [1788859020.922710711] [GSL]: [DEBUG-WIND] Taking GMRF path
[INFO] [1788859020.923752179] [GSL - Trace]: [32mEntering StopAndMeasure[0m
[INFO] [1788859022.921700785] [GSL]: 10 gas measurements, 10 wind measurements over 2.00 seconds
[INFO] [1788859022.921765505] [GSL]: avg_gas=0.16;  avg_windSpeed=0.41;  avg_wind_dir=0.35
[INFO] [1788859022.922737181] [GSL]: [33mGAS HIT[0m
[INFO] [1788859022.922757848] [GSL]: [DEBUG-WIND] useGroundTruth=false gmrf_req_size=626 gaden_req_size=-1
[INFO] [1788859022.922765218] [GSL]: [DEBUG-WIND] Taking GMRF path
[INFO] [1788859022.923779539] [GSL - Trace]: [32mEntering StopAndMeasure[0m
[INFO] [1788859024.921732521] [GSL]: 10 gas measurements, 10 wind measurements over 2.00 seconds
[INFO] [1788859024.921790289] [GSL]: avg_gas=0.11;  avg_windSpeed=0.21;  avg_wind_dir=1.3
[INFO] [1788859024.922299319] [GSL]: [33mGAS HIT[0m
[INFO] [1788859024.922309213] [GSL]: [DEBUG-WIND] useGroundTruth=false gmrf_req_size=626 gaden_req_size=-1
[INFO] [1788859024.922315963] [GSL]: [DEBUG-WIND] Taking GMRF path
[INFO] [1788859024.923838656] [GSL - Trace]: [32mEntering StopAndMeasure[0m
[INFO] [1788859026.921718250] [GSL]: 10 gas measurements, 10 wind measurements over 2.00 seconds
[INFO] [1788859026.921777304] [GSL]: avg_gas=0.15;  avg_windSpeed=0.41;  avg_wind_dir=0.35
[INFO] [1788859026.922482370] [GSL]: [33mGAS HIT[0m
[INFO] [1788859026.922921342] [GSL]: [DEBUG-WIND] useGroundTruth=false gmrf_req_size=626 gaden_req_size=-1
[INFO] [1788859026.922954092] [GSL]: [DEBUG-WIND] Taking GMRF path
[INFO] [1788859026.932270819] [GSL]: Max mutual info: 3.116
[INFO] [1788859026.932433967] [GSL]: MutualInformation - Ellapsed: 0.009s
[INFO] [1788859026.959788242] [GSL]: Sending goal (-5.90, 1.57)
[INFO] [1788859026.960340789] [GSL]: Variance: 18.25
[INFO] [1788859026.960362739] [GSL - Trace]: [32mEntering Moving[0m
[INFO] [1788859028.173091706] [GSL - Trace]: [32mEntering StopAndMeasure[0m
[INFO] [1788859030.121766592] [GSL]: 10 gas measurements, 10 wind measurements over 1.95 seconds
[INFO] [1788859030.121809495] [GSL]: avg_gas=0.15;  avg_windSpeed=0.76;  avg_wind_dir=1.2
[INFO] [1788859030.122307158] [GSL]: [33mGAS HIT[0m
[INFO] [1788859030.122316862] [GSL]: [DEBUG-WIND] useGroundTruth=false gmrf_req_size=626 gaden_req_size=-1
[INFO] [1788859030.122323192] [GSL]: [DEBUG-WIND] Taking GMRF path
[INFO] [1788859030.123782996] [GSL - Trace]: [32mEntering StopAndMeasure[0m
[INFO] [1788859032.121719523] [GSL]: 10 gas measurements, 10 wind measurements over 2.00 seconds
[INFO] [1788859032.121803109] [GSL]: avg_gas=0.13;  avg_windSpeed=0.9;  avg_wind_dir=1.5
[INFO] [1788859032.122517446] [GSL]: [33mGAS HIT[0m
[INFO] [1788859032.122531097] [GSL]: [DEBUG-WIND] useGroundTruth=false gmrf_req_size=626 gaden_req_size=-1
[INFO] [1788859032.122539629] [GSL]: [DEBUG-WIND] Taking GMRF path
[INFO] [1788859032.123875162] [GSL - Trace]: [32mEntering StopAndMeasure[0m
[INFO] [1788859034.121680780] [GSL]: 10 gas measurements, 10 wind measurements over 2.00 seconds
[INFO] [1788859034.121743784] [GSL]: avg_gas=0.15;  avg_windSpeed=0.76;  avg_wind_dir=1.2
[INFO] [1788859034.122290571] [GSL]: [33mGAS HIT[0m
[INFO] [1788859034.122301104] [GSL]: [DEBUG-WIND] useGroundTruth=false gmrf_req_size=626 gaden_req_size=-1
[INFO] [1788859034.122307621] [GSL]: [DEBUG-WIND] Taking GMRF path
[INFO] [1788859034.124169376] [GSL - Trace]: [32mEntering StopAndMeasure[0m
[INFO] [1788859036.121742068] [GSL]: 10 gas measurements, 10 wind measurements over 2.00 seconds
[INFO] [1788859036.121810035] [GSL]: avg_gas=0.13;  avg_windSpeed=0.9;  avg_wind_dir=1.5
[INFO] [1788859036.122555205] [GSL]: [33mGAS HIT[0m
[INFO] [1788859036.122570371] [GSL]: [DEBUG-WIND] useGroundTruth=false gmrf_req_size=626 gaden_req_size=-1
[INFO] [1788859036.122580018] [GSL]: [DEBUG-WIND] Taking GMRF path
[INFO] [1788859036.123907614] [GSL - Trace]: [32mEntering StopAndMeasure[0m
[INFO] [1788859038.121727055] [GSL]: 10 gas measurements, 10 wind measurements over 2.00 seconds
[INFO] [1788859038.121786650] [GSL]: avg_gas=0.13;  avg_windSpeed=0.76;  avg_wind_dir=1.2
[INFO] [1788859038.122281000] [GSL]: [33mGAS HIT[0m
[INFO] [1788859038.122291849] [GSL]: [DEBUG-WIND] useGroundTruth=false gmrf_req_size=626 gaden_req_size=-1
[INFO] [1788859038.122298382] [GSL]: [DEBUG-WIND] Taking GMRF path
[INFO] [1788859038.123776810] [GSL - Trace]: [32mEntering StopAndMeasure[0m
[INFO] [1788859040.121837844] [GSL]: 10 gas measurements, 10 wind measurements over 2.00 seconds
[INFO] [1788859040.122307466] [GSL]: avg_gas=0.15;  avg_windSpeed=0.9;  avg_wind_dir=1.5
[INFO] [1788859040.122932820] [GSL]: [33mGAS HIT[0m
[INFO] [1788859040.122945017] [GSL]: [DEBUG-WIND] useGroundTruth=false gmrf_req_size=626 gaden_req_size=-1
[INFO] [1788859040.122952762] [GSL]: [DEBUG-WIND] Taking GMRF path
[INFO] [1788859040.124037025] [GSL - Trace]: [32mEntering StopAndMeasure[0m
[INFO] [1788859042.121961701] [GSL]: 10 gas measurements, 10 wind measurements over 2.00 seconds
[INFO] [1788859042.122171864] [GSL]: avg_gas=0.15;  avg_windSpeed=0.76;  avg_wind_dir=1.2
[INFO] [1788859042.123051584] [GSL]: [33mGAS HIT[0m
[INFO] [1788859042.123067375] [GSL]: [DEBUG-WIND] useGroundTruth=false gmrf_req_size=626 gaden_req_size=-1
[INFO] [1788859042.123083301] [GSL]: [DEBUG-WIND] Taking GMRF path
[INFO] [1788859042.123843590] [GSL - Trace]: [32mEntering StopAndMeasure[0m
[INFO] [1788859044.121660030] [GSL]: 10 gas measurements, 10 wind measurements over 2.00 seconds
[INFO] [1788859044.122053866] [GSL]: avg_gas=0.16;  avg_windSpeed=0.9;  avg_wind_dir=1.5
[INFO] [1788859044.122722677] [GSL]: [33mGAS HIT[0m
[INFO] [1788859044.122734610] [GSL]: [DEBUG-WIND] useGroundTruth=false gmrf_req_size=626 gaden_req_size=-1
[INFO] [1788859044.122741478] [GSL]: [DEBUG-WIND] Taking GMRF path
[INFO] [1788859044.124286432] [GSL]: [33mStarted simulations. Might take a while![0m
[INFO] [1788859044.260849789] [GSL - Trace]: [32mFirst simulation level done[0m
[INFO] [1788859044.262804736] [GSL]: [RC2-DIAG] scores_size=74 refineFraction=0.25 refine_product=18.5 valid_first_level=74 sum_sourceProbInternal_before_norm=4.740887398518894e-06 min_sourceProbInternal_before_norm=0 max_sourceProbInternal_before_norm=1.9892102232750213e-06 finite_sourceProbInternal=1102 finite_varianceOfHitProb=1102
[INFO] [1788859044.357141319] [GSL - Trace]: [32mSimulation level 2 done[0m
[INFO] [1788859044.422059952] [GSL - Trace]: [32mSimulation level 3 done[0m
[INFO] [1788859044.447411711] [GSL - Trace]: [32mSimulation level 4 done[0m
[INFO] [1788859044.451342774] [GSL - Trace]: [32mSimulation level 5 done[0m
[INFO] [1788859044.451361364] [GSL]: Number of levels in the simulation: 5
[INFO] [1788859044.451369212] [GSL]: Total number of simulations: 168
[INFO] [1788859044.457016898] [GSL]: [RC2-DIAG] normalized_finite_count=1102 normalized_sum=1
[INFO] [1788859044.457235426] [GSL]: Time ellapsed in simulation = 0.33291491100000004 s
[INFO] [1788859044.465585894] [GSL]: Max mutual info: 1.978
[INFO] [1788859044.465986871] [GSL]: MutualInformation - Ellapsed: 0.009s
[INFO] [1788859044.517867135] [GSL]: Sending goal (-5.60, 2.47)
[INFO] [1788859044.518336873] [GSL]: Variance: 0.23
[INFO] [1788859044.518355879] [GSL - Trace]: [32mEntering Moving[0m
[INFO] [1788859045.385536142] [GSL - Trace]: [32mEntering StopAndMeasure[0m
[INFO] [1788859047.316247235] [GSL]: 10 gas measurements, 10 wind measurements over 1.93 seconds
[INFO] [1788859047.316306009] [GSL]: avg_gas=0.15;  avg_windSpeed=0.45;  avg_wind_dir=1.5
[INFO] [1788859047.317373833] [GSL]: [33mGAS HIT[0m
[INFO] [1788859047.317398285] [GSL]: [DEBUG-WIND] useGroundTruth=false gmrf_req_size=626 gaden_req_size=-1
[INFO] [1788859047.317405033] [GSL]: [DEBUG-WIND] Taking GMRF path
[INFO] [1788859047.324033220] [GSL - Trace]: [32mEntering StopAndMeasure[0m
[INFO] [1788859049.319441464] [GSL]: 10 gas measurements, 10 wind measurements over 2.00 seconds
[INFO] [1788859049.319501401] [GSL]: avg_gas=0.16;  avg_windSpeed=0.52;  avg_wind_dir=1.4
[INFO] [1788859049.320084744] [GSL]: [33mGAS HIT[0m
[INFO] [1788859049.320112296] [GSL]: [DEBUG-WIND] useGroundTruth=false gmrf_req_size=626 gaden_req_size=-1
[INFO] [1788859049.320119017] [GSL]: [DEBUG-WIND] Taking GMRF path
[INFO] [1788859049.324039138] [GSL - Trace]: [32mEntering StopAndMeasure[0m
[INFO] [1788859051.319399488] [GSL]: 10 gas measurements, 10 wind measurements over 2.00 seconds
[INFO] [1788859051.319462181] [GSL]: avg_gas=0.17;  avg_windSpeed=0.45;  avg_wind_dir=1.5
[INFO] [1788859051.320231194] [GSL]: [33mGAS HIT[0m
[INFO] [1788859051.320247694] [GSL]: [DEBUG-WIND] useGroundTruth=false gmrf_req_size=626 gaden_req_size=-1
[INFO] [1788859051.320254938] [GSL]: [DEBUG-WIND] Taking GMRF path
[INFO] [1788859051.324172527] [GSL - Trace]: [32mEntering StopAndMeasure[0m
[INFO] [1788859053.319450103] [GSL]: 10 gas measurements, 10 wind measurements over 2.00 seconds
[INFO] [1788859053.319557538] [GSL]: avg_gas=0.2;  avg_windSpeed=0.52;  avg_wind_dir=1.4
[INFO] [1788859053.320784363] [GSL]: [33mGAS HIT[0m
[INFO] [1788859053.320803860] [GSL]: [DEBUG-WIND] useGroundTruth=false gmrf_req_size=626 gaden_req_size=-1
[INFO] [1788859053.320815414] [GSL]: [DEBUG-WIND] Taking GMRF path
[INFO] [1788859053.324034960] [GSL - Trace]: [32mEntering StopAndMeasure[0m
[INFO] [1788859055.319469817] [GSL]: 10 gas measurements, 10 wind measurements over 2.00 seconds
[INFO] [1788859055.319557790] [GSL]: avg_gas=0.16;  avg_windSpeed=0.45;  avg_wind_dir=1.5
[INFO] [1788859055.320370222] [GSL]: [33mGAS HIT[0m
[INFO] [1788859055.320672497] [GSL]: [DEBUG-WIND] useGroundTruth=false gmrf_req_size=626 gaden_req_size=-1
[INFO] [1788859055.320704667] [GSL]: [DEBUG-WIND] Taking GMRF path
[INFO] [1788859055.323993050] [GSL - Trace]: [32mEntering StopAndMeasure[0m
[INFO] [1788859057.319431943] [GSL]: 10 gas measurements, 10 wind measurements over 2.00 seconds
[INFO] [1788859057.319606219] [GSL]: avg_gas=0.14;  avg_windSpeed=0.52;  avg_wind_dir=1.4
[INFO] [1788859057.320418715] [GSL]: [33mGAS HIT[0m
[INFO] [1788859057.320435194] [GSL]: [DEBUG-WIND] useGroundTruth=false gmrf_req_size=626 gaden_req_size=-1
[INFO] [1788859057.320445654] [GSL]: [DEBUG-WIND] Taking GMRF path
[INFO] [1788859057.323965776] [GSL - Trace]: [32mEntering StopAndMeasure[0m
[INFO] [1788859059.319297735] [GSL]: 10 gas measurements, 10 wind measurements over 2.00 seconds
[INFO] [1788859059.319358488] [GSL]: avg_gas=0.15;  avg_windSpeed=0.45;  avg_wind_dir=1.5
[INFO] [1788859059.319835004] [GSL]: [33mGAS HIT[0m
[INFO] [1788859059.319844512] [GSL]: [DEBUG-WIND] useGroundTruth=false gmrf_req_size=626 gaden_req_size=-1
[INFO] [1788859059.320251881] [GSL]: [DEBUG-WIND] Taking GMRF path
[INFO] [1788859059.323797321] [GSL - Trace]: [32mEntering StopAndMeasure[0m
[INFO] [1788859061.319435625] [GSL]: 10 gas measurements, 10 wind measurements over 2.00 seconds
[INFO] [1788859061.319532715] [GSL]: avg_gas=0.19;  avg_windSpeed=0.52;  avg_wind_dir=1.4
[INFO] [1788859061.320258149] [GSL]: [33mGAS HIT[0m
[INFO] [1788859061.320285125] [GSL]: [DEBUG-WIND] useGroundTruth=false gmrf_req_size=626 gaden_req_size=-1
[INFO] [1788859061.320292169] [GSL]: [DEBUG-WIND] Taking GMRF path
[INFO] [1788859061.330020285] [GSL]: Max mutual info: 1.978
[INFO] [1788859061.330235891] [GSL]: MutualInformation - Ellapsed: 0.006s
[INFO] [1788859061.361872543] [GSL]: Sending goal (-6.20, 2.77)
[INFO] [1788859061.362514285] [GSL]: Variance: 0.23
[INFO] [1788859061.362540045] [GSL - Trace]: [32mEntering Moving[0m
[INFO] [1788859061.969765625] [GSL - Trace]: [32mEntering StopAndMeasure[0m
[INFO] [1788859063.919461850] [GSL]: 10 gas measurements, 10 wind measurements over 1.95 seconds
[INFO] [1788859063.919523487] [GSL]: avg_gas=0.19;  avg_windSpeed=0.57;  avg_wind_dir=1.8
[INFO] [1788859063.919999319] [GSL]: [33mGAS HIT[0m
[INFO] [1788859063.920037425] [GSL]: [DEBUG-WIND] useGroundTruth=false gmrf_req_size=626 gaden_req_size=-1
[INFO] [1788859063.920043868] [GSL]: [DEBUG-WIND] Taking GMRF path
[INFO] [1788859063.923915437] [GSL - Trace]: [32mEntering StopAndMeasure[0m
[INFO] [1788859066.323133143] [GSL]: 10 gas measurements, 10 wind measurements over 2.40 seconds
[INFO] [1788859066.323248026] [GSL]: avg_gas=0.15;  avg_windSpeed=0.53;  avg_wind_dir=1.5
[INFO] [1788859066.323748481] [GSL]: [33mGAS HIT[0m
[INFO] [1788859066.323759074] [GSL]: [DEBUG-WIND] useGroundTruth=false gmrf_req_size=626 gaden_req_size=-1
[INFO] [1788859066.323765741] [GSL]: [DEBUG-WIND] Taking GMRF path
[INFO] [1788859066.408602098] [GSL - Trace]: [32mEntering StopAndMeasure[0m
[INFO] [1788859068.362958242] [GSL]: 10 gas measurements, 10 wind measurements over 1.95 seconds
[INFO] [1788859068.363914627] [GSL]: avg_gas=0.15;  avg_windSpeed=0.57;  avg_wind_dir=1.8
[INFO] [1788859068.365984453] [GSL]: [33mGAS HIT[0m
[INFO] [1788859068.366031050] [GSL]: [DEBUG-WIND] useGroundTruth=false gmrf_req_size=626 gaden_req_size=-1
[INFO] [1788859068.366044956] [GSL]: [DEBUG-WIND] Taking GMRF path
[INFO] [1788859068.427655795] [GSL - Trace]: [32mEntering StopAndMeasure[0m
[INFO] [1788859070.312568320] [GSL]: 10 gas measurements, 10 wind measurements over 1.88 seconds
[INFO] [1788859070.312634022] [GSL]: avg_gas=0.2;  avg_windSpeed=0.53;  avg_wind_dir=1.5
[INFO] [1788859070.313227906] [GSL]: [33mGAS HIT[0m
[INFO] [1788859070.313239932] [GSL]: [DEBUG-WIND] useGroundTruth=false gmrf_req_size=626 gaden_req_size=-1
[INFO] [1788859070.313247764] [GSL]: [DEBUG-WIND] Taking GMRF path
[INFO] [1788859070.327286813] [GSL - Trace]: [32mEntering StopAndMeasure[0m
[INFO] [1788859072.312488170] [GSL]: 10 gas measurements, 10 wind measurements over 1.99 seconds
[INFO] [1788859072.313006587] [GSL]: avg_gas=0.23;  avg_windSpeed=0.57;  avg_wind_dir=1.8
[INFO] [1788859072.313680894] [GSL]: [33mGAS HIT[0m
[INFO] [1788859072.313694383] [GSL]: [DEBUG-WIND] useGroundTruth=false gmrf_req_size=626 gaden_req_size=-1
[INFO] [1788859072.313715627] [GSL]: [DEBUG-WIND] Taking GMRF path
[INFO] [1788859072.326755943] [GSL - Trace]: [32mEntering StopAndMeasure[0m
[INFO] [1788859074.362912949] [GSL]: 10 gas measurements, 10 wind measurements over 2.04 seconds
[INFO] [1788859074.363032721] [GSL]: avg_gas=0.25;  avg_windSpeed=0.53;  avg_wind_dir=1.5
[INFO] [1788859074.364440296] [GSL]: [33mGAS HIT[0m
[INFO] [1788859074.364467453] [GSL]: [DEBUG-WIND] useGroundTruth=false gmrf_req_size=626 gaden_req_size=-1
[INFO] [1788859074.364485526] [GSL]: [DEBUG-WIND] Taking GMRF path
[INFO] [1788859074.427225773] [GSL - Trace]: [32mEntering StopAndMeasure[0m
[INFO] [1788859076.362667288] [GSL]: 10 gas measurements, 10 wind measurements over 1.94 seconds
[INFO] [1788859076.363407000] [GSL]: avg_gas=0.29;  avg_windSpeed=0.57;  avg_wind_dir=1.8
[INFO] [1788859076.364373360] [GSL]: [33mGAS HIT[0m
[INFO] [1788859076.364392309] [GSL]: [DEBUG-WIND] useGroundTruth=false gmrf_req_size=626 gaden_req_size=-1
[INFO] [1788859076.364405156] [GSL]: [DEBUG-WIND] Taking GMRF path
[INFO] [1788859076.427066005] [GSL - Trace]: [32mEntering StopAndMeasure[0m
[INFO] [1788859078.312496362] [GSL]: 10 gas measurements, 10 wind measurements over 1.89 seconds
[INFO] [1788859078.312567475] [GSL]: avg_gas=0.24;  avg_windSpeed=0.53;  avg_wind_dir=1.5
[INFO] [1788859078.313175440] [GSL]: [33mGAS HIT[0m
[INFO] [1788859078.313194322] [GSL]: [DEBUG-WIND] useGroundTruth=false gmrf_req_size=626 gaden_req_size=-1
[INFO] [1788859078.313206069] [GSL]: [DEBUG-WIND] Taking GMRF path
[INFO] [1788859078.341031365] [GSL]: Max mutual info: 1.968
[INFO] [1788859078.341439726] [GSL]: MutualInformation - Ellapsed: 0.015s
[INFO] [1788859078.371548098] [GSL]: Sending goal (-5.90, 2.17)
[INFO] [1788859078.372494652] [GSL]: Variance: 0.23
[INFO] [1788859078.372516623] [GSL - Trace]: [32mEntering Moving[0m
[INFO] [1788859078.963233635] [GSL - Trace]: [32mEntering StopAndMeasure[0m
[INFO] [1788859080.962536057] [GSL]: 10 gas measurements, 10 wind measurements over 2.00 seconds
[INFO] [1788859080.962594771] [GSL]: avg_gas=0.19;  avg_windSpeed=0.9;  avg_wind_dir=1.6
[INFO] [1788859080.963099492] [GSL]: [33mGAS HIT[0m
[INFO] [1788859080.963110494] [GSL]: [DEBUG-WIND] useGroundTruth=false gmrf_req_size=626 gaden_req_size=-1
[INFO] [1788859080.963117146] [GSL]: [DEBUG-WIND] Taking GMRF path
[INFO] [1788859081.026970301] [GSL - Trace]: [32mEntering StopAndMeasure[0m
[INFO] [1788859082.962600918] [GSL]: 10 gas measurements, 10 wind measurements over 1.94 seconds
[INFO] [1788859082.962857309] [GSL]: avg_gas=0.16;  avg_windSpeed=0.5;  avg_wind_dir=1.4
[INFO] [1788859082.963772661] [GSL]: [33mGAS HIT[0m
[INFO] [1788859082.963812102] [GSL]: [DEBUG-WIND] useGroundTruth=false gmrf_req_size=626 gaden_req_size=-1
[INFO] [1788859082.964259493] [GSL]: [DEBUG-WIND] Taking GMRF path
[INFO] [1788859083.027540046] [GSL - Trace]: [32mEntering StopAndMeasure[0m
[INFO] [1788859084.912508009] [GSL]: 10 gas measurements, 10 wind measurements over 1.88 seconds
[INFO] [1788859084.912580667] [GSL]: avg_gas=0.14;  avg_windSpeed=0.9;  avg_wind_dir=1.6
[INFO] [1788859084.913903581] [GSL]: [33mGAS HIT[0m
[INFO] [1788859084.913948783] [GSL]: [DEBUG-WIND] useGroundTruth=false gmrf_req_size=626 gaden_req_size=-1
[INFO] [1788859084.913960028] [GSL]: [DEBUG-WIND] Taking GMRF path
[INFO] [1788859084.926590761] [GSL - Trace]: [32mEntering StopAndMeasure[0m
[INFO] [1788859086.912513571] [GSL]: 10 gas measurements, 10 wind measurements over 1.99 seconds
[INFO] [1788859086.912572439] [GSL]: avg_gas=0.23;  avg_windSpeed=0.5;  avg_wind_dir=1.4
[INFO] [1788859086.913059912] [GSL]: [33mGAS HIT[0m
[INFO] [1788859086.913069478] [GSL]: [DEBUG-WIND] useGroundTruth=false gmrf_req_size=626 gaden_req_size=-1
[INFO] [1788859086.913075862] [GSL]: [DEBUG-WIND] Taking GMRF path
[INFO] [1788859086.926574066] [GSL - Trace]: [32mEntering StopAndMeasure[0m
[INFO] [1788859088.912480159] [GSL]: 10 gas measurements, 10 wind measurements over 1.99 seconds
[INFO] [1788859088.912535767] [GSL]: avg_gas=0.25;  avg_windSpeed=0.9;  avg_wind_dir=1.6
[INFO] [1788859088.913029666] [GSL]: [33mGAS HIT[0m
[INFO] [1788859088.913039600] [GSL]: [DEBUG-WIND] useGroundTruth=false gmrf_req_size=626 gaden_req_size=-1
[INFO] [1788859088.913046012] [GSL]: [DEBUG-WIND] Taking GMRF path
[INFO] [1788859088.926607801] [GSL - Trace]: [32mEntering StopAndMeasure[0m
[INFO] [1788859090.912451682] [GSL]: 10 gas measurements, 10 wind measurements over 1.99 seconds
[INFO] [1788859090.912511833] [GSL]: avg_gas=0.24;  avg_windSpeed=0.5;  avg_wind_dir=1.4
[INFO] [1788859090.913058674] [GSL]: [33mGAS HIT[0m
[INFO] [1788859090.913069852] [GSL]: [DEBUG-WIND] useGroundTruth=false gmrf_req_size=626 gaden_req_size=-1
[INFO] [1788859090.913076551] [GSL]: [DEBUG-WIND] Taking GMRF path
[INFO] [1788859090.926562506] [GSL - Trace]: [32mEntering StopAndMeasure[0m
[INFO] [1788859092.912452647] [GSL]: 10 gas measurements, 10 wind measurements over 1.99 seconds
[INFO] [1788859092.912510106] [GSL]: avg_gas=0.23;  avg_windSpeed=0.9;  avg_wind_dir=1.6
[INFO] [1788859092.913024437] [GSL]: [33mGAS HIT[0m
[INFO] [1788859092.913034499] [GSL]: [DEBUG-WIND] useGroundTruth=false gmrf_req_size=626 gaden_req_size=-1
[INFO] [1788859092.913041292] [GSL]: [DEBUG-WIND] Taking GMRF path
[INFO] [1788859092.926996839] [GSL - Trace]: [32mEntering StopAndMeasure[0m
[INFO] [1788859094.912434178] [GSL]: 10 gas measurements, 10 wind measurements over 1.99 seconds
[INFO] [1788859094.912487696] [GSL]: avg_gas=0.22;  avg_windSpeed=0.5;  avg_wind_dir=1.4
[INFO] [1788859094.913075915] [GSL]: [33mGAS HIT[0m
[INFO] [1788859094.913087668] [GSL]: [DEBUG-WIND] useGroundTruth=false gmrf_req_size=626 gaden_req_size=-1
[INFO] [1788859094.913095218] [GSL]: [DEBUG-WIND] Taking GMRF path
[INFO] [1788859094.927022895] [GSL]: [33mStarted simulations. Might take a while![0m
[INFO] [1788859095.059067017] [GSL - Trace]: [32mFirst simulation level done[0m
[INFO] [1788859095.059199354] [GSL]: [RC2-DIAG] scores_size=74 refineFraction=0.25 refine_product=18.5 valid_first_level=74 sum_sourceProbInternal_before_norm=1.1014307408301042e-07 min_sourceProbInternal_before_norm=0 max_sourceProbInternal_before_norm=5.342856291302829e-08 finite_sourceProbInternal=1102 finite_varianceOfHitProb=1102
[INFO] [1788859095.148369491] [GSL - Trace]: [32mSimulation level 2 done[0m
[INFO] [1788859095.213337425] [GSL - Trace]: [32mSimulation level 3 done[0m
[INFO] [1788859095.241252416] [GSL - Trace]: [32mSimulation level 4 done[0m
[INFO] [1788859095.243725851] [GSL - Trace]: [32mSimulation level 5 done[0m
[INFO] [1788859095.243747148] [GSL]: Number of levels in the simulation: 5
[INFO] [1788859095.243754985] [GSL]: Total number of simulations: 170
[INFO] [1788859095.244135078] [GSL]: [RC2-DIAG] normalized_finite_count=1102 normalized_sum=1
[INFO] [1788859095.244151900] [GSL]: Time ellapsed in simulation = 0.316597887 s
[INFO] [1788859095.248263437] [GSL]: Max mutual info: 1.601
[INFO] [1788859095.248451837] [GSL]: MutualInformation - Ellapsed: 0.004s
[INFO] [1788859095.278849558] [GSL]: Sending goal (-6.50, -0.53)
[INFO] [1788859095.292490785] [GSL]: Variance: 0.09
[INFO] [1788859095.292527083] [GSL - Trace]: [32mEntering Moving[0m
[INFO] [1788859097.377270288] [GSL - Trace]: [32mEntering StopAndMeasure[0m
[INFO] [1788859099.346643146] [GSL]: 10 gas measurements, 10 wind measurements over 1.97 seconds
[INFO] [1788859099.346698025] [GSL]: avg_gas=0.11;  avg_windSpeed=0.33;  avg_wind_dir=0.19
[INFO] [1788859099.347268662] [GSL]: [33mGAS HIT[0m
[INFO] [1788859099.347279322] [GSL]: [DEBUG-WIND] useGroundTruth=false gmrf_req_size=626 gaden_req_size=-1
[INFO] [1788859099.347285963] [GSL]: [DEBUG-WIND] Taking GMRF path
[INFO] [1788859099.428471619] [GSL - Trace]: [32mEntering StopAndMeasure[0m
[INFO] [1788859101.345947359] [GSL]: 10 gas measurements, 10 wind measurements over 1.92 seconds
[INFO] [1788859101.346330231] [GSL]: avg_gas=0.079;  avg_windSpeed=0.16;  avg_wind_dir=-1.9
[INFO] [1788859101.347009799] [GSL]: [33mNOTHING [0m
[INFO] [1788859101.347039730] [GSL]: [DEBUG-WIND] useGroundTruth=false gmrf_req_size=626 gaden_req_size=-1
[INFO] [1788859101.347048618] [GSL]: [DEBUG-WIND] Taking GMRF path
[INFO] [1788859101.427540427] [GSL - Trace]: [32mEntering StopAndMeasure[0m
[INFO] [1788859103.346304505] [GSL]: 10 gas measurements, 10 wind measurements over 1.92 seconds
[INFO] [1788859103.346370618] [GSL]: avg_gas=0.07;  avg_windSpeed=0.33;  avg_wind_dir=0.19
[INFO] [1788859103.347033766] [GSL]: [33mNOTHING [0m
[INFO] [1788859103.347046584] [GSL]: [DEBUG-WIND] useGroundTruth=false gmrf_req_size=626 gaden_req_size=-1
[INFO] [1788859103.347054877] [GSL]: [DEBUG-WIND] Taking GMRF path
[INFO] [1788859103.427031548] [GSL - Trace]: [32mEntering StopAndMeasure[0m
[INFO] [1788859105.346075206] [GSL]: 10 gas measurements, 10 wind measurements over 1.92 seconds
[INFO] [1788859105.346689716] [GSL]: avg_gas=0.083;  avg_windSpeed=0.16;  avg_wind_dir=-1.9
[INFO] [1788859105.347599572] [GSL]: [33mNOTHING [0m
[INFO] [1788859105.347640663] [GSL]: [DEBUG-WIND] useGroundTruth=false gmrf_req_size=626 gaden_req_size=-1
[INFO] [1788859105.347651589] [GSL]: [DEBUG-WIND] Taking GMRF path
[INFO] [1788859105.426974922] [GSL - Trace]: [32mEntering StopAndMeasure[0m
[INFO] [1788859107.345982307] [GSL]: 10 gas measurements, 10 wind measurements over 1.92 seconds
[INFO] [1788859107.346054695] [GSL]: avg_gas=0.091;  avg_windSpeed=0.33;  avg_wind_dir=0.19
[INFO] [1788859107.346673403] [GSL]: [33mNOTHING [0m
[INFO] [1788859107.346684978] [GSL]: [DEBUG-WIND] useGroundTruth=false gmrf_req_size=626 gaden_req_size=-1
[INFO] [1788859107.346696579] [GSL]: [DEBUG-WIND] Taking GMRF path
[INFO] [1788859107.426667760] [GSL - Trace]: [32mEntering StopAndMeasure[0m
[INFO] [1788859109.346017125] [GSL]: 10 gas measurements, 10 wind measurements over 1.92 seconds
[INFO] [1788859109.346076550] [GSL]: avg_gas=0.076;  avg_windSpeed=0.16;  avg_wind_dir=-1.9
[INFO] [1788859109.346856154] [GSL]: [33mNOTHING [0m
[INFO] [1788859109.346878062] [GSL]: [DEBUG-WIND] useGroundTruth=false gmrf_req_size=626 gaden_req_size=-1
[INFO] [1788859109.346884799] [GSL]: [DEBUG-WIND] Taking GMRF path
[INFO] [1788859109.426774192] [GSL - Trace]: [32mEntering StopAndMeasure[0m
[INFO] [1788859111.345998322] [GSL]: 10 gas measurements, 10 wind measurements over 1.92 seconds
[INFO] [1788859111.346064166] [GSL]: avg_gas=0.067;  avg_windSpeed=0.33;  avg_wind_dir=0.19
[INFO] [1788859111.346842001] [GSL]: [33mNOTHING [0m
[INFO] [1788859111.346856216] [GSL]: [DEBUG-WIND] useGroundTruth=false gmrf_req_size=626 gaden_req_size=-1
[INFO] [1788859111.346866427] [GSL]: [DEBUG-WIND] Taking GMRF path
[INFO] [1788859111.426687861] [GSL - Trace]: [32mEntering StopAndMeasure[0m
[INFO] [1788859113.346024564] [GSL]: 10 gas measurements, 10 wind measurements over 1.92 seconds
[INFO] [1788859113.346100546] [GSL]: avg_gas=0.074;  avg_windSpeed=0.15;  avg_wind_dir=-1.8
[INFO] [1788859113.347274645] [GSL]: [33mNOTHING [0m
[INFO] [1788859113.347300072] [GSL]: [DEBUG-WIND] useGroundTruth=false gmrf_req_size=626 gaden_req_size=-1
[INFO] [1788859113.347311711] [GSL]: [DEBUG-WIND] Taking GMRF path
[INFO] [1788859113.434352270] [GSL]: Max mutual info: 1.601
[INFO] [1788859113.434614269] [GSL]: MutualInformation - Ellapsed: 0.008s
[INFO] [1788859113.468269458] [GSL]: Sending goal (-5.90, -0.23)
[INFO] [1788859113.468736661] [GSL]: Variance: 0.09
[INFO] [1788859113.468761661] [GSL - Trace]: [32mEntering Moving[0m
[INFO] [1788859113.978093336] [GSL - Trace]: [32mEntering StopAndMeasure[0m
[INFO] [1788859115.908394081] [GSL]: 10 gas measurements, 10 wind measurements over 1.93 seconds
[INFO] [1788859115.908448928] [GSL]: avg_gas=0.015;  avg_windSpeed=0.16;  avg_wind_dir=0.73
[INFO] [1788859115.909003263] [GSL]: [33mNOTHING [0m
[INFO] [1788859115.909013941] [GSL]: [DEBUG-WIND] useGroundTruth=false gmrf_req_size=626 gaden_req_size=-1
[INFO] [1788859115.909022656] [GSL]: [DEBUG-WIND] Taking GMRF path
[INFO] [1788859115.926633573] [GSL - Trace]: [32mEntering StopAndMeasure[0m
[INFO] [1788859118.122024389] [GSL]: 10 gas measurements, 10 wind measurements over 2.20 seconds
[INFO] [1788859118.122105641] [GSL]: avg_gas=0.0029;  avg_windSpeed=0.16;  avg_wind_dir=2.8
[INFO] [1788859118.122774303] [GSL]: [33mNOTHING [0m
[INFO] [1788859118.122786553] [GSL]: [DEBUG-WIND] useGroundTruth=false gmrf_req_size=626 gaden_req_size=-1
[INFO] [1788859118.122794071] [GSL]: [DEBUG-WIND] Taking GMRF path
[INFO] [1788859118.126640919] [GSL - Trace]: [32mEntering StopAndMeasure[0m
[INFO] [1788859120.122088721] [GSL]: 10 gas measurements, 10 wind measurements over 2.00 seconds
[INFO] [1788859120.122204267] [GSL]: avg_gas=0.00046;  avg_windSpeed=0.16;  avg_wind_dir=0.3
[INFO] [1788859120.122739989] [GSL]: [33mNOTHING [0m
[INFO] [1788859120.122749782] [GSL]: [DEBUG-WIND] useGroundTruth=false gmrf_req_size=626 gaden_req_size=-1
[INFO] [1788859120.122756600] [GSL]: [DEBUG-WIND] Taking GMRF path
[INFO] [1788859120.126580401] [GSL - Trace]: [32mEntering StopAndMeasure[0m
[INFO] [1788859122.122070116] [GSL]: 10 gas measurements, 10 wind measurements over 2.00 seconds
[INFO] [1788859122.122159100] [GSL]: avg_gas=8.7e-05;  avg_windSpeed=0.16;  avg_wind_dir=2.7
[INFO] [1788859122.122978478] [GSL]: [33mNOTHING [0m
[INFO] [1788859122.122995643] [GSL]: [DEBUG-WIND] useGroundTruth=false gmrf_req_size=626 gaden_req_size=-1
[INFO] [1788859122.123006267] [GSL]: [DEBUG-WIND] Taking GMRF path
[INFO] [1788859122.126954769] [GSL - Trace]: [32mEntering StopAndMeasure[0m
[INFO] [1788859124.122169149] [GSL]: 10 gas measurements, 10 wind measurements over 2.00 seconds
[INFO] [1788859124.122281733] [GSL]: avg_gas=1.7e-05;  avg_windSpeed=0.15;  avg_wind_dir=0.26
[INFO] [1788859124.124088635] [GSL]: [33mNOTHING [0m
[INFO] [1788859124.124134849] [GSL]: [DEBUG-WIND] useGroundTruth=false gmrf_req_size=626 gaden_req_size=-1
[INFO] [1788859124.124147099] [GSL]: [DEBUG-WIND] Taking GMRF path
[INFO] [1788859124.126820471] [GSL - Trace]: [32mEntering StopAndMeasure[0m
[INFO] [1788859126.122192738] [GSL]: 10 gas measurements, 10 wind measurements over 2.00 seconds
[INFO] [1788859126.122294084] [GSL]: avg_gas=3.1e-06;  avg_windSpeed=0.16;  avg_wind_dir=2.7
[INFO] [1788859126.123219688] [GSL]: [33mNOTHING [0m
[INFO] [1788859126.123239677] [GSL]: [DEBUG-WIND] useGroundTruth=false gmrf_req_size=626 gaden_req_size=-1
[INFO] [1788859126.123251576] [GSL]: [DEBUG-WIND] Taking GMRF path
[INFO] [1788859126.126948481] [GSL - Trace]: [32mEntering StopAndMeasure[0m
[INFO] [1788859128.122065245] [GSL]: 10 gas measurements, 10 wind measurements over 2.00 seconds
[INFO] [1788859128.122156077] [GSL]: avg_gas=5.9e-07;  avg_windSpeed=0.15;  avg_wind_dir=0.26
[INFO] [1788859128.123386984] [GSL]: [33mNOTHING [0m
[INFO] [1788859128.123425284] [GSL]: [DEBUG-WIND] useGroundTruth=false gmrf_req_size=626 gaden_req_size=-1
[INFO] [1788859128.123436232] [GSL]: [DEBUG-WIND] Taking GMRF path
[INFO] [1788859128.126996719] [GSL - Trace]: [32mEntering StopAndMeasure[0m
[INFO] [1788859130.121977090] [GSL]: 10 gas measurements, 10 wind measurements over 1.99 seconds
[INFO] [1788859130.122050345] [GSL]: avg_gas=1.1e-07;  avg_windSpeed=0.16;  avg_wind_dir=2.7
[INFO] [1788859130.122511585] [GSL]: [33mNOTHING [0m
[INFO] [1788859130.122520334] [GSL]: [DEBUG-WIND] useGroundTruth=false gmrf_req_size=626 gaden_req_size=-1
[INFO] [1788859130.122526615] [GSL]: [DEBUG-WIND] Taking GMRF path
[INFO] [1788859130.132770897] [GSL]: Max mutual info: 1.601
[INFO] [1788859130.132983288] [GSL]: MutualInformation - Ellapsed: 0.006s
[INFO] [1788859130.160456641] [GSL]: Sending goal (-5.30, 0.07)
[INFO] [1788859130.160933794] [GSL]: Variance: 0.09
[INFO] [1788859130.160957387] [GSL - Trace]: [32mEntering Moving[0m
[INFO] [1788859130.822660867] [GSL - Trace]: [32mEntering StopAndMeasure[0m
[INFO] [1788859132.772335698] [GSL]: 10 gas measurements, 10 wind measurements over 1.95 seconds
[INFO] [1788859132.772475824] [GSL]: avg_gas=1.3e-08;  avg_windSpeed=0.54;  avg_wind_dir=3
[INFO] [1788859132.775192293] [GSL]: [33mNOTHING [0m
[INFO] [1788859132.775248487] [GSL]: [DEBUG-WIND] useGroundTruth=false gmrf_req_size=626 gaden_req_size=-1
[INFO] [1788859132.775265225] [GSL]: [DEBUG-WIND] Taking GMRF path
[INFO] [1788859132.827816113] [GSL - Trace]: [32mEntering StopAndMeasure[0m
[INFO] [1788859134.722056840] [GSL]: 10 gas measurements, 10 wind measurements over 1.89 seconds
[INFO] [1788859134.722110484] [GSL]: avg_gas=2.4e-09;  avg_windSpeed=0.49;  avg_wind_dir=3.1
[INFO] [1788859134.722662373] [GSL]: [33mNOTHING [0m
[INFO] [1788859134.722671726] [GSL]: [DEBUG-WIND] useGroundTruth=false gmrf_req_size=626 gaden_req_size=-1
[INFO] [1788859134.722678295] [GSL]: [DEBUG-WIND] Taking GMRF path
[INFO] [1788859134.726640799] [GSL - Trace]: [32mEntering StopAndMeasure[0m
[INFO] [1788859136.722160502] [GSL]: 10 gas measurements, 10 wind measurements over 2.00 seconds
[INFO] [1788859136.722220384] [GSL]: avg_gas=4.5e-10;  avg_windSpeed=0.54;  avg_wind_dir=3
[INFO] [1788859136.722869739] [GSL]: [33mNOTHING [0m
[INFO] [1788859136.723239463] [GSL]: [DEBUG-WIND] useGroundTruth=false gmrf_req_size=626 gaden_req_size=-1
[INFO] [1788859136.723259696] [GSL]: [DEBUG-WIND] Taking GMRF path
[INFO] [1788859136.726523669] [GSL - Trace]: [32mEntering StopAndMeasure[0m
[INFO] [1788859138.721911251] [GSL]: 10 gas measurements, 10 wind measurements over 2.00 seconds
[INFO] [1788859138.721961223] [GSL]: avg_gas=8.6e-11;  avg_windSpeed=0.49;  avg_wind_dir=3.1
[INFO] [1788859138.722483550] [GSL]: [33mNOTHING [0m
[INFO] [1788859138.722492725] [GSL]: [DEBUG-WIND] useGroundTruth=false gmrf_req_size=626 gaden_req_size=-1
[INFO] [1788859138.722499079] [GSL]: [DEBUG-WIND] Taking GMRF path
[INFO] [1788859138.726679526] [GSL - Trace]: [32mEntering StopAndMeasure[0m
[INFO] [1788859140.721992589] [GSL]: 10 gas measurements, 10 wind measurements over 2.00 seconds
[INFO] [1788859140.722040878] [GSL]: avg_gas=1.6e-11;  avg_windSpeed=0.53;  avg_wind_dir=3
[INFO] [1788859140.722553095] [GSL]: [33mNOTHING [0m
[INFO] [1788859140.722955410] [GSL]: [DEBUG-WIND] useGroundTruth=false gmrf_req_size=626 gaden_req_size=-1
[INFO] [1788859140.722977176] [GSL]: [DEBUG-WIND] Taking GMRF path
[INFO] [1788859140.726536945] [GSL - Trace]: [32mEntering StopAndMeasure[0m
[INFO] [1788859142.721958808] [GSL]: 10 gas measurements, 10 wind measurements over 2.00 seconds
[INFO] [1788859142.722013913] [GSL]: avg_gas=3.1e-12;  avg_windSpeed=0.49;  avg_wind_dir=3
[INFO] [1788859142.722555450] [GSL]: [33mNOTHING [0m
[INFO] [1788859142.722565026] [GSL]: [DEBUG-WIND] useGroundTruth=false gmrf_req_size=626 gaden_req_size=-1
[INFO] [1788859142.722571573] [GSL]: [DEBUG-WIND] Taking GMRF path
[INFO] [1788859142.726668505] [GSL - Trace]: [32mEntering StopAndMeasure[0m
[INFO] [1788859144.721978295] [GSL]: 10 gas measurements, 10 wind measurements over 2.00 seconds
[INFO] [1788859144.722032467] [GSL]: avg_gas=5.8e-13;  avg_windSpeed=0.52;  avg_wind_dir=3
[INFO] [1788859144.723034799] [GSL]: [33mNOTHING [0m
[INFO] [1788859144.723096427] [GSL]: [DEBUG-WIND] useGroundTruth=false gmrf_req_size=626 gaden_req_size=-1
[INFO] [1788859144.723399533] [GSL]: [DEBUG-WIND] Taking GMRF path
[INFO] [1788859144.726506728] [GSL - Trace]: [32mEntering StopAndMeasure[0m
[INFO] [1788859146.771988076] [GSL]: 10 gas measurements, 10 wind measurements over 2.05 seconds
[INFO] [1788859146.772047538] [GSL]: avg_gas=1.1e-13;  avg_windSpeed=0.54;  avg_wind_dir=3
[INFO] [1788859146.772574456] [GSL]: [33mNOTHING [0m
[INFO] [1788859146.772583791] [GSL]: [DEBUG-WIND] useGroundTruth=false gmrf_req_size=626 gaden_req_size=-1
[INFO] [1788859146.772590229] [GSL]: [DEBUG-WIND] Taking GMRF path
[INFO] [1788859146.827271453] [GSL]: [33mStarted simulations. Might take a while![0m
[INFO] [1788859146.974981753] [GSL - Trace]: [32mFirst simulation level done[0m
[INFO] [1788859146.975431315] [GSL]: [RC2-DIAG] scores_size=74 refineFraction=0.25 refine_product=18.5 valid_first_level=74 sum_sourceProbInternal_before_norm=4.7249943941586255e-11 min_sourceProbInternal_before_norm=0 max_sourceProbInternal_before_norm=1.8444376560272023e-12 finite_sourceProbInternal=1102 finite_varianceOfHitProb=1102
[INFO] [1788859147.063014885] [GSL - Trace]: [32mSimulation level 2 done[0m
[INFO] [1788859147.127684606] [GSL - Trace]: [32mSimulation level 3 done[0m
[INFO] [1788859147.152182854] [GSL - Trace]: [32mSimulation level 4 done[0m
[INFO] [1788859147.152944302] [GSL - Trace]: [32mSimulation level 5 done[0m
[INFO] [1788859147.152960056] [GSL]: Number of levels in the simulation: 5
[INFO] [1788859147.152967053] [GSL]: Total number of simulations: 172
[INFO] [1788859147.153015506] [GSL]: [RC2-DIAG] normalized_finite_count=1102 normalized_sum=1
[INFO] [1788859147.153023476] [GSL]: Time ellapsed in simulation = 0.32564603200000003 s
[INFO] [1788859147.156411706] [GSL]: Max mutual info: 1.179
[INFO] [1788859147.156801856] [GSL]: MutualInformation - Ellapsed: 0.004s
[INFO] [1788859147.181997922] [GSL]: Sending goal (-4.70, 0.37)
[INFO] [1788859147.182649149] [GSL]: Variance: 0.08
[INFO] [1788859147.183273655] [GSL - Trace]: [32mEntering Moving[0m
[INFO] [1788859147.807015843] [GSL - Trace]: [32mEntering StopAndMeasure[0m
[INFO] [1788859149.732329270] [GSL]: 10 gas measurements, 10 wind measurements over 1.93 seconds
[INFO] [1788859149.732370400] [GSL]: avg_gas=9e-15;  avg_windSpeed=0.75;  avg_wind_dir=-3.1
[INFO] [1788859149.732905475] [GSL]: [33mNOTHING [0m
[INFO] [1788859149.732916381] [GSL]: [DEBUG-WIND] useGroundTruth=false gmrf_req_size=626 gaden_req_size=-1
[INFO] [1788859149.732922798] [GSL]: [DEBUG-WIND] Taking GMRF path
[INFO] [1788859149.827371781] [GSL - Trace]: [32mEntering StopAndMeasure[0m
[INFO] [1788859151.734466536] [GSL]: 10 gas measurements, 10 wind measurements over 1.91 seconds
[INFO] [1788859151.734540577] [GSL]: avg_gas=1.7e-15;  avg_windSpeed=1.1;  avg_wind_dir=-3
[INFO] [1788859151.735871794] [GSL]: [33mNOTHING [0m
[INFO] [1788859151.735951118] [GSL]: [DEBUG-WIND] useGroundTruth=false gmrf_req_size=626 gaden_req_size=-1
[INFO] [1788859151.735961032] [GSL]: [DEBUG-WIND] Taking GMRF path
[INFO] [1788859151.827924312] [GSL - Trace]: [32mEntering StopAndMeasure[0m
[INFO] [1788859153.734469089] [GSL]: 10 gas measurements, 10 wind measurements over 1.91 seconds
[INFO] [1788859153.734612897] [GSL]: avg_gas=0.00043;  avg_windSpeed=0.7;  avg_wind_dir=3.1
[INFO] [1788859153.735312293] [GSL]: [33mNOTHING [0m
[INFO] [1788859153.735322924] [GSL]: [DEBUG-WIND] useGroundTruth=false gmrf_req_size=626 gaden_req_size=-1
[INFO] [1788859153.735329414] [GSL]: [DEBUG-WIND] Taking GMRF path
[INFO] [1788859153.827052734] [GSL - Trace]: [32mEntering StopAndMeasure[0m
[INFO] [1788859155.734394808] [GSL]: 10 gas measurements, 10 wind measurements over 1.91 seconds
[INFO] [1788859155.734448971] [GSL]: avg_gas=0.01;  avg_windSpeed=1.1;  avg_wind_dir=-3.1
[INFO] [1788859155.734965059] [GSL]: [33mNOTHING [0m
[INFO] [1788859155.734975967] [GSL]: [DEBUG-WIND] useGroundTruth=false gmrf_req_size=626 gaden_req_size=-1
[INFO] [1788859155.734982185] [GSL]: [DEBUG-WIND] Taking GMRF path
[INFO] [1788859155.827363879] [GSL - Trace]: [32mEntering StopAndMeasure[0m
[INFO] [1788859157.735037897] [GSL]: 10 gas measurements, 10 wind measurements over 1.91 seconds
[INFO] [1788859157.735076180] [GSL]: avg_gas=0.0069;  avg_windSpeed=0.79;  avg_wind_dir=-3.1
[INFO] [1788859157.735616227] [GSL]: [33mNOTHING [0m
[INFO] [1788859157.735625755] [GSL]: [DEBUG-WIND] useGroundTruth=false gmrf_req_size=626 gaden_req_size=-1
[INFO] [1788859157.735632764] [GSL]: [DEBUG-WIND] Taking GMRF path
[INFO] [1788859157.827054538] [GSL - Trace]: [32mEntering StopAndMeasure[0m
[INFO] [1788859159.734545672] [GSL]: 10 gas measurements, 10 wind measurements over 1.91 seconds
[INFO] [1788859159.734592758] [GSL]: avg_gas=0.0013;  avg_windSpeed=0.96;  avg_wind_dir=-3.1
[INFO] [1788859159.735187464] [GSL]: [33mNOTHING [0m
[INFO] [1788859159.735198493] [GSL]: [DEBUG-WIND] useGroundTruth=false gmrf_req_size=626 gaden_req_size=-1
[INFO] [1788859159.735205723] [GSL]: [DEBUG-WIND] Taking GMRF path
[INFO] [1788859159.826903911] [GSL - Trace]: [32mEntering StopAndMeasure[0m
[INFO] [1788859161.734636821] [GSL]: 10 gas measurements, 10 wind measurements over 1.91 seconds
[INFO] [1788859161.734760238] [GSL]: avg_gas=0.00025;  avg_windSpeed=0.93;  avg_wind_dir=-3.1
[INFO] [1788859161.735368419] [GSL]: [33mNOTHING [0m
[INFO] [1788859161.735378832] [GSL]: [DEBUG-WIND] useGroundTruth=false gmrf_req_size=626 gaden_req_size=-1
[INFO] [1788859161.735386895] [GSL]: [DEBUG-WIND] Taking GMRF path
[INFO] [1788859161.827678330] [GSL - Trace]: [32mEntering StopAndMeasure[0m
[INFO] [1788859163.734439024] [GSL]: 10 gas measurements, 10 wind measurements over 1.91 seconds
[INFO] [1788859163.734497957] [GSL]: avg_gas=4.7e-05;  avg_windSpeed=0.92;  avg_wind_dir=-3.1
[INFO] [1788859163.735027137] [GSL]: [33mNOTHING [0m
[INFO] [1788859163.735037390] [GSL]: [DEBUG-WIND] useGroundTruth=false gmrf_req_size=626 gaden_req_size=-1
[INFO] [1788859163.735044165] [GSL]: [DEBUG-WIND] Taking GMRF path
[INFO] [1788859163.843165158] [GSL]: Max mutual info: 1.179
[INFO] [1788859163.844320389] [GSL]: MutualInformation - Ellapsed: 0.016s
[INFO] [1788859163.872324046] [GSL]: Sending goal (-7.10, 0.07)
[INFO] [1788859163.872920934] [GSL]: Variance: 0.08
[INFO] [1788859163.872947973] [GSL - Trace]: [32mEntering Moving[0m
[INFO] [1788859165.570339309] [GSL - Trace]: [32mEntering StopAndMeasure[0m
[INFO] [1788859165.924217227] [GSL]: Could not find the source. Sorry!
[INFO] [1788859166.939285909] [GSL]: [34mDONE, CLOSING[0m
