[INFO] [1788858914.268718100] [vgr_uav_sim]: Loading VGR data from /mnt/hgfs/workspace/GADEN_files/scenarios/House01, config=2,4-1_fast
[INFO] [1788858914.338560559] [vgr_uav_sim]: Occupancy: 87x114 slice z_idx=13 (z=0.3m), free=6866, obstacle=3052, input_sha256=846003ffbbc8e99aa322cf189356399412763710e937bb5e5316186afccf17cb
[INFO] [1788858914.625613914] [vgr_uav_sim]: Gas backend=raw_house1_snapshot exec=/home/zyc/CSTAR_CONTROLLED_ASSETS_20260907/tools/cstar_numeric_wind_raw_query env_root=/mnt/hgfs/workspace/GADEN_files/scenarios/House01 gas_results=/mnt/hgfs/workspace/GADEN_files/scenarios/House01/gas_simulations/2,4-1_fast/FilamentSimulation_gasType_10_sourcePosition_-0.40_-2.90_-0.30 max_iteration=1999
[INFO] [1788858914.629256022] [vgr_uav_sim]: Navigation grid: coarse 29x38 cell=0.3000 free=626 obstacle=476 (reduce_scale=3)
[INFO] [1788858914.678665838] [vgr_uav_sim]: UAV Sim v3 ready. Start=(-3.17,-1.75), sim_dt=0.200s, realtime_factor=1.00, sensor=asymmetric, vertical_motion=False, open_loop_profile=hover
[WARN] [1788858942.463825560] [vgr_uav_sim]: PLAN_CB: called with goal=(-4.10,-1.13)
[WARN] [1788858942.466231104] [vgr_uav_sim]: PLAN_CB: returning 5 poses
[WARN] [1788858942.476556910] [vgr_uav_sim]: PLAN_CB: called with goal=(-4.10,-1.13)
[WARN] [1788858942.477754190] [vgr_uav_sim]: PLAN_CB: returning 5 poses
[INFO] [1788858942.498238071] [vgr_uav_sim]: Prepared 5 collision-free navigation waypoints to (-4.10, -1.13)
[INFO] [1788858942.499334052] [vgr_uav_sim]: UAV navigating in audited 2-D mode to (-4.10, -1.13, 0.30)
[WARN] [1788858959.456832137] [vgr_uav_sim]: PLAN_CB: called with goal=(-5.00,-0.83)
[WARN] [1788858959.461235074] [vgr_uav_sim]: PLAN_CB: returning 5 poses
[WARN] [1788858959.473960834] [vgr_uav_sim]: PLAN_CB: called with goal=(-5.00,-0.83)
[WARN] [1788858959.475633581] [vgr_uav_sim]: PLAN_CB: returning 5 poses
[INFO] [1788858959.503474825] [vgr_uav_sim]: Prepared 5 collision-free navigation waypoints to (-5.00, -0.83)
[INFO] [1788858959.505518393] [vgr_uav_sim]: UAV navigating in audited 2-D mode to (-5.00, -0.83, 0.30)
[WARN] [1788858976.440486701] [vgr_uav_sim]: PLAN_CB: called with goal=(-5.90,-0.83)
[WARN] [1788858976.441597873] [vgr_uav_sim]: PLAN_CB: returning 5 poses
[WARN] [1788858976.452846642] [vgr_uav_sim]: PLAN_CB: called with goal=(-5.90,-0.83)
[WARN] [1788858976.454217913] [vgr_uav_sim]: PLAN_CB: returning 5 poses
[INFO] [1788858976.464674976] [vgr_uav_sim]: Prepared 5 collision-free navigation waypoints to (-5.90, -0.83)
[INFO] [1788858976.465657113] [vgr_uav_sim]: UAV navigating in audited 2-D mode to (-5.90, -0.83, 0.30)
[WARN] [1788858993.403893245] [vgr_uav_sim]: PLAN_CB: called with goal=(-5.90,0.37)
[WARN] [1788858993.409350571] [vgr_uav_sim]: PLAN_CB: returning 6 poses
[WARN] [1788858993.420917331] [vgr_uav_sim]: PLAN_CB: called with goal=(-5.90,0.37)
[WARN] [1788858993.422509769] [vgr_uav_sim]: PLAN_CB: returning 6 poses
[INFO] [1788858993.433382972] [vgr_uav_sim]: Prepared 6 collision-free navigation waypoints to (-5.90, 0.37)
[INFO] [1788858993.434354376] [vgr_uav_sim]: UAV navigating in audited 2-D mode to (-5.90, 0.37, 0.30)
[WARN] [1788859010.446840843] [vgr_uav_sim]: PLAN_CB: called with goal=(-6.50,0.37)
[WARN] [1788859010.449206373] [vgr_uav_sim]: PLAN_CB: returning 4 poses
[WARN] [1788859010.459853528] [vgr_uav_sim]: PLAN_CB: called with goal=(-6.50,0.37)
[WARN] [1788859010.460934336] [vgr_uav_sim]: PLAN_CB: returning 4 poses
[INFO] [1788859010.471353850] [vgr_uav_sim]: Prepared 4 collision-free navigation waypoints to (-6.50, 0.37)
[INFO] [1788859010.472474066] [vgr_uav_sim]: UAV navigating in audited 2-D mode to (-6.50, 0.37, 0.30)
[WARN] [1788859026.937914924] [vgr_uav_sim]: PLAN_CB: called with goal=(-5.90,1.57)
[WARN] [1788859026.942270572] [vgr_uav_sim]: PLAN_CB: returning 7 poses
[WARN] [1788859026.948964370] [vgr_uav_sim]: PLAN_CB: called with goal=(-5.90,1.57)
[WARN] [1788859026.950107388] [vgr_uav_sim]: PLAN_CB: returning 7 poses
[INFO] [1788859026.961971380] [vgr_uav_sim]: Prepared 7 collision-free navigation waypoints to (-5.90, 1.57)
[INFO] [1788859026.963099291] [vgr_uav_sim]: UAV navigating in audited 2-D mode to (-5.90, 1.57, 0.30)
[WARN] [1788859044.469612767] [vgr_uav_sim]: PLAN_CB: called with goal=(-5.60,2.47)
[WARN] [1788859044.474815145] [vgr_uav_sim]: PLAN_CB: returning 5 poses
[WARN] [1788859044.502750352] [vgr_uav_sim]: PLAN_CB: called with goal=(-5.60,2.47)
[WARN] [1788859044.503930844] [vgr_uav_sim]: PLAN_CB: returning 5 poses
[INFO] [1788859044.519421239] [vgr_uav_sim]: Prepared 5 collision-free navigation waypoints to (-5.60, 2.47)
[INFO] [1788859044.520411538] [vgr_uav_sim]: UAV navigating in audited 2-D mode to (-5.60, 2.47, 0.30)
[WARN] [1788859061.337976233] [vgr_uav_sim]: PLAN_CB: called with goal=(-6.20,2.77)
[WARN] [1788859061.339552066] [vgr_uav_sim]: PLAN_CB: returning 4 poses
[WARN] [1788859061.351296582] [vgr_uav_sim]: PLAN_CB: called with goal=(-6.20,2.77)
[WARN] [1788859061.352122948] [vgr_uav_sim]: PLAN_CB: returning 4 poses
[INFO] [1788859061.363358670] [vgr_uav_sim]: Prepared 4 collision-free navigation waypoints to (-6.20, 2.77)
[INFO] [1788859061.364895840] [vgr_uav_sim]: UAV navigating in audited 2-D mode to (-6.20, 2.77, 0.30)
[WARN] [1788859078.347720306] [vgr_uav_sim]: PLAN_CB: called with goal=(-5.90,2.17)
[WARN] [1788859078.352106228] [vgr_uav_sim]: PLAN_CB: returning 4 poses
[WARN] [1788859078.361600591] [vgr_uav_sim]: PLAN_CB: called with goal=(-5.90,2.17)
[WARN] [1788859078.362760163] [vgr_uav_sim]: PLAN_CB: returning 4 poses
[INFO] [1788859078.373422758] [vgr_uav_sim]: Prepared 4 collision-free navigation waypoints to (-5.90, 2.17)
[INFO] [1788859078.374479175] [vgr_uav_sim]: UAV navigating in audited 2-D mode to (-5.90, 2.17, 0.30)
[WARN] [1788859095.252239881] [vgr_uav_sim]: PLAN_CB: called with goal=(-6.50,-0.53)
[WARN] [1788859095.258233001] [vgr_uav_sim]: PLAN_CB: returning 11 poses
[WARN] [1788859095.269026352] [vgr_uav_sim]: PLAN_CB: called with goal=(-6.50,-0.53)
[WARN] [1788859095.271221019] [vgr_uav_sim]: PLAN_CB: returning 11 poses
[INFO] [1788859095.303841643] [vgr_uav_sim]: Prepared 11 collision-free navigation waypoints to (-6.50, -0.53)
[INFO] [1788859095.305187581] [vgr_uav_sim]: UAV navigating in audited 2-D mode to (-6.50, -0.53, 0.30)
[WARN] [1788859113.442551261] [vgr_uav_sim]: PLAN_CB: called with goal=(-5.90,-0.23)
[WARN] [1788859113.446671800] [vgr_uav_sim]: PLAN_CB: returning 4 poses
[WARN] [1788859113.457899252] [vgr_uav_sim]: PLAN_CB: called with goal=(-5.90,-0.23)
[WARN] [1788859113.458683508] [vgr_uav_sim]: PLAN_CB: returning 4 poses
[INFO] [1788859113.470088824] [vgr_uav_sim]: Prepared 4 collision-free navigation waypoints to (-5.90, -0.23)
[INFO] [1788859113.471118337] [vgr_uav_sim]: UAV navigating in audited 2-D mode to (-5.90, -0.23, 0.30)
[WARN] [1788859130.136730873] [vgr_uav_sim]: PLAN_CB: called with goal=(-5.30,0.07)
[WARN] [1788859130.138344398] [vgr_uav_sim]: PLAN_CB: returning 4 poses
[WARN] [1788859130.149993043] [vgr_uav_sim]: PLAN_CB: called with goal=(-5.30,0.07)
[WARN] [1788859130.150891643] [vgr_uav_sim]: PLAN_CB: returning 4 poses
[INFO] [1788859130.162099056] [vgr_uav_sim]: Prepared 4 collision-free navigation waypoints to (-5.30, 0.07)
[INFO] [1788859130.163513434] [vgr_uav_sim]: UAV navigating in audited 2-D mode to (-5.30, 0.07, 0.30)
[WARN] [1788859147.159490206] [vgr_uav_sim]: PLAN_CB: called with goal=(-4.70,0.37)
[WARN] [1788859147.160462293] [vgr_uav_sim]: PLAN_CB: returning 4 poses
[WARN] [1788859147.171431716] [vgr_uav_sim]: PLAN_CB: called with goal=(-4.70,0.37)
[WARN] [1788859147.172401784] [vgr_uav_sim]: PLAN_CB: returning 4 poses
[INFO] [1788859147.183775306] [vgr_uav_sim]: Prepared 4 collision-free navigation waypoints to (-4.70, 0.37)
[INFO] [1788859147.185001183] [vgr_uav_sim]: UAV navigating in audited 2-D mode to (-4.70, 0.37, 0.30)
[WARN] [1788859163.847693487] [vgr_uav_sim]: PLAN_CB: called with goal=(-7.10,0.07)
[WARN] [1788859163.852314975] [vgr_uav_sim]: PLAN_CB: returning 10 poses
[WARN] [1788859163.860386006] [vgr_uav_sim]: PLAN_CB: called with goal=(-7.10,0.07)
[WARN] [1788859163.863151073] [vgr_uav_sim]: PLAN_CB: returning 10 poses
[INFO] [1788859163.875598531] [vgr_uav_sim]: Prepared 10 collision-free navigation waypoints to (-7.10, 0.07)
[INFO] [1788859163.877112916] [vgr_uav_sim]: UAV navigating in audited 2-D mode to (-7.10, 0.07, 0.30)
