[INFO] [1791566511.360123338] [GMRF_wind]: [gmrf-wind] MAIN LOOP....
[INFO] [1791566512.062962946] [GMRF_wind]: [GMRF-node] Using OccupancyMap from topic '/PioneerP3DX/map'

=================================================================
=	        GMRF Wind-Distribution Mapping ROS2 Node              =
=================================================================
[GMRF_MAP] Generating GMRF for 2D WIND estimation...
[CGMRF] Initialization Complete: 10964 factors for a map size of 2N=3264 nodes
[INFO] [1791566512.068932612] [GMRF_wind]: [GMRF-node] GMRF Initialized
--> MAP did not converge after 1 iterations.
[GMRF] MAP Mean value estimated in 9 milliseconds
--> MAP did not converge after 1 iterations.
[GMRF] MAP Mean value estimated in 7.5 milliseconds
--> MAP did not converge after 1 iterations.
[GMRF] MAP Mean value estimated in 7.66667 milliseconds
--> MAP did not converge after 1 iterations.
[GMRF] MAP Mean value estimated in 7 milliseconds
--> MAP did not converge after 1 iterations.
[GMRF] MAP Mean value estimated in 6.6 milliseconds
--> MAP did not converge after 1 iterations.
[GMRF] MAP Mean value estimated in 6.33333 milliseconds
--> MAP did not converge after 1 iterations.
[GMRF] MAP Mean value estimated in 6.28571 milliseconds
--> MAP did not converge after 1 iterations.
[GMRF] MAP Mean value estimated in 6.25 milliseconds
--> MAP did not converge after 1 iterations.
[GMRF] MAP Mean value estimated in 6.11111 milliseconds
--> MAP did not converge after 1 iterations.
[GMRF] MAP Mean value estimated in 6.2 milliseconds
--> MAP did not converge after 1 iterations.
[GMRF] MAP Mean value estimated in 6.27273 milliseconds
--> MAP did not converge after 1 iterations.
[GMRF] MAP Mean value estimated in 6.16667 milliseconds
--> MAP did not converge after 1 iterations.
[GMRF] MAP Mean value estimated in 6.07692 milliseconds
--> MAP did not converge after 1 iterations.
[GMRF] MAP Mean value estimated in 6.21429 milliseconds
--> MAP did not converge after 1 iterations.
[GMRF] MAP Mean value estimated in 6.26667 milliseconds
--> MAP did not converge after 1 iterations.
[GMRF] MAP Mean value estimated in 6.1875 milliseconds
--> MAP did not converge after 1 iterations.
[GMRF] MAP Mean value estimated in 6.11765 milliseconds
--> MAP did not converge after 1 iterations.
[GMRF] MAP Mean value estimated in 6.05556 milliseconds
--> MAP did not converge after 1 iterations.
[GMRF] MAP Mean value estimated in 6 milliseconds
--> MAP did not converge after 1 iterations.
[GMRF] MAP Mean value estimated in 6 milliseconds
--> MAP did not converge after 1 iterations.
[GMRF] MAP Mean value estimated in 5.85714 milliseconds
--> MAP did not converge after 1 iterations.
[GMRF] MAP Mean value estimated in 5.72727 milliseconds
--> MAP did not converge after 1 iterations.
[GMRF] MAP Mean value estimated in 5.6087 milliseconds
--> MAP did not converge after 1 iterations.
[GMRF] MAP Mean value estimated in 5.5 milliseconds
--> MAP did not converge after 1 iterations.
[GMRF] MAP Mean value estimated in 5.4 milliseconds
--> MAP did not converge after 1 iterations.
[GMRF] MAP Mean value estimated in 5.38462 milliseconds
--> MAP did not converge after 1 iterations.
[GMRF] MAP Mean value estimated in 5.2963 milliseconds
--> MAP did not converge after 1 iterations.
[GMRF] MAP Mean value estimated in 5.28571 milliseconds
--> MAP did not converge after 1 iterations.
[GMRF] MAP Mean value estimated in 5.44828 milliseconds
--> MAP did not converge after 1 iterations.
[GMRF] MAP Mean value estimated in 5.46667 milliseconds
--> MAP did not converge after 1 iterations.
[GMRF] MAP Mean value estimated in 5.45161 milliseconds
--> MAP did not converge after 1 iterations.
[GMRF] MAP Mean value estimated in 5.4375 milliseconds
--> MAP did not converge after 1 iterations.
[GMRF] MAP Mean value estimated in 5.42424 milliseconds
--> MAP did not converge after 1 iterations.
[GMRF] MAP Mean value estimated in 5.41176 milliseconds
--> MAP did not converge after 1 iterations.
[GMRF] MAP Mean value estimated in 5.48571 milliseconds
--> MAP did not converge after 1 iterations.
[GMRF] MAP Mean value estimated in 5.58333 milliseconds
--> MAP did not converge after 1 iterations.
[GMRF] MAP Mean value estimated in 5.64865 milliseconds
--> MAP did not converge after 1 iterations.
[GMRF] MAP Mean value estimated in 5.65789 milliseconds
--> MAP did not converge after 1 iterations.
[GMRF] MAP Mean value estimated in 5.66667 milliseconds
--> MAP did not converge after 1 iterations.
[GMRF] MAP Mean value estimated in 5.65 milliseconds
--> MAP did not converge after 1 iterations.
[GMRF] MAP Mean value estimated in 5.70732 milliseconds
--> MAP did not converge after 1 iterations.
[GMRF] MAP Mean value estimated in 5.69048 milliseconds
--> MAP did not converge after 1 iterations.
[GMRF] MAP Mean value estimated in 5.7907 milliseconds
--> MAP did not converge after 1 iterations.
[GMRF] MAP Mean value estimated in 5.77273 milliseconds
--> MAP did not converge after 1 iterations.
[GMRF] MAP Mean value estimated in 5.75556 milliseconds
--> MAP did not converge after 1 iterations.
[GMRF] MAP Mean value estimated in 5.73913 milliseconds
--> MAP did not converge after 1 iterations.
[GMRF] MAP Mean value estimated in 5.7234 milliseconds
--> MAP did not converge after 1 iterations.
[GMRF] MAP Mean value estimated in 5.72917 milliseconds
--> MAP did not converge after 1 iterations.
[GMRF] MAP Mean value estimated in 5.71429 milliseconds
--> MAP did not converge after 1 iterations.
[GMRF] MAP Mean value estimated in 5.7 milliseconds
--> MAP did not converge after 1 iterations.
[GMRF] MAP Mean value estimated in 5.68627 milliseconds
--> MAP did not converge after 1 iterations.
[GMRF] MAP Mean value estimated in 5.75 milliseconds
--> MAP did not converge after 1 iterations.
[GMRF] MAP Mean value estimated in 5.73585 milliseconds
--> MAP did not converge after 1 iterations.
[GMRF] MAP Mean value estimated in 5.72222 milliseconds
--> MAP did not converge after 1 iterations.
[GMRF] MAP Mean value estimated in 5.70909 milliseconds
--> MAP did not converge after 1 iterations.
[GMRF] MAP Mean value estimated in 5.69643 milliseconds
--> MAP did not converge after 1 iterations.
[GMRF] MAP Mean value estimated in 5.75439 milliseconds
--> MAP did not converge after 1 iterations.
[GMRF] MAP Mean value estimated in 5.74138 milliseconds
--> MAP did not converge after 1 iterations.
[GMRF] MAP Mean value estimated in 5.72881 milliseconds
--> MAP did not converge after 1 iterations.
[GMRF] MAP Mean value estimated in 5.71667 milliseconds
--> MAP did not converge after 1 iterations.
[GMRF] MAP Mean value estimated in 5.70492 milliseconds
--> MAP did not converge after 1 iterations.
[GMRF] MAP Mean value estimated in 5.75806 milliseconds
--> MAP did not converge after 1 iterations.
[GMRF] MAP Mean value estimated in 5.74603 milliseconds
--> MAP did not converge after 1 iterations.
[GMRF] MAP Mean value estimated in 5.79688 milliseconds
--> MAP did not converge after 1 iterations.
[GMRF] MAP Mean value estimated in 5.86154 milliseconds
--> MAP did not converge after 1 iterations.
[GMRF] MAP Mean value estimated in 5.92424 milliseconds
--> MAP did not converge after 1 iterations.
[GMRF] MAP Mean value estimated in 5.98507 milliseconds
--> MAP did not converge after 1 iterations.
[GMRF] MAP Mean value estimated in 6.07353 milliseconds
--> MAP did not converge after 1 iterations.
[GMRF] MAP Mean value estimated in 6.13043 milliseconds
--> MAP did not converge after 1 iterations.
[GMRF] MAP Mean value estimated in 6.22857 milliseconds
--> MAP did not converge after 1 iterations.
[GMRF] MAP Mean value estimated in 6.21127 milliseconds
--> MAP did not converge after 1 iterations.
[GMRF] MAP Mean value estimated in 6.20833 milliseconds
--> MAP did not converge after 1 iterations.
[GMRF] MAP Mean value estimated in 6.19178 milliseconds
--> MAP did not converge after 1 iterations.
[GMRF] MAP Mean value estimated in 6.25676 milliseconds
--> MAP did not converge after 1 iterations.
[GMRF] MAP Mean value estimated in 6.28 milliseconds
--> MAP did not converge after 1 iterations.
[GMRF] MAP Mean value estimated in 6.26316 milliseconds
--> MAP did not converge after 1 iterations.
[GMRF] MAP Mean value estimated in 6.32468 milliseconds
--> MAP did not converge after 1 iterations.
[GMRF] MAP Mean value estimated in 6.33333 milliseconds
--> MAP did not converge after 1 iterations.
[GMRF] MAP Mean value estimated in 6.39241 milliseconds
--> MAP did not converge after 1 iterations.
[GMRF] MAP Mean value estimated in 6.425 milliseconds
--> MAP did not converge after 1 iterations.
[GMRF] MAP Mean value estimated in 6.44444 milliseconds
--> MAP did not converge after 1 iterations.
[GMRF] MAP Mean value estimated in 6.4878 milliseconds
--> MAP did not converge after 1 iterations.
[GMRF] MAP Mean value estimated in 6.48193 milliseconds
--> MAP did not converge after 1 iterations.
[GMRF] MAP Mean value estimated in 6.46429 milliseconds
--> MAP did not converge after 1 iterations.
[GMRF] MAP Mean value estimated in 6.45882 milliseconds
--> MAP did not converge after 1 iterations.
[GMRF] MAP Mean value estimated in 6.44186 milliseconds
--> MAP did not converge after 1 iterations.
[GMRF] MAP Mean value estimated in 6.42529 milliseconds
--> MAP did not converge after 1 iterations.
[GMRF] MAP Mean value estimated in 6.46591 milliseconds
--> MAP did not converge after 1 iterations.
[GMRF] MAP Mean value estimated in 6.48315 milliseconds
--> MAP did not converge after 1 iterations.
[GMRF] MAP Mean value estimated in 6.46667 milliseconds
--> MAP did not converge after 1 iterations.
[GMRF] MAP Mean value estimated in 6.46154 milliseconds
--> MAP did not converge after 1 iterations.
[GMRF] MAP Mean value estimated in 6.44565 milliseconds
--> MAP did not converge after 1 iterations.
[GMRF] MAP Mean value estimated in 6.43011 milliseconds
--> MAP did not converge after 1 iterations.
[GMRF] MAP Mean value estimated in 6.41489 milliseconds
--> MAP did not converge after 1 iterations.
[GMRF] MAP Mean value estimated in 6.41053 milliseconds
--> MAP did not converge after 1 iterations.
[GMRF] MAP Mean value estimated in 6.39583 milliseconds
--> MAP did not converge after 1 iterations.
[GMRF] MAP Mean value estimated in 6.42268 milliseconds
--> MAP did not converge after 1 iterations.
[GMRF] MAP Mean value estimated in 6.43878 milliseconds
--> MAP did not converge after 1 iterations.
[GMRF] MAP Mean value estimated in 6.49495 milliseconds
--> MAP did not converge after 1 iterations.
[GMRF] MAP Mean value estimated in 6.49 milliseconds
--> MAP did not converge after 1 iterations.
[GMRF] MAP Mean value estimated in 6.47525 milliseconds
--> MAP did not converge after 1 iterations.
[GMRF] MAP Mean value estimated in 6.47059 milliseconds
--> MAP did not converge after 1 iterations.
[GMRF] MAP Mean value estimated in 6.49515 milliseconds
--> MAP did not converge after 1 iterations.
[GMRF] MAP Mean value estimated in 6.51923 milliseconds
--> MAP did not converge after 1 iterations.
[GMRF] MAP Mean value estimated in 6.54286 milliseconds
--> MAP did not converge after 1 iterations.
[GMRF] MAP Mean value estimated in 6.53774 milliseconds
--> MAP did not converge after 1 iterations.
[GMRF] MAP Mean value estimated in 6.56075 milliseconds
--> MAP did not converge after 1 iterations.
[GMRF] MAP Mean value estimated in 6.58333 milliseconds
--> MAP did not converge after 1 iterations.
[GMRF] MAP Mean value estimated in 6.58716 milliseconds
--> MAP did not converge after 1 iterations.
[GMRF] MAP Mean value estimated in 6.6 milliseconds
--> MAP did not converge after 1 iterations.
[GMRF] MAP Mean value estimated in 6.62162 milliseconds
--> MAP did not converge after 1 iterations.
[GMRF] MAP Mean value estimated in 6.64286 milliseconds
--> MAP did not converge after 1 iterations.
[GMRF] MAP Mean value estimated in 6.66372 milliseconds
--> MAP did not converge after 1 iterations.
[GMRF] MAP Mean value estimated in 6.64912 milliseconds
--> MAP did not converge after 1 iterations.
[GMRF] MAP Mean value estimated in 6.63478 milliseconds
--> MAP did not converge after 1 iterations.
[GMRF] MAP Mean value estimated in 6.63793 milliseconds
--> MAP did not converge after 1 iterations.
[GMRF] MAP Mean value estimated in 6.68376 milliseconds
--> MAP did not converge after 1 iterations.
[GMRF] MAP Mean value estimated in 6.72034 milliseconds
--> MAP did not converge after 1 iterations.
[GMRF] MAP Mean value estimated in 6.7479 milliseconds
--> MAP did not converge after 1 iterations.
[GMRF] MAP Mean value estimated in 6.76667 milliseconds
--> MAP did not converge after 1 iterations.
[GMRF] MAP Mean value estimated in 6.77686 milliseconds
--> MAP did not converge after 1 iterations.
[GMRF] MAP Mean value estimated in 6.78689 milliseconds
--> MAP did not converge after 1 iterations.
[GMRF] MAP Mean value estimated in 6.77236 milliseconds
--> MAP did not converge after 1 iterations.
[GMRF] MAP Mean value estimated in 6.80645 milliseconds
--> MAP did not converge after 1 iterations.
[GMRF] MAP Mean value estimated in 6.8 milliseconds
--> MAP did not converge after 1 iterations.
[GMRF] MAP Mean value estimated in 6.80952 milliseconds
--> MAP did not converge after 1 iterations.
[GMRF] MAP Mean value estimated in 6.80315 milliseconds
--> MAP did not converge after 1 iterations.
[GMRF] MAP Mean value estimated in 6.82812 milliseconds
--> MAP did not converge after 1 iterations.
[GMRF] MAP Mean value estimated in 6.84496 milliseconds
--> MAP did not converge after 1 iterations.
[GMRF] MAP Mean value estimated in 6.86154 milliseconds
--> MAP did not converge after 1 iterations.
[GMRF] MAP Mean value estimated in 6.87786 milliseconds
--> MAP did not converge after 1 iterations.
[GMRF] MAP Mean value estimated in 6.88636 milliseconds
--> MAP did not converge after 1 iterations.
[GMRF] MAP Mean value estimated in 6.87218 milliseconds
--> MAP did not converge after 1 iterations.
[GMRF] MAP Mean value estimated in 6.86567 milliseconds
--> MAP did not converge after 1 iterations.
[GMRF] MAP Mean value estimated in 6.85185 milliseconds
--> MAP did not converge after 1 iterations.
[GMRF] MAP Mean value estimated in 6.83824 milliseconds
--> MAP did not converge after 1 iterations.
[GMRF] MAP Mean value estimated in 6.82482 milliseconds
--> MAP did not converge after 1 iterations.
[GMRF] MAP Mean value estimated in 6.84783 milliseconds
--> MAP did not converge after 1 iterations.
[GMRF] MAP Mean value estimated in 6.83453 milliseconds
--> MAP did not converge after 1 iterations.
[GMRF] MAP Mean value estimated in 6.82857 milliseconds
--> MAP did not converge after 1 iterations.
[GMRF] MAP Mean value estimated in 6.8156 milliseconds
--> MAP did not converge after 1 iterations.
[GMRF] MAP Mean value estimated in 6.80282 milliseconds
--> MAP did not converge after 1 iterations.
[GMRF] MAP Mean value estimated in 6.79021 milliseconds
--> MAP did not converge after 1 iterations.
[GMRF] MAP Mean value estimated in 6.79861 milliseconds
--> MAP did not converge after 1 iterations.
[GMRF] MAP Mean value estimated in 6.78621 milliseconds
--> MAP did not converge after 1 iterations.
[GMRF] MAP Mean value estimated in 6.78767 milliseconds
--> MAP did not converge after 1 iterations.
[GMRF] MAP Mean value estimated in 6.79592 milliseconds
--> MAP did not converge after 1 iterations.
[GMRF] MAP Mean value estimated in 6.81081 milliseconds
--> MAP did not converge after 1 iterations.
[GMRF] MAP Mean value estimated in 6.83221 milliseconds
--> MAP did not converge after 1 iterations.
[GMRF] MAP Mean value estimated in 6.84 milliseconds
--> MAP did not converge after 1 iterations.
[GMRF] MAP Mean value estimated in 6.82781 milliseconds
--> MAP did not converge after 1 iterations.
[GMRF] MAP Mean value estimated in 6.81579 milliseconds
--> MAP did not converge after 1 iterations.
[GMRF] MAP Mean value estimated in 6.84314 milliseconds
--> MAP did not converge after 1 iterations.
[GMRF] MAP Mean value estimated in 6.85714 milliseconds
--> MAP did not converge after 1 iterations.
[GMRF] MAP Mean value estimated in 6.87742 milliseconds
--> MAP did not converge after 1 iterations.
[GMRF] MAP Mean value estimated in 6.87179 milliseconds
--> MAP did not converge after 1 iterations.
[GMRF] MAP Mean value estimated in 6.87898 milliseconds
--> MAP did not converge after 1 iterations.
[GMRF] MAP Mean value estimated in 6.87342 milliseconds
--> MAP did not converge after 1 iterations.
[GMRF] MAP Mean value estimated in 6.86792 milliseconds
--> MAP did not converge after 1 iterations.
[GMRF] MAP Mean value estimated in 6.8625 milliseconds
--> MAP did not converge after 1 iterations.
[GMRF] MAP Mean value estimated in 6.8882 milliseconds
--> MAP did not converge after 1 iterations.
[GMRF] MAP Mean value estimated in 6.89506 milliseconds
--> MAP did not converge after 1 iterations.
[GMRF] MAP Mean value estimated in 6.90798 milliseconds
--> MAP did not converge after 1 iterations.
[GMRF] MAP Mean value estimated in 6.92683 milliseconds
--> MAP did not converge after 1 iterations.
[GMRF] MAP Mean value estimated in 6.93939 milliseconds
--> MAP did not converge after 1 iterations.
[GMRF] MAP Mean value estimated in 6.95783 milliseconds
--> MAP did not converge after 1 iterations.
[GMRF] MAP Mean value estimated in 6.97006 milliseconds
--> MAP did not converge after 1 iterations.
[GMRF] MAP Mean value estimated in 6.95833 milliseconds
--> MAP did not converge after 1 iterations.
[GMRF] MAP Mean value estimated in 6.97633 milliseconds
--> MAP did not converge after 1 iterations.
[GMRF] MAP Mean value estimated in 6.96471 milliseconds
--> MAP did not converge after 1 iterations.
[GMRF] MAP Mean value estimated in 6.95322 milliseconds
--> MAP did not converge after 1 iterations.
[GMRF] MAP Mean value estimated in 6.96512 milliseconds
--> MAP did not converge after 1 iterations.
[GMRF] MAP Mean value estimated in 6.95376 milliseconds
--> MAP did not converge after 1 iterations.
[GMRF] MAP Mean value estimated in 6.94253 milliseconds
--> MAP did not converge after 1 iterations.
[GMRF] MAP Mean value estimated in 6.93143 milliseconds
--> MAP did not converge after 1 iterations.
[GMRF] MAP Mean value estimated in 6.92045 milliseconds
--> MAP did not converge after 1 iterations.
[GMRF] MAP Mean value estimated in 6.9096 milliseconds
--> MAP did not converge after 1 iterations.
[GMRF] MAP Mean value estimated in 6.89888 milliseconds
--> MAP did not converge after 1 iterations.
[GMRF] MAP Mean value estimated in 6.91061 milliseconds
--> MAP did not converge after 1 iterations.
[GMRF] MAP Mean value estimated in 6.9 milliseconds
--> MAP did not converge after 1 iterations.
[GMRF] MAP Mean value estimated in 6.8895 milliseconds
--> MAP did not converge after 1 iterations.
[GMRF] MAP Mean value estimated in 6.89011 milliseconds
--> MAP did not converge after 1 iterations.
[GMRF] MAP Mean value estimated in 6.87978 milliseconds
--> MAP did not converge after 1 iterations.
[GMRF] MAP Mean value estimated in 6.88587 milliseconds
--> MAP did not converge after 1 iterations.
[GMRF] MAP Mean value estimated in 6.8973 milliseconds
--> MAP did not converge after 1 iterations.
[GMRF] MAP Mean value estimated in 6.9086 milliseconds
--> MAP did not converge after 1 iterations.
[GMRF] MAP Mean value estimated in 6.8984 milliseconds
--> MAP did not converge after 1 iterations.
[GMRF] MAP Mean value estimated in 6.90426 milliseconds
--> MAP did not converge after 1 iterations.
[GMRF] MAP Mean value estimated in 6.92063 milliseconds
--> MAP did not converge after 1 iterations.
[GMRF] MAP Mean value estimated in 6.92632 milliseconds
--> MAP did not converge after 1 iterations.
[GMRF] MAP Mean value estimated in 6.93717 milliseconds
--> MAP did not converge after 1 iterations.
[GMRF] MAP Mean value estimated in 6.94271 milliseconds
--> MAP did not converge after 1 iterations.
[GMRF] MAP Mean value estimated in 6.93264 milliseconds
--> MAP did not converge after 1 iterations.
[GMRF] MAP Mean value estimated in 6.93814 milliseconds
--> MAP did not converge after 1 iterations.
[GMRF] MAP Mean value estimated in 6.94359 milliseconds
--> MAP did not converge after 1 iterations.
[GMRF] MAP Mean value estimated in 6.96429 milliseconds
--> MAP did not converge after 1 iterations.
[GMRF] MAP Mean value estimated in 6.95939 milliseconds
--> MAP did not converge after 1 iterations.
[GMRF] MAP Mean value estimated in 6.9697 milliseconds
--> MAP did not converge after 1 iterations.
[GMRF] MAP Mean value estimated in 6.96985 milliseconds
--> MAP did not converge after 1 iterations.
[GMRF] MAP Mean value estimated in 6.99 milliseconds
--> MAP did not converge after 1 iterations.
[GMRF] MAP Mean value estimated in 6.98507 milliseconds
--> MAP did not converge after 1 iterations.
[GMRF] MAP Mean value estimated in 6.98515 milliseconds
--> MAP did not converge after 1 iterations.
[GMRF] MAP Mean value estimated in 6.99015 milliseconds
--> MAP did not converge after 1 iterations.
[GMRF] MAP Mean value estimated in 6.9902 milliseconds
--> MAP did not converge after 1 iterations.
[GMRF] MAP Mean value estimated in 6.98537 milliseconds
--> MAP did not converge after 1 iterations.
[GMRF] MAP Mean value estimated in 7.00971 milliseconds
--> MAP did not converge after 1 iterations.
[GMRF] MAP Mean value estimated in 7.00483 milliseconds
--> MAP did not converge after 1 iterations.
[GMRF] MAP Mean value estimated in 7.00962 milliseconds
--> MAP did not converge after 1 iterations.
[GMRF] MAP Mean value estimated in 7.03349 milliseconds
--> MAP did not converge after 1 iterations.
[GMRF] MAP Mean value estimated in 7.04286 milliseconds
--> MAP did not converge after 1 iterations.
[GMRF] MAP Mean value estimated in 7.06161 milliseconds
--> MAP did not converge after 1 iterations.
[GMRF] MAP Mean value estimated in 7.06604 milliseconds
--> MAP did not converge after 1 iterations.
[GMRF] MAP Mean value estimated in 7.05634 milliseconds
--> MAP did not converge after 1 iterations.
[GMRF] MAP Mean value estimated in 7.0514 milliseconds
--> MAP did not converge after 1 iterations.
[GMRF] MAP Mean value estimated in 7.04186 milliseconds
--> MAP did not converge after 1 iterations.
[GMRF] MAP Mean value estimated in 7.05093 milliseconds
--> MAP did not converge after 1 iterations.
[GMRF] MAP Mean value estimated in 7.04147 milliseconds
--> MAP did not converge after 1 iterations.
[GMRF] MAP Mean value estimated in 7.03211 milliseconds
--> MAP did not converge after 1 iterations.
[GMRF] MAP Mean value estimated in 7.02283 milliseconds
--> MAP did not converge after 1 iterations.
[GMRF] MAP Mean value estimated in 7.04091 milliseconds
--> MAP did not converge after 1 iterations.
[GMRF] MAP Mean value estimated in 7.03167 milliseconds
--> MAP did not converge after 1 iterations.
[GMRF] MAP Mean value estimated in 7.03153 milliseconds
--> MAP did not converge after 1 iterations.
[GMRF] MAP Mean value estimated in 7.02242 milliseconds
--> MAP did not converge after 1 iterations.
[GMRF] MAP Mean value estimated in 7.01339 milliseconds
--> MAP did not converge after 1 iterations.
[GMRF] MAP Mean value estimated in 7.02222 milliseconds
--> MAP did not converge after 1 iterations.
[GMRF] MAP Mean value estimated in 7.01327 milliseconds
--> MAP did not converge after 1 iterations.
[GMRF] MAP Mean value estimated in 7.00441 milliseconds
--> MAP did not converge after 1 iterations.
[GMRF] MAP Mean value estimated in 6.99561 milliseconds
--> MAP did not converge after 1 iterations.
[GMRF] MAP Mean value estimated in 6.9869 milliseconds
--> MAP did not converge after 1 iterations.
[GMRF] MAP Mean value estimated in 6.99565 milliseconds
--> MAP did not converge after 1 iterations.
[GMRF] MAP Mean value estimated in 6.98701 milliseconds
--> MAP did not converge after 1 iterations.
[GMRF] MAP Mean value estimated in 6.98707 milliseconds
--> MAP did not converge after 1 iterations.
[GMRF] MAP Mean value estimated in 6.97854 milliseconds
--> MAP did not converge after 1 iterations.
[GMRF] MAP Mean value estimated in 6.97009 milliseconds
--> MAP did not converge after 1 iterations.
[GMRF] MAP Mean value estimated in 6.9617 milliseconds
--> MAP did not converge after 1 iterations.
[GMRF] MAP Mean value estimated in 6.95339 milliseconds
--> MAP did not converge after 1 iterations.
[GMRF] MAP Mean value estimated in 6.94515 milliseconds
--> MAP did not converge after 1 iterations.
[GMRF] MAP Mean value estimated in 6.93697 milliseconds
--> MAP did not converge after 1 iterations.
[GMRF] MAP Mean value estimated in 6.92887 milliseconds
--> MAP did not converge after 1 iterations.
[GMRF] MAP Mean value estimated in 6.925 milliseconds
--> MAP did not converge after 1 iterations.
[GMRF] MAP Mean value estimated in 6.91701 milliseconds
--> MAP did not converge after 1 iterations.
[GMRF] MAP Mean value estimated in 6.90909 milliseconds
--> MAP did not converge after 1 iterations.
[GMRF] MAP Mean value estimated in 6.90123 milliseconds
--> MAP did not converge after 1 iterations.
[GMRF] MAP Mean value estimated in 6.89344 milliseconds
--> MAP did not converge after 1 iterations.
[GMRF] MAP Mean value estimated in 6.8898 milliseconds
--> MAP did not converge after 1 iterations.
[GMRF] MAP Mean value estimated in 6.88211 milliseconds
--> MAP did not converge after 1 iterations.
[GMRF] MAP Mean value estimated in 6.87449 milliseconds
--> MAP did not converge after 1 iterations.
[GMRF] MAP Mean value estimated in 6.87097 milliseconds
--> MAP did not converge after 1 iterations.
[GMRF] MAP Mean value estimated in 6.86345 milliseconds
--> MAP did not converge after 1 iterations.
[GMRF] MAP Mean value estimated in 6.856 milliseconds
--> MAP did not converge after 1 iterations.
[GMRF] MAP Mean value estimated in 6.84861 milliseconds
--> MAP did not converge after 1 iterations.
[GMRF] MAP Mean value estimated in 6.85317 milliseconds
--> MAP did not converge after 1 iterations.
[GMRF] MAP Mean value estimated in 6.8498 milliseconds
--> MAP did not converge after 1 iterations.
[GMRF] MAP Mean value estimated in 6.84646 milliseconds
--> MAP did not converge after 1 iterations.
[GMRF] MAP Mean value estimated in 6.84706 milliseconds
--> MAP did not converge after 1 iterations.
[GMRF] MAP Mean value estimated in 6.85547 milliseconds
--> MAP did not converge after 1 iterations.
[GMRF] MAP Mean value estimated in 6.85992 milliseconds
--> MAP did not converge after 1 iterations.
[GMRF] MAP Mean value estimated in 6.87209 milliseconds
--> MAP did not converge after 1 iterations.
[GMRF] MAP Mean value estimated in 6.89189 milliseconds
--> MAP did not converge after 1 iterations.
[GMRF] MAP Mean value estimated in 6.90385 milliseconds
--> MAP did not converge after 1 iterations.
[GMRF] MAP Mean value estimated in 6.90038 milliseconds
--> MAP did not converge after 1 iterations.
[GMRF] MAP Mean value estimated in 6.90076 milliseconds
--> MAP did not converge after 1 iterations.
[GMRF] MAP Mean value estimated in 6.89734 milliseconds
--> MAP did not converge after 1 iterations.
[GMRF] MAP Mean value estimated in 6.89394 milliseconds
--> MAP did not converge after 1 iterations.
[GMRF] MAP Mean value estimated in 6.88679 milliseconds
--> MAP did not converge after 1 iterations.
[GMRF] MAP Mean value estimated in 6.88346 milliseconds
--> MAP did not converge after 1 iterations.
[GMRF] MAP Mean value estimated in 6.8764 milliseconds
--> MAP did not converge after 1 iterations.
[GMRF] MAP Mean value estimated in 6.87313 milliseconds
--> MAP did not converge after 1 iterations.
[GMRF] MAP Mean value estimated in 6.86617 milliseconds
--> MAP did not converge after 1 iterations.
[GMRF] MAP Mean value estimated in 6.85926 milliseconds
--> MAP did not converge after 1 iterations.
[GMRF] MAP Mean value estimated in 6.8524 milliseconds
--> MAP did not converge after 1 iterations.
[GMRF] MAP Mean value estimated in 6.84559 milliseconds
--> MAP did not converge after 1 iterations.
[GMRF] MAP Mean value estimated in 6.84249 milliseconds
--> MAP did not converge after 1 iterations.
[GMRF] MAP Mean value estimated in 6.83577 milliseconds
--> MAP did not converge after 1 iterations.
[GMRF] MAP Mean value estimated in 6.85091 milliseconds
--> MAP did not converge after 1 iterations.
[GMRF] MAP Mean value estimated in 6.84783 milliseconds
--> MAP did not converge after 1 iterations.
[GMRF] MAP Mean value estimated in 6.84116 milliseconds
--> MAP did not converge after 1 iterations.
[GMRF] MAP Mean value estimated in 6.83453 milliseconds
--> MAP did not converge after 1 iterations.
[GMRF] MAP Mean value estimated in 6.83513 milliseconds
--> MAP did not converge after 1 iterations.
[GMRF] MAP Mean value estimated in 6.84286 milliseconds
--> MAP did not converge after 1 iterations.
[GMRF] MAP Mean value estimated in 6.8363 milliseconds
--> MAP did not converge after 1 iterations.
[GMRF] MAP Mean value estimated in 6.82979 milliseconds
--> MAP did not converge after 1 iterations.
[GMRF] MAP Mean value estimated in 6.84099 milliseconds
--> MAP did not converge after 1 iterations.
[GMRF] MAP Mean value estimated in 6.83803 milliseconds
--> MAP did not converge after 1 iterations.
[GMRF] MAP Mean value estimated in 6.83509 milliseconds
--> MAP did not converge after 1 iterations.
[GMRF] MAP Mean value estimated in 6.84615 milliseconds
--> MAP did not converge after 1 iterations.
[GMRF] MAP Mean value estimated in 6.83972 milliseconds
--> MAP did not converge after 1 iterations.
[GMRF] MAP Mean value estimated in 6.85069 milliseconds
--> MAP did not converge after 1 iterations.
[GMRF] MAP Mean value estimated in 6.84429 milliseconds
--> MAP did not converge after 1 iterations.
[GMRF] MAP Mean value estimated in 6.83793 milliseconds
--> MAP did not converge after 1 iterations.
[GMRF] MAP Mean value estimated in 6.83162 milliseconds
--> MAP did not converge after 1 iterations.
[GMRF] MAP Mean value estimated in 6.82534 milliseconds
--> MAP did not converge after 1 iterations.
[GMRF] MAP Mean value estimated in 6.81911 milliseconds
--> MAP did not converge after 1 iterations.
[GMRF] MAP Mean value estimated in 6.83673 milliseconds
--> MAP did not converge after 1 iterations.
[GMRF] MAP Mean value estimated in 6.85085 milliseconds
--> MAP did not converge after 1 iterations.
[GMRF] MAP Mean value estimated in 6.85135 milliseconds
--> MAP did not converge after 1 iterations.
[GMRF] MAP Mean value estimated in 6.84512 milliseconds
--> MAP did not converge after 1 iterations.
[GMRF] MAP Mean value estimated in 6.84228 milliseconds
--> MAP did not converge after 1 iterations.
[GMRF] MAP Mean value estimated in 6.85284 milliseconds
--> MAP did not converge after 1 iterations.
[GMRF] MAP Mean value estimated in 6.84667 milliseconds
--> MAP did not converge after 1 iterations.
[GMRF] MAP Mean value estimated in 6.84053 milliseconds
--> MAP did not converge after 1 iterations.
[GMRF] MAP Mean value estimated in 6.83444 milliseconds
--> MAP did not converge after 1 iterations.
[GMRF] MAP Mean value estimated in 6.83168 milliseconds
--> MAP did not converge after 1 iterations.
[GMRF] MAP Mean value estimated in 6.82895 milliseconds
--> MAP did not converge after 1 iterations.
[GMRF] MAP Mean value estimated in 6.82295 milliseconds
--> MAP did not converge after 1 iterations.
[GMRF] MAP Mean value estimated in 6.83333 milliseconds
--> MAP did not converge after 1 iterations.
[GMRF] MAP Mean value estimated in 6.82736 milliseconds
--> MAP did not converge after 1 iterations.
[GMRF] MAP Mean value estimated in 6.82143 milliseconds
--> MAP did not converge after 1 iterations.
[GMRF] MAP Mean value estimated in 6.83172 milliseconds
--> MAP did not converge after 1 iterations.
[GMRF] MAP Mean value estimated in 6.82903 milliseconds
--> MAP did not converge after 1 iterations.
[GMRF] MAP Mean value estimated in 6.82315 milliseconds
--> MAP did not converge after 1 iterations.
[GMRF] MAP Mean value estimated in 6.82051 milliseconds
--> MAP did not converge after 1 iterations.
[GMRF] MAP Mean value estimated in 6.81789 milliseconds
--> MAP did not converge after 1 iterations.
[GMRF] MAP Mean value estimated in 6.8121 milliseconds
--> MAP did not converge after 1 iterations.
[GMRF] MAP Mean value estimated in 6.80635 milliseconds
--> MAP did not converge after 1 iterations.
[GMRF] MAP Mean value estimated in 6.80063 milliseconds
--> MAP did not converge after 1 iterations.
[GMRF] MAP Mean value estimated in 6.80126 milliseconds
--> MAP did not converge after 1 iterations.
[GMRF] MAP Mean value estimated in 6.7956 milliseconds
--> MAP did not converge after 1 iterations.
[GMRF] MAP Mean value estimated in 6.79624 milliseconds
--> MAP did not converge after 1 iterations.
[GMRF] MAP Mean value estimated in 6.79688 milliseconds
--> MAP did not converge after 1 iterations.
[GMRF] MAP Mean value estimated in 6.79751 milliseconds
--> MAP did not converge after 1 iterations.
[GMRF] MAP Mean value estimated in 6.80745 milliseconds
--> MAP did not converge after 1 iterations.
[GMRF] MAP Mean value estimated in 6.80186 milliseconds
--> MAP did not converge after 1 iterations.
[GMRF] MAP Mean value estimated in 6.79938 milliseconds
--> MAP did not converge after 1 iterations.
[GMRF] MAP Mean value estimated in 6.8 milliseconds
--> MAP did not converge after 1 iterations.
[GMRF] MAP Mean value estimated in 6.79448 milliseconds
--> MAP did not converge after 1 iterations.
[GMRF] MAP Mean value estimated in 6.78899 milliseconds
--> MAP did not converge after 1 iterations.
[GMRF] MAP Mean value estimated in 6.78963 milliseconds
--> MAP did not converge after 1 iterations.
[GMRF] MAP Mean value estimated in 6.78419 milliseconds
--> MAP did not converge after 1 iterations.
[GMRF] MAP Mean value estimated in 6.78182 milliseconds
--> MAP did not converge after 1 iterations.
[GMRF] MAP Mean value estimated in 6.77644 milliseconds
--> MAP did not converge after 1 iterations.
[GMRF] MAP Mean value estimated in 6.77108 milliseconds
--> MAP did not converge after 1 iterations.
[GMRF] MAP Mean value estimated in 6.76877 milliseconds
--> MAP did not converge after 1 iterations.
[GMRF] MAP Mean value estimated in 6.77545 milliseconds
--> MAP did not converge after 1 iterations.
[GMRF] MAP Mean value estimated in 6.77313 milliseconds
--> MAP did not converge after 1 iterations.
[GMRF] MAP Mean value estimated in 6.77083 milliseconds
--> MAP did not converge after 1 iterations.
[GMRF] MAP Mean value estimated in 6.76558 milliseconds
--> MAP did not converge after 1 iterations.
[GMRF] MAP Mean value estimated in 6.76036 milliseconds
--> MAP did not converge after 1 iterations.
[GMRF] MAP Mean value estimated in 6.76401 milliseconds
--> MAP did not converge after 1 iterations.
[GMRF] MAP Mean value estimated in 6.76176 milliseconds
--> MAP did not converge after 1 iterations.
[GMRF] MAP Mean value estimated in 6.75953 milliseconds
--> MAP did not converge after 1 iterations.
[GMRF] MAP Mean value estimated in 6.75731 milliseconds
--> MAP did not converge after 1 iterations.
[GMRF] MAP Mean value estimated in 6.7551 milliseconds
--> MAP did not converge after 1 iterations.
[GMRF] MAP Mean value estimated in 6.75291 milliseconds
--> MAP did not converge after 1 iterations.
[GMRF] MAP Mean value estimated in 6.75652 milliseconds
--> MAP did not converge after 1 iterations.
[GMRF] MAP Mean value estimated in 6.76301 milliseconds
--> MAP did not converge after 1 iterations.
[GMRF] MAP Mean value estimated in 6.77522 milliseconds
--> MAP did not converge after 1 iterations.
[GMRF] MAP Mean value estimated in 6.79023 milliseconds
--> MAP did not converge after 1 iterations.
[GMRF] MAP Mean value estimated in 6.79943 milliseconds
--> MAP did not converge after 1 iterations.
[GMRF] MAP Mean value estimated in 6.79714 milliseconds
--> MAP did not converge after 1 iterations.
[GMRF] MAP Mean value estimated in 6.80342 milliseconds
--> MAP did not converge after 1 iterations.
[GMRF] MAP Mean value estimated in 6.80114 milliseconds
--> MAP did not converge after 1 iterations.
[GMRF] MAP Mean value estimated in 6.79603 milliseconds
--> MAP did not converge after 1 iterations.
[GMRF] MAP Mean value estimated in 6.79944 milliseconds
--> MAP did not converge after 1 iterations.
[GMRF] MAP Mean value estimated in 6.79718 milliseconds
--> MAP did not converge after 1 iterations.
[GMRF] MAP Mean value estimated in 6.79494 milliseconds
--> MAP did not converge after 1 iterations.
[GMRF] MAP Mean value estimated in 6.78992 milliseconds
--> MAP did not converge after 1 iterations.
[GMRF] MAP Mean value estimated in 6.78771 milliseconds
--> MAP did not converge after 1 iterations.
[GMRF] MAP Mean value estimated in 6.78552 milliseconds
--> MAP did not converge after 1 iterations.
[GMRF] MAP Mean value estimated in 6.78056 milliseconds
--> MAP did not converge after 1 iterations.
[GMRF] MAP Mean value estimated in 6.77562 milliseconds
--> MAP did not converge after 1 iterations.
[GMRF] MAP Mean value estimated in 6.77072 milliseconds
--> MAP did not converge after 1 iterations.
[GMRF] MAP Mean value estimated in 6.7686 milliseconds
--> MAP did not converge after 1 iterations.
[GMRF] MAP Mean value estimated in 6.76374 milliseconds
--> MAP did not converge after 1 iterations.
[GMRF] MAP Mean value estimated in 6.7589 milliseconds
--> MAP did not converge after 1 iterations.
[GMRF] MAP Mean value estimated in 6.75683 milliseconds
--> MAP did not converge after 1 iterations.
[GMRF] MAP Mean value estimated in 6.76839 milliseconds
--> MAP did not converge after 1 iterations.
[GMRF] MAP Mean value estimated in 6.76902 milliseconds
--> MAP did not converge after 1 iterations.
[GMRF] MAP Mean value estimated in 6.77507 milliseconds
--> MAP did not converge after 1 iterations.
[GMRF] MAP Mean value estimated in 6.78108 milliseconds
--> MAP did not converge after 1 iterations.
[GMRF] MAP Mean value estimated in 6.77898 milliseconds
--> MAP did not converge after 1 iterations.
[GMRF] MAP Mean value estimated in 6.78495 milliseconds
--> MAP did not converge after 1 iterations.
[GMRF] MAP Mean value estimated in 6.78284 milliseconds
--> MAP did not converge after 1 iterations.
[GMRF] MAP Mean value estimated in 6.78877 milliseconds
--> MAP did not converge after 1 iterations.
[GMRF] MAP Mean value estimated in 6.78933 milliseconds
--> MAP did not converge after 1 iterations.
[GMRF] MAP Mean value estimated in 6.79255 milliseconds
--> MAP did not converge after 1 iterations.
[GMRF] MAP Mean value estimated in 6.80371 milliseconds
--> MAP did not converge after 1 iterations.
[GMRF] MAP Mean value estimated in 6.81217 milliseconds
--> MAP did not converge after 1 iterations.
[GMRF] MAP Mean value estimated in 6.82586 milliseconds
--> MAP did not converge after 1 iterations.
[GMRF] MAP Mean value estimated in 6.83421 milliseconds
--> MAP did not converge after 1 iterations.
[GMRF] MAP Mean value estimated in 6.84777 milliseconds
--> MAP did not converge after 1 iterations.
[GMRF] MAP Mean value estimated in 6.8534 milliseconds
--> MAP did not converge after 1 iterations.
[GMRF] MAP Mean value estimated in 6.86162 milliseconds
--> MAP did not converge after 1 iterations.
[GMRF] MAP Mean value estimated in 6.875 milliseconds
--> MAP did not converge after 1 iterations.
[GMRF] MAP Mean value estimated in 6.87792 milliseconds
--> MAP did not converge after 1 iterations.
[GMRF] MAP Mean value estimated in 6.88083 milliseconds
--> MAP did not converge after 1 iterations.
[GMRF] MAP Mean value estimated in 6.89406 milliseconds
--> MAP did not converge after 1 iterations.
[GMRF] MAP Mean value estimated in 6.90464 milliseconds
--> MAP did not converge after 1 iterations.
[GMRF] MAP Mean value estimated in 6.91774 milliseconds
--> MAP did not converge after 1 iterations.
[GMRF] MAP Mean value estimated in 6.93077 milliseconds
--> MAP did not converge after 1 iterations.
[GMRF] MAP Mean value estimated in 6.93606 milliseconds
--> MAP did not converge after 1 iterations.
[GMRF] MAP Mean value estimated in 6.94133 milliseconds
--> MAP did not converge after 1 iterations.
[GMRF] MAP Mean value estimated in 6.93639 milliseconds
--> MAP did not converge after 1 iterations.
[GMRF] MAP Mean value estimated in 6.94162 milliseconds
--> MAP did not converge after 1 iterations.
[GMRF] MAP Mean value estimated in 6.94684 milliseconds
--> MAP did not converge after 1 iterations.
[GMRF] MAP Mean value estimated in 6.94192 milliseconds
--> MAP did not converge after 1 iterations.
[GMRF] MAP Mean value estimated in 6.9471 milliseconds
--> MAP did not converge after 1 iterations.
[GMRF] MAP Mean value estimated in 6.95729 milliseconds
--> MAP did not converge after 1 iterations.
[GMRF] MAP Mean value estimated in 6.97243 milliseconds
--> MAP did not converge after 1 iterations.
[GMRF] MAP Mean value estimated in 6.975 milliseconds
--> MAP did not converge after 1 iterations.
[GMRF] MAP Mean value estimated in 6.97007 milliseconds
--> MAP did not converge after 1 iterations.
[GMRF] MAP Mean value estimated in 6.97512 milliseconds
--> MAP did not converge after 1 iterations.
[GMRF] MAP Mean value estimated in 6.98511 milliseconds
--> MAP did not converge after 1 iterations.
[GMRF] MAP Mean value estimated in 6.9901 milliseconds
--> MAP did not converge after 1 iterations.
[GMRF] MAP Mean value estimated in 6.99012 milliseconds
--> MAP did not converge after 1 iterations.
[GMRF] MAP Mean value estimated in 6.98768 milliseconds
--> MAP did not converge after 1 iterations.
[GMRF] MAP Mean value estimated in 6.99017 milliseconds
--> MAP did not converge after 1 iterations.
[GMRF] MAP Mean value estimated in 6.9951 milliseconds
--> MAP did not converge after 1 iterations.
[GMRF] MAP Mean value estimated in 7.00244 milliseconds
--> MAP did not converge after 1 iterations.
[GMRF] MAP Mean value estimated in 7.00976 milliseconds
--> MAP did not converge after 1 iterations.
[GMRF] MAP Mean value estimated in 7.00973 milliseconds
--> MAP did not converge after 1 iterations.
[GMRF] MAP Mean value estimated in 7.01699 milliseconds
--> MAP did not converge after 1 iterations.
[GMRF] MAP Mean value estimated in 7.01695 milliseconds
--> MAP did not converge after 1 iterations.
[GMRF] MAP Mean value estimated in 7.02174 milliseconds
--> MAP did not converge after 1 iterations.
[GMRF] MAP Mean value estimated in 7.0241 milliseconds
--> MAP did not converge after 1 iterations.
[GMRF] MAP Mean value estimated in 7.02404 milliseconds
--> MAP did not converge after 1 iterations.
[GMRF] MAP Mean value estimated in 7.02638 milliseconds
--> MAP did not converge after 1 iterations.
[GMRF] MAP Mean value estimated in 7.02392 milliseconds
--> MAP did not converge after 1 iterations.
[GMRF] MAP Mean value estimated in 7.02387 milliseconds
--> MAP did not converge after 1 iterations.
[GMRF] MAP Mean value estimated in 7.02857 milliseconds
--> MAP did not converge after 1 iterations.
[GMRF] MAP Mean value estimated in 7.03563 milliseconds
--> MAP did not converge after 1 iterations.
[GMRF] MAP Mean value estimated in 7.04028 milliseconds
--> MAP did not converge after 1 iterations.
[GMRF] MAP Mean value estimated in 7.04492 milliseconds
--> MAP did not converge after 1 iterations.
[GMRF] MAP Mean value estimated in 7.0566 milliseconds
--> MAP did not converge after 1 iterations.
[GMRF] MAP Mean value estimated in 7.06824 milliseconds
--> MAP did not converge after 1 iterations.
[GMRF] MAP Mean value estimated in 7.07512 milliseconds
--> MAP did not converge after 1 iterations.
[GMRF] MAP Mean value estimated in 7.08665 milliseconds
--> MAP did not converge after 1 iterations.
[GMRF] MAP Mean value estimated in 7.08411 milliseconds
--> MAP did not converge after 1 iterations.
[GMRF] MAP Mean value estimated in 7.08858 milliseconds
--> MAP did not converge after 1 iterations.
[GMRF] MAP Mean value estimated in 7.08372 milliseconds
--> MAP did not converge after 1 iterations.
[GMRF] MAP Mean value estimated in 7.08817 milliseconds
--> MAP did not converge after 1 iterations.
[GMRF] MAP Mean value estimated in 7.09259 milliseconds
--> MAP did not converge after 1 iterations.
[GMRF] MAP Mean value estimated in 7.09238 milliseconds
--> MAP did not converge after 1 iterations.
[GMRF] MAP Mean value estimated in 7.09217 milliseconds
--> MAP did not converge after 1 iterations.
[GMRF] MAP Mean value estimated in 7.08966 milliseconds
--> MAP did not converge after 1 iterations.
[GMRF] MAP Mean value estimated in 7.08716 milliseconds
--> MAP did not converge after 1 iterations.
[GMRF] MAP Mean value estimated in 7.08238 milliseconds
--> MAP did not converge after 1 iterations.
[GMRF] MAP Mean value estimated in 7.07991 milliseconds
--> MAP did not converge after 1 iterations.
[GMRF] MAP Mean value estimated in 7.08428 milliseconds
--> MAP did not converge after 1 iterations.
[GMRF] MAP Mean value estimated in 7.08636 milliseconds
--> MAP did not converge after 1 iterations.
[GMRF] MAP Mean value estimated in 7.0907 milliseconds
--> MAP did not converge after 1 iterations.
[GMRF] MAP Mean value estimated in 7.09955 milliseconds
--> MAP did not converge after 1 iterations.
[GMRF] MAP Mean value estimated in 7.11061 milliseconds
--> MAP did not converge after 1 iterations.
[GMRF] MAP Mean value estimated in 7.11712 milliseconds
--> MAP did not converge after 1 iterations.
[GMRF] MAP Mean value estimated in 7.12809 milliseconds
--> MAP did not converge after 1 iterations.
[GMRF] MAP Mean value estimated in 7.12556 milliseconds
--> MAP did not converge after 1 iterations.
[GMRF] MAP Mean value estimated in 7.13199 milliseconds
--> MAP did not converge after 1 iterations.
[GMRF] MAP Mean value estimated in 7.14286 milliseconds
--> MAP did not converge after 1 iterations.
[GMRF] MAP Mean value estimated in 7.15145 milliseconds
--> MAP did not converge after 1 iterations.
[GMRF] MAP Mean value estimated in 7.15778 milliseconds
--> MAP did not converge after 1 iterations.
[GMRF] MAP Mean value estimated in 7.16186 milliseconds
--> MAP did not converge after 1 iterations.
[GMRF] MAP Mean value estimated in 7.16593 milliseconds
--> MAP did not converge after 1 iterations.
[GMRF] MAP Mean value estimated in 7.17439 milliseconds
--> MAP did not converge after 1 iterations.
[GMRF] MAP Mean value estimated in 7.17621 milliseconds
--> MAP did not converge after 1 iterations.
[GMRF] MAP Mean value estimated in 7.17802 milliseconds
--> MAP did not converge after 1 iterations.
[GMRF] MAP Mean value estimated in 7.18421 milliseconds
--> MAP did not converge after 1 iterations.
[GMRF] MAP Mean value estimated in 7.18162 milliseconds
--> MAP did not converge after 1 iterations.
[GMRF] MAP Mean value estimated in 7.18341 milliseconds
--> MAP did not converge after 1 iterations.
[GMRF] MAP Mean value estimated in 7.18954 milliseconds
--> MAP did not converge after 1 iterations.
[GMRF] MAP Mean value estimated in 7.18913 milliseconds
--> MAP did not converge after 1 iterations.
[GMRF] MAP Mean value estimated in 7.19523 milliseconds
--> MAP did not converge after 1 iterations.
[GMRF] MAP Mean value estimated in 7.2013 milliseconds
--> MAP did not converge after 1 iterations.
[GMRF] MAP Mean value estimated in 7.2095 milliseconds
--> MAP did not converge after 1 iterations.
[GMRF] MAP Mean value estimated in 7.21121 milliseconds
--> MAP did not converge after 1 iterations.
[GMRF] MAP Mean value estimated in 7.21505 milliseconds
--> MAP did not converge after 1 iterations.
[GMRF] MAP Mean value estimated in 7.21888 milliseconds
--> MAP did not converge after 1 iterations.
[GMRF] MAP Mean value estimated in 7.22056 milliseconds
--> MAP did not converge after 1 iterations.
[GMRF] MAP Mean value estimated in 7.22222 milliseconds
--> MAP did not converge after 1 iterations.
[GMRF] MAP Mean value estimated in 7.22388 milliseconds
--> MAP did not converge after 1 iterations.
[GMRF] MAP Mean value estimated in 7.22553 milliseconds
--> MAP did not converge after 1 iterations.
[GMRF] MAP Mean value estimated in 7.22505 milliseconds
--> MAP did not converge after 1 iterations.
[GMRF] MAP Mean value estimated in 7.22458 milliseconds
--> MAP did not converge after 1 iterations.
[GMRF] MAP Mean value estimated in 7.22199 milliseconds
--> MAP did not converge after 1 iterations.
[GMRF] MAP Mean value estimated in 7.21941 milliseconds
--> MAP did not converge after 1 iterations.
[GMRF] MAP Mean value estimated in 7.22105 milliseconds
--> MAP did not converge after 1 iterations.
[GMRF] MAP Mean value estimated in 7.22689 milliseconds
--> MAP did not converge after 1 iterations.
[GMRF] MAP Mean value estimated in 7.22432 milliseconds
--> MAP did not converge after 1 iterations.
[GMRF] MAP Mean value estimated in 7.22176 milliseconds
--> MAP did not converge after 1 iterations.
[GMRF] MAP Mean value estimated in 7.21921 milliseconds
--> MAP did not converge after 1 iterations.
[GMRF] MAP Mean value estimated in 7.21458 milliseconds
--> MAP did not converge after 1 iterations.
[GMRF] MAP Mean value estimated in 7.20998 milliseconds
--> MAP did not converge after 1 iterations.
[GMRF] MAP Mean value estimated in 7.20747 milliseconds
--> MAP did not converge after 1 iterations.
[GMRF] MAP Mean value estimated in 7.20704 milliseconds
--> MAP did not converge after 1 iterations.
[GMRF] MAP Mean value estimated in 7.20455 milliseconds
--> MAP did not converge after 1 iterations.
[GMRF] MAP Mean value estimated in 7.2 milliseconds
--> MAP did not converge after 1 iterations.
[GMRF] MAP Mean value estimated in 7.2037 milliseconds
--> MAP did not converge after 1 iterations.
[GMRF] MAP Mean value estimated in 7.20123 milliseconds
--> MAP did not converge after 1 iterations.
[GMRF] MAP Mean value estimated in 7.19672 milliseconds
--> MAP did not converge after 1 iterations.
[GMRF] MAP Mean value estimated in 7.19427 milliseconds
--> MAP did not converge after 1 iterations.
[GMRF] MAP Mean value estimated in 7.19796 milliseconds
--> MAP did not converge after 1 iterations.
[GMRF] MAP Mean value estimated in 7.19348 milliseconds
--> MAP did not converge after 1 iterations.
[GMRF] MAP Mean value estimated in 7.19309 milliseconds
--> MAP did not converge after 1 iterations.
[GMRF] MAP Mean value estimated in 7.1927 milliseconds
--> MAP did not converge after 1 iterations.
[GMRF] MAP Mean value estimated in 7.19028 milliseconds
--> MAP did not converge after 1 iterations.
[GMRF] MAP Mean value estimated in 7.18788 milliseconds
--> MAP did not converge after 1 iterations.
[GMRF] MAP Mean value estimated in 7.1875 milliseconds
--> MAP did not converge after 1 iterations.
[GMRF] MAP Mean value estimated in 7.18511 milliseconds
--> MAP did not converge after 1 iterations.
[GMRF] MAP Mean value estimated in 7.18675 milliseconds
--> MAP did not converge after 1 iterations.
[GMRF] MAP Mean value estimated in 7.18437 milliseconds
--> MAP did not converge after 1 iterations.
[GMRF] MAP Mean value estimated in 7.182 milliseconds
--> MAP did not converge after 1 iterations.
[GMRF] MAP Mean value estimated in 7.17964 milliseconds
--> MAP did not converge after 1 iterations.
[GMRF] MAP Mean value estimated in 7.1753 milliseconds
--> MAP did not converge after 1 iterations.
[GMRF] MAP Mean value estimated in 7.17097 milliseconds
--> MAP did not converge after 1 iterations.
[GMRF] MAP Mean value estimated in 7.17262 milliseconds
--> MAP did not converge after 1 iterations.
[GMRF] MAP Mean value estimated in 7.17228 milliseconds
--> MAP did not converge after 1 iterations.
[GMRF] MAP Mean value estimated in 7.17194 milliseconds
--> MAP did not converge after 1 iterations.
[GMRF] MAP Mean value estimated in 7.16963 milliseconds
--> MAP did not converge after 1 iterations.
[GMRF] MAP Mean value estimated in 7.16732 milliseconds
--> MAP did not converge after 1 iterations.
[GMRF] MAP Mean value estimated in 7.16503 milliseconds
--> MAP did not converge after 1 iterations.
[GMRF] MAP Mean value estimated in 7.16275 milliseconds
--> MAP did not converge after 1 iterations.
[GMRF] MAP Mean value estimated in 7.16243 milliseconds
--> MAP did not converge after 1 iterations.
[GMRF] MAP Mean value estimated in 7.16602 milliseconds
--> MAP did not converge after 1 iterations.
[GMRF] MAP Mean value estimated in 7.17154 milliseconds
--> MAP did not converge after 1 iterations.
[GMRF] MAP Mean value estimated in 7.16926 milliseconds
--> MAP did not converge after 1 iterations.
[GMRF] MAP Mean value estimated in 7.16699 milliseconds
--> MAP did not converge after 1 iterations.
[GMRF] MAP Mean value estimated in 7.16473 milliseconds
--> MAP did not converge after 1 iterations.
[GMRF] MAP Mean value estimated in 7.16248 milliseconds
--> MAP did not converge after 1 iterations.
[GMRF] MAP Mean value estimated in 7.16023 milliseconds
--> MAP did not converge after 1 iterations.
[GMRF] MAP Mean value estimated in 7.158 milliseconds
--> MAP did not converge after 1 iterations.
[GMRF] MAP Mean value estimated in 7.15385 milliseconds
--> MAP did not converge after 1 iterations.
[GMRF] MAP Mean value estimated in 7.15547 milliseconds
--> MAP did not converge after 1 iterations.
[GMRF] MAP Mean value estimated in 7.15326 milliseconds
--> MAP did not converge after 1 iterations.
[GMRF] MAP Mean value estimated in 7.15105 milliseconds
--> MAP did not converge after 1 iterations.
[GMRF] MAP Mean value estimated in 7.14885 milliseconds
--> MAP did not converge after 1 iterations.
[GMRF] MAP Mean value estimated in 7.14476 milliseconds
--> MAP did not converge after 1 iterations.
[GMRF] MAP Mean value estimated in 7.14259 milliseconds
--> MAP did not converge after 1 iterations.
[GMRF] MAP Mean value estimated in 7.14042 milliseconds
--> MAP did not converge after 1 iterations.
[GMRF] MAP Mean value estimated in 7.13826 milliseconds
--> MAP did not converge after 1 iterations.
[GMRF] MAP Mean value estimated in 7.13422 milliseconds
--> MAP did not converge after 1 iterations.
[GMRF] MAP Mean value estimated in 7.13208 milliseconds
--> MAP did not converge after 1 iterations.
[GMRF] MAP Mean value estimated in 7.13183 milliseconds
--> MAP did not converge after 1 iterations.
[GMRF] MAP Mean value estimated in 7.12782 milliseconds
--> MAP did not converge after 1 iterations.
[GMRF] MAP Mean value estimated in 7.1257 milliseconds
--> MAP did not converge after 1 iterations.
[GMRF] MAP Mean value estimated in 7.12172 milliseconds
--> MAP did not converge after 1 iterations.
[GMRF] MAP Mean value estimated in 7.11963 milliseconds
--> MAP did not converge after 1 iterations.
[GMRF] MAP Mean value estimated in 7.11754 milliseconds
--> MAP did not converge after 1 iterations.
[GMRF] MAP Mean value estimated in 7.11359 milliseconds
--> MAP did not converge after 1 iterations.
[GMRF] MAP Mean value estimated in 7.11152 milliseconds
--> MAP did not converge after 1 iterations.
[GMRF] MAP Mean value estimated in 7.10761 milliseconds
--> MAP did not converge after 1 iterations.
[GMRF] MAP Mean value estimated in 7.1037 milliseconds
--> MAP did not converge after 1 iterations.
[GMRF] MAP Mean value estimated in 7.10166 milliseconds
--> MAP did not converge after 1 iterations.
[GMRF] MAP Mean value estimated in 7.09779 milliseconds
--> MAP did not converge after 1 iterations.
[GMRF] MAP Mean value estimated in 7.09392 milliseconds
--> MAP did not converge after 1 iterations.
[GMRF] MAP Mean value estimated in 7.09007 milliseconds
--> MAP did not converge after 1 iterations.
[GMRF] MAP Mean value estimated in 7.08624 milliseconds
--> MAP did not converge after 1 iterations.
[GMRF] MAP Mean value estimated in 7.08242 milliseconds
--> MAP did not converge after 1 iterations.
[GMRF] MAP Mean value estimated in 7.08044 milliseconds
--> MAP did not converge after 1 iterations.
[GMRF] MAP Mean value estimated in 7.07664 milliseconds
--> MAP did not converge after 1 iterations.
[GMRF] MAP Mean value estimated in 7.07468 milliseconds
--> MAP did not converge after 1 iterations.
[GMRF] MAP Mean value estimated in 7.07091 milliseconds
--> MAP did not converge after 1 iterations.
[GMRF] MAP Mean value estimated in 7.06715 milliseconds
--> MAP did not converge after 1 iterations.
[GMRF] MAP Mean value estimated in 7.06522 milliseconds
--> MAP did not converge after 1 iterations.
[GMRF] MAP Mean value estimated in 7.06148 milliseconds
--> MAP did not converge after 1 iterations.
[GMRF] MAP Mean value estimated in 7.05957 milliseconds
--> MAP did not converge after 1 iterations.
[GMRF] MAP Mean value estimated in 7.05586 milliseconds
--> MAP did not converge after 1 iterations.
[GMRF] MAP Mean value estimated in 7.05396 milliseconds
--> MAP did not converge after 1 iterations.
[GMRF] MAP Mean value estimated in 7.05027 milliseconds
--> MAP did not converge after 1 iterations.
[GMRF] MAP Mean value estimated in 7.05018 milliseconds
--> MAP did not converge after 1 iterations.
[GMRF] MAP Mean value estimated in 7.0483 milliseconds
--> MAP did not converge after 1 iterations.
[GMRF] MAP Mean value estimated in 7.04464 milliseconds
--> MAP did not converge after 1 iterations.
[GMRF] MAP Mean value estimated in 7.041 milliseconds
--> MAP did not converge after 1 iterations.
[GMRF] MAP Mean value estimated in 7.03737 milliseconds
--> MAP did not converge after 1 iterations.
[GMRF] MAP Mean value estimated in 7.03552 milliseconds
--> MAP did not converge after 1 iterations.
[GMRF] MAP Mean value estimated in 7.03191 milliseconds
--> MAP did not converge after 1 iterations.
[GMRF] MAP Mean value estimated in 7.03009 milliseconds
--> MAP did not converge after 1 iterations.
[GMRF] MAP Mean value estimated in 7.0265 milliseconds
--> MAP did not converge after 1 iterations.
[GMRF] MAP Mean value estimated in 7.02293 milliseconds
--> MAP did not converge after 1 iterations.
[GMRF] MAP Mean value estimated in 7.01937 milliseconds
--> MAP did not converge after 1 iterations.
[GMRF] MAP Mean value estimated in 7.01757 milliseconds
--> MAP did not converge after 1 iterations.
[GMRF] MAP Mean value estimated in 7.01579 milliseconds
--> MAP did not converge after 1 iterations.
[GMRF] MAP Mean value estimated in 7.01226 milliseconds
--> MAP did not converge after 1 iterations.
[GMRF] MAP Mean value estimated in 7.00874 milliseconds
--> MAP did not converge after 1 iterations.
[GMRF] MAP Mean value estimated in 7.00873 milliseconds
--> MAP did not converge after 1 iterations.
[GMRF] MAP Mean value estimated in 7.00523 milliseconds
--> MAP did not converge after 1 iterations.
[GMRF] MAP Mean value estimated in 7.00348 milliseconds
--> MAP did not converge after 1 iterations.
[GMRF] MAP Mean value estimated in 7 milliseconds
--> MAP did not converge after 1 iterations.
[GMRF] MAP Mean value estimated in 7.00173 milliseconds
--> MAP did not converge after 1 iterations.
[GMRF] MAP Mean value estimated in 6.99827 milliseconds
--> MAP did not converge after 1 iterations.
[GMRF] MAP Mean value estimated in 6.99482 milliseconds
--> MAP did not converge after 1 iterations.
[GMRF] MAP Mean value estimated in 6.99483 milliseconds
--> MAP did not converge after 1 iterations.
[GMRF] MAP Mean value estimated in 6.99139 milliseconds
--> MAP did not converge after 1 iterations.
[GMRF] MAP Mean value estimated in 6.98969 milliseconds
--> MAP did not converge after 1 iterations.
[GMRF] MAP Mean value estimated in 6.98628 milliseconds
--> MAP did not converge after 1 iterations.
[GMRF] MAP Mean value estimated in 6.9863 milliseconds
--> MAP did not converge after 1 iterations.
[GMRF] MAP Mean value estimated in 6.98291 milliseconds
--> MAP did not converge after 1 iterations.
[GMRF] MAP Mean value estimated in 6.97952 milliseconds
--> MAP did not converge after 1 iterations.
[GMRF] MAP Mean value estimated in 6.97615 milliseconds
--> MAP did not converge after 1 iterations.
[GMRF] MAP Mean value estimated in 6.97279 milliseconds
--> MAP did not converge after 1 iterations.
[GMRF] MAP Mean value estimated in 6.97114 milliseconds
--> MAP did not converge after 1 iterations.
[GMRF] MAP Mean value estimated in 6.9678 milliseconds
--> MAP did not converge after 1 iterations.
[GMRF] MAP Mean value estimated in 6.96447 milliseconds
--> MAP did not converge after 1 iterations.
[GMRF] MAP Mean value estimated in 6.96115 milliseconds
--> MAP did not converge after 1 iterations.
[GMRF] MAP Mean value estimated in 6.95784 milliseconds
--> MAP did not converge after 1 iterations.
[GMRF] MAP Mean value estimated in 6.95455 milliseconds
--> MAP did not converge after 1 iterations.
[GMRF] MAP Mean value estimated in 6.95126 milliseconds
--> MAP did not converge after 1 iterations.
[GMRF] MAP Mean value estimated in 6.95134 milliseconds
--> MAP did not converge after 1 iterations.
[GMRF] MAP Mean value estimated in 6.94975 milliseconds
--> MAP did not converge after 1 iterations.
[GMRF] MAP Mean value estimated in 6.94816 milliseconds
--> MAP did not converge after 1 iterations.
[GMRF] MAP Mean value estimated in 6.94658 milliseconds
--> MAP did not converge after 1 iterations.
[GMRF] MAP Mean value estimated in 6.94333 milliseconds
--> MAP did not converge after 1 iterations.
[GMRF] MAP Mean value estimated in 6.94176 milliseconds
--> MAP did not converge after 1 iterations.
[GMRF] MAP Mean value estimated in 6.9402 milliseconds
--> MAP did not converge after 1 iterations.
[GMRF] MAP Mean value estimated in 6.93698 milliseconds
--> MAP did not converge after 1 iterations.
[GMRF] MAP Mean value estimated in 6.93377 milliseconds
--> MAP did not converge after 1 iterations.
[GMRF] MAP Mean value estimated in 6.93388 milliseconds
--> MAP did not converge after 1 iterations.
[GMRF] MAP Mean value estimated in 6.93069 milliseconds
--> MAP did not converge after 1 iterations.
[GMRF] MAP Mean value estimated in 6.92916 milliseconds
--> MAP did not converge after 1 iterations.
[GMRF] MAP Mean value estimated in 6.92763 milliseconds
--> MAP did not converge after 1 iterations.
[GMRF] MAP Mean value estimated in 6.92775 milliseconds
--> MAP did not converge after 1 iterations.
[GMRF] MAP Mean value estimated in 6.92623 milliseconds
--> MAP did not converge after 1 iterations.
[GMRF] MAP Mean value estimated in 6.92471 milliseconds
--> MAP did not converge after 1 iterations.
[GMRF] MAP Mean value estimated in 6.9232 milliseconds
--> MAP did not converge after 1 iterations.
[GMRF] MAP Mean value estimated in 6.92007 milliseconds
--> MAP did not converge after 1 iterations.
[GMRF] MAP Mean value estimated in 6.91694 milliseconds
--> MAP did not converge after 1 iterations.
[GMRF] MAP Mean value estimated in 6.91382 milliseconds
--> MAP did not converge after 1 iterations.
[GMRF] MAP Mean value estimated in 6.91396 milliseconds
--> MAP did not converge after 1 iterations.
[GMRF] MAP Mean value estimated in 6.91248 milliseconds
--> MAP did not converge after 1 iterations.
[GMRF] MAP Mean value estimated in 6.90939 milliseconds
--> MAP did not converge after 1 iterations.
[GMRF] MAP Mean value estimated in 6.90792 milliseconds
--> MAP did not converge after 1 iterations.
[GMRF] MAP Mean value estimated in 6.90484 milliseconds
--> MAP did not converge after 1 iterations.
[GMRF] MAP Mean value estimated in 6.90499 milliseconds
--> MAP did not converge after 1 iterations.
[GMRF] MAP Mean value estimated in 6.90836 milliseconds
--> MAP did not converge after 1 iterations.
[GMRF] MAP Mean value estimated in 6.9069 milliseconds
--> MAP did not converge after 1 iterations.
[GMRF] MAP Mean value estimated in 6.90545 milliseconds
--> MAP did not converge after 1 iterations.
[GMRF] MAP Mean value estimated in 6.9072 milliseconds
--> MAP did not converge after 1 iterations.
[GMRF] MAP Mean value estimated in 6.91214 milliseconds
--> MAP did not converge after 1 iterations.
[GMRF] MAP Mean value estimated in 6.91228 milliseconds
--> MAP did not converge after 1 iterations.
[GMRF] MAP Mean value estimated in 6.92038 milliseconds
--> MAP did not converge after 1 iterations.
[GMRF] MAP Mean value estimated in 6.92051 milliseconds
--> MAP did not converge after 1 iterations.
[GMRF] MAP Mean value estimated in 6.91746 milliseconds
--> MAP did not converge after 1 iterations.
[GMRF] MAP Mean value estimated in 6.91442 milliseconds
--> MAP did not converge after 1 iterations.
[GMRF] MAP Mean value estimated in 6.91297 milliseconds
--> MAP did not converge after 1 iterations.
[GMRF] MAP Mean value estimated in 6.90995 milliseconds
--> MAP did not converge after 1 iterations.
[GMRF] MAP Mean value estimated in 6.90694 milliseconds
--> MAP did not converge after 1 iterations.
[GMRF] MAP Mean value estimated in 6.90551 milliseconds
--> MAP did not converge after 1 iterations.
[GMRF] MAP Mean value estimated in 6.90566 milliseconds
--> MAP did not converge after 1 iterations.
[GMRF] MAP Mean value estimated in 6.90267 milliseconds
--> MAP did not converge after 1 iterations.
[GMRF] MAP Mean value estimated in 6.90125 milliseconds
--> MAP did not converge after 1 iterations.
[GMRF] MAP Mean value estimated in 6.89828 milliseconds
--> MAP did not converge after 1 iterations.
[GMRF] MAP Mean value estimated in 6.90156 milliseconds
--> MAP did not converge after 1 iterations.
[GMRF] MAP Mean value estimated in 6.90172 milliseconds
--> MAP did not converge after 1 iterations.
[GMRF] MAP Mean value estimated in 6.90498 milliseconds
--> MAP did not converge after 1 iterations.
[GMRF] MAP Mean value estimated in 6.90358 milliseconds
--> MAP did not converge after 1 iterations.
[GMRF] MAP Mean value estimated in 6.90839 milliseconds
--> MAP did not converge after 1 iterations.
[GMRF] MAP Mean value estimated in 6.90698 milliseconds
--> MAP did not converge after 1 iterations.
[GMRF] MAP Mean value estimated in 6.91331 milliseconds
--> MAP did not converge after 1 iterations.
[GMRF] MAP Mean value estimated in 6.91345 milliseconds
--> MAP did not converge after 1 iterations.
[GMRF] MAP Mean value estimated in 6.9213 milliseconds
--> MAP did not converge after 1 iterations.
[GMRF] MAP Mean value estimated in 6.92296 milliseconds
--> MAP did not converge after 1 iterations.
[GMRF] MAP Mean value estimated in 6.92769 milliseconds
--> MAP did not converge after 1 iterations.
[GMRF] MAP Mean value estimated in 6.93548 milliseconds
--> MAP did not converge after 1 iterations.
[GMRF] MAP Mean value estimated in 6.94172 milliseconds
--> MAP did not converge after 1 iterations.
[GMRF] MAP Mean value estimated in 6.94028 milliseconds
--> MAP did not converge after 1 iterations.
[GMRF] MAP Mean value estimated in 6.93731 milliseconds
--> MAP did not converge after 1 iterations.
[GMRF] MAP Mean value estimated in 6.93588 milliseconds
--> MAP did not converge after 1 iterations.
[GMRF] MAP Mean value estimated in 6.93445 milliseconds
--> MAP did not converge after 1 iterations.
[GMRF] MAP Mean value estimated in 6.93151 milliseconds
--> MAP did not converge after 1 iterations.
[GMRF] MAP Mean value estimated in 6.93617 milliseconds
--> MAP did not converge after 1 iterations.
[GMRF] MAP Mean value estimated in 6.94082 milliseconds
--> MAP did not converge after 1 iterations.
[GMRF] MAP Mean value estimated in 6.93939 milliseconds
--> MAP did not converge after 1 iterations.
[GMRF] MAP Mean value estimated in 6.94402 milliseconds
--> MAP did not converge after 1 iterations.
[GMRF] MAP Mean value estimated in 6.95015 milliseconds
--> MAP did not converge after 1 iterations.
[GMRF] MAP Mean value estimated in 6.95324 milliseconds
--> MAP did not converge after 1 iterations.
[GMRF] MAP Mean value estimated in 6.9503 milliseconds
--> MAP did not converge after 1 iterations.
[GMRF] MAP Mean value estimated in 6.95188 milliseconds
--> MAP did not converge after 1 iterations.
[GMRF] MAP Mean value estimated in 6.95495 milliseconds
--> MAP did not converge after 1 iterations.
[GMRF] MAP Mean value estimated in 6.95652 milliseconds
--> MAP did not converge after 1 iterations.
[GMRF] MAP Mean value estimated in 6.95958 milliseconds
--> MAP did not converge after 1 iterations.
[GMRF] MAP Mean value estimated in 6.96712 milliseconds
--> MAP did not converge after 1 iterations.
[GMRF] MAP Mean value estimated in 6.97313 milliseconds
--> MAP did not converge after 1 iterations.
[GMRF] MAP Mean value estimated in 6.97914 milliseconds
--> MAP did not converge after 1 iterations.
[GMRF] MAP Mean value estimated in 6.98363 milliseconds
--> MAP did not converge after 1 iterations.
[GMRF] MAP Mean value estimated in 6.98811 milliseconds
--> MAP did not converge after 1 iterations.
[GMRF] MAP Mean value estimated in 6.98813 milliseconds
--> MAP did not converge after 1 iterations.
[GMRF] MAP Mean value estimated in 6.98667 milliseconds
--> MAP did not converge after 1 iterations.
[GMRF] MAP Mean value estimated in 6.98521 milliseconds
--> MAP did not converge after 1 iterations.
[GMRF] MAP Mean value estimated in 6.98375 milliseconds
--> MAP did not converge after 1 iterations.
[GMRF] MAP Mean value estimated in 6.9882 milliseconds
--> MAP did not converge after 1 iterations.
[GMRF] MAP Mean value estimated in 6.98822 milliseconds
--> MAP did not converge after 1 iterations.
[GMRF] MAP Mean value estimated in 6.98529 milliseconds
--> MAP did not converge after 1 iterations.
[GMRF] MAP Mean value estimated in 6.98238 milliseconds
--> MAP did not converge after 1 iterations.
[GMRF] MAP Mean value estimated in 6.9824 milliseconds
--> MAP did not converge after 1 iterations.
[GMRF] MAP Mean value estimated in 6.98829 milliseconds
--> MAP did not converge after 1 iterations.
[GMRF] MAP Mean value estimated in 6.98977 milliseconds
--> MAP did not converge after 1 iterations.
[GMRF] MAP Mean value estimated in 6.98832 milliseconds
--> MAP did not converge after 1 iterations.
[GMRF] MAP Mean value estimated in 6.99271 milliseconds
--> MAP did not converge after 1 iterations.
[GMRF] MAP Mean value estimated in 6.99418 milliseconds
--> MAP did not converge after 1 iterations.
[GMRF] MAP Mean value estimated in 7 milliseconds
--> MAP did not converge after 1 iterations.
[GMRF] MAP Mean value estimated in 6.99855 milliseconds
--> MAP did not converge after 1 iterations.
[GMRF] MAP Mean value estimated in 7.0029 milliseconds
--> MAP did not converge after 1 iterations.
[GMRF] MAP Mean value estimated in 7.00868 milliseconds
--> MAP did not converge after 1 iterations.
[GMRF] MAP Mean value estimated in 7.01012 milliseconds
--> MAP did not converge after 1 iterations.
[GMRF] MAP Mean value estimated in 7.01587 milliseconds
--> MAP did not converge after 1 iterations.
[GMRF] MAP Mean value estimated in 7.01297 milliseconds
--> MAP did not converge after 1 iterations.
[GMRF] MAP Mean value estimated in 7.01007 milliseconds
--> MAP did not converge after 1 iterations.
[GMRF] MAP Mean value estimated in 7.00718 milliseconds
--> MAP did not converge after 1 iterations.
[GMRF] MAP Mean value estimated in 7.01004 milliseconds
--> MAP did not converge after 1 iterations.
[GMRF] MAP Mean value estimated in 7.01576 milliseconds
--> MAP did not converge after 1 iterations.
[GMRF] MAP Mean value estimated in 7.01431 milliseconds
--> MAP did not converge after 1 iterations.
[GMRF] MAP Mean value estimated in 7.01429 milliseconds
--> MAP did not converge after 1 iterations.
[GMRF] MAP Mean value estimated in 7.01284 milliseconds
--> MAP did not converge after 1 iterations.
[GMRF] MAP Mean value estimated in 7.0114 milliseconds
--> MAP did not converge after 1 iterations.
[GMRF] MAP Mean value estimated in 7.00996 milliseconds
--> MAP did not converge after 1 iterations.
[GMRF] MAP Mean value estimated in 7.0071 milliseconds
--> MAP did not converge after 1 iterations.
[GMRF] MAP Mean value estimated in 7.00567 milliseconds
--> MAP did not converge after 1 iterations.
[GMRF] MAP Mean value estimated in 7.00425 milliseconds
--> MAP did not converge after 1 iterations.
[GMRF] MAP Mean value estimated in 7.00283 milliseconds
--> MAP did not converge after 1 iterations.
[GMRF] MAP Mean value estimated in 7.00282 milliseconds
--> MAP did not converge after 1 iterations.
[GMRF] MAP Mean value estimated in 7 milliseconds
--> MAP did not converge after 1 iterations.
[GMRF] MAP Mean value estimated in 6.99718 milliseconds
--> MAP did not converge after 1 iterations.
[GMRF] MAP Mean value estimated in 6.99437 milliseconds
--> MAP did not converge after 1 iterations.
[GMRF] MAP Mean value estimated in 6.99157 milliseconds
--> MAP did not converge after 1 iterations.
[GMRF] MAP Mean value estimated in 6.99018 milliseconds
--> MAP did not converge after 1 iterations.
[GMRF] MAP Mean value estimated in 6.98739 milliseconds
--> MAP did not converge after 1 iterations.
[GMRF] MAP Mean value estimated in 6.98741 milliseconds
--> MAP did not converge after 1 iterations.
[GMRF] MAP Mean value estimated in 6.98464 milliseconds
--> MAP did not converge after 1 iterations.
[GMRF] MAP Mean value estimated in 6.98466 milliseconds
--> MAP did not converge after 1 iterations.
[GMRF] MAP Mean value estimated in 6.98329 milliseconds
--> MAP did not converge after 1 iterations.
[GMRF] MAP Mean value estimated in 6.98053 milliseconds
--> MAP did not converge after 1 iterations.
[GMRF] MAP Mean value estimated in 6.97917 milliseconds
--> MAP did not converge after 1 iterations.
[GMRF] MAP Mean value estimated in 6.97642 milliseconds
--> MAP did not converge after 1 iterations.
[GMRF] MAP Mean value estimated in 6.97368 milliseconds
--> MAP did not converge after 1 iterations.
[GMRF] MAP Mean value estimated in 6.97095 milliseconds
--> MAP did not converge after 1 iterations.
[GMRF] MAP Mean value estimated in 6.96823 milliseconds
--> MAP did not converge after 1 iterations.
[GMRF] MAP Mean value estimated in 6.9669 milliseconds
--> MAP did not converge after 1 iterations.
[GMRF] MAP Mean value estimated in 6.96419 milliseconds
--> MAP did not converge after 1 iterations.
[GMRF] MAP Mean value estimated in 6.96286 milliseconds
[INFO] [1791566584.704716595] [rclcpp]: signal_handler(signum=2)
