{
  "house": "H03",
  "pass": true,
  "scope": "real VGR stationary endpoint dwell, seed12, eight positive 0.2s frames",
  "git_sha": "a16ffa346a0d643c73c21591d4694f4e4413a106",
  "source_is_git_archive": true,
  "scenario": "/mnt/hgfs/workspace/GADEN_files/scenarios/House03",
  "realization": "/mnt/hgfs/workspace/GADEN_files/scenarios/House03/gas_simulations/1-2,5_fast/FilamentSimulation_gasType_10_sourcePosition_-0.45_1.90_-0.10",
  "ros_domain_id": "204",
  "scientific_models_loaded": false,
  "gmrf_loaded": false,
  "commands": [
    {
      "name": "player",
      "argv": [
        "/home/zyc/PF_DEI_FORWARD_CLOSURE_20260828/gaden_install/gaden_player/lib/gaden_player/player",
        "--ros-args",
        "-r",
        "__node:=gaden_player",
        "-p",
        "num_simulators:=1",
        "-p",
        "simulation_data_0:=/mnt/hgfs/workspace/GADEN_files/scenarios/House03/gas_simulations/1-2,5_fast/FilamentSimulation_gasType_10_sourcePosition_-0.45_1.90_-0.10",
        "-p",
        "occupancyFile:=/mnt/hgfs/workspace/GADEN_files/scenarios/House03/OccupancyGrid3D.csv",
        "-p",
        "initial_iteration:=0",
        "-p",
        "player_freq:=1.0",
        "-p",
        "manual_iteration_mode:=true"
      ]
    },
    {
      "name": "bridge",
      "argv": [
        "/usr/bin/python3",
        "-m",
        "vgr_bridge.vgr_sim_node",
        "--ros-args",
        "-p",
        "vgr_data_path:=/mnt/hgfs/workspace/GADEN_files/scenarios/House03",
        "-p",
        "config_id:=1-2,5_fast",
        "-p",
        "start_x:=2.0",
        "-p",
        "start_y:=0.0",
        "-p",
        "flight_height:=0.3",
        "-p",
        "seed:=12",
        "-p",
        "sensor_model_mode:=dynamic",
        "-p",
        "gaden_iteration_mode:=seeded_time_replay",
        "-p",
        "sim_dt_s:=0.2",
        "-p",
        "sim_stop_at_s:=1.6",
        "-p",
        "realtime_factor:=1.0",
        "-p",
        "gas_backend:=gaden_player",
        "-p",
        "raw_query_executable:=/home/zyc/CSTAR_CONTROLLED_ASSETS_20260907/tools/cstar_numeric_wind_raw_query",
        "-p",
        "raw_gas_results:=/mnt/hgfs/workspace/GADEN_files/scenarios/House03/gas_simulations/1-2,5_fast/FilamentSimulation_gasType_10_sourcePosition_-0.45_1.90_-0.10",
        "-p",
        "sensor_manifest_file:=evidence/cstar_reusable_environment_20260907_r3/live/H03/sensor_manifest.json",
        "-p",
        "wind_trace_file:=evidence/cstar_reusable_environment_20260907_r3/live/H03/bridge_wind.csv",
        "-p",
        "pose_trace_file:=evidence/cstar_reusable_environment_20260907_r3/live/H03/bridge_pose.csv"
      ]
    },
    {
      "name": "probe",
      "argv": [
        "/usr/bin/python3",
        "/dev/shm/CSTAR_ENV_RUNTIME_20260907/closed_loop/ctpi/cstar_environment_runtime_probe.py",
        "--house",
        "H03",
        "--geometry-identity",
        "H03:occupancy-ac8c9e69e762c8941dab46cd7e804684c2aa50dc6f0912806d19b070c135c4af:z0.3:full-slice",
        "--git-sha",
        "a16ffa346a0d643c73c21591d4694f4e4413a106",
        "--map-yaml",
        "/home/zyc/CSTAR_ENV_ALIGN_20260906/evidence/cstar_environment_20260906/maps_v1/H03/navigation_slice.yaml",
        "--map-image",
        "/home/zyc/CSTAR_ENV_ALIGN_20260906/evidence/cstar_environment_20260906/maps_v1/H03/navigation_slice.pgm",
        "--output",
        "evidence/cstar_reusable_environment_20260907_r3/live/H03/runtime_audit.json",
        "--wind-position-csv",
        "evidence/cstar_reusable_environment_20260907_r3/live/H03/wind_observation_positions.csv",
        "--frame-jsonl",
        "evidence/cstar_reusable_environment_20260907_r3/live/H03/aligned_input_frames.jsonl",
        "--required-aligned-frames",
        "8",
        "--wall-timeout-s",
        "40",
        "--start-simulation"
      ]
    }
  ],
  "player_sha256": "23fede11f61d47c3b12223ee7bc36e2ef18a0b0c3f5d211f71f8ed8956ca1213",
  "probe_exit_code": 0,
  "environment_preflight_sha256": "44d72183db0d19da8299c32cfe47ed9a9400930e8e981a42b0c6d412b09e6cdd"
}
