smoke_QUERY_LEDGER.json {
  "phase": "smoke",
  "status": "PASS_NATIVE_SOURCE_CONDITIONED_RECEIVER_AND_GRID_QUERY",
  "records": [
    {
      "candidate_id": "C7",
      "realization": 0,
      "role": "reference",
      "query_rows": 22848,
      "receiver_rows": 51,
      "unique_physical_frames": 49,
      "query_wall_s": 0.4120525409998663,
      "peak_RSS_bytes": 75423744,
      "exitcode": 0,
      "output_sha256": "a335e29de1f53aa78dc75bbf1ade95870d3784bc35889dfd3448896aba345152",
      "observation_operator": "native GADEN SampleConcentration; native float PID sum for one gas; one consumed sample per actual block",
      "source_truth_role_read": false
    },
    {
      "candidate_id": "K2",
      "realization": 0,
      "role": "reference",
      "query_rows": 22848,
      "receiver_rows": 51,
      "unique_physical_frames": 49,
      "query_wall_s": 0.4131161039986182,
      "peak_RSS_bytes": 75911168,
      "exitcode": 0,
      "output_sha256": "124ebf37da58e8ebf748113c0881bb346a343fcb07ad19b2d444ae0d3422ca37",
      "observation_operator": "native GADEN SampleConcentration; native float PID sum for one gas; one consumed sample per actual block",
      "source_truth_role_read": false
    }
  ]
}
smoke_query_worker.stderr 
SMOKE_QUALIFICATION.json {
  "verdict": "PASS_BOTH_NATIVE_PHYSICAL_AND_QUERY_SMOKE",
  "first_two_realizations_included_in_eight": true,
  "generation_wall_s": 6.555448142000387,
  "query_wall_s": 0.8251686449984845,
  "bank_bytes": 144297904,
  "outcome_based_selection": false,
  "additional_reference_count_preregistered": 6
}
