smoke_GENERATION_LEDGER.json {
  "phase": "smoke",
  "status": "PASS_ALL_FROZEN_PHASE_GENERATIONS",
  "records": [
    {
      "verdict": "PASS_INDEPENDENT_SOURCE_CONDITIONED_SIMULATION_CONTRACT",
      "candidate_id": "C7",
      "realization": 0,
      "role": "reference",
      "source_xyz": [
        -3.2,
        -3.3,
        -0.5
      ],
      "seeds": [
        3934825769,
        944894125
      ],
      "generation_wall_s": 3.0364935840007092,
      "peak_RSS_bytes": 82972672,
      "task_peak_disk_bytes": 114212798,
      "bank_bytes": 68197490,
      "frames": 1803,
      "max_active_filaments": 1229,
      "first_physical_time": 0.0,
      "last_physical_time": 999.502990723,
      "wind_indices_at_or_after_267s": [
        10
      ],
      "exit_code": 0,
      "resource_stop": null,
      "random_state_artifacts": {
        "RNG.stream1.initial.txt": "2afe7964716bbff53929c5575175428662ece2b08e861433c854c84d04d157d3",
        "RNG.cache1000.index.txt": "6d976934be74941fba578b143ba964eded443d10384e3f3d62a1ba7b4d339df8",
        "RNG.cache1000.f32": "28827415cc498397d1a8f188eaa2d6995c8b0b3bcb46bf9baa992f0f2273a330",
        "RNG.stream0.final.txt": "5b971db06b9547438375763b6323562cd5be3bb430d5bcce1d9012152883535c",
        "RNG.stream1.final.txt": "eefe712f21c63e10310c6ac5b382107cdc6e00278f62ea0af0cfc88ef320c118",
        "RNG.stream0.initial.txt": "063f352380273debe3df45c97db047843de78457b15653620672dbc88545486d"
      }
    },
    {
      "verdict": "PASS_INDEPENDENT_SOURCE_CONDITIONED_SIMULATION_CONTRACT",
      "candidate_id": "K2",
      "realization": 0,
      "role": "reference",
      "source_xyz": [
        -1.675,
        1.495,
        -0.5
      ],
      "seeds": [
        1505049134,
        997319904
      ],
      "generation_wall_s": 3.5189545579996775,
      "peak_RSS_bytes": 103833600,
      "task_peak_disk_bytes": 190629527,
      "bank_bytes": 76100414,
      "frames": 1803,
      "max_active_filaments": 1547,
      "first_physical_time": 0.0,
      "last_physical_time": 999.502990723,
      "wind_indices_at_or_after_267s": [
        10
      ],
      "exit_code": 0,
      "resource_stop": null,
      "random_state_artifacts": {
        "RNG.stream1.initial.txt": "f84d2dc19dec5af2e4d583d8e13ea46f7454d0521dbd4f5c984bde9d8e0237bf",
        "RNG.cache1000.index.txt": "7a9b1b9dd2e433fc1fc962c38ad571bf1ebb49cb365bfdfb2c36d3f059d6fdd5",
        "RNG.cache1000.f32": "b6135bf9cbfc146917151ae7bd550a87a00ddf508c220779aadc3a987fc4dcfb",
        "RNG.stream0.final.txt": "2a9863ae67e989084db7142f8f1f694b468f836ea07be04c3440f90d45f8a99b",
        "RNG.stream1.final.txt": "84714be1c675de105c2fee9e13c0ac6218d67a719d3f2d48605c365ececd78c2",
        "RNG.stream0.initial.txt": "b123e071fce4913efa6d91a9b1193aeeb1247fe9d22d4de034d315fe57268a34"
      }
    }
  ],
  "prior_generation_wall_s": 0.0,
  "new_GADEN_realizations": 2
}
smoke_worker.stderr 
