[INFO] [1788617980.002018294] [gmrf_contract_explicit_downwind_service]: [gmrf-wind] MAIN LOOP....
[INFO] [1788617980.103061024] [gmrf_contract_explicit_downwind_service]: [GMRF-node] Using OccupancyMap from topic '/ctpi_v2_wind_contract/explicit_downwind_service/map'

=================================================================
=	        GMRF Wind-Distribution Mapping ROS2 Node              =
=================================================================
[GMRF_MAP] Generating GMRF for 2D WIND estimation...
[CGMRF] Initialization Complete: 603 factors for a map size of 2N=98 nodes
[INFO] [1788617980.103641697] [gmrf_contract_explicit_downwind_service]: [GMRF-node] GMRF Initialized
--> MAP did not converge after 1 iterations.
[GMRF] MAP Mean value estimated in 1 milliseconds
--> MAP did not converge after 1 iterations.
[GMRF] MAP Mean value estimated in 0.5 milliseconds
--> MAP did not converge after 1 iterations.
[GMRF] MAP Mean value estimated in 0.333333 milliseconds
--> MAP did not converge after 1 iterations.
[GMRF] MAP Mean value estimated in 0.25 milliseconds
--> MAP did not converge after 1 iterations.
[GMRF] MAP Mean value estimated in 0.2 milliseconds
--> MAP did not converge after 1 iterations.
[GMRF] MAP Mean value estimated in 0.333333 milliseconds
--> MAP did not converge after 1 iterations.
[GMRF] MAP Mean value estimated in 0.285714 milliseconds
--> MAP did not converge after 1 iterations.
[GMRF] MAP Mean value estimated in 0.25 milliseconds
--> MAP did not converge after 1 iterations.
[GMRF] MAP Mean value estimated in 0.222222 milliseconds
--> MAP did not converge after 1 iterations.
[GMRF] MAP Mean value estimated in 0.3 milliseconds
--> MAP did not converge after 1 iterations.
[GMRF] MAP Mean value estimated in 0.363636 milliseconds
--> MAP did not converge after 1 iterations.
[GMRF] MAP Mean value estimated in 0.416667 milliseconds
--> MAP did not converge after 1 iterations.
[GMRF] MAP Mean value estimated in 0.384615 milliseconds
--> MAP did not converge after 1 iterations.
[GMRF] MAP Mean value estimated in 0.428571 milliseconds
--> MAP did not converge after 1 iterations.
[GMRF] MAP Mean value estimated in 0.4 milliseconds
--> MAP did not converge after 1 iterations.
[GMRF] MAP Mean value estimated in 0.375 milliseconds
--> MAP did not converge after 1 iterations.
[GMRF] MAP Mean value estimated in 0.411765 milliseconds
--> MAP did not converge after 1 iterations.
[GMRF] MAP Mean value estimated in 0.388889 milliseconds
--> MAP did not converge after 1 iterations.
[GMRF] MAP Mean value estimated in 0.368421 milliseconds
--> MAP did not converge after 1 iterations.
[GMRF] MAP Mean value estimated in 0.35 milliseconds
--> MAP did not converge after 1 iterations.
[GMRF] MAP Mean value estimated in 0.333333 milliseconds
--> MAP did not converge after 1 iterations.
[GMRF] MAP Mean value estimated in 0.318182 milliseconds
[INFO] [1788617982.828282713] [rclcpp]: signal_handler(signum=15)
--> MAP did not converge after 1 iterations.
[GMRF] MAP Mean value estimated in 0.304348 milliseconds
