[INFO] [1788617977.526407435] [gmrf_contract_legacy_map_message]: [gmrf-wind] MAIN LOOP....
[INFO] [1788617977.627044719] [gmrf_contract_legacy_map_message]: [GMRF-node] Using OccupancyMap from topic '/ctpi_v2_wind_contract/legacy_map_message/map'

=================================================================
=	        GMRF Wind-Distribution Mapping ROS2 Node              =
=================================================================
[GMRF_MAP] Generating GMRF for 2D WIND estimation...
[CGMRF] Initialization Complete: 603 factors for a map size of 2N=98 nodes
[INFO] [1788617977.627559223] [gmrf_contract_legacy_map_message]: [GMRF-node] GMRF Initialized
--> MAP did not converge after 1 iterations.
[GMRF] MAP Mean value estimated in 1 milliseconds
--> MAP did not converge after 1 iterations.
[GMRF] MAP Mean value estimated in 1 milliseconds
--> MAP did not converge after 1 iterations.
[GMRF] MAP Mean value estimated in 1 milliseconds
--> MAP did not converge after 1 iterations.
[GMRF] MAP Mean value estimated in 0.75 milliseconds
--> MAP did not converge after 1 iterations.
[GMRF] MAP Mean value estimated in 0.6 milliseconds
--> MAP did not converge after 1 iterations.
[GMRF] MAP Mean value estimated in 0.5 milliseconds
--> MAP did not converge after 1 iterations.
[GMRF] MAP Mean value estimated in 0.428571 milliseconds
--> MAP did not converge after 1 iterations.
[GMRF] MAP Mean value estimated in 0.375 milliseconds
--> MAP did not converge after 1 iterations.
[GMRF] MAP Mean value estimated in 0.333333 milliseconds
--> MAP did not converge after 1 iterations.
[GMRF] MAP Mean value estimated in 0.3 milliseconds
--> MAP did not converge after 1 iterations.
[GMRF] MAP Mean value estimated in 0.363636 milliseconds
--> MAP did not converge after 1 iterations.
[GMRF] MAP Mean value estimated in 0.333333 milliseconds
--> MAP did not converge after 1 iterations.
[GMRF] MAP Mean value estimated in 0.384615 milliseconds
--> MAP did not converge after 1 iterations.
[GMRF] MAP Mean value estimated in 0.357143 milliseconds
--> MAP did not converge after 1 iterations.
[GMRF] MAP Mean value estimated in 0.4 milliseconds
--> MAP did not converge after 1 iterations.
[GMRF] MAP Mean value estimated in 0.375 milliseconds
--> MAP did not converge after 1 iterations.
[GMRF] MAP Mean value estimated in 0.352941 milliseconds
--> MAP did not converge after 1 iterations.
[GMRF] MAP Mean value estimated in 0.333333 milliseconds
--> MAP did not converge after 1 iterations.
[GMRF] MAP Mean value estimated in 0.315789 milliseconds
--> MAP did not converge after 1 iterations.
[GMRF] MAP Mean value estimated in 0.35 milliseconds
--> MAP did not converge after 1 iterations.
[GMRF] MAP Mean value estimated in 0.333333 milliseconds
--> MAP did not converge after [INFO] [1788617979.727822446] [rclcpp]: signal_handler(signum=15)
1 iterations.
[GMRF] MAP Mean value estimated in 0.363636 milliseconds
