evidence/cstar_environment_20260906/.gitattributes: OK
evidence/cstar_environment_20260906/BRIDGE_TO_INGRESS_CROSSCHECK.json: OK
evidence/cstar_environment_20260906/CONTROLLED_ASSET_STATUS.json: OK
evidence/cstar_environment_20260906/CONTROLLED_PREREQUISITE_INVENTORY.json: OK
evidence/cstar_environment_20260906/CSTAR_ENVIRONMENT_ALIGNMENT_AUDIT_V1.json: OK
evidence/cstar_environment_20260906/CSTAR_ENVIRONMENT_ALIGNMENT_V1.json: OK
evidence/cstar_environment_20260906/H02_launch.log: OK
evidence/cstar_environment_20260906/H03_launch.log: OK
evidence/cstar_environment_20260906/map_export.log: OK
evidence/cstar_environment_20260906/raw_query_build.log: OK
evidence/cstar_environment_20260906/README.md: OK
evidence/cstar_environment_20260906/selftest_base82.log: OK
evidence/cstar_environment_20260906/selftest_final.log: OK
evidence/cstar_environment_20260906/selftest_hardened.log: OK
evidence/cstar_environment_20260906/maps_v1/geometry_manifest.json: OK
evidence/cstar_environment_20260906/maps_v1/H01/candidate.csv: OK
evidence/cstar_environment_20260906/maps_v1/H01/navigation_slice.pgm: OK
evidence/cstar_environment_20260906/maps_v1/H01/navigation_slice.yaml: OK
evidence/cstar_environment_20260906/maps_v1/H01/route.csv: OK
evidence/cstar_environment_20260906/maps_v1/H02/candidate.csv: OK
evidence/cstar_environment_20260906/maps_v1/H02/navigation_slice.pgm: OK
evidence/cstar_environment_20260906/maps_v1/H02/navigation_slice.yaml: OK
evidence/cstar_environment_20260906/maps_v1/H02/route.csv: OK
evidence/cstar_environment_20260906/maps_v1/H03/candidate.csv: OK
evidence/cstar_environment_20260906/maps_v1/H03/navigation_slice.pgm: OK
evidence/cstar_environment_20260906/maps_v1/H03/navigation_slice.yaml: OK
evidence/cstar_environment_20260906/maps_v1/H03/route.csv: OK
evidence/cstar_environment_20260906/probes_v1/H01/aligned_input_frames.jsonl: OK
evidence/cstar_environment_20260906/probes_v1/H01/bridge_pose.csv: OK
evidence/cstar_environment_20260906/probes_v1/H01/bridge_wind.csv: OK
evidence/cstar_environment_20260906/probes_v1/H01/bridge.log: OK
evidence/cstar_environment_20260906/probes_v1/H01/probe.log: OK
evidence/cstar_environment_20260906/probes_v1/H01/run_status.json: OK
evidence/cstar_environment_20260906/probes_v1/H01/runtime_audit.json: OK
evidence/cstar_environment_20260906/probes_v1/H01/sensor_manifest.json: OK
evidence/cstar_environment_20260906/probes_v1/H01/wind_observation_positions.csv: OK
evidence/cstar_environment_20260906/probes_v1/H02/aligned_input_frames.jsonl: OK
evidence/cstar_environment_20260906/probes_v1/H02/bridge_pose.csv: OK
evidence/cstar_environment_20260906/probes_v1/H02/bridge_wind.csv: OK
evidence/cstar_environment_20260906/probes_v1/H02/bridge.log: OK
evidence/cstar_environment_20260906/probes_v1/H02/player.log: OK
evidence/cstar_environment_20260906/probes_v1/H02/probe.log: OK
evidence/cstar_environment_20260906/probes_v1/H02/run_status.json: OK
evidence/cstar_environment_20260906/probes_v1/H02/runtime_audit.json: OK
evidence/cstar_environment_20260906/probes_v1/H02/sensor_manifest.json: OK
evidence/cstar_environment_20260906/probes_v1/H02/wind_observation_positions.csv: OK
evidence/cstar_environment_20260906/probes_v1/H03/aligned_input_frames.jsonl: OK
evidence/cstar_environment_20260906/probes_v1/H03/bridge_pose.csv: OK
evidence/cstar_environment_20260906/probes_v1/H03/bridge_wind.csv: OK
evidence/cstar_environment_20260906/probes_v1/H03/bridge.log: OK
evidence/cstar_environment_20260906/probes_v1/H03/player.log: OK
evidence/cstar_environment_20260906/probes_v1/H03/probe.log: OK
evidence/cstar_environment_20260906/probes_v1/H03/run_status.json: OK
evidence/cstar_environment_20260906/probes_v1/H03/runtime_audit.json: OK
evidence/cstar_environment_20260906/probes_v1/H03/sensor_manifest.json: OK
evidence/cstar_environment_20260906/probes_v1/H03/wind_observation_positions.csv: OK
evidence/cstar_environment_20260906/source_snapshot/cstar_environment_runtime_probe.py: OK
evidence/cstar_environment_20260906/source_snapshot/cstar_export_environment_maps.py: OK
evidence/cstar_environment_20260906/source_snapshot/cstar_local_wind.py: OK
evidence/cstar_environment_20260906/source_snapshot/ctpi_v2_ingress.py: OK
evidence/cstar_environment_20260906/source_snapshot/house1_raw_query.cpp: OK
evidence/cstar_environment_20260906/source_snapshot/mcos_motion_profiles.py: OK
evidence/cstar_environment_20260906/source_snapshot/sensor_model.py: OK
evidence/cstar_environment_20260906/source_snapshot/sim_timebase.py: OK
evidence/cstar_environment_20260906/source_snapshot/validate_environment_alignment_v2.py: OK
evidence/cstar_environment_20260906/source_snapshot/vgr_sim_node.py: OK
