initial {'nll': 1.7968794504801433, 'accuracy': 0.16666666666666666, 'brier': 0.8350152969360352, 'n_sparse_augmentations': 144}
{"epoch": 1, "train_prefix_nll": 1.7537889546818204, "nll": 1.6523910098605685, "accuracy": 0.3333333333333333, "brier": 0.7883354822794596, "n_sparse_augmentations": 144}
{"epoch": 2, "train_prefix_nll": 1.6059746676021152, "nll": 1.436354849073622, "accuracy": 0.3888888888888889, "brier": 0.7263983090718588, "n_sparse_augmentations": 144}
{"epoch": 3, "train_prefix_nll": 1.4502549899948969, "nll": 1.198753383424547, "accuracy": 0.4097222222222222, "brier": 0.6488129827711318, "n_sparse_augmentations": 144}
{"epoch": 4, "train_prefix_nll": 1.3603532645437453, "nll": 1.073654466205173, "accuracy": 0.4583333333333333, "brier": 0.6084502008226182, "n_sparse_augmentations": 144}
{"epoch": 5, "train_prefix_nll": 1.3115348087416754, "nll": 1.081905550426907, "accuracy": 0.4166666666666667, "brier": 0.612338105837504, "n_sparse_augmentations": 144}
{"epoch": 6, "train_prefix_nll": 1.290555437405904, "nll": 1.0330039395226374, "accuracy": 0.4097222222222222, "brier": 0.5981285439597236, "n_sparse_augmentations": 144}
{"epoch": 7, "train_prefix_nll": 1.2635061343510945, "nll": 1.0165062480502658, "accuracy": 0.4166666666666667, "brier": 0.5933120912975736, "n_sparse_augmentations": 144}
{"epoch": 8, "train_prefix_nll": 1.2319758534431458, "nll": 1.0370090272691515, "accuracy": 0.4444444444444444, "brier": 0.6017848385704888, "n_sparse_augmentations": 144}
{"epoch": 9, "train_prefix_nll": 1.2144467300838895, "nll": 1.0811542140112982, "accuracy": 0.4097222222222222, "brier": 0.6114931239022149, "n_sparse_augmentations": 144}
{"epoch": 10, "train_prefix_nll": 1.2009646031591628, "nll": 1.0626142819722493, "accuracy": 0.4930555555555556, "brier": 0.5906950897640653, "n_sparse_augmentations": 144}
{"epoch": 11, "train_prefix_nll": 1.1881597704357572, "nll": 1.1518398655785456, "accuracy": 0.4791666666666667, "brier": 0.6219648785061307, "n_sparse_augmentations": 144}
{"epoch": 12, "train_prefix_nll": 1.1857286956575182, "nll": 1.1145864592658148, "accuracy": 0.4652777777777778, "brier": 0.6027879847420586, "n_sparse_augmentations": 144}
{"epoch": 13, "train_prefix_nll": 1.1939292550086975, "nll": 1.1173543665144179, "accuracy": 0.5138888888888888, "brier": 0.595615890291002, "n_sparse_augmentations": 144}
{"epoch": 14, "train_prefix_nll": 1.1702681647406683, "nll": 1.1860010359022353, "accuracy": 0.4513888888888889, "brier": 0.6154751115375094, "n_sparse_augmentations": 144}
{"epoch": 15, "train_prefix_nll": 1.1483271916707356, "nll": 1.1717342535654705, "accuracy": 0.4861111111111111, "brier": 0.6146287785636054, "n_sparse_augmentations": 144}
{
  "initial": {
    "nll": 1.7968794504801433,
    "accuracy": 0.16666666666666666,
    "brier": 0.8350152969360352,
    "n_sparse_augmentations": 144
  },
  "last": {
    "nll": 1.1717342535654705,
    "accuracy": 0.4861111111111111,
    "brier": 0.6146287785636054,
    "n_sparse_augmentations": 144
  },
  "best_dev_nll": 1.0165062480502658,
  "seconds": 4.645714282989502,
  "parameters": 13120,
  "independent_train_plumes": 216,
  "independent_dev_plumes": 72,
  "status": "TRAINING_PIPELINE_COMPLETED_NOT_SCIENTIFIC_PASS"
}
