[
  {
    "readout": "PID_THRESHOLD",
    "stage": "UNBLURRED",
    "true_minus_wrong_log": 4.008206781850754,
    "selected": "C7"
  },
  {
    "readout": "PID_THRESHOLD",
    "stage": "SAME_NAV_BLUR",
    "true_minus_wrong_log": 3.303354838684821,
    "selected": "C7"
  },
  {
    "readout": "PROJECTED_CENTER",
    "stage": "UNBLURRED",
    "true_minus_wrong_log": -0.25886206582206217,
    "selected": "K2"
  },
  {
    "readout": "PROJECTED_CENTER",
    "stage": "SAME_NAV_BLUR",
    "true_minus_wrong_log": -0.5089087756499184,
    "selected": "K2"
  }
]
