[WARN] [1791565374.892533729] [FilamentSimulator]: 
--- Deprecation notice ---
You are using ROS parameters to specify the Gaden configuration. This is now considered deprecated (though, for now, still valid).
You should update your configuration to use a gaden project (see test_env for examples).
You can easily configure a gaden project with 'ros2 run gaden_common gaden_gui
----
[INFO] [1791565374.892837479] [FilamentSimulator]: [34mParameter 'wind_data': '/home/zyc/pmfs_clean_c1_preparation_r6_20261009/derived_C1/wind'[0m
[INFO] [1791565374.892852963] [FilamentSimulator]: Trying to load wind files with pattern '/home/zyc/pmfs_clean_c1_preparation_r6_20261009/derived_C1/wind/wind_iteration_i'
[INFO] [1791565374.892943029] [FilamentSimulator]: Found the wind files!
[INFO] [1791565374.957103355] [GADEN]: Saving results in directory '/home/zyc/pmfs_clean_c1_preparation_r6_20261009/one_realization_C1'
[INFO] [1791565385.103864128] [FilamentSimulator]: [34mFilament simulator finished correctly! Ran for 10.21s[0m
	Command being timed: "/home/zyc/pmfs_clean_c1_preparation_r6_20261009/ws/install/gaden_filament_simulator/lib/gaden_filament_simulator/filament_simulator --ros-args --params-file /home/zyc/pmfs_clean_c1_preparation_r6_20261009/C1_generation_RESOLVED_APPROVED.yaml"
	User time (seconds): 8.51
	System time (seconds): 0.52
	Percent of CPU this job got: 87%
	Elapsed (wall clock) time (h:mm:ss or m:ss): 0:10.34
	Average shared text size (kbytes): 0
	Average unshared data size (kbytes): 0
	Average stack size (kbytes): 0
	Average total size (kbytes): 0
	Maximum resident set size (kbytes): 89104
	Average resident set size (kbytes): 0
	Major (requiring I/O) page faults: 0
	Minor (reclaiming a frame) page faults: 23031
	Voluntary context switches: 10135
	Involuntary context switches: 40
	Swaps: 0
	File system inputs: 0
	File system outputs: 274320
	Socket messages sent: 0
	Socket messages received: 0
	Signals delivered: 0
	Page size (bytes): 4096
	Exit status: 0
