{
  "mode": "evaluate",
  "fits": {
    "m4v3_seed1729": {
      "checkpoint_sha256": "347fc3868f288f6736ec1a3ae4f91778dff55808d1eed647086fdd744d3fd20e",
      "characteristic_ablation_wind_norm_ratio": 0.1068309662115784,
      "superposition_max_abs_error": 4.57763671875e-05,
      "plumes": {
        "A": {
          "field_mse": 0.28387215733528137,
          "monolithic_reference_mse": 0.442161500453949,
          "wind_delta": {
            "pred_norm": 30.430850452239707,
            "true_norm": 51.229751183844634,
            "amplitude_ratio": 0.5940073833861624,
            "cosine": 0.3505734245283621
          },
          "source_delta": {
            "pred_norm": 93.87849726440169,
            "true_norm": 97.45544192995867,
            "amplitude_ratio": 0.9632966143837536,
            "cosine": 0.6596499342217809
          },
          "true_wind_to_source": 0.5256735813754096,
          "pred_wind_to_source": 0.3241514440365776,
          "relative_wind_to_source": 0.616640165154286,
          "true_centroid_shift": {
            "vector": [
              0.3810676574926701,
              6.351018193891653
            ],
            "norm": 6.36244014971691
          },
          "pred_centroid_shift": {
            "vector": [
              -0.9376119834731208,
              7.049467918955898
            ],
            "norm": 7.11154794485285
          },
          "centroid_shift_magnitude_ratio": 1.1177390714110325,
          "gates": {
            "wind_amplitude": true,
            "wind_cosine": false,
            "centroid_ratio": true,
            "relative_wind_source": true,
            "source_amplitude": true,
            "beats_frozen_monolithic_mse": true
          },
          "pass": false
        },
        "B": {
          "field_mse": 0.29915934801101685,
          "monolithic_reference_mse": 0.4313753545284271,
          "wind_delta": {
            "pred_norm": 30.430850452239707,
            "true_norm": 47.614020172111374,
            "amplitude_ratio": 0.6391153349841221,
            "cosine": 0.3832453097348595
          },
          "source_delta": {
            "pred_norm": 93.87849726440169,
            "true_norm": 93.88103166575638,
            "amplitude_ratio": 0.9999730041169156,
            "cosine": 0.642104433391861
          },
          "true_wind_to_source": 0.5071740193656058,
          "pred_wind_to_source": 0.3241514440365776,
          "relative_wind_to_source": 0.6391325889327683,
          "true_centroid_shift": {
            "vector": [
              0.5972803045683533,
              4.9614753191488035
            ],
            "norm": 4.997297380059344
          },
          "pred_centroid_shift": {
            "vector": [
              -0.9376119834731208,
              7.049467918955898
            ],
            "norm": 7.11154794485285
          },
          "centroid_shift_magnitude_ratio": 1.4230787971974561,
          "gates": {
            "wind_amplitude": true,
            "wind_cosine": false,
            "centroid_ratio": true,
            "relative_wind_source": true,
            "source_amplitude": true,
            "beats_frozen_monolithic_mse": true
          },
          "pass": false
        }
      },
      "pass": false
    },
    "m4v3_seed2718": {
      "checkpoint_sha256": "e764417cdcf8d2809a5e9cf1de2de471846edb69820135db146bc16dd995da17",
      "characteristic_ablation_wind_norm_ratio": 0.11073306583360573,
      "superposition_max_abs_error": 0.000156402587890625,
      "plumes": {
        "A": {
          "field_mse": 0.2931515574455261,
          "monolithic_reference_mse": 0.31033462285995483,
          "wind_delta": {
            "pred_norm": 29.850939636702872,
            "true_norm": 51.229751183844634,
            "amplitude_ratio": 0.5826875779579505,
            "cosine": 0.3406864424162008
          },
          "source_delta": {
            "pred_norm": 93.79132930278169,
            "true_norm": 97.45544192995867,
            "amplitude_ratio": 0.9624021752442478,
            "cosine": 0.6507961402416024
          },
          "true_wind_to_source": 0.5256735813754096,
          "pred_wind_to_source": 0.3182697148937577,
          "relative_wind_to_source": 0.6054512270923227,
          "true_centroid_shift": {
            "vector": [
              0.3810676574926701,
              6.351018193891653
            ],
            "norm": 6.36244014971691
          },
          "pred_centroid_shift": {
            "vector": [
              -0.8886123116412168,
              7.015231474045194
            ],
            "norm": 7.071287327978878
          },
          "centroid_shift_magnitude_ratio": 1.1114112135567211,
          "gates": {
            "wind_amplitude": true,
            "wind_cosine": false,
            "centroid_ratio": true,
            "relative_wind_source": true,
            "source_amplitude": true,
            "beats_frozen_monolithic_mse": true
          },
          "pass": false
        },
        "B": {
          "field_mse": 0.3083305060863495,
          "monolithic_reference_mse": 0.2978709042072296,
          "wind_delta": {
            "pred_norm": 29.850939636702872,
            "true_norm": 47.614020172111374,
            "amplitude_ratio": 0.6269359219994461,
            "cosine": 0.3697538958716866
          },
          "source_delta": {
            "pred_norm": 93.79132930278169,
            "true_norm": 93.88103166575638,
            "amplitude_ratio": 0.9990445102553405,
            "cosine": 0.6336691092123915
          },
          "true_wind_to_source": 0.5071740193656058,
          "pred_wind_to_source": 0.3182697148937577,
          "relative_wind_to_source": 0.6275355257587181,
          "true_centroid_shift": {
            "vector": [
              0.5972803045683533,
              4.9614753191488035
            ],
            "norm": 4.997297380059344
          },
          "pred_centroid_shift": {
            "vector": [
              -0.8886123116412168,
              7.015231474045194
            ],
            "norm": 7.071287327978878
          },
          "centroid_shift_magnitude_ratio": 1.4150223191029918,
          "gates": {
            "wind_amplitude": true,
            "wind_cosine": false,
            "centroid_ratio": true,
            "relative_wind_source": true,
            "source_amplitude": true,
            "beats_frozen_monolithic_mse": false
          },
          "pass": false
        }
      },
      "pass": false
    }
  },
  "decision": "D0_FAIL_STOP_M4_V3"
}
