[INFO] [1791546888.013342658] [GMRF_wind]: [gmrf-wind] MAIN LOOP....
[INFO] [1791546888.063837616] [GMRF_wind]: [GMRF-node] Using OccupancyMap from topic '/r2/map'

=================================================================
=	        GMRF Wind-Distribution Mapping ROS2 Node              =
=================================================================
[GMRF_MAP] Generating GMRF for 2D WIND estimation...
[CGMRF] Initialization Complete: 5608 factors for a map size of 2N=800 nodes
[INFO] [1791546888.064671874] [GMRF_wind]: [GMRF-node] GMRF Initialized
--> MAP did not converge after 1 iterations.
[GMRF] MAP Mean value estimated in 5 milliseconds
--> MAP did not converge after 1 iterations.
[GMRF] MAP Mean value estimated in 4 milliseconds
--> MAP did not converge after 1 iterations.
[GMRF] MAP Mean value estimated in 3.66667 milliseconds
--> MAP did not converge after 1 iterations.
[GMRF] MAP Mean value estimated in 3.5 milliseconds
--> MAP did not converge after 1 iterations.
[GMRF] MAP Mean value estimated in 3.4 milliseconds
--> MAP did not converge after 1 iterations.
[GMRF] MAP Mean value estimated in 3.16667 milliseconds
--> MAP did not converge after 1 iterations.
[GMRF] MAP Mean value estimated in 3 milliseconds
--> MAP did not converge after 1 iterations.
[GMRF] MAP Mean value estimated in 3 milliseconds
--> MAP did not converge after 1 iterations.
[GMRF] MAP Mean value estimated in 3 milliseconds
--> MAP did not converge after 1 iterations.
[GMRF] MAP Mean value estimated in 3 milliseconds
--> MAP did not converge after 1 iterations.
[GMRF] MAP Mean value estimated in 3 milliseconds
--> MAP did not converge after 1 iterations.
[GMRF] MAP Mean value estimated in 3 milliseconds
--> MAP did not converge after 1 iterations.
[GMRF] MAP Mean value estimated in 3 milliseconds
--> MAP did not converge after 1 iterations.
[GMRF] MAP Mean value estimated in 3 milliseconds
[INFO] [1791546888.736981790] [rclcpp]: signal_handler(signum=2)
