[INFO] [1791546902.920231902] [GMRF_wind]: [gmrf-wind] MAIN LOOP....
[INFO] [1791546904.920795709] [GMRF_wind]: [GMRF-node] Using OccupancyMap from topic '/r2/map'

=================================================================
=	        GMRF Wind-Distribution Mapping ROS2 Node              =
=================================================================
[GMRF_MAP] Generating GMRF for 2D WIND estimation...
[CGMRF] Initialization Complete: 5608 factors for a map size of 2N=800 nodes
[INFO] [1791546904.921291149] [GMRF_wind]: [GMRF-node] GMRF Initialized
--> MAP did not converge after 1 iterations.
[GMRF] MAP Mean value estimated in 4 milliseconds
--> MAP did not converge after 1 iterations.
[GMRF] MAP Mean value estimated in 3.5 milliseconds
--> MAP did not converge after 1 iterations.
[GMRF] MAP Mean value estimated in 3.33333 milliseconds
--> MAP did not converge after 1 iterations.
[GMRF] MAP Mean value estimated in 3.25 milliseconds
--> MAP did not converge after 1 iterations.
[GMRF] MAP Mean value estimated in 3.2 milliseconds
--> MAP did not converge after 1 iterations.
[GMRF] MAP Mean value estimated in 3.16667 milliseconds
--> MAP did not converge after 1 iterations.
[GMRF] MAP Mean value estimated in 3 milliseconds
--> MAP did not converge after 1 iterations.
[GMRF] MAP Mean value estimated in 2.875 milliseconds
--> MAP did not converge after 1 iterations.
[GMRF] MAP Mean value estimated in 2.88889 milliseconds
--> MAP did not converge after 1 iterations.
[GMRF] MAP Mean value estimated in 2.9 milliseconds
--> MAP did not converge after 1 iterations.
[GMRF] MAP Mean value estimated in 2.90909 milliseconds
[INFO] [1791546905.443705225] [rclcpp]: signal_handler(signum=2)
