[INFO] [1791546889.231071955] [GMRF_wind]: [gmrf-wind] MAIN LOOP....
[INFO] [1791546889.831558509] [GMRF_wind]: [GMRF-node] Using OccupancyMap from topic '/r2/map'

=================================================================
=	        GMRF Wind-Distribution Mapping ROS2 Node              =
=================================================================
[GMRF_MAP] Generating GMRF for 2D WIND estimation...
[CGMRF] Initialization Complete: 5608 factors for a map size of 2N=800 nodes
[INFO] [1791546889.832114996] [GMRF_wind]: [GMRF-node] GMRF Initialized
--> MAP did not converge after 1 iterations.
[GMRF] MAP Mean value estimated in 4 milliseconds
--> MAP did not converge after 1 iterations.
[GMRF] MAP Mean value estimated in 3.5 milliseconds
--> MAP did not converge after 1 iterations.
[GMRF] MAP Mean value estimated in 3.33333 milliseconds
--> MAP did not converge after 1 iterations.
[GMRF] MAP Mean value estimated in 3.25 milliseconds
--> MAP did not converge after 1 iterations.
[GMRF] MAP Mean value estimated in 3.2 milliseconds
--> MAP did not converge after 1 iterations.
[GMRF] MAP Mean value estimated in 3.16667 milliseconds
--> MAP did not converge after 1 iterations.
[GMRF] MAP Mean value estimated in 3.28571 milliseconds
--> MAP did not converge after 1 iterations.
[GMRF] MAP Mean value estimated in 3.125 milliseconds
--> MAP did not converge after 1 iterations.
[GMRF] MAP Mean value estimated in 3.11111 milliseconds
--> MAP did not converge after 1 iterations.
[GMRF] MAP Mean value estimated in 3 milliseconds
--> MAP did not converge after 1 iterations.
[GMRF] MAP Mean value estimated in 3.36364 milliseconds
--> MAP did not converge after 1 iterations.
[GMRF] MAP Mean value estimated in 3.58333 milliseconds
--> MAP did not converge after 1 iterations.
[GMRF] MAP Mean value estimated in 3.46154 milliseconds
--> MAP did not converge after 1 iterations.
[GMRF] MAP Mean value estimated in 4 milliseconds
--> MAP did not converge after 1 iterations.
[GMRF] MAP Mean value estimated in 4.33333 milliseconds
--> MAP did not converge after 1 iterations.
[GMRF] MAP Mean value estimated in 4.4375 milliseconds
[INFO] [1791546890.597849919] [rclcpp]: signal_handler(signum=2)
