[INFO] [1791546905.931290337] [GMRF_wind]: [gmrf-wind] MAIN LOOP....
[INFO] [1791546907.931814901] [GMRF_wind]: [GMRF-node] Using OccupancyMap from topic '/r2/map'

=================================================================
=	        GMRF Wind-Distribution Mapping ROS2 Node              =
=================================================================
[GMRF_MAP] Generating GMRF for 2D WIND estimation...
[CGMRF] Initialization Complete: 5608 factors for a map size of 2N=800 nodes
[INFO] [1791546907.932422894] [GMRF_wind]: [GMRF-node] GMRF Initialized
--> MAP did not converge after 1 iterations.
[GMRF] MAP Mean value estimated in 4 milliseconds
--> MAP did not converge after 1 iterations.
[GMRF] MAP Mean value estimated in 4 milliseconds
--> MAP did not converge after 1 iterations.
[GMRF] MAP Mean value estimated in 3.33333 milliseconds
--> MAP did not converge after 1 iterations.
[GMRF] MAP Mean value estimated in 3.5 milliseconds
--> MAP did not converge after 1 iterations.
[GMRF] MAP Mean value estimated in 3.2 milliseconds
--> MAP did not converge after 1 iterations.
[GMRF] MAP Mean value estimated in 3.16667 milliseconds
--> MAP did not converge after 1 iterations.
[GMRF] MAP Mean value estimated in 3 milliseconds
--> MAP did not converge after 1 iterations.
[GMRF] MAP Mean value estimated in 3 milliseconds
--> MAP did not converge after 1 iterations.
[GMRF] MAP Mean value estimated in 3 milliseconds
--> MAP did not converge after 1 iterations.
[GMRF] MAP Mean value estimated in 3.1 milliseconds
--> MAP did not converge after 1 iterations.
[GMRF] MAP Mean value estimated in 3.09091 milliseconds
[INFO] [1791546908.454340637] [rclcpp]: signal_handler(signum=2)
