[INFO] [1791546891.082368196] [GMRF_wind]: [gmrf-wind] MAIN LOOP....
[INFO] [1791546892.833220475] [GMRF_wind]: [GMRF-node] Using OccupancyMap from topic '/r2/map'

=================================================================
=	        GMRF Wind-Distribution Mapping ROS2 Node              =
=================================================================
[GMRF_MAP] Generating GMRF for 2D WIND estimation...
[CGMRF] Initialization Complete: 5608 factors for a map size of 2N=800 nodes
[INFO] [1791546892.834081830] [GMRF_wind]: [GMRF-node] GMRF Initialized
--> MAP did not converge after 1 iterations.
[GMRF] MAP Mean value estimated in 5 milliseconds
--> MAP did not converge after 1 iterations.
[GMRF] MAP Mean value estimated in 4 milliseconds
--> MAP did not converge after 1 iterations.
[GMRF] MAP Mean value estimated in 3.66667 milliseconds
--> MAP did not converge after 1 iterations.
[GMRF] MAP Mean value estimated in 3.25 milliseconds
--> MAP did not converge after 1 iterations.
[GMRF] MAP Mean value estimated in 3 milliseconds
--> MAP did not converge after 1 iterations.
[GMRF] MAP Mean value estimated in 3 milliseconds
--> MAP did not converge after 1 iterations.
[GMRF] MAP Mean value estimated in 2.85714 milliseconds
--> MAP did not converge after 1 iterations.
[GMRF] MAP Mean value estimated in 2.875 milliseconds
--> MAP did not converge after 1 iterations.
[GMRF] MAP Mean value estimated in 2.88889 milliseconds
--> MAP did not converge after 1 iterations.
[GMRF] MAP Mean value estimated in 2.9 milliseconds
--> MAP did not converge after 1 iterations.
[GMRF] MAP Mean value estimated in 2.81818 milliseconds
--> MAP did not converge after 1 iterations.
[GMRF] MAP Mean value estimated in 2.75 milliseconds
--> MAP did not converge after 1 iterations.
[GMRF] MAP Mean value estimated in 2.76923 milliseconds
[INFO] [1791546893.455439295] [rclcpp]: signal_handler(signum=2)
