[INFO] [1788891418.748698565] [GSL]: Starting GSL server
[INFO] [1788891423.790711966] [GSL]: GSL action server is ready for action!
[INFO] [1788891424.792114403] [GSL]: [33mRequest received: PMFS[0m
[INFO] [1788891425.806291739] [GSL]: Waiting to hear from localization topic: /amcl_pose
[INFO] [1788891425.808593592] [GSL]: Gas sensor topic: '/PID/Sensor_reading'
[INFO] [1788891425.809261342] [GSL]: Wind sensor topic: '/Anemometer/WindSensor_reading'
[INFO] [1788891425.809294753] [GSL]: [34mINITIALIZATON COMPLETED[0m
[INFO] [1788891425.831191371] [GSL - Trace]: [32mEntering WaitForMap[0m
[INFO] [1788891425.831229104] [GSL - Trace]: [32mNeed occupancy map and costmap[0m
[INFO] [1788891425.883214429] [GSL - Trace]: [32mGot occupancy map[0m
[INFO] [1788891425.883311339] [GSL]: 
--------------GSL---------------
Occupancy Map dimensions:
x_min:-5.4 x_max:2.9   -   y_min:-7.5 y_max:4.4
--------------------------------
[INFO] [1788891425.883491033] [GSL]: [MAP-DEBUG] 83x119 res=0.1000 free=6811 obs=3066 unk=0 origin=(-5.39,-7.45)
[INFO] [1788891425.885089461] [GSL - Trace]: [32mCreated grid[0m
[INFO] [1788891425.885117405] [GSL]: [DEBUG] After reduceOccupancyMap: free=643 obstacle=410 total=1053
[INFO] [1788891425.885809835] [GSL - Trace]: [32mPruned unreachable cells[0m
[INFO] [1788891425.885821654] [GSL]: [DEBUG] After PruneUnreachable: free=631 obstacle=422 total=1053
[INFO] [1788891425.885831354] [GSL]: [DEBUG] Grid dims: 27x39 scale=3 cellSize=0.3
[INFO] [1788891425.885849985] [GSL]: [DEBUG] Start pos: (-0.5, -2.5)
[INFO] [1788891425.892345905] [GSL - Trace]: [32mCreated visibility map[0m
[INFO] [1788891425.908686145] [GSL]: Number of cells after fusing quadtree: 62
[INFO] [1788891425.909736200] [GSL]: [DEBUG-WIND] useGroundTruth=false gmrf_req_size=631 gaden_req_size=-1
[INFO] [1788891425.909756999] [GSL]: [DEBUG-WIND] Taking GMRF path
[INFO] [1788891425.957414336] [GSL - Trace]: [32mEntering StopAndMeasure[0m
[INFO] [1788891426.583298696] [GSL - Trace]: [32mGot cost map[0m
[INFO] [1788891427.933253255] [GSL]: 10 gas measurements, 10 wind measurements over 1.98 seconds
[INFO] [1788891427.933671579] [GSL]: avg_gas=0.32;  avg_windSpeed=0.022;  avg_wind_dir=-3
[INFO] [1788891427.934532324] [GSL]: [33mGAS HIT[0m
[INFO] [1788891427.934562207] [GSL]: [DEBUG-WIND] useGroundTruth=false gmrf_req_size=631 gaden_req_size=-1
[INFO] [1788891427.934570511] [GSL]: [DEBUG-WIND] Taking GMRF path
[INFO] [1788891427.957595561] [GSL - Trace]: [32mEntering StopAndMeasure[0m
[INFO] [1788891429.933400974] [GSL]: 10 gas measurements, 10 wind measurements over 1.98 seconds
[INFO] [1788891429.933466281] [GSL]: avg_gas=0.39;  avg_windSpeed=0.022;  avg_wind_dir=-3
[INFO] [1788891429.934154507] [GSL]: [33mGAS HIT[0m
[INFO] [1788891429.934177591] [GSL]: [DEBUG-WIND] useGroundTruth=false gmrf_req_size=631 gaden_req_size=-1
[INFO] [1788891429.934184973] [GSL]: [DEBUG-WIND] Taking GMRF path
[INFO] [1788891429.957495212] [GSL - Trace]: [32mEntering StopAndMeasure[0m
[INFO] [1788891431.983528563] [GSL]: 10 gas measurements, 10 wind measurements over 2.03 seconds
[INFO] [1788891431.984158589] [GSL]: avg_gas=0.44;  avg_windSpeed=0.022;  avg_wind_dir=-3
[INFO] [1788891431.985032889] [GSL]: [33mGAS HIT[0m
[INFO] [1788891431.985047619] [GSL]: [DEBUG-WIND] useGroundTruth=false gmrf_req_size=631 gaden_req_size=-1
[INFO] [1788891431.985057269] [GSL]: [DEBUG-WIND] Taking GMRF path
[INFO] [1788891432.057375637] [GSL - Trace]: [32mEntering StopAndMeasure[0m
[INFO] [1788891433.933266937] [GSL]: 10 gas measurements, 10 wind measurements over 1.88 seconds
[INFO] [1788891433.933326436] [GSL]: avg_gas=0.44;  avg_windSpeed=0.022;  avg_wind_dir=-3
[INFO] [1788891433.933915475] [GSL]: [33mGAS HIT[0m
[INFO] [1788891433.933925480] [GSL]: [DEBUG-WIND] useGroundTruth=false gmrf_req_size=631 gaden_req_size=-1
[INFO] [1788891433.933932183] [GSL]: [DEBUG-WIND] Taking GMRF path
[INFO] [1788891433.957126710] [GSL - Trace]: [32mEntering StopAndMeasure[0m
[INFO] [1788891435.933183530] [GSL]: 10 gas measurements, 10 wind measurements over 1.98 seconds
[INFO] [1788891435.933534442] [GSL]: avg_gas=0.43;  avg_windSpeed=0.022;  avg_wind_dir=-3
[INFO] [1788891435.934219738] [GSL]: [33mGAS HIT[0m
[INFO] [1788891435.934248157] [GSL]: [DEBUG-WIND] useGroundTruth=false gmrf_req_size=631 gaden_req_size=-1
[INFO] [1788891435.934255284] [GSL]: [DEBUG-WIND] Taking GMRF path
[INFO] [1788891435.957574297] [GSL - Trace]: [32mEntering StopAndMeasure[0m
[INFO] [1788891437.933204649] [GSL]: 10 gas measurements, 10 wind measurements over 1.98 seconds
[INFO] [1788891437.933261756] [GSL]: avg_gas=0.42;  avg_windSpeed=0.022;  avg_wind_dir=-3
[INFO] [1788891437.933825606] [GSL]: [33mGAS HIT[0m
[INFO] [1788891437.933858219] [GSL]: [DEBUG-WIND] useGroundTruth=false gmrf_req_size=631 gaden_req_size=-1
[INFO] [1788891437.933866436] [GSL]: [DEBUG-WIND] Taking GMRF path
[INFO] [1788891437.958179041] [GSL - Trace]: [32mEntering StopAndMeasure[0m
[INFO] [1788891439.933197483] [GSL]: 10 gas measurements, 10 wind measurements over 1.97 seconds
[INFO] [1788891439.933257922] [GSL]: avg_gas=0.46;  avg_windSpeed=0.022;  avg_wind_dir=-3
[INFO] [1788891439.934300903] [GSL]: [33mGAS HIT[0m
[INFO] [1788891439.934325766] [GSL]: [DEBUG-WIND] useGroundTruth=false gmrf_req_size=631 gaden_req_size=-1
[INFO] [1788891439.934332897] [GSL]: [DEBUG-WIND] Taking GMRF path
[INFO] [1788891439.957216309] [GSL - Trace]: [32mEntering StopAndMeasure[0m
[INFO] [1788891441.933309824] [GSL]: 10 gas measurements, 10 wind measurements over 1.98 seconds
[INFO] [1788891441.933396142] [GSL]: avg_gas=0.48;  avg_windSpeed=0.022;  avg_wind_dir=-3
[INFO] [1788891441.934349010] [GSL]: [33mGAS HIT[0m
[INFO] [1788891441.934388226] [GSL]: [DEBUG-WIND] useGroundTruth=false gmrf_req_size=631 gaden_req_size=-1
[INFO] [1788891441.934398358] [GSL]: [DEBUG-WIND] Taking GMRF path
[INFO] [1788891441.959922882] [GSL]: Max mutual info: 6.447
[WARN] [1788891441.960231423] [rcl.logging_rosout]: Publisher already registered for provided node name. If this is due to multiple nodes with the same name then all logs for that logger name will go out over the existing publisher. As soon as any node with that name is destructed it will unregister the publisher, preventing any further logs for that name from being published on the rosout topic.
[INFO] [1788891441.974181353] [GSL]: MutualInformation - Ellapsed: 0.017s
[INFO] [1788891442.002145476] [GSL]: Sending goal (-1.64, -2.50)
[INFO] [1788891442.002758205] [GSL]: Variance: 14.35
[INFO] [1788891442.002783959] [GSL - Trace]: [32mEntering Moving[0m
[INFO] [1788891442.984093066] [GSL - Trace]: [32mEntering StopAndMeasure[0m
[INFO] [1788891444.933238657] [GSL]: 10 gas measurements, 10 wind measurements over 1.95 seconds
[INFO] [1788891444.933323179] [GSL]: avg_gas=0.67;  avg_windSpeed=0.12;  avg_wind_dir=-1.4
[INFO] [1788891444.934103745] [GSL]: [33mGAS HIT[0m
[INFO] [1788891444.934118039] [GSL]: [DEBUG-WIND] useGroundTruth=false gmrf_req_size=631 gaden_req_size=-1
[INFO] [1788891444.934127630] [GSL]: [DEBUG-WIND] Taking GMRF path
[INFO] [1788891444.957530902] [GSL - Trace]: [32mEntering StopAndMeasure[0m
[INFO] [1788891446.933179716] [GSL]: 10 gas measurements, 10 wind measurements over 1.98 seconds
[INFO] [1788891446.933241279] [GSL]: avg_gas=0.75;  avg_windSpeed=0.16;  avg_wind_dir=-1.5
[INFO] [1788891446.934030292] [GSL]: [33mGAS HIT[0m
[INFO] [1788891446.934057558] [GSL]: [DEBUG-WIND] useGroundTruth=false gmrf_req_size=631 gaden_req_size=-1
[INFO] [1788891446.934064935] [GSL]: [DEBUG-WIND] Taking GMRF path
[INFO] [1788891446.957359134] [GSL - Trace]: [32mEntering StopAndMeasure[0m
[INFO] [1788891448.933275767] [GSL]: 10 gas measurements, 10 wind measurements over 1.98 seconds
[INFO] [1788891448.933347735] [GSL]: avg_gas=0.73;  avg_windSpeed=0.12;  avg_wind_dir=-1.4
[INFO] [1788891448.934096797] [GSL]: [33mGAS HIT[0m
[INFO] [1788891448.934128498] [GSL]: [DEBUG-WIND] useGroundTruth=false gmrf_req_size=631 gaden_req_size=-1
[INFO] [1788891448.934137250] [GSL]: [DEBUG-WIND] Taking GMRF path
[INFO] [1788891448.957160578] [GSL - Trace]: [32mEntering StopAndMeasure[0m
[INFO] [1788891450.933161063] [GSL]: 10 gas measurements, 10 wind measurements over 1.98 seconds
[INFO] [1788891450.933491494] [GSL]: avg_gas=0.75;  avg_windSpeed=0.16;  avg_wind_dir=-1.5
[INFO] [1788891450.934011210] [GSL]: [33mGAS HIT[0m
[INFO] [1788891450.934021044] [GSL]: [DEBUG-WIND] useGroundTruth=false gmrf_req_size=631 gaden_req_size=-1
[INFO] [1788891450.934027673] [GSL]: [DEBUG-WIND] Taking GMRF path
[INFO] [1788891450.957034501] [GSL - Trace]: [32mEntering StopAndMeasure[0m
[INFO] [1788891452.933209355] [GSL]: 10 gas measurements, 10 wind measurements over 1.98 seconds
[INFO] [1788891452.933271742] [GSL]: avg_gas=0.76;  avg_windSpeed=0.12;  avg_wind_dir=-1.4
[INFO] [1788891452.933831581] [GSL]: [33mGAS HIT[0m
[INFO] [1788891452.933878893] [GSL]: [DEBUG-WIND] useGroundTruth=false gmrf_req_size=631 gaden_req_size=-1
[INFO] [1788891452.933886543] [GSL]: [DEBUG-WIND] Taking GMRF path
[INFO] [1788891452.957732648] [GSL - Trace]: [32mEntering StopAndMeasure[0m
[INFO] [1788891454.933180486] [GSL]: 10 gas measurements, 10 wind measurements over 1.98 seconds
[INFO] [1788891454.933531280] [GSL]: avg_gas=0.82;  avg_windSpeed=0.16;  avg_wind_dir=-1.5
[INFO] [1788891454.934118762] [GSL]: [33mGAS HIT[0m
[INFO] [1788891454.934130039] [GSL]: [DEBUG-WIND] useGroundTruth=false gmrf_req_size=631 gaden_req_size=-1
[INFO] [1788891454.934136858] [GSL]: [DEBUG-WIND] Taking GMRF path
[INFO] [1788891454.957053431] [GSL - Trace]: [32mEntering StopAndMeasure[0m
[INFO] [1788891456.933183928] [GSL]: 10 gas measurements, 10 wind measurements over 1.98 seconds
[INFO] [1788891456.933245559] [GSL]: avg_gas=0.89;  avg_windSpeed=0.12;  avg_wind_dir=-1.4
[INFO] [1788891456.933737298] [GSL]: [33mGAS HIT[0m
[INFO] [1788891456.933746372] [GSL]: [DEBUG-WIND] useGroundTruth=false gmrf_req_size=631 gaden_req_size=-1
[INFO] [1788891456.933753195] [GSL]: [DEBUG-WIND] Taking GMRF path
[INFO] [1788891456.957143029] [GSL - Trace]: [32mEntering StopAndMeasure[0m
[INFO] [1788891458.933317143] [GSL]: 10 gas measurements, 10 wind measurements over 1.98 seconds
[INFO] [1788891458.933752350] [GSL]: avg_gas=0.87;  avg_windSpeed=0.16;  avg_wind_dir=-1.5
[INFO] [1788891458.934408043] [GSL]: [33mGAS HIT[0m
[INFO] [1788891458.934421261] [GSL]: [DEBUG-WIND] useGroundTruth=false gmrf_req_size=631 gaden_req_size=-1
[INFO] [1788891458.934429199] [GSL]: [DEBUG-WIND] Taking GMRF path
[INFO] [1788891458.969914933] [GSL]: Max mutual info: 6.447
[INFO] [1788891458.970083887] [GSL]: MutualInformation - Ellapsed: 0.013s
[INFO] [1788891459.007176383] [GSL]: Sending goal (-2.54, -2.50)
[INFO] [1788891459.007811040] [GSL]: Variance: 14.35
[INFO] [1788891459.007857981] [GSL - Trace]: [32mEntering Moving[0m
[INFO] [1788891459.784485824] [GSL - Trace]: [32mEntering StopAndMeasure[0m
[INFO] [1788891461.733246959] [GSL]: 10 gas measurements, 10 wind measurements over 1.95 seconds
[INFO] [1788891461.733586208] [GSL]: avg_gas=0.72;  avg_windSpeed=0.048;  avg_wind_dir=-1.1
[INFO] [1788891461.734324223] [GSL]: [33mGAS HIT[0m
[INFO] [1788891461.734336986] [GSL]: [DEBUG-WIND] useGroundTruth=false gmrf_req_size=631 gaden_req_size=-1
[INFO] [1788891461.734944939] [GSL]: [DEBUG-WIND] Taking GMRF path
[INFO] [1788891461.757599869] [GSL - Trace]: [32mEntering StopAndMeasure[0m
[INFO] [1788891463.783473187] [GSL]: 10 gas measurements, 10 wind measurements over 2.03 seconds
[INFO] [1788891463.783586280] [GSL]: avg_gas=0.64;  avg_windSpeed=0.039;  avg_wind_dir=-0.89
[INFO] [1788891463.784635650] [GSL]: [33mGAS HIT[0m
[INFO] [1788891463.784655299] [GSL]: [DEBUG-WIND] useGroundTruth=false gmrf_req_size=631 gaden_req_size=-1
[INFO] [1788891463.784669665] [GSL]: [DEBUG-WIND] Taking GMRF path
[INFO] [1788891463.858197018] [GSL - Trace]: [32mEntering StopAndMeasure[0m
[INFO] [1788891465.733309340] [GSL]: 10 gas measurements, 10 wind measurements over 1.88 seconds
[INFO] [1788891465.733372278] [GSL]: avg_gas=0.6;  avg_windSpeed=0.048;  avg_wind_dir=-1.1
[INFO] [1788891465.733934043] [GSL]: [33mGAS HIT[0m
[INFO] [1788891465.733944338] [GSL]: [DEBUG-WIND] useGroundTruth=false gmrf_req_size=631 gaden_req_size=-1
[INFO] [1788891465.734191753] [GSL]: [DEBUG-WIND] Taking GMRF path
[INFO] [1788891465.757295320] [GSL - Trace]: [32mEntering StopAndMeasure[0m
[INFO] [1788891467.733250193] [GSL]: 10 gas measurements, 10 wind measurements over 1.98 seconds
[INFO] [1788891467.733306212] [GSL]: avg_gas=0.58;  avg_windSpeed=0.039;  avg_wind_dir=-0.89
[INFO] [1788891467.733903226] [GSL]: [33mGAS HIT[0m
[INFO] [1788891467.733914289] [GSL]: [DEBUG-WIND] useGroundTruth=false gmrf_req_size=631 gaden_req_size=-1
[INFO] [1788891467.733921404] [GSL]: [DEBUG-WIND] Taking GMRF path
[INFO] [1788891467.757354452] [GSL - Trace]: [32mEntering StopAndMeasure[0m
[INFO] [1788891469.733252958] [GSL]: 10 gas measurements, 10 wind measurements over 1.98 seconds
[INFO] [1788891469.733312647] [GSL]: avg_gas=0.57;  avg_windSpeed=0.048;  avg_wind_dir=-1.1
[INFO] [1788891469.733827977] [GSL]: [33mGAS HIT[0m
[INFO] [1788891469.733891523] [GSL]: [DEBUG-WIND] useGroundTruth=false gmrf_req_size=631 gaden_req_size=-1
[INFO] [1788891469.733900151] [GSL]: [DEBUG-WIND] Taking GMRF path
[INFO] [1788891469.757354422] [GSL - Trace]: [32mEntering StopAndMeasure[0m
[INFO] [1788891471.783264802] [GSL]: 10 gas measurements, 10 wind measurements over 2.03 seconds
[INFO] [1788891471.783342210] [GSL]: avg_gas=0.6;  avg_windSpeed=0.039;  avg_wind_dir=-0.89
[INFO] [1788891471.783878097] [GSL]: [33mGAS HIT[0m
[INFO] [1788891471.783888497] [GSL]: [DEBUG-WIND] useGroundTruth=false gmrf_req_size=631 gaden_req_size=-1
[INFO] [1788891471.783895013] [GSL]: [DEBUG-WIND] Taking GMRF path
[INFO] [1788891471.858207147] [GSL - Trace]: [32mEntering StopAndMeasure[0m
[INFO] [1788891473.733191246] [GSL]: 10 gas measurements, 10 wind measurements over 1.87 seconds
[INFO] [1788891473.733250962] [GSL]: avg_gas=0.61;  avg_windSpeed=0.048;  avg_wind_dir=-1.1
[INFO] [1788891473.733751545] [GSL]: [33mGAS HIT[0m
[INFO] [1788891473.733760704] [GSL]: [DEBUG-WIND] useGroundTruth=false gmrf_req_size=631 gaden_req_size=-1
[INFO] [1788891473.733767095] [GSL]: [DEBUG-WIND] Taking GMRF path
[INFO] [1788891473.757100624] [GSL - Trace]: [32mEntering StopAndMeasure[0m
[INFO] [1788891475.733199080] [GSL]: 10 gas measurements, 10 wind measurements over 1.98 seconds
[INFO] [1788891475.733259925] [GSL]: avg_gas=0.61;  avg_windSpeed=0.039;  avg_wind_dir=-0.89
[INFO] [1788891475.733774748] [GSL]: [33mGAS HIT[0m
[INFO] [1788891475.733783779] [GSL]: [DEBUG-WIND] useGroundTruth=false gmrf_req_size=631 gaden_req_size=-1
[INFO] [1788891475.733790650] [GSL]: [DEBUG-WIND] Taking GMRF path
[INFO] [1788891475.757330249] [GSL]: [33mStarted simulations. Might take a while![0m
[INFO] [1788891476.054019983] [GSL]: CER contrastive context initialized: events=8, candidates=62, transport_members=3, fixed_ratio_weight=1, context_within_member=true, centered_log_odds=true, transport_pool=robust_log_variance
[INFO] [1788891476.055251280] [GSL - Trace]: [32mFirst simulation level done[0m
[INFO] [1788891476.055285283] [GSL]: [RC2-DIAG] scores_size=62 refineFraction=0.25 refine_product=15.5 valid_first_level=62 sum_sourceProbInternal_before_norm=205.19829771979775 min_sourceProbInternal_before_norm=0 max_sourceProbInternal_before_norm=0.9991755084658025 finite_sourceProbInternal=1053 finite_varianceOfHitProb=1053
[INFO] [1788891476.331780046] [GSL - Trace]: [32mSimulation level 2 done[0m
[INFO] [1788891476.557617486] [GSL - Trace]: [32mSimulation level 3 done[0m
[INFO] [1788891476.617756918] [GSL - Trace]: [32mSimulation level 4 done[0m
[INFO] [1788891476.621867898] [GSL - Trace]: [32mSimulation level 5 done[0m
[INFO] [1788891476.621918839] [GSL]: Number of levels in the simulation: 5
[INFO] [1788891476.621926112] [GSL]: Total number of simulations: 168
[INFO] [1788891476.627872168] [GSL]: CORE sequential event-time commit: window_start=0, new_events=8, committed_total=8
[INFO] [1788891476.627909527] [GSL]: [RC2-DIAG] normalized_finite_count=1053 normalized_sum=1
[INFO] [1788891476.627919249] [GSL]: Time ellapsed in simulation = 0.870532708 s
[INFO] [1788891476.637642593] [GSL]: Max mutual info: 4.390
[INFO] [1788891476.638289309] [GSL]: MutualInformation - Ellapsed: 0.010s
[INFO] [1788891476.670680022] [GSL]: Sending goal (-3.44, -2.50)
[INFO] [1788891476.671121711] [GSL]: Variance: 3.94
[INFO] [1788891476.671147171] [GSL - Trace]: [32mEntering Moving[0m
[INFO] [1788891477.381540892] [GSL - Trace]: [32mEntering StopAndMeasure[0m
[INFO] [1788891479.364103073] [GSL]: 10 gas measurements, 10 wind measurements over 1.98 seconds
[INFO] [1788891479.364160356] [GSL]: avg_gas=0.6;  avg_windSpeed=0.027;  avg_wind_dir=-0.8
[INFO] [1788891479.365087799] [GSL]: [33mGAS HIT[0m
[INFO] [1788891479.365102604] [GSL]: [DEBUG-WIND] useGroundTruth=false gmrf_req_size=631 gaden_req_size=-1
[INFO] [1788891479.365113791] [GSL]: [DEBUG-WIND] Taking GMRF path
[INFO] [1788891479.457211108] [GSL - Trace]: [32mEntering StopAndMeasure[0m
[INFO] [1788891481.372089662] [GSL]: 10 gas measurements, 10 wind measurements over 1.91 seconds
[INFO] [1788891481.372160282] [GSL]: avg_gas=0.62;  avg_windSpeed=0.04;  avg_wind_dir=-2.1
[INFO] [1788891481.373617208] [GSL]: [33mGAS HIT[0m
[INFO] [1788891481.373665664] [GSL]: [DEBUG-WIND] useGroundTruth=false gmrf_req_size=631 gaden_req_size=-1
[INFO] [1788891481.373674818] [GSL]: [DEBUG-WIND] Taking GMRF path
[INFO] [1788891481.457530615] [GSL - Trace]: [32mEntering StopAndMeasure[0m
[INFO] [1788891483.372179335] [GSL]: 10 gas measurements, 10 wind measurements over 1.91 seconds
[INFO] [1788891483.372267953] [GSL]: avg_gas=0.63;  avg_windSpeed=0.027;  avg_wind_dir=-0.8
[INFO] [1788891483.373216607] [GSL]: [33mGAS HIT[0m
[INFO] [1788891483.373231461] [GSL]: [DEBUG-WIND] useGroundTruth=false gmrf_req_size=631 gaden_req_size=-1
[INFO] [1788891483.373242361] [GSL]: [DEBUG-WIND] Taking GMRF path
[INFO] [1788891483.457636635] [GSL - Trace]: [32mEntering StopAndMeasure[0m
[INFO] [1788891485.322081003] [GSL]: 10 gas measurements, 10 wind measurements over 1.86 seconds
[INFO] [1788891485.322144906] [GSL]: avg_gas=0.63;  avg_windSpeed=0.04;  avg_wind_dir=-2.1
[INFO] [1788891485.322917185] [GSL]: [33mGAS HIT[0m
[INFO] [1788891485.323250132] [GSL]: [DEBUG-WIND] useGroundTruth=false gmrf_req_size=631 gaden_req_size=-1
[INFO] [1788891485.323270138] [GSL]: [DEBUG-WIND] Taking GMRF path
[INFO] [1788891485.357216092] [GSL - Trace]: [32mEntering StopAndMeasure[0m
[INFO] [1788891487.372118478] [GSL]: 10 gas measurements, 10 wind measurements over 2.01 seconds
[INFO] [1788891487.372164335] [GSL]: avg_gas=0.64;  avg_windSpeed=0.027;  avg_wind_dir=-0.8
[INFO] [1788891487.372950318] [GSL]: [33mGAS HIT[0m
[INFO] [1788891487.372961842] [GSL]: [DEBUG-WIND] useGroundTruth=false gmrf_req_size=631 gaden_req_size=-1
[INFO] [1788891487.372970088] [GSL]: [DEBUG-WIND] Taking GMRF path
[INFO] [1788891487.458063637] [GSL - Trace]: [32mEntering StopAndMeasure[0m
[INFO] [1788891489.372075530] [GSL]: 10 gas measurements, 10 wind measurements over 1.91 seconds
[INFO] [1788891489.372133165] [GSL]: avg_gas=0.64;  avg_windSpeed=0.04;  avg_wind_dir=-2.1
[INFO] [1788891489.372785986] [GSL]: [33mGAS HIT[0m
[INFO] [1788891489.372796819] [GSL]: [DEBUG-WIND] useGroundTruth=false gmrf_req_size=631 gaden_req_size=-1
[INFO] [1788891489.373088024] [GSL]: [DEBUG-WIND] Taking GMRF path
[INFO] [1788891489.457378705] [GSL - Trace]: [32mEntering StopAndMeasure[0m
[INFO] [1788891491.372418661] [GSL]: 10 gas measurements, 10 wind measurements over 1.91 seconds
[INFO] [1788891491.372459776] [GSL]: avg_gas=0.63;  avg_windSpeed=0.027;  avg_wind_dir=-0.8
[INFO] [1788891491.373149706] [GSL]: [33mGAS HIT[0m
[INFO] [1788891491.373161128] [GSL]: [DEBUG-WIND] useGroundTruth=false gmrf_req_size=631 gaden_req_size=-1
[INFO] [1788891491.373169233] [GSL]: [DEBUG-WIND] Taking GMRF path
[INFO] [1788891491.457690647] [GSL - Trace]: [32mEntering StopAndMeasure[0m
[INFO] [1788891493.372340890] [GSL]: 10 gas measurements, 10 wind measurements over 1.91 seconds
[INFO] [1788891493.372398827] [GSL]: avg_gas=0.65;  avg_windSpeed=0.04;  avg_wind_dir=-2.1
[INFO] [1788891493.373023285] [GSL]: [33mGAS HIT[0m
[INFO] [1788891493.373033495] [GSL]: [DEBUG-WIND] useGroundTruth=false gmrf_req_size=631 gaden_req_size=-1
[INFO] [1788891493.373461145] [GSL]: [DEBUG-WIND] Taking GMRF path
[INFO] [1788891493.457723496] [GSL]: [33mStarted simulations. Might take a while![0m
[INFO] [1788891493.752937311] [GSL]: CER contrastive context initialized: events=16, candidates=62, transport_members=3, fixed_ratio_weight=1, context_within_member=true, centered_log_odds=true, transport_pool=robust_log_variance
[INFO] [1788891493.754293489] [GSL - Trace]: [32mFirst simulation level done[0m
[INFO] [1788891493.754326257] [GSL]: [RC2-DIAG] scores_size=62 refineFraction=0.25 refine_product=15.5 valid_first_level=62 sum_sourceProbInternal_before_norm=173.30594849873694 min_sourceProbInternal_before_norm=0 max_sourceProbInternal_before_norm=0.999200279944007 finite_sourceProbInternal=1053 finite_varianceOfHitProb=1053
[INFO] [1788891494.038967883] [GSL - Trace]: [32mSimulation level 2 done[0m
[INFO] [1788891494.323416257] [GSL - Trace]: [32mSimulation level 3 done[0m
[INFO] [1788891494.479320014] [GSL - Trace]: [32mSimulation level 4 done[0m
[INFO] [1788891494.479747165] [GSL - Trace]: [32mSimulation level 5 done[0m
[INFO] [1788891494.479765773] [GSL]: Number of levels in the simulation: 5
[INFO] [1788891494.479772962] [GSL]: Total number of simulations: 202
[INFO] [1788891494.479794846] [GSL]: CORE sequential event-time commit: window_start=8, new_events=8, committed_total=16
[INFO] [1788891494.479809021] [GSL]: [RC2-DIAG] normalized_finite_count=1053 normalized_sum=1
[INFO] [1788891494.479816526] [GSL]: Time ellapsed in simulation = 1.022006945 s
[INFO] [1788891494.482426038] [GSL]: Max mutual info: 5.109
[INFO] [1788891494.482559671] [GSL]: MutualInformation - Ellapsed: 0.003s
[INFO] [1788891494.511256521] [GSL]: Sending goal (-4.04, -3.10)
[INFO] [1788891494.512083658] [GSL]: Variance: 2.58
[INFO] [1788891494.512126108] [GSL - Trace]: [32mEntering Moving[0m
[INFO] [1788891495.176146274] [GSL - Trace]: [32mEntering StopAndMeasure[0m
[INFO] [1788891497.159807794] [GSL]: 10 gas measurements, 10 wind measurements over 1.98 seconds
[INFO] [1788891497.160314540] [GSL]: avg_gas=0.71;  avg_windSpeed=0.066;  avg_wind_dir=3
[INFO] [1788891497.161034103] [GSL]: [33mGAS HIT[0m
[INFO] [1788891497.161046799] [GSL]: [DEBUG-WIND] useGroundTruth=false gmrf_req_size=631 gaden_req_size=-1
[INFO] [1788891497.161055456] [GSL]: [DEBUG-WIND] Taking GMRF path
[INFO] [1788891497.257700459] [GSL - Trace]: [32mEntering StopAndMeasure[0m
[INFO] [1788891499.163233405] [GSL]: 10 gas measurements, 10 wind measurements over 1.91 seconds
[INFO] [1788891499.163314636] [GSL]: avg_gas=0.7;  avg_windSpeed=0.037;  avg_wind_dir=2.5
[INFO] [1788891499.164006986] [GSL]: [33mGAS HIT[0m
[INFO] [1788891499.164018844] [GSL]: [DEBUG-WIND] useGroundTruth=false gmrf_req_size=631 gaden_req_size=-1
[INFO] [1788891499.164026848] [GSL]: [DEBUG-WIND] Taking GMRF path
[INFO] [1788891499.258507187] [GSL - Trace]: [32mEntering StopAndMeasure[0m
[INFO] [1788891501.163128649] [GSL]: 10 gas measurements, 10 wind measurements over 1.90 seconds
[INFO] [1788891501.163720554] [GSL]: avg_gas=0.67;  avg_windSpeed=0.066;  avg_wind_dir=3
[INFO] [1788891501.164335166] [GSL]: [33mGAS HIT[0m
[INFO] [1788891501.164345414] [GSL]: [DEBUG-WIND] useGroundTruth=false gmrf_req_size=631 gaden_req_size=-1
[INFO] [1788891501.164352449] [GSL]: [DEBUG-WIND] Taking GMRF path
[INFO] [1788891501.257481629] [GSL - Trace]: [32mEntering StopAndMeasure[0m
[INFO] [1788891503.163116868] [GSL]: 10 gas measurements, 10 wind measurements over 1.91 seconds
[INFO] [1788891503.163184523] [GSL]: avg_gas=0.65;  avg_windSpeed=0.037;  avg_wind_dir=2.5
[INFO] [1788891503.163752861] [GSL]: [33mGAS HIT[0m
[INFO] [1788891503.163793192] [GSL]: [DEBUG-WIND] useGroundTruth=false gmrf_req_size=631 gaden_req_size=-1
[INFO] [1788891503.163800653] [GSL]: [DEBUG-WIND] Taking GMRF path
[INFO] [1788891503.257190491] [GSL - Trace]: [32mEntering StopAndMeasure[0m
[INFO] [1788891505.163121051] [GSL]: 10 gas measurements, 10 wind measurements over 1.91 seconds
[INFO] [1788891505.163197673] [GSL]: avg_gas=0.67;  avg_windSpeed=0.066;  avg_wind_dir=3
[INFO] [1788891505.164280038] [GSL]: [33mGAS HIT[0m
[INFO] [1788891505.164309035] [GSL]: [DEBUG-WIND] useGroundTruth=false gmrf_req_size=631 gaden_req_size=-1
[INFO] [1788891505.164317578] [GSL]: [DEBUG-WIND] Taking GMRF path
[INFO] [1788891505.257484063] [GSL - Trace]: [32mEntering StopAndMeasure[0m
[INFO] [1788891507.163110691] [GSL]: 10 gas measurements, 10 wind measurements over 1.91 seconds
[INFO] [1788891507.163181669] [GSL]: avg_gas=0.68;  avg_windSpeed=0.037;  avg_wind_dir=2.5
[INFO] [1788891507.163729248] [GSL]: [33mGAS HIT[0m
[INFO] [1788891507.163737879] [GSL]: [DEBUG-WIND] useGroundTruth=false gmrf_req_size=631 gaden_req_size=-1
[INFO] [1788891507.163744249] [GSL]: [DEBUG-WIND] Taking GMRF path
[INFO] [1788891507.257260699] [GSL - Trace]: [32mEntering StopAndMeasure[0m
[INFO] [1788891509.163086382] [GSL]: 10 gas measurements, 10 wind measurements over 1.91 seconds
[INFO] [1788891509.163157517] [GSL]: avg_gas=0.71;  avg_windSpeed=0.066;  avg_wind_dir=3
[INFO] [1788891509.164277080] [GSL]: [33mGAS HIT[0m
[INFO] [1788891509.164306583] [GSL]: [DEBUG-WIND] useGroundTruth=false gmrf_req_size=631 gaden_req_size=-1
[INFO] [1788891509.164314197] [GSL]: [DEBUG-WIND] Taking GMRF path
[INFO] [1788891509.257062686] [GSL - Trace]: [32mEntering StopAndMeasure[0m
[INFO] [1788891511.163133136] [GSL]: 10 gas measurements, 10 wind measurements over 1.91 seconds
[INFO] [1788891511.163218710] [GSL]: avg_gas=0.77;  avg_windSpeed=0.037;  avg_wind_dir=2.5
[INFO] [1788891511.163884349] [GSL]: [33mGAS HIT[0m
[INFO] [1788891511.163894959] [GSL]: [DEBUG-WIND] useGroundTruth=false gmrf_req_size=631 gaden_req_size=-1
[INFO] [1788891511.163902366] [GSL]: [DEBUG-WIND] Taking GMRF path
[INFO] [1788891511.257576275] [GSL]: [33mStarted simulations. Might take a while![0m
[INFO] [1788891511.576800476] [GSL]: CER contrastive context initialized: events=24, candidates=62, transport_members=3, fixed_ratio_weight=1, context_within_member=true, centered_log_odds=true, transport_pool=robust_log_variance
[INFO] [1788891511.578164912] [GSL - Trace]: [32mFirst simulation level done[0m
[INFO] [1788891511.578207265] [GSL]: [RC2-DIAG] scores_size=62 refineFraction=0.25 refine_product=15.5 valid_first_level=62 sum_sourceProbInternal_before_norm=141.66969199415215 min_sourceProbInternal_before_norm=0 max_sourceProbInternal_before_norm=0.999200279944007 finite_sourceProbInternal=1053 finite_varianceOfHitProb=1053
[INFO] [1788891511.853500296] [GSL - Trace]: [32mSimulation level 2 done[0m
[INFO] [1788891512.133660446] [GSL - Trace]: [32mSimulation level 3 done[0m
[INFO] [1788891512.292857779] [GSL - Trace]: [32mSimulation level 4 done[0m
[INFO] [1788891512.294857889] [GSL - Trace]: [32mSimulation level 5 done[0m
[INFO] [1788891512.294870903] [GSL]: Number of levels in the simulation: 5
[INFO] [1788891512.294878035] [GSL]: Total number of simulations: 200
[INFO] [1788891512.294899500] [GSL]: CORE sequential event-time commit: window_start=16, new_events=8, committed_total=24
[INFO] [1788891512.295291443] [GSL]: [RC2-DIAG] normalized_finite_count=1053 normalized_sum=1
[INFO] [1788891512.295305178] [GSL]: Time ellapsed in simulation = 1.037616015 s
[INFO] [1788891512.298619758] [GSL]: Max mutual info: 3.335
[INFO] [1788891512.299304342] [GSL]: MutualInformation - Ellapsed: 0.004s
[INFO] [1788891512.335792442] [GSL]: Sending goal (-4.64, -3.10)
[INFO] [1788891512.337137631] [GSL]: Variance: 2.36
[INFO] [1788891512.337162028] [GSL - Trace]: [32mEntering Moving[0m
[INFO] [1788891512.998137648] [GSL - Trace]: [32mEntering StopAndMeasure[0m
[INFO] [1788891514.978204777] [GSL]: 10 gas measurements, 10 wind measurements over 1.98 seconds
[INFO] [1788891514.978261983] [GSL]: avg_gas=0.8;  avg_windSpeed=0.025;  avg_wind_dir=1.7
[INFO] [1788891514.978796269] [GSL]: [33mGAS HIT[0m
[INFO] [1788891514.978805525] [GSL]: [DEBUG-WIND] useGroundTruth=false gmrf_req_size=631 gaden_req_size=-1
[INFO] [1788891514.978811907] [GSL]: [DEBUG-WIND] Taking GMRF path
[INFO] [1788891515.057588738] [GSL - Trace]: [32mEntering StopAndMeasure[0m
[INFO] [1788891516.938160313] [GSL]: 10 gas measurements, 10 wind measurements over 1.88 seconds
[INFO] [1788891516.938220735] [GSL]: avg_gas=0.82;  avg_windSpeed=0.023;  avg_wind_dir=2
[INFO] [1788891516.938763879] [GSL]: [33mGAS HIT[0m
[INFO] [1788891516.938773044] [GSL]: [DEBUG-WIND] useGroundTruth=false gmrf_req_size=631 gaden_req_size=-1
[INFO] [1788891516.938779621] [GSL]: [DEBUG-WIND] Taking GMRF path
[INFO] [1788891516.957493508] [GSL - Trace]: [32mEntering StopAndMeasure[0m
[INFO] [1788891518.938069564] [GSL]: 10 gas measurements, 10 wind measurements over 1.98 seconds
[INFO] [1788891518.938133004] [GSL]: avg_gas=0.84;  avg_windSpeed=0.025;  avg_wind_dir=1.7
[INFO] [1788891518.938698069] [GSL]: [33mGAS HIT[0m
[INFO] [1788891518.938707126] [GSL]: [DEBUG-WIND] useGroundTruth=false gmrf_req_size=631 gaden_req_size=-1
[INFO] [1788891518.938713654] [GSL]: [DEBUG-WIND] Taking GMRF path
[INFO] [1788891518.957383299] [GSL - Trace]: [32mEntering StopAndMeasure[0m
[INFO] [1788891520.938081522] [GSL]: 10 gas measurements, 10 wind measurements over 1.98 seconds
[INFO] [1788891520.938151033] [GSL]: avg_gas=0.84;  avg_windSpeed=0.023;  avg_wind_dir=2
[INFO] [1788891520.938791906] [GSL]: [33mGAS HIT[0m
[INFO] [1788891520.938800409] [GSL]: [DEBUG-WIND] useGroundTruth=false gmrf_req_size=631 gaden_req_size=-1
[INFO] [1788891520.938807293] [GSL]: [DEBUG-WIND] Taking GMRF path
[INFO] [1788891520.957520882] [GSL - Trace]: [32mEntering StopAndMeasure[0m
[INFO] [1788891522.938107386] [GSL]: 10 gas measurements, 10 wind measurements over 1.98 seconds
[INFO] [1788891522.938172003] [GSL]: avg_gas=0.84;  avg_windSpeed=0.025;  avg_wind_dir=1.7
[INFO] [1788891522.938816990] [GSL]: [33mGAS HIT[0m
[INFO] [1788891522.938902662] [GSL]: [DEBUG-WIND] useGroundTruth=false gmrf_req_size=631 gaden_req_size=-1
[INFO] [1788891522.938911000] [GSL]: [DEBUG-WIND] Taking GMRF path
[INFO] [1788891522.957121585] [GSL - Trace]: [32mEntering StopAndMeasure[0m
[INFO] [1788891524.938135136] [GSL]: 10 gas measurements, 10 wind measurements over 1.98 seconds
[INFO] [1788891524.938560559] [GSL]: avg_gas=0.83;  avg_windSpeed=0.023;  avg_wind_dir=2
[INFO] [1788891524.939219888] [GSL]: [33mGAS HIT[0m
[INFO] [1788891524.939231411] [GSL]: [DEBUG-WIND] useGroundTruth=false gmrf_req_size=631 gaden_req_size=-1
[INFO] [1788891524.939238741] [GSL]: [DEBUG-WIND] Taking GMRF path
[INFO] [1788891524.957612936] [GSL - Trace]: [32mEntering StopAndMeasure[0m
[INFO] [1788891526.938140035] [GSL]: 10 gas measurements, 10 wind measurements over 1.98 seconds
[INFO] [1788891526.938214264] [GSL]: avg_gas=0.82;  avg_windSpeed=0.025;  avg_wind_dir=1.7
[INFO] [1788891526.938996280] [GSL]: [33mGAS HIT[0m
[INFO] [1788891526.939009935] [GSL]: [DEBUG-WIND] useGroundTruth=false gmrf_req_size=631 gaden_req_size=-1
[INFO] [1788891526.939018737] [GSL]: [DEBUG-WIND] Taking GMRF path
[INFO] [1788891526.957444321] [GSL - Trace]: [32mEntering StopAndMeasure[0m
[INFO] [1788891528.938100286] [GSL]: 10 gas measurements, 10 wind measurements over 1.98 seconds
[INFO] [1788891528.938471476] [GSL]: avg_gas=0.82;  avg_windSpeed=0.023;  avg_wind_dir=2
[INFO] [1788891528.939188041] [GSL]: [33mGAS HIT[0m
[INFO] [1788891528.939199641] [GSL]: [DEBUG-WIND] useGroundTruth=false gmrf_req_size=631 gaden_req_size=-1
[INFO] [1788891528.939207782] [GSL]: [DEBUG-WIND] Taking GMRF path
[INFO] [1788891528.957336040] [GSL]: [33mStarted simulations. Might take a while![0m
[INFO] [1788891529.260921013] [GSL]: CER contrastive context initialized: events=32, candidates=62, transport_members=3, fixed_ratio_weight=1, context_within_member=true, centered_log_odds=true, transport_pool=robust_log_variance
[INFO] [1788891529.262264664] [GSL - Trace]: [32mFirst simulation level done[0m
[INFO] [1788891529.262311210] [GSL]: [RC2-DIAG] scores_size=62 refineFraction=0.25 refine_product=15.5 valid_first_level=62 sum_sourceProbInternal_before_norm=101.79706360541086 min_sourceProbInternal_before_norm=0 max_sourceProbInternal_before_norm=0.999200279944007 finite_sourceProbInternal=1053 finite_varianceOfHitProb=1053
[INFO] [1788891529.538547945] [GSL - Trace]: [32mSimulation level 2 done[0m
[INFO] [1788891529.819073695] [GSL - Trace]: [32mSimulation level 3 done[0m
[INFO] [1788891529.981102421] [GSL - Trace]: [32mSimulation level 4 done[0m
[INFO] [1788891529.981223800] [GSL - Trace]: [32mSimulation level 5 done[0m
[INFO] [1788891529.981235868] [GSL]: Number of levels in the simulation: 5
[INFO] [1788891529.981242760] [GSL]: Total number of simulations: 200
[INFO] [1788891529.981262443] [GSL]: CORE sequential event-time commit: window_start=24, new_events=8, committed_total=32
[INFO] [1788891529.981276605] [GSL]: [RC2-DIAG] normalized_finite_count=1053 normalized_sum=1
[INFO] [1788891529.981284559] [GSL]: Time ellapsed in simulation = 1.023870815 s
[INFO] [1788891529.984539026] [GSL]: Max mutual info: 4.224
[INFO] [1788891529.984710522] [GSL]: MutualInformation - Ellapsed: 0.003s
[INFO] [1788891530.027535378] [GSL]: Sending goal (-3.14, -1.30)
[INFO] [1788891530.027933549] [GSL]: Variance: 1.85
[INFO] [1788891530.028409676] [GSL - Trace]: [32mEntering Moving[0m
[INFO] [1788891531.761365615] [GSL - Trace]: [32mEntering StopAndMeasure[0m
[INFO] [1788891533.779387916] [GSL]: 10 gas measurements, 10 wind measurements over 2.02 seconds
[INFO] [1788891533.779449585] [GSL]: avg_gas=0.81;  avg_windSpeed=0.046;  avg_wind_dir=-0.39
[INFO] [1788891533.780142858] [GSL]: [33mGAS HIT[0m
[INFO] [1788891533.780167987] [GSL]: [DEBUG-WIND] useGroundTruth=false gmrf_req_size=631 gaden_req_size=-1
[INFO] [1788891533.780175364] [GSL]: [DEBUG-WIND] Taking GMRF path
[INFO] [1788891533.857527538] [GSL - Trace]: [32mEntering StopAndMeasure[0m
[INFO] [1788891535.779408826] [GSL]: 10 gas measurements, 10 wind measurements over 1.92 seconds
[INFO] [1788891535.779496910] [GSL]: avg_gas=0.81;  avg_windSpeed=0.049;  avg_wind_dir=-0.0035
[INFO] [1788891535.780420985] [GSL]: [33mGAS HIT[0m
[INFO] [1788891535.780435723] [GSL]: [DEBUG-WIND] useGroundTruth=false gmrf_req_size=631 gaden_req_size=-1
[INFO] [1788891535.780920486] [GSL]: [DEBUG-WIND] Taking GMRF path
[INFO] [1788891535.858283068] [GSL - Trace]: [32mEntering StopAndMeasure[0m
[INFO] [1788891537.729226192] [GSL]: 10 gas measurements, 10 wind measurements over 1.87 seconds
[INFO] [1788891537.729278718] [GSL]: avg_gas=0.84;  avg_windSpeed=0.046;  avg_wind_dir=-0.39
[INFO] [1788891537.730045231] [GSL]: [33mGAS HIT[0m
[INFO] [1788891537.730057099] [GSL]: [DEBUG-WIND] useGroundTruth=false gmrf_req_size=631 gaden_req_size=-1
[INFO] [1788891537.730064125] [GSL]: [DEBUG-WIND] Taking GMRF path
[INFO] [1788891537.757506691] [GSL - Trace]: [32mEntering StopAndMeasure[0m
[INFO] [1788891539.729302429] [GSL]: 10 gas measurements, 10 wind measurements over 1.97 seconds
[INFO] [1788891539.729367774] [GSL]: avg_gas=0.88;  avg_windSpeed=0.049;  avg_wind_dir=-0.0035
[INFO] [1788891539.730014276] [GSL]: [33mGAS HIT[0m
[INFO] [1788891539.730024482] [GSL]: [DEBUG-WIND] useGroundTruth=false gmrf_req_size=631 gaden_req_size=-1
[INFO] [1788891539.730031253] [GSL]: [DEBUG-WIND] Taking GMRF path
[INFO] [1788891539.757155371] [GSL - Trace]: [32mEntering StopAndMeasure[0m
[INFO] [1788891541.729300139] [GSL]: 10 gas measurements, 10 wind measurements over 1.97 seconds
[INFO] [1788891541.729358211] [GSL]: avg_gas=0.92;  avg_windSpeed=0.046;  avg_wind_dir=-0.39
[INFO] [1788891541.730006939] [GSL]: [33mGAS HIT[0m
[INFO] [1788891541.730016746] [GSL]: [DEBUG-WIND] useGroundTruth=false gmrf_req_size=631 gaden_req_size=-1
[INFO] [1788891541.730023378] [GSL]: [DEBUG-WIND] Taking GMRF path
[INFO] [1788891541.757154816] [GSL - Trace]: [32mEntering StopAndMeasure[0m
[INFO] [1788891543.729317503] [GSL]: 10 gas measurements, 10 wind measurements over 1.97 seconds
[INFO] [1788891543.729382101] [GSL]: avg_gas=0.92;  avg_windSpeed=0.049;  avg_wind_dir=-0.0035
[INFO] [1788891543.729995806] [GSL]: [33mGAS HIT[0m
[INFO] [1788891543.730006372] [GSL]: [DEBUG-WIND] useGroundTruth=false gmrf_req_size=631 gaden_req_size=-1
[INFO] [1788891543.730013069] [GSL]: [DEBUG-WIND] Taking GMRF path
[INFO] [1788891543.757196301] [GSL - Trace]: [32mEntering StopAndMeasure[0m
[INFO] [1788891545.729281072] [GSL]: 10 gas measurements, 10 wind measurements over 1.97 seconds
[INFO] [1788891545.729350605] [GSL]: avg_gas=0.89;  avg_windSpeed=0.046;  avg_wind_dir=-0.39
[INFO] [1788891545.729991127] [GSL]: [33mGAS HIT[0m
[INFO] [1788891545.730001143] [GSL]: [DEBUG-WIND] useGroundTruth=false gmrf_req_size=631 gaden_req_size=-1
[INFO] [1788891545.730008053] [GSL]: [DEBUG-WIND] Taking GMRF path
[INFO] [1788891545.757238302] [GSL - Trace]: [32mEntering StopAndMeasure[0m
[INFO] [1788891547.729768706] [GSL]: 10 gas measurements, 10 wind measurements over 1.97 seconds
[INFO] [1788891547.730035697] [GSL]: avg_gas=0.86;  avg_windSpeed=0.049;  avg_wind_dir=-0.0035
[INFO] [1788891547.730688276] [GSL]: [33mGAS HIT[0m
[INFO] [1788891547.730712178] [GSL]: [DEBUG-WIND] useGroundTruth=false gmrf_req_size=631 gaden_req_size=-1
[INFO] [1788891547.730719103] [GSL]: [DEBUG-WIND] Taking GMRF path
[INFO] [1788891547.757160062] [GSL]: [33mStarted simulations. Might take a while![0m
[INFO] [1788891548.048940367] [GSL]: CER contrastive context initialized: events=40, candidates=62, transport_members=3, fixed_ratio_weight=1, context_within_member=true, centered_log_odds=true, transport_pool=robust_log_variance
[INFO] [1788891548.049744201] [GSL - Trace]: [32mFirst simulation level done[0m
[INFO] [1788891548.049775510] [GSL]: [RC2-DIAG] scores_size=62 refineFraction=0.25 refine_product=15.5 valid_first_level=62 sum_sourceProbInternal_before_norm=169.52212742048363 min_sourceProbInternal_before_norm=0 max_sourceProbInternal_before_norm=0.999200279944007 finite_sourceProbInternal=1053 finite_varianceOfHitProb=1053
[INFO] [1788891548.326025699] [GSL - Trace]: [32mSimulation level 2 done[0m
[INFO] [1788891548.604029168] [GSL - Trace]: [32mSimulation level 3 done[0m
[INFO] [1788891548.771977689] [GSL - Trace]: [32mSimulation level 4 done[0m
[INFO] [1788891548.774849736] [GSL - Trace]: [32mSimulation level 5 done[0m
[INFO] [1788891548.775097076] [GSL]: Number of levels in the simulation: 5
[INFO] [1788891548.775108422] [GSL]: Total number of simulations: 200
[INFO] [1788891548.780858218] [GSL]: CORE sequential event-time commit: window_start=32, new_events=8, committed_total=40
[INFO] [1788891548.780888585] [GSL]: [RC2-DIAG] normalized_finite_count=1053 normalized_sum=1
[INFO] [1788891548.780897430] [GSL]: Time ellapsed in simulation = 1.023360671 s
[INFO] [1788891548.788980475] [GSL]: Max mutual info: 4.163
[INFO] [1788891548.789108507] [GSL]: MutualInformation - Ellapsed: 0.008s
[INFO] [1788891548.820081648] [GSL]: Sending goal (-1.94, -1.60)
[INFO] [1788891548.820722718] [GSL]: Variance: 1.82
[INFO] [1788891548.820744392] [GSL - Trace]: [32mEntering Moving[0m
[INFO] [1788891549.782612070] [GSL - Trace]: [32mEntering StopAndMeasure[0m
[INFO] [1788891551.760406541] [GSL]: 10 gas measurements, 10 wind measurements over 1.98 seconds
[INFO] [1788891551.760453434] [GSL]: avg_gas=0.9;  avg_windSpeed=0.065;  avg_wind_dir=-0.88
[INFO] [1788891551.761749500] [GSL]: [33mGAS HIT[0m
[INFO] [1788891551.761770751] [GSL]: [DEBUG-WIND] useGroundTruth=false gmrf_req_size=631 gaden_req_size=-1
[INFO] [1788891551.761777820] [GSL]: [DEBUG-WIND] Taking GMRF path
[INFO] [1788891551.857429741] [GSL - Trace]: [32mEntering StopAndMeasure[0m
[INFO] [1788891553.771530283] [GSL]: 10 gas measurements, 10 wind measurements over 1.91 seconds
[INFO] [1788891553.771590844] [GSL]: avg_gas=0.93;  avg_windSpeed=0.062;  avg_wind_dir=-0.89
[INFO] [1788891553.772170131] [GSL]: [33mGAS HIT[0m
[INFO] [1788891553.772179702] [GSL]: [DEBUG-WIND] useGroundTruth=false gmrf_req_size=631 gaden_req_size=-1
[INFO] [1788891553.772186646] [GSL]: [DEBUG-WIND] Taking GMRF path
[INFO] [1788891553.857492712] [GSL - Trace]: [32mEntering StopAndMeasure[0m
[INFO] [1788891555.771534095] [GSL]: 10 gas measurements, 10 wind measurements over 1.91 seconds
[INFO] [1788891555.771592776] [GSL]: avg_gas=0.95;  avg_windSpeed=0.065;  avg_wind_dir=-0.88
[INFO] [1788891555.772147388] [GSL]: [33mGAS HIT[0m
[INFO] [1788891555.772547027] [GSL]: [DEBUG-WIND] useGroundTruth=false gmrf_req_size=631 gaden_req_size=-1
[INFO] [1788891555.772559732] [GSL]: [DEBUG-WIND] Taking GMRF path
[INFO] [1788891555.857348292] [GSL - Trace]: [32mEntering StopAndMeasure[0m
[INFO] [1788891557.771635998] [GSL]: 10 gas measurements, 10 wind measurements over 1.91 seconds
[INFO] [1788891557.771692020] [GSL]: avg_gas=0.99;  avg_windSpeed=0.062;  avg_wind_dir=-0.89
[INFO] [1788891557.772259624] [GSL]: [33mGAS HIT[0m
[INFO] [1788891557.772269467] [GSL]: [DEBUG-WIND] useGroundTruth=false gmrf_req_size=631 gaden_req_size=-1
[INFO] [1788891557.772276239] [GSL]: [DEBUG-WIND] Taking GMRF path
[INFO] [1788891557.857790459] [GSL - Trace]: [32mEntering StopAndMeasure[0m
[INFO] [1788891559.771627154] [GSL]: 10 gas measurements, 10 wind measurements over 1.91 seconds
[INFO] [1788891559.771686264] [GSL]: avg_gas=1;  avg_windSpeed=0.065;  avg_wind_dir=-0.88
[INFO] [1788891559.772261792] [GSL]: [33mGAS HIT[0m
[INFO] [1788891559.772271314] [GSL]: [DEBUG-WIND] useGroundTruth=false gmrf_req_size=631 gaden_req_size=-1
[INFO] [1788891559.772729204] [GSL]: [DEBUG-WIND] Taking GMRF path
[INFO] [1788891559.857470752] [GSL - Trace]: [32mEntering StopAndMeasure[0m
[INFO] [1788891561.771780219] [GSL]: 10 gas measurements, 10 wind measurements over 1.91 seconds
[INFO] [1788891561.771892611] [GSL]: avg_gas=1;  avg_windSpeed=0.062;  avg_wind_dir=-0.89
[INFO] [1788891561.772418609] [GSL]: [33mGAS HIT[0m
[INFO] [1788891561.772427175] [GSL]: [DEBUG-WIND] useGroundTruth=false gmrf_req_size=631 gaden_req_size=-1
[INFO] [1788891561.772434054] [GSL]: [DEBUG-WIND] Taking GMRF path
[INFO] [1788891561.857689227] [GSL - Trace]: [32mEntering StopAndMeasure[0m
[INFO] [1788891563.771585300] [GSL]: 10 gas measurements, 10 wind measurements over 1.91 seconds
[INFO] [1788891563.771647280] [GSL]: avg_gas=1.1;  avg_windSpeed=0.065;  avg_wind_dir=-0.88
[INFO] [1788891563.772207066] [GSL]: [33mGAS HIT[0m
[INFO] [1788891563.772216300] [GSL]: [DEBUG-WIND] useGroundTruth=false gmrf_req_size=631 gaden_req_size=-1
[INFO] [1788891563.772534396] [GSL]: [DEBUG-WIND] Taking GMRF path
[INFO] [1788891563.857568976] [GSL - Trace]: [32mEntering StopAndMeasure[0m
[INFO] [1788891565.771759311] [GSL]: 10 gas measurements, 10 wind measurements over 1.91 seconds
[INFO] [1788891565.771815472] [GSL]: avg_gas=1.1;  avg_windSpeed=0.062;  avg_wind_dir=-0.89
[INFO] [1788891565.772485562] [GSL]: [33mGAS HIT[0m
[INFO] [1788891565.772513470] [GSL]: [DEBUG-WIND] useGroundTruth=false gmrf_req_size=631 gaden_req_size=-1
[INFO] [1788891565.772543278] [GSL]: [DEBUG-WIND] Taking GMRF path
[INFO] [1788891565.857754976] [GSL]: [33mStarted simulations. Might take a while![0m
[INFO] [1788891566.162386810] [GSL]: CER contrastive context initialized: events=48, candidates=62, transport_members=3, fixed_ratio_weight=1, context_within_member=true, centered_log_odds=true, transport_pool=robust_log_variance
[INFO] [1788891566.166870222] [GSL - Trace]: [32mFirst simulation level done[0m
[INFO] [1788891566.167568948] [GSL]: [RC2-DIAG] scores_size=62 refineFraction=0.25 refine_product=15.5 valid_first_level=62 sum_sourceProbInternal_before_norm=195.31285585342792 min_sourceProbInternal_before_norm=0 max_sourceProbInternal_before_norm=0.999200279944007 finite_sourceProbInternal=1053 finite_varianceOfHitProb=1053
[INFO] [1788891566.442246084] [GSL - Trace]: [32mSimulation level 2 done[0m
[INFO] [1788891566.712627830] [GSL - Trace]: [32mSimulation level 3 done[0m
[INFO] [1788891566.846961925] [GSL - Trace]: [32mSimulation level 4 done[0m
[INFO] [1788891566.847569125] [GSL - Trace]: [32mSimulation level 5 done[0m
[INFO] [1788891566.847583837] [GSL]: Number of levels in the simulation: 5
[INFO] [1788891566.847592193] [GSL]: Total number of simulations: 190
[INFO] [1788891566.847614463] [GSL]: CORE sequential event-time commit: window_start=40, new_events=8, committed_total=48
[INFO] [1788891566.847629278] [GSL]: [RC2-DIAG] normalized_finite_count=1053 normalized_sum=1
[INFO] [1788891566.847638226] [GSL]: Time ellapsed in simulation = 0.989702591 s
[INFO] [1788891566.851867093] [GSL]: Max mutual info: 4.133
[INFO] [1788891566.852017799] [GSL]: MutualInformation - Ellapsed: 0.004s
[INFO] [1788891566.883700150] [GSL]: Sending goal (-1.64, -3.40)
[INFO] [1788891566.884247278] [GSL]: Variance: 1.60
[INFO] [1788891566.884273088] [GSL - Trace]: [32mEntering Moving[0m
[INFO] [1788891568.206387432] [GSL - Trace]: [32mEntering StopAndMeasure[0m
[INFO] [1788891570.135377612] [GSL]: 10 gas measurements, 10 wind measurements over 1.93 seconds
[INFO] [1788891570.135431710] [GSL]: avg_gas=1.2;  avg_windSpeed=0.2;  avg_wind_dir=-1.7
[INFO] [1788891570.136002511] [GSL]: [33mGAS HIT[0m
[INFO] [1788891570.136012457] [GSL]: [DEBUG-WIND] useGroundTruth=false gmrf_req_size=631 gaden_req_size=-1
[INFO] [1788891570.136019395] [GSL]: [DEBUG-WIND] Taking GMRF path
[INFO] [1788891570.157437558] [GSL - Trace]: [32mEntering StopAndMeasure[0m
[INFO] [1788891572.135481120] [GSL]: 10 gas measurements, 10 wind measurements over 1.98 seconds
[INFO] [1788891572.135973834] [GSL]: avg_gas=1.3;  avg_windSpeed=0.19;  avg_wind_dir=-1.7
[INFO] [1788891572.136744021] [GSL]: [33mGAS HIT[0m
[INFO] [1788891572.136762498] [GSL]: [DEBUG-WIND] useGroundTruth=false gmrf_req_size=631 gaden_req_size=-1
[INFO] [1788891572.136771053] [GSL]: [DEBUG-WIND] Taking GMRF path
[INFO] [1788891572.157650675] [GSL - Trace]: [32mEntering StopAndMeasure[0m
[INFO] [1788891574.135531068] [GSL]: 10 gas measurements, 10 wind measurements over 1.98 seconds
[INFO] [1788891574.135588413] [GSL]: avg_gas=1.3;  avg_windSpeed=0.2;  avg_wind_dir=-1.7
[INFO] [1788891574.136137849] [GSL]: [33mGAS HIT[0m
[INFO] [1788891574.136147594] [GSL]: [DEBUG-WIND] useGroundTruth=false gmrf_req_size=631 gaden_req_size=-1
[INFO] [1788891574.136154294] [GSL]: [DEBUG-WIND] Taking GMRF path
[INFO] [1788891574.157082137] [GSL - Trace]: [32mEntering StopAndMeasure[0m
[INFO] [1788891576.135630633] [GSL]: 10 gas measurements, 10 wind measurements over 1.98 seconds
[INFO] [1788891576.135690381] [GSL]: avg_gas=1.3;  avg_windSpeed=0.19;  avg_wind_dir=-1.7
[INFO] [1788891576.136561400] [GSL]: [33mGAS HIT[0m
[INFO] [1788891576.136584936] [GSL]: [DEBUG-WIND] useGroundTruth=false gmrf_req_size=631 gaden_req_size=-1
[INFO] [1788891576.136591767] [GSL]: [DEBUG-WIND] Taking GMRF path
[INFO] [1788891576.157131884] [GSL - Trace]: [32mEntering StopAndMeasure[0m
[INFO] [1788891578.135454184] [GSL]: 10 gas measurements, 10 wind measurements over 1.98 seconds
[INFO] [1788891578.135521469] [GSL]: avg_gas=1.3;  avg_windSpeed=0.2;  avg_wind_dir=-1.7
[INFO] [1788891578.136433971] [GSL]: [33mGAS HIT[0m
[INFO] [1788891578.136470271] [GSL]: [DEBUG-WIND] useGroundTruth=false gmrf_req_size=631 gaden_req_size=-1
[INFO] [1788891578.136481294] [GSL]: [DEBUG-WIND] Taking GMRF path
[INFO] [1788891578.157149170] [GSL - Trace]: [32mEntering StopAndMeasure[0m
[INFO] [1788891580.135577571] [GSL]: 10 gas measurements, 10 wind measurements over 1.98 seconds
[INFO] [1788891580.135659379] [GSL]: avg_gas=1.3;  avg_windSpeed=0.19;  avg_wind_dir=-1.7
[INFO] [1788891580.136757427] [GSL]: [33mGAS HIT[0m
[INFO] [1788891580.136785931] [GSL]: [DEBUG-WIND] useGroundTruth=false gmrf_req_size=631 gaden_req_size=-1
[INFO] [1788891580.136794826] [GSL]: [DEBUG-WIND] Taking GMRF path
[INFO] [1788891580.157269668] [GSL - Trace]: [32mEntering StopAndMeasure[0m
[INFO] [1788891582.135513173] [GSL]: 10 gas measurements, 10 wind measurements over 1.98 seconds
[INFO] [1788891582.135577469] [GSL]: avg_gas=1.2;  avg_windSpeed=0.2;  avg_wind_dir=-1.7
[INFO] [1788891582.136142231] [GSL]: [33mGAS HIT[0m
[INFO] [1788891582.136152257] [GSL]: [DEBUG-WIND] useGroundTruth=false gmrf_req_size=631 gaden_req_size=-1
[INFO] [1788891582.136158956] [GSL]: [DEBUG-WIND] Taking GMRF path
[INFO] [1788891582.157174530] [GSL - Trace]: [32mEntering StopAndMeasure[0m
[INFO] [1788891584.135456185] [GSL]: 10 gas measurements, 10 wind measurements over 1.98 seconds
[INFO] [1788891584.135519567] [GSL]: avg_gas=1.2;  avg_windSpeed=0.19;  avg_wind_dir=-1.7
[INFO] [1788891584.136556913] [GSL]: [33mGAS HIT[0m
[INFO] [1788891584.136609122] [GSL]: [DEBUG-WIND] useGroundTruth=false gmrf_req_size=631 gaden_req_size=-1
[INFO] [1788891584.136616889] [GSL]: [DEBUG-WIND] Taking GMRF path
[INFO] [1788891584.157130763] [GSL]: [33mStarted simulations. Might take a while![0m
[INFO] [1788891584.455992487] [GSL]: CER contrastive context initialized: events=56, candidates=62, transport_members=3, fixed_ratio_weight=1, context_within_member=true, centered_log_odds=true, transport_pool=robust_log_variance
[INFO] [1788891584.460582378] [GSL - Trace]: [32mFirst simulation level done[0m
[INFO] [1788891584.460630198] [GSL]: [RC2-DIAG] scores_size=62 refineFraction=0.25 refine_product=15.5 valid_first_level=62 sum_sourceProbInternal_before_norm=238.22451722136853 min_sourceProbInternal_before_norm=0 max_sourceProbInternal_before_norm=0.999200279944007 finite_sourceProbInternal=1053 finite_varianceOfHitProb=1053
[INFO] [1788891584.731924463] [GSL - Trace]: [32mSimulation level 2 done[0m
[INFO] [1788891584.990758603] [GSL - Trace]: [32mSimulation level 3 done[0m
[INFO] [1788891585.144048186] [GSL - Trace]: [32mSimulation level 4 done[0m
[INFO] [1788891585.145021469] [GSL - Trace]: [32mSimulation level 5 done[0m
[INFO] [1788891585.145245781] [GSL]: Number of levels in the simulation: 5
[INFO] [1788891585.145257313] [GSL]: Total number of simulations: 190
[INFO] [1788891585.145781673] [GSL]: CORE sequential event-time commit: window_start=48, new_events=8, committed_total=56
[INFO] [1788891585.145805264] [GSL]: [RC2-DIAG] normalized_finite_count=1053 normalized_sum=1
[INFO] [1788891585.145815707] [GSL]: Time ellapsed in simulation = 0.9886398160000001 s
[INFO] [1788891585.148859569] [GSL]: Max mutual info: 3.827
[INFO] [1788891585.148977856] [GSL]: MutualInformation - Ellapsed: 0.003s
[INFO] [1788891585.181285663] [GSL]: Sending goal (-2.24, -5.80)
[INFO] [1788891585.181968828] [GSL]: Variance: 1.53
[INFO] [1788891585.181991969] [GSL - Trace]: [32mEntering Moving[0m
[INFO] [1788891587.010817580] [GSL - Trace]: [32mEntering StopAndMeasure[0m
[INFO] [1788891588.933013936] [GSL]: 10 gas measurements, 10 wind measurements over 1.92 seconds
[INFO] [1788891588.933066220] [GSL]: avg_gas=0.95;  avg_windSpeed=0.36;  avg_wind_dir=-2
[INFO] [1788891588.933552639] [GSL]: [33mGAS HIT[0m
[INFO] [1788891588.933561681] [GSL]: [DEBUG-WIND] useGroundTruth=false gmrf_req_size=631 gaden_req_size=-1
[INFO] [1788891588.933568169] [GSL]: [DEBUG-WIND] Taking GMRF path
[INFO] [1788891588.957970596] [GSL - Trace]: [32mEntering StopAndMeasure[0m
[INFO] [1788891590.933033506] [GSL]: 10 gas measurements, 10 wind measurements over 1.97 seconds
[INFO] [1788891590.933088452] [GSL]: avg_gas=0.86;  avg_windSpeed=0.38;  avg_wind_dir=-1.9
[INFO] [1788891590.933577993] [GSL]: [33mGAS HIT[0m
[INFO] [1788891590.933587227] [GSL]: [DEBUG-WIND] useGroundTruth=false gmrf_req_size=631 gaden_req_size=-1
[INFO] [1788891590.933594005] [GSL]: [DEBUG-WIND] Taking GMRF path
[INFO] [1788891590.957341971] [GSL - Trace]: [32mEntering StopAndMeasure[0m
[INFO] [1788891592.933002138] [GSL]: 10 gas measurements, 10 wind measurements over 1.98 seconds
[INFO] [1788891592.933056003] [GSL]: avg_gas=0.96;  avg_windSpeed=0.36;  avg_wind_dir=-2
[INFO] [1788891592.933626272] [GSL]: [33mGAS HIT[0m
[INFO] [1788891592.933663927] [GSL]: [DEBUG-WIND] useGroundTruth=false gmrf_req_size=631 gaden_req_size=-1
[INFO] [1788891592.933671412] [GSL]: [DEBUG-WIND] Taking GMRF path
[INFO] [1788891592.957371573] [GSL - Trace]: [32mEntering StopAndMeasure[0m
[INFO] [1788891594.933080760] [GSL]: 10 gas measurements, 10 wind measurements over 1.98 seconds
[INFO] [1788891594.933137589] [GSL]: avg_gas=1.1;  avg_windSpeed=0.38;  avg_wind_dir=-1.9
[INFO] [1788891594.933641332] [GSL]: [33mGAS HIT[0m
[INFO] [1788891594.933651227] [GSL]: [DEBUG-WIND] useGroundTruth=false gmrf_req_size=631 gaden_req_size=-1
[INFO] [1788891594.933658608] [GSL]: [DEBUG-WIND] Taking GMRF path
[INFO] [1788891594.957726075] [GSL - Trace]: [32mEntering StopAndMeasure[0m
[INFO] [1788891596.933028456] [GSL]: 10 gas measurements, 10 wind measurements over 1.98 seconds
[INFO] [1788891596.933362388] [GSL]: avg_gas=0.91;  avg_windSpeed=0.36;  avg_wind_dir=-2
[INFO] [1788891596.933868560] [GSL]: [33mGAS HIT[0m
[INFO] [1788891596.933878542] [GSL]: [DEBUG-WIND] useGroundTruth=false gmrf_req_size=631 gaden_req_size=-1
[INFO] [1788891596.933885381] [GSL]: [DEBUG-WIND] Taking GMRF path
[INFO] [1788891596.957366134] [GSL - Trace]: [32mEntering StopAndMeasure[0m
[INFO] [1788891598.933048044] [GSL]: 10 gas measurements, 10 wind measurements over 1.98 seconds
[INFO] [1788891598.933104071] [GSL]: avg_gas=0.87;  avg_windSpeed=0.38;  avg_wind_dir=-1.9
[INFO] [1788891598.933667870] [GSL]: [33mGAS HIT[0m
[INFO] [1788891598.933678166] [GSL]: [DEBUG-WIND] useGroundTruth=false gmrf_req_size=631 gaden_req_size=-1
[INFO] [1788891598.933686014] [GSL]: [DEBUG-WIND] Taking GMRF path
[INFO] [1788891598.957467200] [GSL - Trace]: [32mEntering StopAndMeasure[0m
[INFO] [1788891600.932982726] [GSL]: 10 gas measurements, 10 wind measurements over 1.98 seconds
[INFO] [1788891600.933311258] [GSL]: avg_gas=0.92;  avg_windSpeed=0.36;  avg_wind_dir=-2
[INFO] [1788891600.933883282] [GSL]: [33mGAS HIT[0m
[INFO] [1788891600.933894809] [GSL]: [DEBUG-WIND] useGroundTruth=false gmrf_req_size=631 gaden_req_size=-1
[INFO] [1788891600.933902891] [GSL]: [DEBUG-WIND] Taking GMRF path
[INFO] [1788891600.957660355] [GSL - Trace]: [32mEntering StopAndMeasure[0m
[INFO] [1788891602.933037668] [GSL]: 10 gas measurements, 10 wind measurements over 1.98 seconds
[INFO] [1788891602.933090653] [GSL]: avg_gas=0.86;  avg_windSpeed=0.38;  avg_wind_dir=-1.9
[INFO] [1788891602.933679449] [GSL]: [33mGAS HIT[0m
[INFO] [1788891602.933707955] [GSL]: [DEBUG-WIND] useGroundTruth=false gmrf_req_size=631 gaden_req_size=-1
[INFO] [1788891602.933715250] [GSL]: [DEBUG-WIND] Taking GMRF path
[INFO] [1788891602.957586365] [GSL]: [33mStarted simulations. Might take a while![0m
[INFO] [1788891603.263966919] [GSL]: CER contrastive context initialized: events=64, candidates=62, transport_members=3, fixed_ratio_weight=1, context_within_member=true, centered_log_odds=true, transport_pool=robust_log_variance
[INFO] [1788891603.265242030] [GSL - Trace]: [32mFirst simulation level done[0m
[INFO] [1788891603.265280354] [GSL]: [RC2-DIAG] scores_size=62 refineFraction=0.25 refine_product=15.5 valid_first_level=62 sum_sourceProbInternal_before_norm=156.08072187623276 min_sourceProbInternal_before_norm=0 max_sourceProbInternal_before_norm=0.999200279944007 finite_sourceProbInternal=1053 finite_varianceOfHitProb=1053
[INFO] [1788891603.534584868] [GSL - Trace]: [32mSimulation level 2 done[0m
[INFO] [1788891603.744620446] [GSL - Trace]: [32mSimulation level 3 done[0m
[INFO] [1788891603.803052481] [GSL - Trace]: [32mSimulation level 4 done[0m
[INFO] [1788891603.812913571] [GSL - Trace]: [32mSimulation level 5 done[0m
[INFO] [1788891603.812949245] [GSL]: Number of levels in the simulation: 5
[INFO] [1788891603.812957930] [GSL]: Total number of simulations: 158
[INFO] [1788891603.818854270] [GSL]: CORE sequential event-time commit: window_start=56, new_events=8, committed_total=64
[INFO] [1788891603.818904061] [GSL]: [RC2-DIAG] normalized_finite_count=1053 normalized_sum=1
[INFO] [1788891603.818913667] [GSL]: Time ellapsed in simulation = 0.8612201960000001 s
[INFO] [1788891603.826990011] [GSL]: Max mutual info: 1.883
[INFO] [1788891603.827155522] [GSL]: MutualInformation - Ellapsed: 0.008s
[INFO] [1788891603.858662261] [GSL]: Sending goal (-4.04, -3.70)
[INFO] [1788891603.859412512] [GSL]: Variance: 0.19
[INFO] [1788891603.859438035] [GSL - Trace]: [32mEntering Moving[0m
[INFO] [1788891607.007062911] [GSL - Trace]: [32mEntering StopAndMeasure[0m
[INFO] [1788891608.960996672] [GSL]: 10 gas measurements, 10 wind measurements over 1.95 seconds
[INFO] [1788891608.961058120] [GSL]: avg_gas=0.95;  avg_windSpeed=0.027;  avg_wind_dir=-2.9
[INFO] [1788891608.962041826] [GSL]: [33mGAS HIT[0m
[INFO] [1788891608.962127538] [GSL]: [DEBUG-WIND] useGroundTruth=false gmrf_req_size=631 gaden_req_size=-1
[INFO] [1788891608.962628443] [GSL]: [DEBUG-WIND] Taking GMRF path
[INFO] [1788891609.057784649] [GSL - Trace]: [32mEntering StopAndMeasure[0m
[INFO] [1788891610.961070554] [GSL]: 10 gas measurements, 10 wind measurements over 1.90 seconds
[INFO] [1788891610.961159035] [GSL]: avg_gas=0.96;  avg_windSpeed=0.038;  avg_wind_dir=3
[INFO] [1788891610.962197087] [GSL]: [33mGAS HIT[0m
[INFO] [1788891610.962233308] [GSL]: [DEBUG-WIND] useGroundTruth=false gmrf_req_size=631 gaden_req_size=-1
[INFO] [1788891610.962244694] [GSL]: [DEBUG-WIND] Taking GMRF path
[INFO] [1788891611.057613304] [GSL - Trace]: [32mEntering StopAndMeasure[0m
[INFO] [1788891612.960419557] [GSL]: 10 gas measurements, 10 wind measurements over 1.90 seconds
[INFO] [1788891612.960505874] [GSL]: avg_gas=0.96;  avg_windSpeed=0.027;  avg_wind_dir=-2.9
[INFO] [1788891612.961617675] [GSL]: [33mGAS HIT[0m
[INFO] [1788891612.961656073] [GSL]: [DEBUG-WIND] useGroundTruth=false gmrf_req_size=631 gaden_req_size=-1
[INFO] [1788891612.961666211] [GSL]: [DEBUG-WIND] Taking GMRF path
[INFO] [1788891613.057928913] [GSL - Trace]: [32mEntering StopAndMeasure[0m
[INFO] [1788891614.938040078] [GSL]: 10 gas measurements, 10 wind measurements over 1.88 seconds
[INFO] [1788891614.938095831] [GSL]: avg_gas=0.7;  avg_windSpeed=0.029;  avg_wind_dir=2.7
[INFO] [1788891614.938769387] [GSL]: [33mGAS HIT[0m
[INFO] [1788891614.938780257] [GSL]: [DEBUG-WIND] useGroundTruth=false gmrf_req_size=631 gaden_req_size=-1
[INFO] [1788891614.938787010] [GSL]: [DEBUG-WIND] Taking GMRF path
[INFO] [1788891614.957453671] [GSL - Trace]: [32mEntering StopAndMeasure[0m
[INFO] [1788891616.960744128] [GSL]: 10 gas measurements, 10 wind measurements over 2.00 seconds
[INFO] [1788891616.960830158] [GSL]: avg_gas=0.15;  avg_windSpeed=0.031;  avg_wind_dir=-2.9
[INFO] [1788891616.961810134] [GSL]: [33mGAS HIT[0m
[INFO] [1788891616.961825812] [GSL]: [DEBUG-WIND] useGroundTruth=false gmrf_req_size=631 gaden_req_size=-1
[INFO] [1788891616.961846511] [GSL]: [DEBUG-WIND] Taking GMRF path
[INFO] [1788891617.057317046] [GSL - Trace]: [32mEntering StopAndMeasure[0m
[INFO] [1788891618.960905411] [GSL]: 10 gas measurements, 10 wind measurements over 1.90 seconds
[INFO] [1788891618.961009744] [GSL]: avg_gas=0.029;  avg_windSpeed=0.03;  avg_wind_dir=3.1
[INFO] [1788891618.961874190] [GSL]: [33mNOTHING [0m
[INFO] [1788891618.961941895] [GSL]: [DEBUG-WIND] useGroundTruth=false gmrf_req_size=631 gaden_req_size=-1
[INFO] [1788891618.961953301] [GSL]: [DEBUG-WIND] Taking GMRF path
[INFO] [1788891619.057529034] [GSL - Trace]: [32mEntering StopAndMeasure[0m
[INFO] [1788891620.960806116] [GSL]: 10 gas measurements, 10 wind measurements over 1.90 seconds
[INFO] [1788891620.960928169] [GSL]: avg_gas=0.0055;  avg_windSpeed=0.036;  avg_wind_dir=-3
[INFO] [1788891620.961632197] [GSL]: [33mNOTHING [0m
[INFO] [1788891620.961643329] [GSL]: [DEBUG-WIND] useGroundTruth=false gmrf_req_size=631 gaden_req_size=-1
[INFO] [1788891620.961651562] [GSL]: [DEBUG-WIND] Taking GMRF path
[INFO] [1788891621.057483992] [GSL - Trace]: [32mEntering StopAndMeasure[0m
[INFO] [1788891622.960990818] [GSL]: 10 gas measurements, 10 wind measurements over 1.90 seconds
[INFO] [1788891622.961145455] [GSL]: avg_gas=0.001;  avg_windSpeed=0.025;  avg_wind_dir=-3.1
[INFO] [1788891622.962042016] [GSL]: [33mNOTHING [0m
[INFO] [1788891622.962057726] [GSL]: [DEBUG-WIND] useGroundTruth=false gmrf_req_size=631 gaden_req_size=-1
[INFO] [1788891622.962068102] [GSL]: [DEBUG-WIND] Taking GMRF path
[INFO] [1788891623.058134388] [GSL]: [33mStarted simulations. Might take a while![0m
[INFO] [1788891623.352140933] [GSL]: CER contrastive context initialized: events=72, candidates=62, transport_members=3, fixed_ratio_weight=1, context_within_member=true, centered_log_odds=true, transport_pool=robust_log_variance
[INFO] [1788891623.353215937] [GSL - Trace]: [32mFirst simulation level done[0m
[INFO] [1788891623.353245422] [GSL]: [RC2-DIAG] scores_size=62 refineFraction=0.25 refine_product=15.5 valid_first_level=62 sum_sourceProbInternal_before_norm=0.15229531881897115 min_sourceProbInternal_before_norm=0 max_sourceProbInternal_before_norm=0.0004170137230880185 finite_sourceProbInternal=1053 finite_varianceOfHitProb=1053
[INFO] [1788891623.625805017] [GSL - Trace]: [32mSimulation level 2 done[0m
[INFO] [1788891623.794716309] [GSL - Trace]: [32mSimulation level 3 done[0m
[INFO] [1788891623.851835223] [GSL - Trace]: [32mSimulation level 4 done[0m
[INFO] [1788891623.857861765] [GSL - Trace]: [32mSimulation level 5 done[0m
[INFO] [1788891623.857897671] [GSL]: Number of levels in the simulation: 5
[INFO] [1788891623.857905047] [GSL]: Total number of simulations: 146
[INFO] [1788891623.863857696] [GSL]: CORE sequential event-time commit: window_start=64, new_events=8, committed_total=72
[INFO] [1788891623.864435570] [GSL]: [RC2-DIAG] normalized_finite_count=1053 normalized_sum=1
[INFO] [1788891623.864451752] [GSL]: Time ellapsed in simulation = 0.806150099 s
[INFO] [1788891623.871793478] [GSL]: Max mutual info: 0.606
[INFO] [1788891623.872133137] [GSL]: MutualInformation - Ellapsed: 0.008s
[INFO] [1788891623.899531118] [GSL]: Sending goal (-1.04, -5.20)
[INFO] [1788891623.900187897] [GSL]: Variance: 0.12
[INFO] [1788891623.900210124] [GSL - Trace]: [32mEntering Moving[0m
[INFO] [1788891626.592666239] [GSL - Trace]: [32mEntering StopAndMeasure[0m
[INFO] [1788891628.601814814] [GSL]: 10 gas measurements, 10 wind measurements over 2.01 seconds
[INFO] [1788891628.601961483] [GSL]: avg_gas=9.8e-06;  avg_windSpeed=0.15;  avg_wind_dir=-1.9
[INFO] [1788891628.602832864] [GSL]: [33mNOTHING [0m
[INFO] [1788891628.602895747] [GSL]: [DEBUG-WIND] useGroundTruth=false gmrf_req_size=631 gaden_req_size=-1
[INFO] [1788891628.602906897] [GSL]: [DEBUG-WIND] Taking GMRF path
[INFO] [1788891628.657637821] [GSL - Trace]: [32mEntering StopAndMeasure[0m
[INFO] [1788891630.551700939] [GSL]: 10 gas measurements, 10 wind measurements over 1.89 seconds
[INFO] [1788891630.551753995] [GSL]: avg_gas=1.8e-06;  avg_windSpeed=0.17;  avg_wind_dir=-2.2
[INFO] [1788891630.552280756] [GSL]: [33mNOTHING [0m
[INFO] [1788891630.552489525] [GSL]: [DEBUG-WIND] useGroundTruth=false gmrf_req_size=631 gaden_req_size=-1
[INFO] [1788891630.552500918] [GSL]: [DEBUG-WIND] Taking GMRF path
[INFO] [1788891630.557101176] [GSL - Trace]: [32mEntering StopAndMeasure[0m
[INFO] [1788891632.551694220] [GSL]: 10 gas measurements, 10 wind measurements over 1.99 seconds
[INFO] [1788891632.551768386] [GSL]: avg_gas=3.5e-07;  avg_windSpeed=0.15;  avg_wind_dir=-1.9
[INFO] [1788891632.552363486] [GSL]: [33mNOTHING [0m
[INFO] [1788891632.552373807] [GSL]: [DEBUG-WIND] useGroundTruth=false gmrf_req_size=631 gaden_req_size=-1
[INFO] [1788891632.552380563] [GSL]: [DEBUG-WIND] Taking GMRF path
[INFO] [1788891632.557119362] [GSL - Trace]: [32mEntering StopAndMeasure[0m
[INFO] [1788891634.551680332] [GSL]: 10 gas measurements, 10 wind measurements over 1.99 seconds
[INFO] [1788891634.551738976] [GSL]: avg_gas=6.6e-08;  avg_windSpeed=0.17;  avg_wind_dir=-2.2
[INFO] [1788891634.552261838] [GSL]: [33mNOTHING [0m
[INFO] [1788891634.552522032] [GSL]: [DEBUG-WIND] useGroundTruth=false gmrf_req_size=631 gaden_req_size=-1
[INFO] [1788891634.552540508] [GSL]: [DEBUG-WIND] Taking GMRF path
[INFO] [1788891634.556983353] [GSL - Trace]: [32mEntering StopAndMeasure[0m
[INFO] [1788891636.601631647] [GSL]: 10 gas measurements, 10 wind measurements over 2.04 seconds
[INFO] [1788891636.601693972] [GSL]: avg_gas=1.2e-08;  avg_windSpeed=0.15;  avg_wind_dir=-1.9
[INFO] [1788891636.602227969] [GSL]: [33mNOTHING [0m
[INFO] [1788891636.602238790] [GSL]: [DEBUG-WIND] useGroundTruth=false gmrf_req_size=631 gaden_req_size=-1
[INFO] [1788891636.602245445] [GSL]: [DEBUG-WIND] Taking GMRF path
[INFO] [1788891636.658219529] [GSL - Trace]: [32mEntering StopAndMeasure[0m
[INFO] [1788891638.551691010] [GSL]: 10 gas measurements, 10 wind measurements over 1.89 seconds
[INFO] [1788891638.551759525] [GSL]: avg_gas=2.3e-09;  avg_windSpeed=0.17;  avg_wind_dir=-2.2
[INFO] [1788891638.552275668] [GSL]: [33mNOTHING [0m
[INFO] [1788891638.552285182] [GSL]: [DEBUG-WIND] useGroundTruth=false gmrf_req_size=631 gaden_req_size=-1
[INFO] [1788891638.552539129] [GSL]: [DEBUG-WIND] Taking GMRF path
[INFO] [1788891638.557096976] [GSL - Trace]: [32mEntering StopAndMeasure[0m
[INFO] [1788891640.551697182] [GSL]: 10 gas measurements, 10 wind measurements over 1.99 seconds
[INFO] [1788891640.551766599] [GSL]: avg_gas=4.4e-10;  avg_windSpeed=0.15;  avg_wind_dir=-1.9
[INFO] [1788891640.552440099] [GSL]: [33mNOTHING [0m
[INFO] [1788891640.552453976] [GSL]: [DEBUG-WIND] useGroundTruth=false gmrf_req_size=631 gaden_req_size=-1
[INFO] [1788891640.552463108] [GSL]: [DEBUG-WIND] Taking GMRF path
[INFO] [1788891640.557164529] [GSL - Trace]: [32mEntering StopAndMeasure[0m
[INFO] [1788891642.601649724] [GSL]: 10 gas measurements, 10 wind measurements over 2.04 seconds
[INFO] [1788891642.601723889] [GSL]: avg_gas=8.4e-11;  avg_windSpeed=0.14;  avg_wind_dir=-2.2
[INFO] [1788891642.602437700] [GSL]: [33mNOTHING [0m
[INFO] [1788891642.602452219] [GSL]: [DEBUG-WIND] useGroundTruth=false gmrf_req_size=631 gaden_req_size=-1
[INFO] [1788891642.603537681] [GSL]: [DEBUG-WIND] Taking GMRF path
[INFO] [1788891642.657191402] [GSL]: [33mStarted simulations. Might take a while![0m
[INFO] [1788891642.977213396] [GSL]: CER contrastive context initialized: events=80, candidates=62, transport_members=3, fixed_ratio_weight=1, context_within_member=true, centered_log_odds=true, transport_pool=robust_log_variance
[INFO] [1788891642.978966888] [GSL - Trace]: [32mFirst simulation level done[0m
[INFO] [1788891642.979246296] [GSL]: [RC2-DIAG] scores_size=62 refineFraction=0.25 refine_product=15.5 valid_first_level=62 sum_sourceProbInternal_before_norm=180.0815344773549 min_sourceProbInternal_before_norm=0 max_sourceProbInternal_before_norm=0.44246077267163364 finite_sourceProbInternal=1053 finite_varianceOfHitProb=1053
[INFO] [1788891643.212567948] [GSL - Trace]: [32mSimulation level 2 done[0m
[INFO] [1788891643.365973471] [GSL - Trace]: [32mSimulation level 3 done[0m
[INFO] [1788891643.366676987] [GSL - Trace]: [32mSimulation level 4 done[0m
[INFO] [1788891643.367144757] [GSL]: Number of levels in the simulation: 4
[INFO] [1788891643.367167984] [GSL]: Total number of simulations: 136
[INFO] [1788891643.367213714] [GSL]: CORE sequential event-time commit: window_start=72, new_events=8, committed_total=80
[INFO] [1788891643.367227105] [GSL]: [RC2-DIAG] normalized_finite_count=1053 normalized_sum=1
[INFO] [1788891643.367234100] [GSL]: Time ellapsed in simulation = 0.709984571 s
[INFO] [1788891643.370459312] [GSL]: Max mutual info: 0.867
[INFO] [1788891643.370559031] [GSL]: MutualInformation - Ellapsed: 0.003s
[INFO] [1788891643.400816125] [GSL]: Sending goal (-4.64, -1.90)
[INFO] [1788891643.401264922] [GSL]: Variance: 0.11
[INFO] [1788891643.401289570] [GSL - Trace]: [32mEntering Moving[0m
[INFO] [1788891647.203403445] [GSL - Trace]: [32mEntering StopAndMeasure[0m
[INFO] [1788891649.152178565] [GSL]: 10 gas measurements, 10 wind measurements over 1.95 seconds
[INFO] [1788891649.152243099] [GSL]: avg_gas=3.4e-13;  avg_windSpeed=0.046;  avg_wind_dir=1.2
[INFO] [1788891649.153382321] [GSL]: [33mNOTHING [0m
[INFO] [1788891649.153442164] [GSL]: [DEBUG-WIND] useGroundTruth=false gmrf_req_size=631 gaden_req_size=-1
[INFO] [1788891649.153450702] [GSL]: [DEBUG-WIND] Taking GMRF path
[INFO] [1788891649.157154509] [GSL - Trace]: [32mEntering StopAndMeasure[0m
[INFO] [1788891651.152204303] [GSL]: 10 gas measurements, 10 wind measurements over 2.00 seconds
[INFO] [1788891651.152268465] [GSL]: avg_gas=6.5e-14;  avg_windSpeed=0.085;  avg_wind_dir=1.8
[INFO] [1788891651.152898359] [GSL]: [33mNOTHING [0m
[INFO] [1788891651.152926819] [GSL]: [DEBUG-WIND] useGroundTruth=false gmrf_req_size=631 gaden_req_size=-1
[INFO] [1788891651.152934024] [GSL]: [DEBUG-WIND] Taking GMRF path
[INFO] [1788891651.157110300] [GSL - Trace]: [32mEntering StopAndMeasure[0m
[INFO] [1788891653.152551981] [GSL]: 10 gas measurements, 10 wind measurements over 2.00 seconds
[INFO] [1788891653.152652057] [GSL]: avg_gas=1.2e-14;  avg_windSpeed=0.04;  avg_wind_dir=1.1
[INFO] [1788891653.154250652] [GSL]: [33mNOTHING [0m
[INFO] [1788891653.154282680] [GSL]: [DEBUG-WIND] useGroundTruth=false gmrf_req_size=631 gaden_req_size=-1
[INFO] [1788891653.154294274] [GSL]: [DEBUG-WIND] Taking GMRF path
[INFO] [1788891653.157781538] [GSL - Trace]: [32mEntering StopAndMeasure[0m
[INFO] [1788891655.152481338] [GSL]: 10 gas measurements, 10 wind measurements over 1.99 seconds
[INFO] [1788891655.152587345] [GSL]: avg_gas=2.3e-15;  avg_windSpeed=0.083;  avg_wind_dir=1.8
[INFO] [1788891655.153494933] [GSL]: [33mNOTHING [0m
[INFO] [1788891655.153511187] [GSL]: [DEBUG-WIND] useGroundTruth=false gmrf_req_size=631 gaden_req_size=-1
[INFO] [1788891655.153521584] [GSL]: [DEBUG-WIND] Taking GMRF path
[INFO] [1788891655.157654395] [GSL - Trace]: [32mEntering StopAndMeasure[0m
[INFO] [1788891657.152327654] [GSL]: 10 gas measurements, 10 wind measurements over 1.99 seconds
[INFO] [1788891657.152389275] [GSL]: avg_gas=4.4e-16;  avg_windSpeed=0.047;  avg_wind_dir=1.1
[INFO] [1788891657.153423552] [GSL]: [33mNOTHING [0m
[INFO] [1788891657.153496018] [GSL]: [DEBUG-WIND] useGroundTruth=false gmrf_req_size=631 gaden_req_size=-1
[INFO] [1788891657.153504667] [GSL]: [DEBUG-WIND] Taking GMRF path
[INFO] [1788891657.157430194] [GSL - Trace]: [32mEntering StopAndMeasure[0m
[INFO] [1788891659.152524245] [GSL]: 10 gas measurements, 10 wind measurements over 2.00 seconds
[INFO] [1788891659.152617788] [GSL]: avg_gas=8.2e-17;  avg_windSpeed=0.076;  avg_wind_dir=1.8
[INFO] [1788891659.153656051] [GSL]: [33mNOTHING [0m
[INFO] [1788891659.153673419] [GSL]: [DEBUG-WIND] useGroundTruth=false gmrf_req_size=631 gaden_req_size=-1
[INFO] [1788891659.153685623] [GSL]: [DEBUG-WIND] Taking GMRF path
[INFO] [1788891659.157365444] [GSL - Trace]: [32mEntering StopAndMeasure[0m
[INFO] [1788891661.152613036] [GSL]: 10 gas measurements, 10 wind measurements over 2.00 seconds
[INFO] [1788891661.152752361] [GSL]: avg_gas=1.6e-17;  avg_windSpeed=0.056;  avg_wind_dir=1.2
[INFO] [1788891661.153704972] [GSL]: [33mNOTHING [0m
[INFO] [1788891661.154294007] [GSL]: [DEBUG-WIND] useGroundTruth=false gmrf_req_size=631 gaden_req_size=-1
[INFO] [1788891661.154320245] [GSL]: [DEBUG-WIND] Taking GMRF path
[INFO] [1788891661.157561501] [GSL - Trace]: [32mEntering StopAndMeasure[0m
[INFO] [1788891663.152367484] [GSL]: 10 gas measurements, 10 wind measurements over 1.99 seconds
[INFO] [1788891663.152458981] [GSL]: avg_gas=2.9e-18;  avg_windSpeed=0.067;  avg_wind_dir=1.7
[INFO] [1788891663.153394022] [GSL]: [33mNOTHING [0m
[INFO] [1788891663.153411793] [GSL]: [DEBUG-WIND] useGroundTruth=false gmrf_req_size=631 gaden_req_size=-1
[INFO] [1788891663.153423461] [GSL]: [DEBUG-WIND] Taking GMRF path
[INFO] [1788891663.157531266] [GSL]: [33mStarted simulations. Might take a while![0m
[INFO] [1788891663.469165713] [GSL]: CER contrastive context initialized: events=88, candidates=62, transport_members=3, fixed_ratio_weight=1, context_within_member=true, centered_log_odds=true, transport_pool=robust_log_variance
[INFO] [1788891663.471060881] [GSL - Trace]: [32mFirst simulation level done[0m
[INFO] [1788891663.471350145] [GSL]: [RC2-DIAG] scores_size=62 refineFraction=0.25 refine_product=15.5 valid_first_level=62 sum_sourceProbInternal_before_norm=163.4820696881701 min_sourceProbInternal_before_norm=0 max_sourceProbInternal_before_norm=0.3538572936973302 finite_sourceProbInternal=1053 finite_varianceOfHitProb=1053
[INFO] [1788891663.734955880] [GSL - Trace]: [32mSimulation level 2 done[0m
[INFO] [1788891663.892409449] [GSL - Trace]: [32mSimulation level 3 done[0m
[INFO] [1788891663.947953472] [GSL - Trace]: [32mSimulation level 4 done[0m
[INFO] [1788891663.948305697] [GSL - Trace]: [32mSimulation level 5 done[0m
[INFO] [1788891663.948316930] [GSL]: Number of levels in the simulation: 5
[INFO] [1788891663.948323564] [GSL]: Total number of simulations: 140
[INFO] [1788891663.948341911] [GSL]: CORE sequential event-time commit: window_start=80, new_events=8, committed_total=88
[INFO] [1788891663.948353762] [GSL]: [RC2-DIAG] normalized_finite_count=1053 normalized_sum=1
[INFO] [1788891663.949275212] [GSL]: Time ellapsed in simulation = 0.7916528310000001 s
[INFO] [1788891663.952411375] [GSL]: Max mutual info: 0.100
[INFO] [1788891663.952546404] [GSL]: MutualInformation - Ellapsed: 0.003s
[INFO] [1788891663.984747496] [GSL]: Sending goal (-3.74, -1.30)
[INFO] [1788891663.985140688] [GSL]: Variance: 0.00
[INFO] [1788891663.985158645] [GSL - Trace]: [32mEntering Moving[0m
[INFO] [1788891664.798588204] [GSL - Trace]: [32mEntering StopAndMeasure[0m
[INFO] [1788891665.862895171] [GSL]: Could not find the source. Sorry!
[INFO] [1788891666.883290961] [GSL]: [34mDONE, CLOSING[0m
