[WARN] [1788891414.105033653] [rcl.logging_rosout]: Publisher already registered for provided node name. If this is due to multiple nodes with the same name then all logs for that logger name will go out over the existing publisher. As soon as any node with that name is destructed it will unregister the publisher, preventing any further logs for that name from being published on the rosout topic.
[INFO] [1788891414.138863407] [vgr_uav_sim]: Loading VGR data from /mnt/hgfs/workspace/GADEN_files/scenarios/House02, config=3,5-1_fast
[INFO] [1788891414.183142438] [vgr_uav_sim]: Occupancy: 83x119 slice z_idx=13 (z=0.3m), free=6811, obstacle=3066, input_sha256=9402690152be4568ced8f2256e9098d82691aaaa1f22a1887eeac55d0e5d098d
[INFO] [1788891414.466293219] [vgr_uav_sim]: Gas backend=gaden_player service=/frame_query
[INFO] [1788891414.466679075] [vgr_uav_sim]: GADEN realization=FilamentSimulation_gasType_10_sourcePosition_0.00_-1.00_0.20, max_iteration=1999
[INFO] [1788891414.474949529] [vgr_uav_sim]: Sensor-safe occupancy intersection: 83x119 min=[-5.39273, -7.45088] max=[2.9072700000000005, 4.449120000000001]
[INFO] [1788891414.478335673] [vgr_uav_sim]: Navigation grid: coarse 27x39 cell=0.3000 free=643 obstacle=410 (reduce_scale=3)
[INFO] [1788891414.508449730] [vgr_uav_sim]: UAV Sim v3 ready. Start=(-0.5,-2.5), sim_dt=0.200s, realtime_factor=1.00, sensor=asymmetric, vertical_motion=False, open_loop_profile=hover
[WARN] [1788891441.980379468] [vgr_uav_sim]: PLAN_CB: called with goal=(-1.64,-2.50)
[WARN] [1788891441.982297046] [vgr_uav_sim]: PLAN_CB: returning 6 poses
[WARN] [1788891441.991404057] [vgr_uav_sim]: PLAN_CB: called with goal=(-1.64,-2.50)
[WARN] [1788891441.992594786] [vgr_uav_sim]: PLAN_CB: returning 6 poses
[INFO] [1788891442.004684763] [vgr_uav_sim]: Prepared 6 collision-free navigation waypoints to (-1.64, -2.50)
[INFO] [1788891442.006032278] [vgr_uav_sim]: UAV navigating in audited 2-D mode to (-1.64, -2.50, 0.30)
[WARN] [1788891458.982812760] [vgr_uav_sim]: PLAN_CB: called with goal=(-2.54,-2.50)
[WARN] [1788891458.986894502] [vgr_uav_sim]: PLAN_CB: returning 5 poses
[WARN] [1788891458.996279599] [vgr_uav_sim]: PLAN_CB: called with goal=(-2.54,-2.50)
[WARN] [1788891458.997442600] [vgr_uav_sim]: PLAN_CB: returning 5 poses
[INFO] [1788891459.009190861] [vgr_uav_sim]: Prepared 5 collision-free navigation waypoints to (-2.54, -2.50)
[INFO] [1788891459.010608469] [vgr_uav_sim]: UAV navigating in audited 2-D mode to (-2.54, -2.50, 0.30)
[WARN] [1788891476.644162648] [vgr_uav_sim]: PLAN_CB: called with goal=(-3.44,-2.50)
[WARN] [1788891476.646689546] [vgr_uav_sim]: PLAN_CB: returning 5 poses
[WARN] [1788891476.660378298] [vgr_uav_sim]: PLAN_CB: called with goal=(-3.44,-2.50)
[WARN] [1788891476.661578876] [vgr_uav_sim]: PLAN_CB: returning 5 poses
[INFO] [1788891476.672321346] [vgr_uav_sim]: Prepared 5 collision-free navigation waypoints to (-3.44, -2.50)
[INFO] [1788891476.673419477] [vgr_uav_sim]: UAV navigating in audited 2-D mode to (-3.44, -2.50, 0.30)
[WARN] [1788891494.486175254] [vgr_uav_sim]: PLAN_CB: called with goal=(-4.04,-3.10)
[WARN] [1788891494.488881663] [vgr_uav_sim]: PLAN_CB: returning 4 poses
[WARN] [1788891494.500797350] [vgr_uav_sim]: PLAN_CB: called with goal=(-4.04,-3.10)
[WARN] [1788891494.501870339] [vgr_uav_sim]: PLAN_CB: returning 4 poses
[INFO] [1788891494.541757279] [vgr_uav_sim]: Prepared 4 collision-free navigation waypoints to (-4.04, -3.10)
[INFO] [1788891494.542720990] [vgr_uav_sim]: UAV navigating in audited 2-D mode to (-4.04, -3.10, 0.30)
[WARN] [1788891512.303672376] [vgr_uav_sim]: PLAN_CB: called with goal=(-4.64,-3.10)
[WARN] [1788891512.305111064] [vgr_uav_sim]: PLAN_CB: returning 4 poses
[WARN] [1788891512.325495279] [vgr_uav_sim]: PLAN_CB: called with goal=(-4.64,-3.10)
[WARN] [1788891512.326459733] [vgr_uav_sim]: PLAN_CB: returning 4 poses
[INFO] [1788891512.337087661] [vgr_uav_sim]: Prepared 4 collision-free navigation waypoints to (-4.64, -3.10)
[INFO] [1788891512.338028022] [vgr_uav_sim]: UAV navigating in audited 2-D mode to (-4.64, -3.10, 0.30)
[WARN] [1788891529.991157976] [vgr_uav_sim]: PLAN_CB: called with goal=(-3.14,-1.30)
[WARN] [1788891530.007475043] [vgr_uav_sim]: PLAN_CB: returning 8 poses
[WARN] [1788891530.017194251] [vgr_uav_sim]: PLAN_CB: called with goal=(-3.14,-1.30)
[WARN] [1788891530.018573446] [vgr_uav_sim]: PLAN_CB: returning 8 poses
[INFO] [1788891530.029311045] [vgr_uav_sim]: Prepared 8 collision-free navigation waypoints to (-3.14, -1.30)
[INFO] [1788891530.030454726] [vgr_uav_sim]: UAV navigating in audited 2-D mode to (-3.14, -1.30, 0.30)
[WARN] [1788891548.792721047] [vgr_uav_sim]: PLAN_CB: called with goal=(-1.94,-1.60)
[WARN] [1788891548.798648628] [vgr_uav_sim]: PLAN_CB: returning 6 poses
[WARN] [1788891548.809472974] [vgr_uav_sim]: PLAN_CB: called with goal=(-1.94,-1.60)
[WARN] [1788891548.810618490] [vgr_uav_sim]: PLAN_CB: returning 6 poses
[INFO] [1788891548.822321755] [vgr_uav_sim]: Prepared 6 collision-free navigation waypoints to (-1.94, -1.60)
[INFO] [1788891548.823413358] [vgr_uav_sim]: UAV navigating in audited 2-D mode to (-1.94, -1.60, 0.30)
[WARN] [1788891566.856834748] [vgr_uav_sim]: PLAN_CB: called with goal=(-1.64,-3.40)
[WARN] [1788891566.864666578] [vgr_uav_sim]: PLAN_CB: returning 8 poses
[WARN] [1788891566.873720992] [vgr_uav_sim]: PLAN_CB: called with goal=(-1.64,-3.40)
[WARN] [1788891566.875229574] [vgr_uav_sim]: PLAN_CB: returning 8 poses
[INFO] [1788891566.885772720] [vgr_uav_sim]: Prepared 8 collision-free navigation waypoints to (-1.64, -3.40)
[INFO] [1788891566.886721445] [vgr_uav_sim]: UAV navigating in audited 2-D mode to (-1.64, -3.40, 0.30)
[WARN] [1788891585.154628978] [vgr_uav_sim]: PLAN_CB: called with goal=(-2.24,-5.80)
[WARN] [1788891585.157019651] [vgr_uav_sim]: PLAN_CB: returning 10 poses
[WARN] [1788891585.170742957] [vgr_uav_sim]: PLAN_CB: called with goal=(-2.24,-5.80)
[WARN] [1788891585.173210409] [vgr_uav_sim]: PLAN_CB: returning 10 poses
[INFO] [1788891585.184337263] [vgr_uav_sim]: Prepared 10 collision-free navigation waypoints to (-2.24, -5.80)
[INFO] [1788891585.185346261] [vgr_uav_sim]: UAV navigating in audited 2-D mode to (-2.24, -5.80, 0.30)
[WARN] [1788891603.831810402] [vgr_uav_sim]: PLAN_CB: called with goal=(-4.04,-3.70)
[WARN] [1788891603.840606265] [vgr_uav_sim]: PLAN_CB: returning 16 poses
[WARN] [1788891603.847823764] [vgr_uav_sim]: PLAN_CB: called with goal=(-4.04,-3.70)
[WARN] [1788891603.850597981] [vgr_uav_sim]: PLAN_CB: returning 16 poses
[INFO] [1788891603.862506935] [vgr_uav_sim]: Prepared 16 collision-free navigation waypoints to (-4.04, -3.70)
[INFO] [1788891603.863665643] [vgr_uav_sim]: UAV navigating in audited 2-D mode to (-4.04, -3.70, 0.30)
[WARN] [1788891623.878573292] [vgr_uav_sim]: PLAN_CB: called with goal=(-1.04,-5.20)
[WARN] [1788891623.881813166] [vgr_uav_sim]: PLAN_CB: returning 15 poses
[WARN] [1788891623.889006617] [vgr_uav_sim]: PLAN_CB: called with goal=(-1.04,-5.20)
[WARN] [1788891623.891521788] [vgr_uav_sim]: PLAN_CB: returning 15 poses
[INFO] [1788891623.902384792] [vgr_uav_sim]: Prepared 15 collision-free navigation waypoints to (-1.04, -5.20)
[INFO] [1788891623.903479790] [vgr_uav_sim]: UAV navigating in audited 2-D mode to (-1.04, -5.20, 0.30)
[WARN] [1788891643.373794202] [vgr_uav_sim]: PLAN_CB: called with goal=(-4.64,-1.90)
[WARN] [1788891643.382415525] [vgr_uav_sim]: PLAN_CB: returning 17 poses
[WARN] [1788891643.390241249] [vgr_uav_sim]: PLAN_CB: called with goal=(-4.64,-1.90)
[WARN] [1788891643.393701754] [vgr_uav_sim]: PLAN_CB: returning 17 poses
[INFO] [1788891643.405015719] [vgr_uav_sim]: Prepared 17 collision-free navigation waypoints to (-4.64, -1.90)
[INFO] [1788891643.406070926] [vgr_uav_sim]: UAV navigating in audited 2-D mode to (-4.64, -1.90, 0.30)
[WARN] [1788891663.962487657] [vgr_uav_sim]: PLAN_CB: called with goal=(-3.74,-1.30)
[WARN] [1788891663.966766746] [vgr_uav_sim]: PLAN_CB: returning 5 poses
[WARN] [1788891663.974495881] [vgr_uav_sim]: PLAN_CB: called with goal=(-3.74,-1.30)
[WARN] [1788891663.975546221] [vgr_uav_sim]: PLAN_CB: returning 5 poses
[INFO] [1788891663.986250637] [vgr_uav_sim]: Prepared 5 collision-free navigation waypoints to (-3.74, -1.30)
[INFO] [1788891663.987385830] [vgr_uav_sim]: UAV navigating in audited 2-D mode to (-3.74, -1.30, 0.30)
