[WARN] [1788821851.893862676] [GadenPlayer]: 
--- Deprecation notice ---
You are using ROS parameters to specify the Gaden configuration. This is now considered deprecated (though, for now, still valid).
You should update your configuration to use a gaden project (see test_env for examples).
You can easily configure a gaden project with 'ros2 run gaden_common gaden_gui
----
[INFO] [1788821851.893926749] [GadenPlayer]: num_simulators: 1
[INFO] [1788821851.893957133] [GadenPlayer]: simulation_data_0: /mnt/hgfs/workspace/GADEN_files/scenarios/House03/gas_simulations/1-2,5_fast/FilamentSimulation_gasType_10_sourcePosition_-0.45_1.90_-0.10
[INFO] [1788821851.910092349] [GadenPlayer]: Looking for wind files in:
	-'/mnt/hgfs/workspace/GADEN_files/scenarios/House03/wind'
	-'/mnt/hgfs/workspace/GADEN_files/scenarios/House03/gas_simulations/1-2,5_fast/FilamentSimulation_gasType_10_sourcePosition_-0.45_1.90_-0.10/wind'
[INFO] [1788821851.911058119] [GadenPlayer]: Found wind files at '/mnt/hgfs/workspace/GADEN_files/scenarios/House03/gas_simulations/1-2,5_fast/FilamentSimulation_gasType_10_sourcePosition_-0.45_1.90_-0.10/wind'
[INFO] [1788821852.188344928] [GadenPlayer]: Loaded environment: min=(-0.85,-1.86,-0.95) max=(12.90,6.39,1.55) dimensions=(138,83,25) cell_size=0.1
[INFO] [1788821852.190080575] [GadenPlayer]: player_freq 1.00 Hz
[WARN] [1788821852.191589784] [GADEN]: You are reading a log file that was generated with an old version of gaden. While it should work correctly, if you experience any bugs, this is likely the cause. You can just re-run the filament simulator node to generate an updated version of the simulation
[INFO] [1788821852.191609937] [GADEN]: Legacy V1 coordinate format=NATIVE_DOUBLE double_score=5.474090585266822e-07 float_slot_score=1.4222739657895211e+35
[INFO] [1788821852.914427361] [GADEN]: Legacy V1 coordinate format=NATIVE_DOUBLE double_score=5.474090585266822e-07 float_slot_score=1.4222739657895211e+35
[INFO] [1788821854.159975435] [GADEN]: Legacy V1 coordinate format=NATIVE_DOUBLE double_score=5.474090585266822e-07 float_slot_score=1.4222739657895211e+35
[INFO] [1788821854.357025063] [GADEN]: Legacy V1 coordinate format=NATIVE_DOUBLE double_score=5.474090585266822e-07 float_slot_score=1.4222739657895211e+35
[INFO] [1788821854.555963530] [GADEN]: Legacy V1 coordinate format=NATIVE_DOUBLE double_score=5.474090585266822e-07 float_slot_score=1.4222739657895211e+35
[INFO] [1788821854.755660606] [GADEN]: Legacy V1 coordinate format=NATIVE_DOUBLE double_score=5.474090585266822e-07 float_slot_score=1.4222739657895211e+35
[INFO] [1788821854.974254771] [GADEN]: Legacy V1 coordinate format=NATIVE_DOUBLE double_score=5.474090585266822e-07 float_slot_score=1.4222739657895211e+35
[INFO] [1788821855.157316272] [GADEN]: Legacy V1 coordinate format=NATIVE_DOUBLE double_score=5.474090585266822e-07 float_slot_score=1.4222739657895211e+35
[INFO] [1788821855.357660316] [GADEN]: Legacy V1 coordinate format=NATIVE_DOUBLE double_score=5.474090585266822e-07 float_slot_score=1.4222739657895211e+35
[INFO] [1788821855.556480416] [GADEN]: Legacy V1 coordinate format=NATIVE_DOUBLE double_score=5.474090585266822e-07 float_slot_score=1.4222739657895211e+35
[INFO] [1788821855.718482633] [rclcpp]: signal_handler(signum=15)
