[INFO] [1788873074.796248254] [vgr_uav_sim]: Loading VGR data from /mnt/hgfs/workspace/GADEN_files/scenarios/House01, config=2,4-1_fast
[INFO] [1788873074.852218302] [vgr_uav_sim]: Occupancy: 87x114 slice z_idx=13 (z=0.3m), free=6866, obstacle=3052, input_sha256=846003ffbbc8e99aa322cf189356399412763710e937bb5e5316186afccf17cb
[INFO] [1788873075.119638684] [vgr_uav_sim]: Gas backend=raw_house1_snapshot exec=/home/zyc/CSTAR_CONTROLLED_ASSETS_20260907/tools/cstar_numeric_wind_raw_query env_root=/mnt/hgfs/workspace/GADEN_files/scenarios/House01 gas_results=/mnt/hgfs/workspace/GADEN_files/scenarios/House01/gas_simulations/2,4-1_fast/FilamentSimulation_gasType_10_sourcePosition_-0.40_-2.90_-0.30 max_iteration=1999
[INFO] [1788873075.122119261] [vgr_uav_sim]: Navigation grid: coarse 29x38 cell=0.3000 free=626 obstacle=476 (reduce_scale=3)
[INFO] [1788873075.154798034] [vgr_uav_sim]: UAV Sim v3 ready. Start=(-3.17,-1.75), sim_dt=0.200s, realtime_factor=1.00, sensor=asymmetric, vertical_motion=False, open_loop_profile=hover
[WARN] [1788873102.701255682] [vgr_uav_sim]: PLAN_CB: called with goal=(-4.10,-1.13)
[WARN] [1788873102.705271841] [vgr_uav_sim]: PLAN_CB: returning 5 poses
[WARN] [1788873102.716490418] [vgr_uav_sim]: PLAN_CB: called with goal=(-4.10,-1.13)
[WARN] [1788873102.717640683] [vgr_uav_sim]: PLAN_CB: returning 5 poses
[INFO] [1788873102.728529175] [vgr_uav_sim]: Prepared 5 collision-free navigation waypoints to (-4.10, -1.13)
[INFO] [1788873102.729570490] [vgr_uav_sim]: UAV navigating in audited 2-D mode to (-4.10, -1.13, 0.30)
[WARN] [1788873119.491570812] [vgr_uav_sim]: PLAN_CB: called with goal=(-5.00,-0.83)
[WARN] [1788873119.492957507] [vgr_uav_sim]: PLAN_CB: returning 5 poses
[WARN] [1788873119.501728622] [vgr_uav_sim]: PLAN_CB: called with goal=(-5.00,-0.83)
[WARN] [1788873119.503205232] [vgr_uav_sim]: PLAN_CB: returning 5 poses
[INFO] [1788873119.514331399] [vgr_uav_sim]: Prepared 5 collision-free navigation waypoints to (-5.00, -0.83)
[INFO] [1788873119.515401789] [vgr_uav_sim]: UAV navigating in audited 2-D mode to (-5.00, -0.83, 0.30)
[WARN] [1788873136.294952379] [vgr_uav_sim]: PLAN_CB: called with goal=(-5.90,-0.83)
[WARN] [1788873136.298182526] [vgr_uav_sim]: PLAN_CB: returning 5 poses
[WARN] [1788873136.310005012] [vgr_uav_sim]: PLAN_CB: called with goal=(-5.90,-0.83)
[WARN] [1788873136.311075500] [vgr_uav_sim]: PLAN_CB: returning 5 poses
[INFO] [1788873136.322465818] [vgr_uav_sim]: Prepared 5 collision-free navigation waypoints to (-5.90, -0.83)
[INFO] [1788873136.323528382] [vgr_uav_sim]: UAV navigating in audited 2-D mode to (-5.90, -0.83, 0.30)
[WARN] [1788873153.271105508] [vgr_uav_sim]: PLAN_CB: called with goal=(-2.30,2.47)
[WARN] [1788873153.279049412] [vgr_uav_sim]: PLAN_CB: returning 23 poses
[WARN] [1788873153.286819836] [vgr_uav_sim]: PLAN_CB: called with goal=(-2.30,2.47)
[WARN] [1788873153.290145437] [vgr_uav_sim]: PLAN_CB: returning 23 poses
[INFO] [1788873153.305503570] [vgr_uav_sim]: Prepared 23 collision-free navigation waypoints to (-2.30, 2.47)
[INFO] [1788873153.306609634] [vgr_uav_sim]: UAV navigating in audited 2-D mode to (-2.30, 2.47, 0.30)
[WARN] [1788873174.298062697] [vgr_uav_sim]: PLAN_CB: called with goal=(-2.90,2.47)
[WARN] [1788873174.305554458] [vgr_uav_sim]: PLAN_CB: returning 4 poses
[WARN] [1788873174.314463143] [vgr_uav_sim]: PLAN_CB: called with goal=(-2.90,2.47)
[WARN] [1788873174.315803487] [vgr_uav_sim]: PLAN_CB: returning 4 poses
[INFO] [1788873174.326761151] [vgr_uav_sim]: Prepared 4 collision-free navigation waypoints to (-2.90, 2.47)
[INFO] [1788873174.327896504] [vgr_uav_sim]: UAV navigating in audited 2-D mode to (-2.90, 2.47, 0.30)
[WARN] [1788873190.795051466] [vgr_uav_sim]: PLAN_CB: called with goal=(-3.50,2.47)
[WARN] [1788873190.797261402] [vgr_uav_sim]: PLAN_CB: returning 4 poses
[WARN] [1788873190.808359213] [vgr_uav_sim]: PLAN_CB: called with goal=(-3.50,2.47)
[WARN] [1788873190.809450474] [vgr_uav_sim]: PLAN_CB: returning 4 poses
[INFO] [1788873190.820521617] [vgr_uav_sim]: Prepared 4 collision-free navigation waypoints to (-3.50, 2.47)
[INFO] [1788873190.821536829] [vgr_uav_sim]: UAV navigating in audited 2-D mode to (-3.50, 2.47, 0.30)
[WARN] [1788873207.674907222] [vgr_uav_sim]: PLAN_CB: called with goal=(-4.10,2.47)
[WARN] [1788873207.675770117] [vgr_uav_sim]: PLAN_CB: returning 4 poses
[WARN] [1788873207.686777218] [vgr_uav_sim]: PLAN_CB: called with goal=(-4.10,2.47)
[WARN] [1788873207.687688209] [vgr_uav_sim]: PLAN_CB: returning 4 poses
[INFO] [1788873207.698462802] [vgr_uav_sim]: Prepared 4 collision-free navigation waypoints to (-4.10, 2.47)
[INFO] [1788873207.699761501] [vgr_uav_sim]: UAV navigating in audited 2-D mode to (-4.10, 2.47, 0.30)
[WARN] [1788873224.294255588] [vgr_uav_sim]: PLAN_CB: called with goal=(-4.10,1.87)
[WARN] [1788873224.295139790] [vgr_uav_sim]: PLAN_CB: returning 4 poses
[WARN] [1788873224.304023793] [vgr_uav_sim]: PLAN_CB: called with goal=(-4.10,1.87)
[WARN] [1788873224.305305974] [vgr_uav_sim]: PLAN_CB: returning 4 poses
[INFO] [1788873224.315963178] [vgr_uav_sim]: Prepared 4 collision-free navigation waypoints to (-4.10, 1.87)
[INFO] [1788873224.317819588] [vgr_uav_sim]: UAV navigating in audited 2-D mode to (-4.10, 1.87, 0.30)
[WARN] [1788873240.788212442] [vgr_uav_sim]: PLAN_CB: called with goal=(-4.70,2.17)
[WARN] [1788873240.789407191] [vgr_uav_sim]: PLAN_CB: returning 4 poses
[WARN] [1788873240.797873762] [vgr_uav_sim]: PLAN_CB: called with goal=(-4.70,2.17)
[WARN] [1788873240.798732315] [vgr_uav_sim]: PLAN_CB: returning 4 poses
[INFO] [1788873240.810445970] [vgr_uav_sim]: Prepared 4 collision-free navigation waypoints to (-4.70, 2.17)
[INFO] [1788873240.811705047] [vgr_uav_sim]: UAV navigating in audited 2-D mode to (-4.70, 2.17, 0.30)
[WARN] [1788873257.790800612] [vgr_uav_sim]: PLAN_CB: called with goal=(-1.70,2.17)
[WARN] [1788873257.796382130] [vgr_uav_sim]: PLAN_CB: returning 12 poses
[WARN] [1788873257.807609412] [vgr_uav_sim]: PLAN_CB: called with goal=(-1.70,2.17)
[WARN] [1788873257.809304695] [vgr_uav_sim]: PLAN_CB: returning 12 poses
[INFO] [1788873257.819634911] [vgr_uav_sim]: Prepared 12 collision-free navigation waypoints to (-1.70, 2.17)
[INFO] [1788873257.821069708] [vgr_uav_sim]: UAV navigating in audited 2-D mode to (-1.70, 2.17, 0.30)
[WARN] [1788873276.101916722] [vgr_uav_sim]: PLAN_CB: called with goal=(-1.70,1.57)
[WARN] [1788873276.106017232] [vgr_uav_sim]: PLAN_CB: returning 4 poses
[WARN] [1788873276.115739077] [vgr_uav_sim]: PLAN_CB: called with goal=(-1.70,1.57)
[WARN] [1788873276.116806748] [vgr_uav_sim]: PLAN_CB: returning 4 poses
[INFO] [1788873276.127710026] [vgr_uav_sim]: Prepared 4 collision-free navigation waypoints to (-1.70, 1.57)
[INFO] [1788873276.128590621] [vgr_uav_sim]: UAV navigating in audited 2-D mode to (-1.70, 1.57, 0.30)
[WARN] [1788873292.700366078] [vgr_uav_sim]: PLAN_CB: called with goal=(-1.70,2.77)
[WARN] [1788873292.704499554] [vgr_uav_sim]: PLAN_CB: returning 6 poses
[WARN] [1788873292.711608746] [vgr_uav_sim]: PLAN_CB: called with goal=(-1.70,2.77)
[WARN] [1788873292.713369720] [vgr_uav_sim]: PLAN_CB: returning 6 poses
[INFO] [1788873292.724284206] [vgr_uav_sim]: Prepared 6 collision-free navigation waypoints to (-1.70, 2.77)
[INFO] [1788873292.726056994] [vgr_uav_sim]: UAV navigating in audited 2-D mode to (-1.70, 2.77, 0.30)
[WARN] [1788873309.866531305] [vgr_uav_sim]: PLAN_CB: called with goal=(-0.80,0.07)
[WARN] [1788873309.871885692] [vgr_uav_sim]: PLAN_CB: returning 11 poses
[WARN] [1788873309.882493594] [vgr_uav_sim]: PLAN_CB: called with goal=(-0.80,0.07)
[WARN] [1788873309.885553715] [vgr_uav_sim]: PLAN_CB: returning 11 poses
[INFO] [1788873309.895428082] [vgr_uav_sim]: Prepared 11 collision-free navigation waypoints to (-0.80, 0.07)
[INFO] [1788873309.896539936] [vgr_uav_sim]: UAV navigating in audited 2-D mode to (-0.80, 0.07, 0.30)
