{
  "decision": "GATE1A_FAIL_STOP_SOURCE_TO_SENSOR_GREEN_FAMILY",
  "source_count": 630,
  "truth_source_id": "pmfs_3_34",
  "ranks": {
    "S2_W2_A": {
      "mean": 1,
      "per_seed": {
        "2026092401": 2,
        "2026092402": 1
      }
    },
    "S2_W2_B": {
      "mean": 7,
      "per_seed": {
        "2026092401": 7,
        "2026092402": 4
      }
    }
  },
  "out": "/home/zyc/bigreen_gate1a_repo_20260924/evidence/causal_biorthogonal_green_v1/GATE1A_EXACT_FORWARD_RESULT_20260924.json"
}
