Traceback (most recent call last):
  File "/home/zyc/pmfs_b4_official_terminal_resumed_20261010/runtime_driver.py", line 184, in <module>
    save_status();stop_all();wire.close();service_log.close();(R/'robot_path.json').write_text(json.dumps(pose_path));save_status();(T/'RUN_RESULT.json').write_text(json.dumps(status,indent=2));node.destroy_node();rclpy.shutdown()
  File "/opt/ros/humble/local/lib/python3.10/dist-packages/rclpy/__init__.py", line 130, in shutdown
    _shutdown(context=context)
  File "/opt/ros/humble/local/lib/python3.10/dist-packages/rclpy/utilities.py", line 58, in shutdown
    return context.shutdown()
  File "/opt/ros/humble/local/lib/python3.10/dist-packages/rclpy/context.py", line 103, in shutdown
    self._call_on_shutdown_callbacks()
  File "/opt/ros/humble/local/lib/python3.10/dist-packages/rclpy/context.py", line 92, in _call_on_shutdown_callbacks
    callback = weak_method()
  File "/opt/ros/humble/local/lib/python3.10/dist-packages/rclpy/__init__.py", line 111, in reset_executor
    __executor.shutdown()
  File "/opt/ros/humble/local/lib/python3.10/dist-packages/rclpy/executors.py", line 223, in shutdown
    if not self._work_tracker.wait(timeout_sec):
  File "/opt/ros/humble/local/lib/python3.10/dist-packages/rclpy/executors.py", line 94, in wait
    if not self._work_condition.wait_for(
  File "/usr/lib/python3.10/threading.py", line 355, in wait_for
    self.wait(waittime)
  File "/usr/lib/python3.10/threading.py", line 320, in wait
    waiter.acquire()
KeyboardInterrupt
