[INFO] [launch]: All log files can be found below /home/zyc/.ros/log/2026-10-10-16-56-46-374827-zyc-virtual-machine-3626
[INFO] [launch]: Default logging verbosity is set to INFO
[INFO] [player-1]: process started with pid [3628]
[INFO] [simulated_anemometer-2]: process started with pid [3630]
[INFO] [static_transform_publisher-3]: process started with pid [3632]
[INFO] [simulated_gas_sensor-4]: process started with pid [3634]
[INFO] [static_transform_publisher-5]: process started with pid [3636]
[INFO] [map_server-6]: process started with pid [3638]
[INFO] [bt_navigator-7]: process started with pid [3640]
[INFO] [planner_server-8]: process started with pid [3642]
[INFO] [controller_server-9]: process started with pid [3644]
[INFO] [behavior_server-10]: process started with pid [3649]
[INFO] [lifecycle_manager-11]: process started with pid [3661]
[INFO] [robot_state_publisher-12]: process started with pid [3669]
[INFO] [basic_sim-13]: process started with pid [3677]
[INFO] [gsl_actionserver_node-14]: process started with pid [3695]
[simulated_anemometer-2] [0m[INFO] [1791622606.633832737] [PioneerP3DX.Anemometer]: wind noise: 0.300000[0m
[static_transform_publisher-3] [33m[WARN] [1791622606.616216681] []: Old-style arguments are deprecated; see --help for new-style arguments[0m
[static_transform_publisher-5] [33m[WARN] [1791622606.619184525] []: Old-style arguments are deprecated; see --help for new-style arguments[0m
[static_transform_publisher-3] [0m[INFO] [1791622606.637380077] [PioneerP3DX.anemometer_tf_pub]: Spinning until stopped - publishing transform
[static_transform_publisher-3] translation: ('0.000000', '0.000000', '0.500000')
[static_transform_publisher-3] rotation: ('1.000000', '0.000000', '0.000000', '0.000000')
[static_transform_publisher-3] from 'PioneerP3DX_base_link' to 'PioneerP3DX_anemometer_frame'[0m
[player-1] [33m[WARN] [1791622606.656288228] [GadenPlayer]: 
[player-1] --- Deprecation notice ---
[player-1] You are using ROS parameters to specify the Gaden configuration. This is now considered deprecated (though, for now, still valid).
[player-1] You should update your configuration to use a gaden project (see test_env for examples).
[player-1] You can easily configure a gaden project with 'ros2 run gaden_common gaden_gui
[player-1] ----[0m
[player-1] [0m[INFO] [1791622606.656396977] [GadenPlayer]: num_simulators: 1[0m
[player-1] [0m[INFO] [1791622606.656772641] [GadenPlayer]: simulation_data_0: /home/zyc/pmfs_b4_official_terminal_resumed_20261010/one_realization_B4[0m
[static_transform_publisher-5] [0m[INFO] [1791622606.657542515] [PioneerP3DX.pid_tf_pub]: Spinning until stopped - publishing transform
[static_transform_publisher-5] translation: ('0.000000', '0.000000', '0.500000')
[static_transform_publisher-5] rotation: ('1.000000', '0.000000', '0.000000', '0.000000')
[static_transform_publisher-5] from 'PioneerP3DX_base_link' to 'PioneerP3DX_pid_frame'[0m
[simulated_gas_sensor-4] [0m[INFO] [1791622606.668510259] [PioneerP3DX.PID]: The data provided in the roslaunch file is:[0m
[simulated_gas_sensor-4] [0m[INFO] [1791622606.668611976] [PioneerP3DX.PID]: Sensor model: 30[0m
[simulated_gas_sensor-4] [0m[INFO] [1791622606.668619354] [PioneerP3DX.PID]: Fixed frame: map[0m
[simulated_gas_sensor-4] [0m[INFO] [1791622606.668623435] [PioneerP3DX.PID]: Sensor frame: PioneerP3DX_pid_frame[0m
[simulated_gas_sensor-4] [0m[INFO] [1791622606.668627703] [PioneerP3DX.PID]: Running at 10.000000Hz[0m
[player-1] [0m[INFO] [1791622606.669364247] [GadenPlayer]: Looking for wind files in:
[player-1] 	-'/home/wind'
[player-1] 	-'/home/zyc/pmfs_b4_official_terminal_resumed_20261010/one_realization_B4/wind'[0m
[player-1] [0m[INFO] [1791622606.669431569] [GadenPlayer]: Found wind files at '/home/zyc/pmfs_b4_official_terminal_resumed_20261010/one_realization_B4/wind'[0m
[player-1] [0m[INFO] [1791622606.670925326] [GadenPlayer]: R7 indexed wind 0 = wind_iteration_0[0m
[player-1] [0m[INFO] [1791622606.670941241] [GadenPlayer]: R7 indexed wind 1 = wind_iteration_1[0m
[player-1] [0m[INFO] [1791622606.670945401] [GadenPlayer]: R7 indexed wind 2 = wind_iteration_2[0m
[player-1] [0m[INFO] [1791622606.670948694] [GadenPlayer]: R7 indexed wind 3 = wind_iteration_3[0m
[player-1] [0m[INFO] [1791622606.670951683] [GadenPlayer]: R7 indexed wind 4 = wind_iteration_4[0m
[player-1] [0m[INFO] [1791622606.670954643] [GadenPlayer]: R7 indexed wind 5 = wind_iteration_5[0m
[player-1] [0m[INFO] [1791622606.670962520] [GadenPlayer]: R7 indexed wind 6 = wind_iteration_6[0m
[player-1] [0m[INFO] [1791622606.670965761] [GadenPlayer]: R7 indexed wind 7 = wind_iteration_7[0m
[player-1] [0m[INFO] [1791622606.670968631] [GadenPlayer]: R7 indexed wind 8 = wind_iteration_8[0m
[player-1] [0m[INFO] [1791622606.670971547] [GadenPlayer]: R7 indexed wind 9 = wind_iteration_9[0m
[player-1] [0m[INFO] [1791622606.670974465] [GadenPlayer]: R7 indexed wind 10 = wind_iteration_10[0m
[basic_sim-13] [0m[INFO] [1791622606.797985799] [basic_sim]: Loading map from '/home/zyc/pmfs_b4_official_terminal_resumed_20261010/overlay/share/pmfs_env/scenarios/B/basicSim/../_occupancy.pgm'[0m
[basic_sim-13] [0m[INFO] [1791622606.798069808] [basic_sim]: Resolution: 0.01[0m
[basic_sim-13] [0m[INFO] [1791622606.798642340] [basic_sim]: Origin: (-7.55, -7.88, 0.00)[0m
[basic_sim-13] [0m[INFO] [1791622606.897987821] [basic_sim]: YAML:
[basic_sim-13]  name: PioneerP3DX
[basic_sim-13] position: [-0.9, 0.15, -0.7]
[basic_sim-13] angle: 1
[basic_sim-13] sensors:
[basic_sim-13]   - type: laser
[basic_sim-13]     name: laser_scan
[basic_sim-13]     minAngleRad: -0.7
[basic_sim-13]     maxAngleRad: 3.8
[basic_sim-13]     angleResolutionRad: 0.1
[basic_sim-13]     minDistance: 0.1
[basic_sim-13]     maxDistance: 4.0[0m
[basic_sim-13] [0m[INFO] [1791622606.918180098] [basic_sim]: Created robot PioneerP3DX[0m
[basic_sim-13] [0m[INFO] [1791622606.918826685] [basic_sim]: MainLoop - Ellapsed: 0.000040s[0m
[basic_sim-13] [0m[INFO] [1791622606.939762813] [basic_sim]: MainLoop - Ellapsed: 0.000129s[0m
[basic_sim-13] [0m[INFO] [1791622606.958968067] [basic_sim]: MainLoop - Ellapsed: 0.000042s[0m
[basic_sim-13] [0m[INFO] [1791622606.978570283] [basic_sim]: MainLoop - Ellapsed: 0.000023s[0m
[basic_sim-13] [0m[INFO] [1791622606.998670228] [basic_sim]: MainLoop - Ellapsed: 0.000035s[0m
[basic_sim-13] [0m[INFO] [1791622607.018605016] [basic_sim]: MainLoop - Ellapsed: 0.000028s[0m
[gsl_actionserver_node-14] [0m[INFO] [1791622607.028881778] [GSL]: Starting GSL server[0m
[basic_sim-13] [0m[INFO] [1791622607.038566767] [basic_sim]: MainLoop - Ellapsed: 0.000024s[0m
[player-1] [0m[INFO] [1791622607.050715200] [GadenPlayer]: player_freq 2.00 Hz[0m
[basic_sim-13] [0m[INFO] [1791622607.058619661] [basic_sim]: MainLoop - Ellapsed: 0.000028s[0m
[basic_sim-13] [0m[INFO] [1791622607.078857157] [basic_sim]: MainLoop - Ellapsed: 0.000041s[0m
[basic_sim-13] [0m[INFO] [1791622607.098689386] [basic_sim]: MainLoop - Ellapsed: 0.000040s[0m
[basic_sim-13] [0m[INFO] [1791622607.118602711] [basic_sim]: MainLoop - Ellapsed: 0.000028s[0m
[basic_sim-13] [0m[INFO] [1791622607.138922027] [basic_sim]: MainLoop - Ellapsed: 0.000058s[0m
[basic_sim-13] [0m[INFO] [1791622607.158656111] [basic_sim]: MainLoop - Ellapsed: 0.000028s[0m
[basic_sim-13] [0m[INFO] [1791622607.178964408] [basic_sim]: MainLoop - Ellapsed: 0.000045s[0m
[basic_sim-13] [0m[INFO] [1791622607.198860621] [basic_sim]: MainLoop - Ellapsed: 0.000042s[0m
[basic_sim-13] [0m[INFO] [1791622607.218876107] [basic_sim]: MainLoop - Ellapsed: 0.000042s[0m
[basic_sim-13] [0m[INFO] [1791622607.238936809] [basic_sim]: MainLoop - Ellapsed: 0.000048s[0m
[basic_sim-13] [0m[INFO] [1791622607.258842885] [basic_sim]: MainLoop - Ellapsed: 0.000040s[0m
[basic_sim-13] [0m[INFO] [1791622607.278821555] [basic_sim]: MainLoop - Ellapsed: 0.000040s[0m
[basic_sim-13] [0m[INFO] [1791622607.299059274] [basic_sim]: MainLoop - Ellapsed: 0.000055s[0m
[basic_sim-13] [0m[INFO] [1791622607.318932803] [basic_sim]: MainLoop - Ellapsed: 0.000048s[0m
[basic_sim-13] [0m[INFO] [1791622607.338912311] [basic_sim]: MainLoop - Ellapsed: 0.000045s[0m
[basic_sim-13] [0m[INFO] [1791622607.359221943] [basic_sim]: MainLoop - Ellapsed: 0.000054s[0m
[basic_sim-13] [0m[INFO] [1791622607.379002661] [basic_sim]: MainLoop - Ellapsed: 0.000061s[0m
[basic_sim-13] [0m[INFO] [1791622607.398997086] [basic_sim]: MainLoop - Ellapsed: 0.000054s[0m
[basic_sim-13] [0m[INFO] [1791622607.418830799] [basic_sim]: MainLoop - Ellapsed: 0.000038s[0m
[basic_sim-13] [0m[INFO] [1791622607.438961595] [basic_sim]: MainLoop - Ellapsed: 0.000048s[0m
[basic_sim-13] [0m[INFO] [1791622607.458897653] [basic_sim]: MainLoop - Ellapsed: 0.000044s[0m
[basic_sim-13] [0m[INFO] [1791622607.479037095] [basic_sim]: MainLoop - Ellapsed: 0.000048s[0m
[basic_sim-13] [0m[INFO] [1791622607.498900120] [basic_sim]: MainLoop - Ellapsed: 0.000042s[0m
[basic_sim-13] [0m[INFO] [1791622607.519028950] [basic_sim]: MainLoop - Ellapsed: 0.000056s[0m
[basic_sim-13] [0m[INFO] [1791622607.538981435] [basic_sim]: MainLoop - Ellapsed: 0.000046s[0m
[basic_sim-13] [0m[INFO] [1791622607.559145453] [basic_sim]: MainLoop - Ellapsed: 0.000049s[0m
[basic_sim-13] [0m[INFO] [1791622607.579273421] [basic_sim]: MainLoop - Ellapsed: 0.000079s[0m
[basic_sim-13] [0m[INFO] [1791622607.598887717] [basic_sim]: MainLoop - Ellapsed: 0.000045s[0m
[basic_sim-13] [0m[INFO] [1791622607.619039243] [basic_sim]: MainLoop - Ellapsed: 0.000048s[0m
[basic_sim-13] [0m[INFO] [1791622607.638833929] [basic_sim]: MainLoop - Ellapsed: 0.000040s[0m
[basic_sim-13] [0m[INFO] [1791622607.658807493] [basic_sim]: MainLoop - Ellapsed: 0.000041s[0m
[basic_sim-13] [0m[INFO] [1791622607.678898162] [basic_sim]: MainLoop - Ellapsed: 0.000040s[0m
[basic_sim-13] [0m[INFO] [1791622607.698838861] [basic_sim]: MainLoop - Ellapsed: 0.000040s[0m
[basic_sim-13] [0m[INFO] [1791622607.718876885] [basic_sim]: MainLoop - Ellapsed: 0.000039s[0m
[basic_sim-13] [0m[INFO] [1791622607.738892274] [basic_sim]: MainLoop - Ellapsed: 0.000044s[0m
[basic_sim-13] [0m[INFO] [1791622607.759026417] [basic_sim]: MainLoop - Ellapsed: 0.000058s[0m
[basic_sim-13] [0m[INFO] [1791622607.779256925] [basic_sim]: MainLoop - Ellapsed: 0.000068s[0m
[basic_sim-13] [0m[INFO] [1791622607.798849841] [basic_sim]: MainLoop - Ellapsed: 0.000039s[0m
[basic_sim-13] [0m[INFO] [1791622607.818859235] [basic_sim]: MainLoop - Ellapsed: 0.000040s[0m
[basic_sim-13] [0m[INFO] [1791622607.838818712] [basic_sim]: MainLoop - Ellapsed: 0.000039s[0m
[basic_sim-13] [0m[INFO] [1791622607.858859057] [basic_sim]: MainLoop - Ellapsed: 0.000040s[0m
[basic_sim-13] [0m[INFO] [1791622607.878879200] [basic_sim]: MainLoop - Ellapsed: 0.000039s[0m
[basic_sim-13] [0m[INFO] [1791622607.898891380] [basic_sim]: MainLoop - Ellapsed: 0.000040s[0m
[basic_sim-13] [0m[INFO] [1791622607.918922392] [basic_sim]: MainLoop - Ellapsed: 0.000039s[0m
[basic_sim-13] [0m[INFO] [1791622607.939180096] [basic_sim]: MainLoop - Ellapsed: 0.000053s[0m
[basic_sim-13] [0m[INFO] [1791622607.959196103] [basic_sim]: MainLoop - Ellapsed: 0.000063s[0m
[basic_sim-13] [0m[INFO] [1791622607.979134465] [basic_sim]: MainLoop - Ellapsed: 0.000064s[0m
[basic_sim-13] [0m[INFO] [1791622607.998917667] [basic_sim]: MainLoop - Ellapsed: 0.000044s[0m
[basic_sim-13] [0m[INFO] [1791622608.018901964] [basic_sim]: MainLoop - Ellapsed: 0.000042s[0m
[basic_sim-13] [0m[INFO] [1791622608.038916190] [basic_sim]: MainLoop - Ellapsed: 0.000041s[0m
[basic_sim-13] [0m[INFO] [1791622608.058871945] [basic_sim]: MainLoop - Ellapsed: 0.000043s[0m
[basic_sim-13] [0m[INFO] [1791622608.079064927] [basic_sim]: MainLoop - Ellapsed: 0.000055s[0m
[basic_sim-13] [0m[INFO] [1791622608.098920107] [basic_sim]: MainLoop - Ellapsed: 0.000044s[0m
[basic_sim-13] [0m[INFO] [1791622608.118913156] [basic_sim]: MainLoop - Ellapsed: 0.000046s[0m
[basic_sim-13] [0m[INFO] [1791622608.139052772] [basic_sim]: MainLoop - Ellapsed: 0.000046s[0m
[basic_sim-13] [0m[INFO] [1791622608.159155233] [basic_sim]: MainLoop - Ellapsed: 0.000067s[0m
[basic_sim-13] [0m[INFO] [1791622608.178970818] [basic_sim]: MainLoop - Ellapsed: 0.000041s[0m
[basic_sim-13] [0m[INFO] [1791622608.202986150] [basic_sim]: MainLoop - Ellapsed: 0.000053s[0m
[basic_sim-13] [0m[INFO] [1791622608.219632473] [basic_sim]: MainLoop - Ellapsed: 0.000102s[0m
[basic_sim-13] [0m[INFO] [1791622608.239368164] [basic_sim]: MainLoop - Ellapsed: 0.000042s[0m
[basic_sim-13] [0m[INFO] [1791622608.258932761] [basic_sim]: MainLoop - Ellapsed: 0.000047s[0m
[basic_sim-13] [0m[INFO] [1791622608.279136667] [basic_sim]: MainLoop - Ellapsed: 0.000052s[0m
[basic_sim-13] [0m[INFO] [1791622608.298912449] [basic_sim]: MainLoop - Ellapsed: 0.000042s[0m
[basic_sim-13] [0m[INFO] [1791622608.319416890] [basic_sim]: MainLoop - Ellapsed: 0.000094s[0m
[basic_sim-13] [0m[INFO] [1791622608.338941188] [basic_sim]: MainLoop - Ellapsed: 0.000043s[0m
[basic_sim-13] [0m[INFO] [1791622608.359014757] [basic_sim]: MainLoop - Ellapsed: 0.000048s[0m
[basic_sim-13] [0m[INFO] [1791622608.378926533] [basic_sim]: MainLoop - Ellapsed: 0.000047s[0m
[basic_sim-13] [0m[INFO] [1791622608.398991665] [basic_sim]: MainLoop - Ellapsed: 0.000049s[0m
[basic_sim-13] [0m[INFO] [1791622608.418990632] [basic_sim]: MainLoop - Ellapsed: 0.000049s[0m
[basic_sim-13] [0m[INFO] [1791622608.438915987] [basic_sim]: MainLoop - Ellapsed: 0.000044s[0m
[basic_sim-13] [0m[INFO] [1791622608.458848648] [basic_sim]: MainLoop - Ellapsed: 0.000040s[0m
[basic_sim-13] [0m[INFO] [1791622608.479002979] [basic_sim]: MainLoop - Ellapsed: 0.000051s[0m
[basic_sim-13] [0m[INFO] [1791622608.498863720] [basic_sim]: MainLoop - Ellapsed: 0.000041s[0m
[basic_sim-13] [0m[INFO] [1791622608.518860542] [basic_sim]: MainLoop - Ellapsed: 0.000042s[0m
[basic_sim-13] [0m[INFO] [1791622608.539047313] [basic_sim]: MainLoop - Ellapsed: 0.000060s[0m
[basic_sim-13] [0m[INFO] [1791622608.558931248] [basic_sim]: MainLoop - Ellapsed: 0.000043s[0m
[basic_sim-13] [0m[INFO] [1791622608.578996393] [basic_sim]: MainLoop - Ellapsed: 0.000048s[0m
[basic_sim-13] [0m[INFO] [1791622608.598911488] [basic_sim]: MainLoop - Ellapsed: 0.000043s[0m
[basic_sim-13] [0m[INFO] [1791622608.618923065] [basic_sim]: MainLoop - Ellapsed: 0.000047s[0m
[basic_sim-13] [0m[INFO] [1791622608.638913579] [basic_sim]: MainLoop - Ellapsed: 0.000047s[0m
[basic_sim-13] [0m[INFO] [1791622608.658881756] [basic_sim]: MainLoop - Ellapsed: 0.000040s[0m
[basic_sim-13] [0m[INFO] [1791622608.678867182] [basic_sim]: MainLoop - Ellapsed: 0.000042s[0m
[basic_sim-13] [0m[INFO] [1791622608.698963057] [basic_sim]: MainLoop - Ellapsed: 0.000043s[0m
[basic_sim-13] [0m[INFO] [1791622608.720397423] [basic_sim]: MainLoop - Ellapsed: 0.000041s[0m
[basic_sim-13] [0m[INFO] [1791622608.738805159] [basic_sim]: MainLoop - Ellapsed: 0.000036s[0m
[basic_sim-13] [0m[INFO] [1791622608.758967809] [basic_sim]: MainLoop - Ellapsed: 0.000046s[0m
[basic_sim-13] [0m[INFO] [1791622608.779010175] [basic_sim]: MainLoop - Ellapsed: 0.000051s[0m
[basic_sim-13] [0m[INFO] [1791622608.798886226] [basic_sim]: MainLoop - Ellapsed: 0.000043s[0m
[basic_sim-13] [0m[INFO] [1791622608.819128285] [basic_sim]: MainLoop - Ellapsed: 0.000066s[0m
[basic_sim-13] [0m[INFO] [1791622608.839020783] [basic_sim]: MainLoop - Ellapsed: 0.000051s[0m
[basic_sim-13] [0m[INFO] [1791622608.859105520] [basic_sim]: MainLoop - Ellapsed: 0.000065s[0m
[basic_sim-13] [0m[INFO] [1791622608.879022985] [basic_sim]: MainLoop - Ellapsed: 0.000052s[0m
[basic_sim-13] [0m[INFO] [1791622608.899114092] [basic_sim]: MainLoop - Ellapsed: 0.000059s[0m
[basic_sim-13] [0m[INFO] [1791622608.919327587] [basic_sim]: MainLoop - Ellapsed: 0.000085s[0m
[basic_sim-13] [0m[INFO] [1791622608.938929242] [basic_sim]: MainLoop - Ellapsed: 0.000044s[0m
[basic_sim-13] [0m[INFO] [1791622608.958906490] [basic_sim]: MainLoop - Ellapsed: 0.000046s[0m
[basic_sim-13] [0m[INFO] [1791622608.978921226] [basic_sim]: MainLoop - Ellapsed: 0.000045s[0m
[basic_sim-13] [0m[INFO] [1791622608.998920356] [basic_sim]: MainLoop - Ellapsed: 0.000047s[0m
[basic_sim-13] [0m[INFO] [1791622609.018880666] [basic_sim]: MainLoop - Ellapsed: 0.000042s[0m
[basic_sim-13] [0m[INFO] [1791622609.039276798] [basic_sim]: MainLoop - Ellapsed: 0.000055s[0m
[basic_sim-13] [0m[INFO] [1791622609.059586548] [basic_sim]: MainLoop - Ellapsed: 0.000101s[0m
[basic_sim-13] [0m[INFO] [1791622609.079340263] [basic_sim]: MainLoop - Ellapsed: 0.000049s[0m
[basic_sim-13] [0m[INFO] [1791622609.099613503] [basic_sim]: MainLoop - Ellapsed: 0.000090s[0m
[basic_sim-13] [0m[INFO] [1791622609.119872039] [basic_sim]: MainLoop - Ellapsed: 0.000121s[0m
[basic_sim-13] [0m[INFO] [1791622609.139036004] [basic_sim]: MainLoop - Ellapsed: 0.000049s[0m
[basic_sim-13] [0m[INFO] [1791622609.158958208] [basic_sim]: MainLoop - Ellapsed: 0.000046s[0m
[basic_sim-13] [0m[INFO] [1791622609.178967809] [basic_sim]: MainLoop - Ellapsed: 0.000048s[0m
[basic_sim-13] [0m[INFO] [1791622609.199511851] [basic_sim]: MainLoop - Ellapsed: 0.000090s[0m
[basic_sim-13] [0m[INFO] [1791622609.219654834] [basic_sim]: MainLoop - Ellapsed: 0.000095s[0m
[basic_sim-13] [0m[INFO] [1791622609.238919167] [basic_sim]: MainLoop - Ellapsed: 0.000045s[0m
[basic_sim-13] [0m[INFO] [1791622609.259028917] [basic_sim]: MainLoop - Ellapsed: 0.000047s[0m
[basic_sim-13] [0m[INFO] [1791622609.279059109] [basic_sim]: MainLoop - Ellapsed: 0.000055s[0m
[basic_sim-13] [0m[INFO] [1791622609.298932440] [basic_sim]: MainLoop - Ellapsed: 0.000044s[0m
[basic_sim-13] [0m[INFO] [1791622609.318983015] [basic_sim]: MainLoop - Ellapsed: 0.000050s[0m
[basic_sim-13] [0m[INFO] [1791622609.338938173] [basic_sim]: MainLoop - Ellapsed: 0.000046s[0m
[basic_sim-13] [0m[INFO] [1791622609.358873354] [basic_sim]: MainLoop - Ellapsed: 0.000043s[0m
[basic_sim-13] [0m[INFO] [1791622609.378937962] [basic_sim]: MainLoop - Ellapsed: 0.000044s[0m
[basic_sim-13] [0m[INFO] [1791622609.398919498] [basic_sim]: MainLoop - Ellapsed: 0.000047s[0m
[basic_sim-13] [0m[INFO] [1791622609.418919297] [basic_sim]: MainLoop - Ellapsed: 0.000047s[0m
[basic_sim-13] [0m[INFO] [1791622609.439029155] [basic_sim]: MainLoop - Ellapsed: 0.000052s[0m
[basic_sim-13] [0m[INFO] [1791622609.458967822] [basic_sim]: MainLoop - Ellapsed: 0.000049s[0m
[basic_sim-13] [0m[INFO] [1791622609.478895065] [basic_sim]: MainLoop - Ellapsed: 0.000046s[0m
[basic_sim-13] [0m[INFO] [1791622609.499293697] [basic_sim]: MainLoop - Ellapsed: 0.000077s[0m
[basic_sim-13] [0m[INFO] [1791622609.519042001] [basic_sim]: MainLoop - Ellapsed: 0.000053s[0m
[basic_sim-13] [0m[INFO] [1791622609.538922015] [basic_sim]: MainLoop - Ellapsed: 0.000046s[0m
[basic_sim-13] [0m[INFO] [1791622609.559125390] [basic_sim]: MainLoop - Ellapsed: 0.000055s[0m
[basic_sim-13] [0m[INFO] [1791622609.578954301] [basic_sim]: MainLoop - Ellapsed: 0.000048s[0m
[basic_sim-13] [0m[INFO] [1791622609.598987223] [basic_sim]: MainLoop - Ellapsed: 0.000050s[0m
[basic_sim-13] [0m[INFO] [1791622609.619072398] [basic_sim]: MainLoop - Ellapsed: 0.000056s[0m
[basic_sim-13] [0m[INFO] [1791622609.639015760] [basic_sim]: MainLoop - Ellapsed: 0.000053s[0m
[basic_sim-13] [0m[INFO] [1791622609.659148639] [basic_sim]: MainLoop - Ellapsed: 0.000067s[0m
[basic_sim-13] [0m[INFO] [1791622609.678870646] [basic_sim]: MainLoop - Ellapsed: 0.000045s[0m
[basic_sim-13] [0m[INFO] [1791622609.699048050] [basic_sim]: MainLoop - Ellapsed: 0.000061s[0m
[basic_sim-13] [0m[INFO] [1791622609.718928169] [basic_sim]: MainLoop - Ellapsed: 0.000037s[0m
[basic_sim-13] [0m[INFO] [1791622609.739142004] [basic_sim]: MainLoop - Ellapsed: 0.000066s[0m
[basic_sim-13] [0m[INFO] [1791622609.759012988] [basic_sim]: MainLoop - Ellapsed: 0.000052s[0m
[basic_sim-13] [0m[INFO] [1791622609.778957891] [basic_sim]: MainLoop - Ellapsed: 0.000047s[0m
[basic_sim-13] [0m[INFO] [1791622609.798932545] [basic_sim]: MainLoop - Ellapsed: 0.000045s[0m
[basic_sim-13] [0m[INFO] [1791622609.819025862] [basic_sim]: MainLoop - Ellapsed: 0.000054s[0m
[basic_sim-13] [0m[INFO] [1791622609.838984811] [basic_sim]: MainLoop - Ellapsed: 0.000053s[0m
[basic_sim-13] [0m[INFO] [1791622609.859211777] [basic_sim]: MainLoop - Ellapsed: 0.000077s[0m
[basic_sim-13] [0m[INFO] [1791622609.878978398] [basic_sim]: MainLoop - Ellapsed: 0.000050s[0m
[basic_sim-13] [0m[INFO] [1791622609.898914799] [basic_sim]: MainLoop - Ellapsed: 0.000045s[0m
[basic_sim-13] [0m[INFO] [1791622609.919057667] [basic_sim]: MainLoop - Ellapsed: 0.000058s[0m
[basic_sim-13] [0m[INFO] [1791622609.938929767] [basic_sim]: MainLoop - Ellapsed: 0.000047s[0m
[basic_sim-13] [0m[INFO] [1791622609.959061490] [basic_sim]: MainLoop - Ellapsed: 0.000054s[0m
[basic_sim-13] [0m[INFO] [1791622609.979062648] [basic_sim]: MainLoop - Ellapsed: 0.000049s[0m
[basic_sim-13] [0m[INFO] [1791622609.998978977] [basic_sim]: MainLoop - Ellapsed: 0.000048s[0m
[basic_sim-13] [0m[INFO] [1791622610.019111709] [basic_sim]: MainLoop - Ellapsed: 0.000060s[0m
[basic_sim-13] [0m[INFO] [1791622610.038960708] [basic_sim]: MainLoop - Ellapsed: 0.000045s[0m
[basic_sim-13] [0m[INFO] [1791622610.058934681] [basic_sim]: MainLoop - Ellapsed: 0.000043s[0m
[basic_sim-13] [0m[INFO] [1791622610.078865773] [basic_sim]: MainLoop - Ellapsed: 0.000041s[0m
[basic_sim-13] [0m[INFO] [1791622610.098863823] [basic_sim]: MainLoop - Ellapsed: 0.000042s[0m
[basic_sim-13] [0m[INFO] [1791622610.119012867] [basic_sim]: MainLoop - Ellapsed: 0.000049s[0m
[basic_sim-13] [0m[INFO] [1791622610.138982782] [basic_sim]: MainLoop - Ellapsed: 0.000051s[0m
[basic_sim-13] [0m[INFO] [1791622610.158958859] [basic_sim]: MainLoop - Ellapsed: 0.000049s[0m
[basic_sim-13] [0m[INFO] [1791622610.178943926] [basic_sim]: MainLoop - Ellapsed: 0.000043s[0m
[basic_sim-13] [0m[INFO] [1791622610.198914627] [basic_sim]: MainLoop - Ellapsed: 0.000044s[0m
[basic_sim-13] [0m[INFO] [1791622610.219027358] [basic_sim]: MainLoop - Ellapsed: 0.000053s[0m
[basic_sim-13] [0m[INFO] [1791622610.239034743] [basic_sim]: MainLoop - Ellapsed: 0.000052s[0m
[basic_sim-13] [0m[INFO] [1791622610.259286964] [basic_sim]: MainLoop - Ellapsed: 0.000084s[0m
[basic_sim-13] [0m[INFO] [1791622610.278927794] [basic_sim]: MainLoop - Ellapsed: 0.000049s[0m
[basic_sim-13] [0m[INFO] [1791622610.298936054] [basic_sim]: MainLoop - Ellapsed: 0.000053s[0m
[basic_sim-13] [0m[INFO] [1791622610.318900469] [basic_sim]: MainLoop - Ellapsed: 0.000043s[0m
[basic_sim-13] [0m[INFO] [1791622610.338901752] [basic_sim]: MainLoop - Ellapsed: 0.000044s[0m
[basic_sim-13] [0m[INFO] [1791622610.359008838] [basic_sim]: MainLoop - Ellapsed: 0.000053s[0m
[basic_sim-13] [0m[INFO] [1791622610.378835101] [basic_sim]: MainLoop - Ellapsed: 0.000042s[0m
[basic_sim-13] [0m[INFO] [1791622610.398922690] [basic_sim]: MainLoop - Ellapsed: 0.000044s[0m
[basic_sim-13] [0m[INFO] [1791622610.419027675] [basic_sim]: MainLoop - Ellapsed: 0.000050s[0m
[basic_sim-13] [0m[INFO] [1791622610.438995486] [basic_sim]: MainLoop - Ellapsed: 0.000056s[0m
[basic_sim-13] [0m[INFO] [1791622610.459180098] [basic_sim]: MainLoop - Ellapsed: 0.000069s[0m
[basic_sim-13] [0m[INFO] [1791622610.478950655] [basic_sim]: MainLoop - Ellapsed: 0.000049s[0m
[basic_sim-13] [0m[INFO] [1791622610.498859391] [basic_sim]: MainLoop - Ellapsed: 0.000040s[0m
[basic_sim-13] [0m[INFO] [1791622610.518922989] [basic_sim]: MainLoop - Ellapsed: 0.000045s[0m
[basic_sim-13] [0m[INFO] [1791622610.538912221] [basic_sim]: MainLoop - Ellapsed: 0.000044s[0m
[basic_sim-13] [0m[INFO] [1791622610.558939685] [basic_sim]: MainLoop - Ellapsed: 0.000046s[0m
[basic_sim-13] [0m[INFO] [1791622610.578938462] [basic_sim]: MainLoop - Ellapsed: 0.000038s[0m
[basic_sim-13] [0m[INFO] [1791622610.598895523] [basic_sim]: MainLoop - Ellapsed: 0.000044s[0m
[basic_sim-13] [0m[INFO] [1791622610.618854293] [basic_sim]: MainLoop - Ellapsed: 0.000042s[0m
[basic_sim-13] [0m[INFO] [1791622610.639289296] [basic_sim]: MainLoop - Ellapsed: 0.000082s[0m
[basic_sim-13] [0m[INFO] [1791622610.658867335] [basic_sim]: MainLoop - Ellapsed: 0.000043s[0m
[basic_sim-13] [0m[INFO] [1791622610.679063059] [basic_sim]: MainLoop - Ellapsed: 0.000040s[0m
[basic_sim-13] [0m[INFO] [1791622610.698873664] [basic_sim]: MainLoop - Ellapsed: 0.000041s[0m
[basic_sim-13] [0m[INFO] [1791622610.719340186] [basic_sim]: MainLoop - Ellapsed: 0.000086s[0m
[basic_sim-13] [0m[INFO] [1791622610.739118630] [basic_sim]: MainLoop - Ellapsed: 0.000039s[0m
[basic_sim-13] [0m[INFO] [1791622610.759138125] [basic_sim]: MainLoop - Ellapsed: 0.000066s[0m
[basic_sim-13] [0m[INFO] [1791622610.778812247] [basic_sim]: MainLoop - Ellapsed: 0.000037s[0m
[basic_sim-13] [0m[INFO] [1791622610.798855334] [basic_sim]: MainLoop - Ellapsed: 0.000041s[0m
[basic_sim-13] [0m[INFO] [1791622610.819232298] [basic_sim]: MainLoop - Ellapsed: 0.000052s[0m
[basic_sim-13] [0m[INFO] [1791622610.839332409] [basic_sim]: MainLoop - Ellapsed: 0.000083s[0m
[basic_sim-13] [0m[INFO] [1791622610.858984369] [basic_sim]: MainLoop - Ellapsed: 0.000050s[0m
[basic_sim-13] [0m[INFO] [1791622610.878994732] [basic_sim]: MainLoop - Ellapsed: 0.000050s[0m
[basic_sim-13] [0m[INFO] [1791622610.898882368] [basic_sim]: MainLoop - Ellapsed: 0.000042s[0m
[basic_sim-13] [0m[INFO] [1791622610.918860882] [basic_sim]: MainLoop - Ellapsed: 0.000041s[0m
[basic_sim-13] [0m[INFO] [1791622610.939007365] [basic_sim]: MainLoop - Ellapsed: 0.000052s[0m
[basic_sim-13] [0m[INFO] [1791622610.959063927] [basic_sim]: MainLoop - Ellapsed: 0.000052s[0m
[basic_sim-13] [0m[INFO] [1791622610.978934501] [basic_sim]: MainLoop - Ellapsed: 0.000046s[0m
[basic_sim-13] [0m[INFO] [1791622610.999133535] [basic_sim]: MainLoop - Ellapsed: 0.000059s[0m
[basic_sim-13] [0m[INFO] [1791622611.019066374] [basic_sim]: MainLoop - Ellapsed: 0.000052s[0m
[basic_sim-13] [0m[INFO] [1791622611.038835646] [basic_sim]: MainLoop - Ellapsed: 0.000040s[0m
[basic_sim-13] [0m[INFO] [1791622611.058815523] [basic_sim]: MainLoop - Ellapsed: 0.000038s[0m
[basic_sim-13] [0m[INFO] [1791622611.079003781] [basic_sim]: MainLoop - Ellapsed: 0.000055s[0m
[basic_sim-13] [0m[INFO] [1791622611.098803386] [basic_sim]: MainLoop - Ellapsed: 0.000039s[0m
[basic_sim-13] [0m[INFO] [1791622611.118877315] [basic_sim]: MainLoop - Ellapsed: 0.000041s[0m
[basic_sim-13] [0m[INFO] [1791622611.139010859] [basic_sim]: MainLoop - Ellapsed: 0.000052s[0m
[basic_sim-13] [0m[INFO] [1791622611.158846935] [basic_sim]: MainLoop - Ellapsed: 0.000041s[0m
[basic_sim-13] [0m[INFO] [1791622611.179247450] [basic_sim]: MainLoop - Ellapsed: 0.000049s[0m
[basic_sim-13] [0m[INFO] [1791622611.199134392] [basic_sim]: MainLoop - Ellapsed: 0.000067s[0m
[basic_sim-13] [0m[INFO] [1791622611.218821458] [basic_sim]: MainLoop - Ellapsed: 0.000036s[0m
[basic_sim-13] [0m[INFO] [1791622611.238860332] [basic_sim]: MainLoop - Ellapsed: 0.000039s[0m
[basic_sim-13] [0m[INFO] [1791622611.258831031] [basic_sim]: MainLoop - Ellapsed: 0.000039s[0m
[basic_sim-13] [0m[INFO] [1791622611.279120262] [basic_sim]: MainLoop - Ellapsed: 0.000043s[0m
[basic_sim-13] [0m[INFO] [1791622611.298836671] [basic_sim]: MainLoop - Ellapsed: 0.000039s[0m
[basic_sim-13] [0m[INFO] [1791622611.318867403] [basic_sim]: MainLoop - Ellapsed: 0.000043s[0m
[basic_sim-13] [0m[INFO] [1791622611.339146234] [basic_sim]: MainLoop - Ellapsed: 0.000065s[0m
[basic_sim-13] [0m[INFO] [1791622611.358999864] [basic_sim]: MainLoop - Ellapsed: 0.000047s[0m
[basic_sim-13] [0m[INFO] [1791622611.378975970] [basic_sim]: MainLoop - Ellapsed: 0.000044s[0m
[basic_sim-13] [0m[INFO] [1791622611.398967256] [basic_sim]: MainLoop - Ellapsed: 0.000046s[0m
[basic_sim-13] [0m[INFO] [1791622611.419007305] [basic_sim]: MainLoop - Ellapsed: 0.000045s[0m
[basic_sim-13] [0m[INFO] [1791622611.438860981] [basic_sim]: MainLoop - Ellapsed: 0.000043s[0m
[basic_sim-13] [0m[INFO] [1791622611.459040940] [basic_sim]: MainLoop - Ellapsed: 0.000057s[0m
[basic_sim-13] [0m[INFO] [1791622611.479112718] [basic_sim]: MainLoop - Ellapsed: 0.000060s[0m
[basic_sim-13] [0m[INFO] [1791622611.498972355] [basic_sim]: MainLoop - Ellapsed: 0.000041s[0m
[basic_sim-13] [0m[INFO] [1791622611.518842628] [basic_sim]: MainLoop - Ellapsed: 0.000042s[0m
[basic_sim-13] [0m[INFO] [1791622611.538953560] [basic_sim]: MainLoop - Ellapsed: 0.000040s[0m
[basic_sim-13] [0m[INFO] [1791622611.558867229] [basic_sim]: MainLoop - Ellapsed: 0.000043s[0m
[basic_sim-13] [0m[INFO] [1791622611.579498737] [basic_sim]: MainLoop - Ellapsed: 0.000067s[0m
[basic_sim-13] [0m[INFO] [1791622611.598865372] [basic_sim]: MainLoop - Ellapsed: 0.000038s[0m
[basic_sim-13] [0m[INFO] [1791622611.618843750] [basic_sim]: MainLoop - Ellapsed: 0.000041s[0m
[basic_sim-13] [0m[INFO] [1791622611.638914367] [basic_sim]: MainLoop - Ellapsed: 0.000046s[0m
[basic_sim-13] [0m[INFO] [1791622611.659154961] [basic_sim]: MainLoop - Ellapsed: 0.000045s[0m
[basic_sim-13] [0m[INFO] [1791622611.678852845] [basic_sim]: MainLoop - Ellapsed: 0.000043s[0m
[basic_sim-13] [0m[INFO] [1791622611.698858123] [basic_sim]: MainLoop - Ellapsed: 0.000043s[0m
[basic_sim-13] [0m[INFO] [1791622611.718807454] [basic_sim]: MainLoop - Ellapsed: 0.000038s[0m
[basic_sim-13] [0m[INFO] [1791622611.738919963] [basic_sim]: MainLoop - Ellapsed: 0.000047s[0m
[basic_sim-13] [0m[INFO] [1791622611.759100725] [basic_sim]: MainLoop - Ellapsed: 0.000050s[0m
[basic_sim-13] [0m[INFO] [1791622611.779050941] [basic_sim]: MainLoop - Ellapsed: 0.000062s[0m
[basic_sim-13] [0m[INFO] [1791622611.798808766] [basic_sim]: MainLoop - Ellapsed: 0.000039s[0m
[basic_sim-13] [0m[INFO] [1791622611.818842256] [basic_sim]: MainLoop - Ellapsed: 0.000042s[0m
[basic_sim-13] [0m[INFO] [1791622611.838878629] [basic_sim]: MainLoop - Ellapsed: 0.000041s[0m
[basic_sim-13] [0m[INFO] [1791622611.858888848] [basic_sim]: MainLoop - Ellapsed: 0.000045s[0m
[basic_sim-13] [0m[INFO] [1791622611.878922942] [basic_sim]: MainLoop - Ellapsed: 0.000042s[0m
[basic_sim-13] [0m[INFO] [1791622611.898950552] [basic_sim]: MainLoop - Ellapsed: 0.000046s[0m
[basic_sim-13] [0m[INFO] [1791622611.918870291] [basic_sim]: MainLoop - Ellapsed: 0.000044s[0m
[basic_sim-13] [0m[INFO] [1791622611.938926570] [basic_sim]: MainLoop - Ellapsed: 0.000043s[0m
[basic_sim-13] [0m[INFO] [1791622611.959536163] [basic_sim]: MainLoop - Ellapsed: 0.000085s[0m
[basic_sim-13] [0m[INFO] [1791622611.979432454] [basic_sim]: MainLoop - Ellapsed: 0.000087s[0m
[basic_sim-13] [0m[INFO] [1791622611.998925753] [basic_sim]: MainLoop - Ellapsed: 0.000042s[0m
[basic_sim-13] [0m[INFO] [1791622612.018830741] [basic_sim]: MainLoop - Ellapsed: 0.000037s[0m
[basic_sim-13] [0m[INFO] [1791622612.038819039] [basic_sim]: MainLoop - Ellapsed: 0.000035s[0m
[gsl_actionserver_node-14] [0m[INFO] [1791622612.047338695] [GSL]: GSL action server is ready for action![0m
[basic_sim-13] [0m[INFO] [1791622612.058868218] [basic_sim]: MainLoop - Ellapsed: 0.000044s[0m
[basic_sim-13] [0m[INFO] [1791622612.078835941] [basic_sim]: MainLoop - Ellapsed: 0.000038s[0m
[basic_sim-13] [0m[INFO] [1791622612.098841243] [basic_sim]: MainLoop - Ellapsed: 0.000045s[0m
[basic_sim-13] [0m[INFO] [1791622612.118860320] [basic_sim]: MainLoop - Ellapsed: 0.000043s[0m
[basic_sim-13] [0m[INFO] [1791622612.138843867] [basic_sim]: MainLoop - Ellapsed: 0.000041s[0m
[basic_sim-13] [0m[INFO] [1791622612.159206154] [basic_sim]: MainLoop - Ellapsed: 0.000050s[0m
[basic_sim-13] [0m[INFO] [1791622612.179200044] [basic_sim]: MainLoop - Ellapsed: 0.000073s[0m
[basic_sim-13] [0m[INFO] [1791622612.198867191] [basic_sim]: MainLoop - Ellapsed: 0.000042s[0m
[basic_sim-13] [0m[INFO] [1791622612.218864887] [basic_sim]: MainLoop - Ellapsed: 0.000044s[0m
[basic_sim-13] [0m[INFO] [1791622612.238883063] [basic_sim]: MainLoop - Ellapsed: 0.000042s[0m
[basic_sim-13] [0m[INFO] [1791622612.258864782] [basic_sim]: MainLoop - Ellapsed: 0.000044s[0m
[basic_sim-13] [0m[INFO] [1791622612.278938558] [basic_sim]: MainLoop - Ellapsed: 0.000050s[0m
[basic_sim-13] [0m[INFO] [1791622612.298790085] [basic_sim]: MainLoop - Ellapsed: 0.000037s[0m
[basic_sim-13] [0m[INFO] [1791622612.319051016] [basic_sim]: MainLoop - Ellapsed: 0.000050s[0m
[basic_sim-13] [0m[INFO] [1791622612.338868448] [basic_sim]: MainLoop - Ellapsed: 0.000041s[0m
[basic_sim-13] [0m[INFO] [1791622612.359180132] [basic_sim]: MainLoop - Ellapsed: 0.000076s[0m
[basic_sim-13] [0m[INFO] [1791622612.378874007] [basic_sim]: MainLoop - Ellapsed: 0.000037s[0m
[basic_sim-13] [0m[INFO] [1791622612.398833405] [basic_sim]: MainLoop - Ellapsed: 0.000041s[0m
[basic_sim-13] [0m[INFO] [1791622612.419007542] [basic_sim]: MainLoop - Ellapsed: 0.000043s[0m
[basic_sim-13] [0m[INFO] [1791622612.438809017] [basic_sim]: MainLoop - Ellapsed: 0.000038s[0m
[basic_sim-13] [0m[INFO] [1791622612.459039361] [basic_sim]: MainLoop - Ellapsed: 0.000043s[0m
[basic_sim-13] [0m[INFO] [1791622612.478778698] [basic_sim]: MainLoop - Ellapsed: 0.000039s[0m
[basic_sim-13] [0m[INFO] [1791622612.498895224] [basic_sim]: MainLoop - Ellapsed: 0.000046s[0m
[basic_sim-13] [0m[INFO] [1791622612.518881607] [basic_sim]: MainLoop - Ellapsed: 0.000044s[0m
[basic_sim-13] [0m[INFO] [1791622612.539131300] [basic_sim]: MainLoop - Ellapsed: 0.000048s[0m
[basic_sim-13] [0m[INFO] [1791622612.558869655] [basic_sim]: MainLoop - Ellapsed: 0.000044s[0m
[basic_sim-13] [0m[INFO] [1791622612.578899689] [basic_sim]: MainLoop - Ellapsed: 0.000044s[0m
[basic_sim-13] [0m[INFO] [1791622612.598997371] [basic_sim]: MainLoop - Ellapsed: 0.000056s[0m
[basic_sim-13] [0m[INFO] [1791622612.618916517] [basic_sim]: MainLoop - Ellapsed: 0.000043s[0m
[basic_sim-13] [0m[INFO] [1791622612.638875615] [basic_sim]: MainLoop - Ellapsed: 0.000043s[0m
[basic_sim-13] [0m[INFO] [1791622612.658928454] [basic_sim]: MainLoop - Ellapsed: 0.000041s[0m
[basic_sim-13] [0m[INFO] [1791622612.678877472] [basic_sim]: MainLoop - Ellapsed: 0.000044s[0m
[basic_sim-13] [0m[INFO] [1791622612.698744477] [basic_sim]: MainLoop - Ellapsed: 0.000036s[0m
[basic_sim-13] [0m[INFO] [1791622612.718949980] [basic_sim]: MainLoop - Ellapsed: 0.000046s[0m
[basic_sim-13] [0m[INFO] [1791622612.738996012] [basic_sim]: MainLoop - Ellapsed: 0.000059s[0m
[basic_sim-13] [0m[INFO] [1791622612.758841175] [basic_sim]: MainLoop - Ellapsed: 0.000042s[0m
[basic_sim-13] [0m[INFO] [1791622612.778919749] [basic_sim]: MainLoop - Ellapsed: 0.000052s[0m
[basic_sim-13] [0m[INFO] [1791622612.798816470] [basic_sim]: MainLoop - Ellapsed: 0.000039s[0m
[basic_sim-13] [0m[INFO] [1791622612.818833039] [basic_sim]: MainLoop - Ellapsed: 0.000042s[0m
[basic_sim-13] [0m[INFO] [1791622612.839021374] [basic_sim]: MainLoop - Ellapsed: 0.000057s[0m
[basic_sim-13] [0m[INFO] [1791622612.858871229] [basic_sim]: MainLoop - Ellapsed: 0.000042s[0m
[basic_sim-13] [0m[INFO] [1791622612.879126107] [basic_sim]: MainLoop - Ellapsed: 0.000045s[0m
[basic_sim-13] [0m[INFO] [1791622612.898848756] [basic_sim]: MainLoop - Ellapsed: 0.000041s[0m
[basic_sim-13] [0m[INFO] [1791622612.918974743] [basic_sim]: MainLoop - Ellapsed: 0.000046s[0m
[basic_sim-13] [0m[INFO] [1791622612.938824407] [basic_sim]: MainLoop - Ellapsed: 0.000040s[0m
[basic_sim-13] [0m[INFO] [1791622612.959038049] [basic_sim]: MainLoop - Ellapsed: 0.000045s[0m
[basic_sim-13] [0m[INFO] [1791622612.979175497] [basic_sim]: MainLoop - Ellapsed: 0.000043s[0m
[basic_sim-13] [0m[INFO] [1791622612.998840003] [basic_sim]: MainLoop - Ellapsed: 0.000042s[0m
[basic_sim-13] [0m[INFO] [1791622613.019014487] [basic_sim]: MainLoop - Ellapsed: 0.000058s[0m
[basic_sim-13] [0m[INFO] [1791622613.038878481] [basic_sim]: MainLoop - Ellapsed: 0.000043s[0m
[basic_sim-13] [0m[INFO] [1791622613.058788240] [basic_sim]: MainLoop - Ellapsed: 0.000038s[0m
[basic_sim-13] [0m[INFO] [1791622613.078854809] [basic_sim]: MainLoop - Ellapsed: 0.000044s[0m
[basic_sim-13] [0m[INFO] [1791622613.098907037] [basic_sim]: MainLoop - Ellapsed: 0.000044s[0m
[basic_sim-13] [0m[INFO] [1791622613.119105617] [basic_sim]: MainLoop - Ellapsed: 0.000067s[0m
[basic_sim-13] [0m[INFO] [1791622613.138841586] [basic_sim]: MainLoop - Ellapsed: 0.000043s[0m
[basic_sim-13] [0m[INFO] [1791622613.158920060] [basic_sim]: MainLoop - Ellapsed: 0.000042s[0m
[basic_sim-13] [0m[INFO] [1791622613.179066016] [basic_sim]: MainLoop - Ellapsed: 0.000040s[0m
[basic_sim-13] [0m[INFO] [1791622613.198884091] [basic_sim]: MainLoop - Ellapsed: 0.000038s[0m
[basic_sim-13] [0m[INFO] [1791622613.218912794] [basic_sim]: MainLoop - Ellapsed: 0.000044s[0m
[basic_sim-13] [0m[INFO] [1791622613.239528622] [basic_sim]: MainLoop - Ellapsed: 0.000089s[0m
[basic_sim-13] [0m[INFO] [1791622613.258860805] [basic_sim]: MainLoop - Ellapsed: 0.000044s[0m
[basic_sim-13] [0m[INFO] [1791622613.278795018] [basic_sim]: MainLoop - Ellapsed: 0.000036s[0m
[basic_sim-13] [0m[INFO] [1791622613.298907004] [basic_sim]: MainLoop - Ellapsed: 0.000046s[0m
[basic_sim-13] [0m[INFO] [1791622613.319111548] [basic_sim]: MainLoop - Ellapsed: 0.000069s[0m
[basic_sim-13] [0m[INFO] [1791622613.338830978] [basic_sim]: MainLoop - Ellapsed: 0.000043s[0m
[basic_sim-13] [0m[INFO] [1791622613.358876741] [basic_sim]: MainLoop - Ellapsed: 0.000050s[0m
[basic_sim-13] [0m[INFO] [1791622613.378874566] [basic_sim]: MainLoop - Ellapsed: 0.000045s[0m
[basic_sim-13] [0m[INFO] [1791622613.398868341] [basic_sim]: MainLoop - Ellapsed: 0.000043s[0m
[basic_sim-13] [0m[INFO] [1791622613.418813073] [basic_sim]: MainLoop - Ellapsed: 0.000040s[0m
[basic_sim-13] [0m[INFO] [1791622613.438867434] [basic_sim]: MainLoop - Ellapsed: 0.000043s[0m
[basic_sim-13] [0m[INFO] [1791622613.458890230] [basic_sim]: MainLoop - Ellapsed: 0.000046s[0m
[basic_sim-13] [0m[INFO] [1791622613.479110697] [basic_sim]: MainLoop - Ellapsed: 0.000046s[0m
[basic_sim-13] [0m[INFO] [1791622613.499195660] [basic_sim]: MainLoop - Ellapsed: 0.000046s[0m
[basic_sim-13] [0m[INFO] [1791622613.518810327] [basic_sim]: MainLoop - Ellapsed: 0.000039s[0m
[basic_sim-13] [0m[INFO] [1791622613.538851895] [basic_sim]: MainLoop - Ellapsed: 0.000042s[0m
[basic_sim-13] [0m[INFO] [1791622613.559018880] [basic_sim]: MainLoop - Ellapsed: 0.000056s[0m
[basic_sim-13] [0m[INFO] [1791622613.579071316] [basic_sim]: MainLoop - Ellapsed: 0.000064s[0m
[basic_sim-13] [0m[INFO] [1791622613.598974911] [basic_sim]: MainLoop - Ellapsed: 0.000048s[0m
[basic_sim-13] [0m[INFO] [1791622613.618989356] [basic_sim]: MainLoop - Ellapsed: 0.000051s[0m
[basic_sim-13] [0m[INFO] [1791622613.638867604] [basic_sim]: MainLoop - Ellapsed: 0.000043s[0m
[basic_sim-13] [0m[INFO] [1791622613.658857039] [basic_sim]: MainLoop - Ellapsed: 0.000043s[0m
[basic_sim-13] [0m[INFO] [1791622613.679240134] [basic_sim]: MainLoop - Ellapsed: 0.000046s[0m
[basic_sim-13] [0m[INFO] [1791622613.698885483] [basic_sim]: MainLoop - Ellapsed: 0.000044s[0m
[basic_sim-13] [0m[INFO] [1791622613.718894760] [basic_sim]: MainLoop - Ellapsed: 0.000040s[0m
[basic_sim-13] [0m[INFO] [1791622613.738873568] [basic_sim]: MainLoop - Ellapsed: 0.000040s[0m
[basic_sim-13] [0m[INFO] [1791622613.758819666] [basic_sim]: MainLoop - Ellapsed: 0.000037s[0m
[basic_sim-13] [0m[INFO] [1791622613.778859670] [basic_sim]: MainLoop - Ellapsed: 0.000041s[0m
[basic_sim-13] [0m[INFO] [1791622613.798904353] [basic_sim]: MainLoop - Ellapsed: 0.000046s[0m
[basic_sim-13] [0m[INFO] [1791622613.818981784] [basic_sim]: MainLoop - Ellapsed: 0.000046s[0m
[basic_sim-13] [0m[INFO] [1791622613.838822558] [basic_sim]: MainLoop - Ellapsed: 0.000041s[0m
[basic_sim-13] [0m[INFO] [1791622613.859013706] [basic_sim]: MainLoop - Ellapsed: 0.000058s[0m
[basic_sim-13] [0m[INFO] [1791622613.879840807] [basic_sim]: MainLoop - Ellapsed: 0.000073s[0m
[basic_sim-13] [0m[INFO] [1791622613.898865400] [basic_sim]: MainLoop - Ellapsed: 0.000042s[0m
[basic_sim-13] [0m[INFO] [1791622613.918776162] [basic_sim]: MainLoop - Ellapsed: 0.000037s[0m
[basic_sim-13] [0m[INFO] [1791622613.939144128] [basic_sim]: MainLoop - Ellapsed: 0.000070s[0m
[basic_sim-13] [0m[INFO] [1791622613.958867421] [basic_sim]: MainLoop - Ellapsed: 0.000046s[0m
[basic_sim-13] [0m[INFO] [1791622613.979012417] [basic_sim]: MainLoop - Ellapsed: 0.000057s[0m
[basic_sim-13] [0m[INFO] [1791622613.999148806] [basic_sim]: MainLoop - Ellapsed: 0.000045s[0m
[basic_sim-13] [0m[INFO] [1791622614.018930475] [basic_sim]: MainLoop - Ellapsed: 0.000046s[0m
[basic_sim-13] [0m[INFO] [1791622614.038897121] [basic_sim]: MainLoop - Ellapsed: 0.000044s[0m
[basic_sim-13] [0m[INFO] [1791622614.059196135] [basic_sim]: MainLoop - Ellapsed: 0.000055s[0m
[basic_sim-13] [0m[INFO] [1791622614.079267878] [basic_sim]: MainLoop - Ellapsed: 0.000046s[0m
[basic_sim-13] [0m[INFO] [1791622614.098933845] [basic_sim]: MainLoop - Ellapsed: 0.000050s[0m
[basic_sim-13] [0m[INFO] [1791622614.118835301] [basic_sim]: MainLoop - Ellapsed: 0.000041s[0m
[basic_sim-13] [0m[INFO] [1791622614.138952667] [basic_sim]: MainLoop - Ellapsed: 0.000050s[0m
[basic_sim-13] [0m[INFO] [1791622614.159088075] [basic_sim]: MainLoop - Ellapsed: 0.000041s[0m
[basic_sim-13] [0m[INFO] [1791622614.178818943] [basic_sim]: MainLoop - Ellapsed: 0.000040s[0m
[basic_sim-13] [0m[INFO] [1791622614.198851429] [basic_sim]: MainLoop - Ellapsed: 0.000040s[0m
[basic_sim-13] [0m[INFO] [1791622614.218963564] [basic_sim]: MainLoop - Ellapsed: 0.000042s[0m
[basic_sim-13] [0m[INFO] [1791622614.239087934] [basic_sim]: MainLoop - Ellapsed: 0.000052s[0m
[basic_sim-13] [0m[INFO] [1791622614.259051910] [basic_sim]: MainLoop - Ellapsed: 0.000042s[0m
[basic_sim-13] [0m[INFO] [1791622614.279194258] [basic_sim]: MainLoop - Ellapsed: 0.000069s[0m
[basic_sim-13] [0m[INFO] [1791622614.298854127] [basic_sim]: MainLoop - Ellapsed: 0.000040s[0m
[basic_sim-13] [0m[INFO] [1791622614.318867853] [basic_sim]: MainLoop - Ellapsed: 0.000041s[0m
[basic_sim-13] [0m[INFO] [1791622614.338975444] [basic_sim]: MainLoop - Ellapsed: 0.000050s[0m
[basic_sim-13] [0m[INFO] [1791622614.358878259] [basic_sim]: MainLoop - Ellapsed: 0.000039s[0m
[basic_sim-13] [0m[INFO] [1791622614.379022157] [basic_sim]: MainLoop - Ellapsed: 0.000056s[0m
[basic_sim-13] [0m[INFO] [1791622614.398893133] [basic_sim]: MainLoop - Ellapsed: 0.000046s[0m
[basic_sim-13] [0m[INFO] [1791622614.418843058] [basic_sim]: MainLoop - Ellapsed: 0.000042s[0m
[basic_sim-13] [0m[INFO] [1791622614.439163772] [basic_sim]: MainLoop - Ellapsed: 0.000060s[0m
[basic_sim-13] [0m[INFO] [1791622614.459283657] [basic_sim]: MainLoop - Ellapsed: 0.000084s[0m
[basic_sim-13] [0m[INFO] [1791622614.478894573] [basic_sim]: MainLoop - Ellapsed: 0.000043s[0m
[basic_sim-13] [0m[INFO] [1791622614.498839761] [basic_sim]: MainLoop - Ellapsed: 0.000039s[0m
[basic_sim-13] [0m[INFO] [1791622614.518878283] [basic_sim]: MainLoop - Ellapsed: 0.000045s[0m
[basic_sim-13] [0m[INFO] [1791622614.538889850] [basic_sim]: MainLoop - Ellapsed: 0.000043s[0m
[basic_sim-13] [0m[INFO] [1791622614.558839128] [basic_sim]: MainLoop - Ellapsed: 0.000041s[0m
[basic_sim-13] [0m[INFO] [1791622614.578894404] [basic_sim]: MainLoop - Ellapsed: 0.000046s[0m
[basic_sim-13] [0m[INFO] [1791622614.598845434] [basic_sim]: MainLoop - Ellapsed: 0.000038s[0m
[basic_sim-13] [0m[INFO] [1791622614.619094603] [basic_sim]: MainLoop - Ellapsed: 0.000058s[0m
[basic_sim-13] [0m[INFO] [1791622614.639222048] [basic_sim]: MainLoop - Ellapsed: 0.000053s[0m
[basic_sim-13] [0m[INFO] [1791622614.659104288] [basic_sim]: MainLoop - Ellapsed: 0.000068s[0m
[basic_sim-13] [0m[INFO] [1791622614.678786967] [basic_sim]: MainLoop - Ellapsed: 0.000040s[0m
[basic_sim-13] [0m[INFO] [1791622614.698859666] [basic_sim]: MainLoop - Ellapsed: 0.000038s[0m
[basic_sim-13] [0m[INFO] [1791622614.718833030] [basic_sim]: MainLoop - Ellapsed: 0.000041s[0m
[basic_sim-13] [0m[INFO] [1791622614.739059065] [basic_sim]: MainLoop - Ellapsed: 0.000063s[0m
[basic_sim-13] [0m[INFO] [1791622614.758930312] [basic_sim]: MainLoop - Ellapsed: 0.000048s[0m
[basic_sim-13] [0m[INFO] [1791622614.778920984] [basic_sim]: MainLoop - Ellapsed: 0.000047s[0m
[basic_sim-13] [0m[INFO] [1791622614.798841318] [basic_sim]: MainLoop - Ellapsed: 0.000039s[0m
[basic_sim-13] [0m[INFO] [1791622614.819004688] [basic_sim]: MainLoop - Ellapsed: 0.000042s[0m
[basic_sim-13] [0m[INFO] [1791622614.839045346] [basic_sim]: MainLoop - Ellapsed: 0.000061s[0m
[basic_sim-13] [0m[INFO] [1791622614.858887051] [basic_sim]: MainLoop - Ellapsed: 0.000037s[0m
[basic_sim-13] [0m[INFO] [1791622614.878904776] [basic_sim]: MainLoop - Ellapsed: 0.000047s[0m
[basic_sim-13] [0m[INFO] [1791622614.898876812] [basic_sim]: MainLoop - Ellapsed: 0.000044s[0m
[basic_sim-13] [0m[INFO] [1791622614.918876005] [basic_sim]: MainLoop - Ellapsed: 0.000045s[0m
[basic_sim-13] [0m[INFO] [1791622614.938961015] [basic_sim]: MainLoop - Ellapsed: 0.000052s[0m
[basic_sim-13] [0m[INFO] [1791622614.958839677] [basic_sim]: MainLoop - Ellapsed: 0.000038s[0m
[basic_sim-13] [0m[INFO] [1791622614.978874098] [basic_sim]: MainLoop - Ellapsed: 0.000043s[0m
[basic_sim-13] [0m[INFO] [1791622614.998918195] [basic_sim]: MainLoop - Ellapsed: 0.000047s[0m
[basic_sim-13] [0m[INFO] [1791622615.018991920] [basic_sim]: MainLoop - Ellapsed: 0.000050s[0m
[basic_sim-13] [0m[INFO] [1791622615.039301177] [basic_sim]: MainLoop - Ellapsed: 0.000070s[0m
[basic_sim-13] [0m[INFO] [1791622615.058805316] [basic_sim]: MainLoop - Ellapsed: 0.000039s[0m
[basic_sim-13] [0m[INFO] [1791622615.078921168] [basic_sim]: MainLoop - Ellapsed: 0.000041s[0m
[basic_sim-13] [0m[INFO] [1791622615.099015014] [basic_sim]: MainLoop - Ellapsed: 0.000047s[0m
[basic_sim-13] [0m[INFO] [1791622615.118862025] [basic_sim]: MainLoop - Ellapsed: 0.000042s[0m
[basic_sim-13] [0m[INFO] [1791622615.138823797] [basic_sim]: MainLoop - Ellapsed: 0.000040s[0m
[basic_sim-13] [0m[INFO] [1791622615.158931288] [basic_sim]: MainLoop - Ellapsed: 0.000048s[0m
[basic_sim-13] [0m[INFO] [1791622615.178789094] [basic_sim]: MainLoop - Ellapsed: 0.000041s[0m
[basic_sim-13] [0m[INFO] [1791622615.198954125] [basic_sim]: MainLoop - Ellapsed: 0.000047s[0m
[basic_sim-13] [0m[INFO] [1791622615.219055617] [basic_sim]: MainLoop - Ellapsed: 0.000064s[0m
[basic_sim-13] [0m[INFO] [1791622615.239151572] [basic_sim]: MainLoop - Ellapsed: 0.000072s[0m
[basic_sim-13] [0m[INFO] [1791622615.258906779] [basic_sim]: MainLoop - Ellapsed: 0.000047s[0m
[basic_sim-13] [0m[INFO] [1791622615.278880325] [basic_sim]: MainLoop - Ellapsed: 0.000044s[0m
[basic_sim-13] [0m[INFO] [1791622615.299195042] [basic_sim]: MainLoop - Ellapsed: 0.000075s[0m
[basic_sim-13] [0m[INFO] [1791622615.318888072] [basic_sim]: MainLoop - Ellapsed: 0.000044s[0m
[basic_sim-13] [0m[INFO] [1791622615.338883690] [basic_sim]: MainLoop - Ellapsed: 0.000044s[0m
[basic_sim-13] [0m[INFO] [1791622615.359155093] [basic_sim]: MainLoop - Ellapsed: 0.000068s[0m
[basic_sim-13] [0m[INFO] [1791622615.378921243] [basic_sim]: MainLoop - Ellapsed: 0.000048s[0m
[basic_sim-13] [0m[INFO] [1791622615.399034769] [basic_sim]: MainLoop - Ellapsed: 0.000048s[0m
[basic_sim-13] [0m[INFO] [1791622615.418901139] [basic_sim]: MainLoop - Ellapsed: 0.000050s[0m
[basic_sim-13] [0m[INFO] [1791622615.438900152] [basic_sim]: MainLoop - Ellapsed: 0.000047s[0m
[basic_sim-13] [0m[INFO] [1791622615.458923743] [basic_sim]: MainLoop - Ellapsed: 0.000046s[0m
[basic_sim-13] [0m[INFO] [1791622615.478851167] [basic_sim]: MainLoop - Ellapsed: 0.000039s[0m
[basic_sim-13] [0m[INFO] [1791622615.498909368] [basic_sim]: MainLoop - Ellapsed: 0.000047s[0m
[basic_sim-13] [0m[INFO] [1791622615.518850913] [basic_sim]: MainLoop - Ellapsed: 0.000041s[0m
[basic_sim-13] [0m[INFO] [1791622615.538880816] [basic_sim]: MainLoop - Ellapsed: 0.000045s[0m
[basic_sim-13] [0m[INFO] [1791622615.559050327] [basic_sim]: MainLoop - Ellapsed: 0.000047s[0m
[basic_sim-13] [0m[INFO] [1791622615.579100856] [basic_sim]: MainLoop - Ellapsed: 0.000041s[0m
[basic_sim-13] [0m[INFO] [1791622615.599092825] [basic_sim]: MainLoop - Ellapsed: 0.000045s[0m
[basic_sim-13] [0m[INFO] [1791622615.619233542] [basic_sim]: MainLoop - Ellapsed: 0.000075s[0m
[basic_sim-13] [0m[INFO] [1791622615.638977646] [basic_sim]: MainLoop - Ellapsed: 0.000039s[0m
[basic_sim-13] [0m[INFO] [1791622615.659011617] [basic_sim]: MainLoop - Ellapsed: 0.000053s[0m
[basic_sim-13] [0m[INFO] [1791622615.678870839] [basic_sim]: MainLoop - Ellapsed: 0.000045s[0m
[basic_sim-13] [0m[INFO] [1791622615.698817561] [basic_sim]: MainLoop - Ellapsed: 0.000038s[0m
[basic_sim-13] [0m[INFO] [1791622615.718888210] [basic_sim]: MainLoop - Ellapsed: 0.000043s[0m
[basic_sim-13] [0m[INFO] [1791622615.739025265] [basic_sim]: MainLoop - Ellapsed: 0.000060s[0m
[basic_sim-13] [0m[INFO] [1791622615.758994742] [basic_sim]: MainLoop - Ellapsed: 0.000052s[0m
[basic_sim-13] [0m[INFO] [1791622615.779091963] [basic_sim]: MainLoop - Ellapsed: 0.000044s[0m
[basic_sim-13] [0m[INFO] [1791622615.799034992] [basic_sim]: MainLoop - Ellapsed: 0.000060s[0m
[basic_sim-13] [0m[INFO] [1791622615.818937144] [basic_sim]: MainLoop - Ellapsed: 0.000049s[0m
[basic_sim-13] [0m[INFO] [1791622615.839057713] [basic_sim]: MainLoop - Ellapsed: 0.000063s[0m
[basic_sim-13] [0m[INFO] [1791622615.859383613] [basic_sim]: MainLoop - Ellapsed: 0.000039s[0m
[basic_sim-13] [0m[INFO] [1791622615.878966259] [basic_sim]: MainLoop - Ellapsed: 0.000043s[0m
[basic_sim-13] [0m[INFO] [1791622615.899042601] [basic_sim]: MainLoop - Ellapsed: 0.000045s[0m
[basic_sim-13] [0m[INFO] [1791622615.918836505] [basic_sim]: MainLoop - Ellapsed: 0.000042s[0m
[basic_sim-13] [0m[INFO] [1791622615.938995401] [basic_sim]: MainLoop - Ellapsed: 0.000055s[0m
[basic_sim-13] [0m[INFO] [1791622615.958943951] [basic_sim]: MainLoop - Ellapsed: 0.000045s[0m
[basic_sim-13] [0m[INFO] [1791622615.979341185] [basic_sim]: MainLoop - Ellapsed: 0.000049s[0m
[basic_sim-13] [0m[INFO] [1791622615.999296400] [basic_sim]: MainLoop - Ellapsed: 0.000074s[0m
[basic_sim-13] [0m[INFO] [1791622616.018808358] [basic_sim]: MainLoop - Ellapsed: 0.000039s[0m
[basic_sim-13] [0m[INFO] [1791622616.038937929] [basic_sim]: MainLoop - Ellapsed: 0.000043s[0m
[basic_sim-13] [0m[INFO] [1791622616.058874793] [basic_sim]: MainLoop - Ellapsed: 0.000045s[0m
[basic_sim-13] [0m[INFO] [1791622616.078931429] [basic_sim]: MainLoop - Ellapsed: 0.000043s[0m
[basic_sim-13] [0m[INFO] [1791622616.098899203] [basic_sim]: MainLoop - Ellapsed: 0.000045s[0m
[basic_sim-13] [0m[INFO] [1791622616.118871035] [basic_sim]: MainLoop - Ellapsed: 0.000043s[0m
[basic_sim-13] [0m[INFO] [1791622616.138846234] [basic_sim]: MainLoop - Ellapsed: 0.000041s[0m
[basic_sim-13] [0m[INFO] [1791622616.158777276] [basic_sim]: MainLoop - Ellapsed: 0.000034s[0m
[basic_sim-13] [0m[INFO] [1791622616.179217385] [basic_sim]: MainLoop - Ellapsed: 0.000043s[0m
[basic_sim-13] [0m[INFO] [1791622616.198785233] [basic_sim]: MainLoop - Ellapsed: 0.000037s[0m
[basic_sim-13] [0m[INFO] [1791622616.218786317] [basic_sim]: MainLoop - Ellapsed: 0.000039s[0m
[basic_sim-13] [0m[INFO] [1791622616.238845465] [basic_sim]: MainLoop - Ellapsed: 0.000040s[0m
[basic_sim-13] [0m[INFO] [1791622616.258847412] [basic_sim]: MainLoop - Ellapsed: 0.000042s[0m
[basic_sim-13] [0m[INFO] [1791622616.278938867] [basic_sim]: MainLoop - Ellapsed: 0.000042s[0m
[basic_sim-13] [0m[INFO] [1791622616.299012695] [basic_sim]: MainLoop - Ellapsed: 0.000054s[0m
[basic_sim-13] [0m[INFO] [1791622616.319012055] [basic_sim]: MainLoop - Ellapsed: 0.000058s[0m
[basic_sim-13] [0m[INFO] [1791622616.338960266] [basic_sim]: MainLoop - Ellapsed: 0.000053s[0m
[basic_sim-13] [0m[INFO] [1791622616.359010465] [basic_sim]: MainLoop - Ellapsed: 0.000037s[0m
[basic_sim-13] [0m[INFO] [1791622616.379142322] [basic_sim]: MainLoop - Ellapsed: 0.000070s[0m
[basic_sim-13] [0m[INFO] [1791622616.398928927] [basic_sim]: MainLoop - Ellapsed: 0.000046s[0m
[basic_sim-13] [0m[INFO] [1791622616.418830934] [basic_sim]: MainLoop - Ellapsed: 0.000041s[0m
[basic_sim-13] [0m[INFO] [1791622616.438970275] [basic_sim]: MainLoop - Ellapsed: 0.000043s[0m
[basic_sim-13] [0m[INFO] [1791622616.458878756] [basic_sim]: MainLoop - Ellapsed: 0.000041s[0m
[basic_sim-13] [0m[INFO] [1791622616.478938932] [basic_sim]: MainLoop - Ellapsed: 0.000046s[0m
[basic_sim-13] [0m[INFO] [1791622616.499062218] [basic_sim]: MainLoop - Ellapsed: 0.000045s[0m
[basic_sim-13] [0m[INFO] [1791622616.518804855] [basic_sim]: MainLoop - Ellapsed: 0.000038s[0m
[basic_sim-13] [0m[INFO] [1791622616.539005182] [basic_sim]: MainLoop - Ellapsed: 0.000045s[0m
[basic_sim-13] [0m[INFO] [1791622616.559110477] [basic_sim]: MainLoop - Ellapsed: 0.000042s[0m
[basic_sim-13] [0m[INFO] [1791622616.578805897] [basic_sim]: MainLoop - Ellapsed: 0.000038s[0m
[basic_sim-13] [0m[INFO] [1791622616.598918362] [basic_sim]: MainLoop - Ellapsed: 0.000049s[0m
[basic_sim-13] [0m[INFO] [1791622616.618819848] [basic_sim]: MainLoop - Ellapsed: 0.000040s[0m
[basic_sim-13] [0m[INFO] [1791622616.638850501] [basic_sim]: MainLoop - Ellapsed: 0.000042s[0m
[basic_sim-13] [0m[INFO] [1791622616.658875380] [basic_sim]: MainLoop - Ellapsed: 0.000043s[0m
[basic_sim-13] [0m[INFO] [1791622616.678826552] [basic_sim]: MainLoop - Ellapsed: 0.000044s[0m
[basic_sim-13] [0m[INFO] [1791622616.699090228] [basic_sim]: MainLoop - Ellapsed: 0.000055s[0m
[basic_sim-13] [0m[INFO] [1791622616.718816326] [basic_sim]: MainLoop - Ellapsed: 0.000039s[0m
[basic_sim-13] [0m[INFO] [1791622616.739032711] [basic_sim]: MainLoop - Ellapsed: 0.000055s[0m
[basic_sim-13] [0m[INFO] [1791622616.759396702] [basic_sim]: MainLoop - Ellapsed: 0.000051s[0m
[basic_sim-13] [0m[INFO] [1791622616.778993957] [basic_sim]: MainLoop - Ellapsed: 0.000039s[0m
[basic_sim-13] [0m[INFO] [1791622616.798818558] [basic_sim]: MainLoop - Ellapsed: 0.000043s[0m
[basic_sim-13] [0m[INFO] [1791622616.818808882] [basic_sim]: MainLoop - Ellapsed: 0.000040s[0m
[basic_sim-13] [0m[INFO] [1791622616.838903866] [basic_sim]: MainLoop - Ellapsed: 0.000040s[0m
[basic_sim-13] [0m[INFO] [1791622616.858802223] [basic_sim]: MainLoop - Ellapsed: 0.000038s[0m
[basic_sim-13] [0m[INFO] [1791622616.878831967] [basic_sim]: MainLoop - Ellapsed: 0.000041s[0m
[basic_sim-13] [0m[INFO] [1791622616.898998071] [basic_sim]: MainLoop - Ellapsed: 0.000057s[0m
[basic_sim-13] [0m[INFO] [1791622616.918824584] [basic_sim]: MainLoop - Ellapsed: 0.000040s[0m
[basic_sim-13] [0m[INFO] [1791622616.939554747] [basic_sim]: MainLoop - Ellapsed: 0.000053s[0m
[basic_sim-13] [0m[INFO] [1791622616.959031983] [basic_sim]: MainLoop - Ellapsed: 0.000058s[0m
[basic_sim-13] [0m[INFO] [1791622616.978848222] [basic_sim]: MainLoop - Ellapsed: 0.000041s[0m
[basic_sim-13] [0m[INFO] [1791622616.998925882] [basic_sim]: MainLoop - Ellapsed: 0.000053s[0m
[basic_sim-13] [0m[INFO] [1791622617.018753739] [basic_sim]: MainLoop - Ellapsed: 0.000034s[0m
[basic_sim-13] [0m[INFO] [1791622617.038849685] [basic_sim]: MainLoop - Ellapsed: 0.000043s[0m
[basic_sim-13] [0m[INFO] [1791622617.058925296] [basic_sim]: MainLoop - Ellapsed: 0.000050s[0m
[basic_sim-13] [0m[INFO] [1791622617.079175219] [basic_sim]: MainLoop - Ellapsed: 0.000068s[0m
[basic_sim-13] [0m[INFO] [1791622617.099163905] [basic_sim]: MainLoop - Ellapsed: 0.000068s[0m
[basic_sim-13] [0m[INFO] [1791622617.119000874] [basic_sim]: MainLoop - Ellapsed: 0.000053s[0m
[basic_sim-13] [0m[INFO] [1791622617.139437364] [basic_sim]: MainLoop - Ellapsed: 0.000050s[0m
[basic_sim-13] [0m[INFO] [1791622617.158841186] [basic_sim]: MainLoop - Ellapsed: 0.000043s[0m
[basic_sim-13] [0m[INFO] [1791622617.178919735] [basic_sim]: MainLoop - Ellapsed: 0.000044s[0m
[basic_sim-13] [0m[INFO] [1791622617.198889921] [basic_sim]: MainLoop - Ellapsed: 0.000043s[0m
[basic_sim-13] [0m[INFO] [1791622617.219008761] [basic_sim]: MainLoop - Ellapsed: 0.000045s[0m
[basic_sim-13] [0m[INFO] [1791622617.239123332] [basic_sim]: MainLoop - Ellapsed: 0.000055s[0m
[basic_sim-13] [0m[INFO] [1791622617.259083357] [basic_sim]: MainLoop - Ellapsed: 0.000061s[0m
[basic_sim-13] [0m[INFO] [1791622617.278991461] [basic_sim]: MainLoop - Ellapsed: 0.000055s[0m
[basic_sim-13] [0m[INFO] [1791622617.299236087] [basic_sim]: MainLoop - Ellapsed: 0.000077s[0m
[basic_sim-13] [0m[INFO] [1791622617.319089527] [basic_sim]: MainLoop - Ellapsed: 0.000048s[0m
[basic_sim-13] [0m[INFO] [1791622617.339129838] [basic_sim]: MainLoop - Ellapsed: 0.000069s[0m
[basic_sim-13] [0m[INFO] [1791622617.359001921] [basic_sim]: MainLoop - Ellapsed: 0.000055s[0m
[basic_sim-13] [0m[INFO] [1791622617.379006565] [basic_sim]: MainLoop - Ellapsed: 0.000045s[0m
[basic_sim-13] [0m[INFO] [1791622617.399123124] [basic_sim]: MainLoop - Ellapsed: 0.000068s[0m
[basic_sim-13] [0m[INFO] [1791622617.418945242] [basic_sim]: MainLoop - Ellapsed: 0.000043s[0m
[basic_sim-13] [0m[INFO] [1791622617.438812873] [basic_sim]: MainLoop - Ellapsed: 0.000040s[0m
[basic_sim-13] [0m[INFO] [1791622617.458826900] [basic_sim]: MainLoop - Ellapsed: 0.000040s[0m
[basic_sim-13] [0m[INFO] [1791622617.478938419] [basic_sim]: MainLoop - Ellapsed: 0.000048s[0m
[basic_sim-13] [0m[INFO] [1791622617.498876219] [basic_sim]: MainLoop - Ellapsed: 0.000042s[0m
[basic_sim-13] [0m[INFO] [1791622617.519026827] [basic_sim]: MainLoop - Ellapsed: 0.000056s[0m
[basic_sim-13] [0m[INFO] [1791622617.538837089] [basic_sim]: MainLoop - Ellapsed: 0.000041s[0m
[basic_sim-13] [0m[INFO] [1791622617.558895256] [basic_sim]: MainLoop - Ellapsed: 0.000043s[0m
[basic_sim-13] [0m[INFO] [1791622617.578828974] [basic_sim]: MainLoop - Ellapsed: 0.000041s[0m
[basic_sim-13] [0m[INFO] [1791622617.598856677] [basic_sim]: MainLoop - Ellapsed: 0.000042s[0m
[basic_sim-13] [0m[INFO] [1791622617.618930517] [basic_sim]: MainLoop - Ellapsed: 0.000043s[0m
[basic_sim-13] [0m[INFO] [1791622617.638934158] [basic_sim]: MainLoop - Ellapsed: 0.000041s[0m
[basic_sim-13] [0m[INFO] [1791622617.659012219] [basic_sim]: MainLoop - Ellapsed: 0.000050s[0m
[basic_sim-13] [0m[INFO] [1791622617.679040412] [basic_sim]: MainLoop - Ellapsed: 0.000060s[0m
[basic_sim-13] [0m[INFO] [1791622617.699109767] [basic_sim]: MainLoop - Ellapsed: 0.000064s[0m
[basic_sim-13] [0m[INFO] [1791622617.719390763] [basic_sim]: MainLoop - Ellapsed: 0.000096s[0m
[basic_sim-13] [0m[INFO] [1791622617.738835419] [basic_sim]: MainLoop - Ellapsed: 0.000041s[0m
[basic_sim-13] [0m[INFO] [1791622617.758968779] [basic_sim]: MainLoop - Ellapsed: 0.000046s[0m
[basic_sim-13] [0m[INFO] [1791622617.778872376] [basic_sim]: MainLoop - Ellapsed: 0.000048s[0m
[basic_sim-13] [0m[INFO] [1791622617.798881055] [basic_sim]: MainLoop - Ellapsed: 0.000045s[0m
[basic_sim-13] [0m[INFO] [1791622617.818867770] [basic_sim]: MainLoop - Ellapsed: 0.000040s[0m
[basic_sim-13] [0m[INFO] [1791622617.838801382] [basic_sim]: MainLoop - Ellapsed: 0.000038s[0m
[basic_sim-13] [0m[INFO] [1791622617.858923963] [basic_sim]: MainLoop - Ellapsed: 0.000040s[0m
[basic_sim-13] [0m[INFO] [1791622617.878957283] [basic_sim]: MainLoop - Ellapsed: 0.000050s[0m
[basic_sim-13] [0m[INFO] [1791622617.899212565] [basic_sim]: MainLoop - Ellapsed: 0.000047s[0m
[basic_sim-13] [0m[INFO] [1791622617.918812676] [basic_sim]: MainLoop - Ellapsed: 0.000037s[0m
[basic_sim-13] [0m[INFO] [1791622617.938856408] [basic_sim]: MainLoop - Ellapsed: 0.000042s[0m
[basic_sim-13] [0m[INFO] [1791622617.958882640] [basic_sim]: MainLoop - Ellapsed: 0.000045s[0m
[basic_sim-13] [0m[INFO] [1791622617.978921797] [basic_sim]: MainLoop - Ellapsed: 0.000040s[0m
[basic_sim-13] [0m[INFO] [1791622617.998994447] [basic_sim]: MainLoop - Ellapsed: 0.000042s[0m
[basic_sim-13] [0m[INFO] [1791622618.018945208] [basic_sim]: MainLoop - Ellapsed: 0.000040s[0m
[basic_sim-13] [0m[INFO] [1791622618.039050390] [basic_sim]: MainLoop - Ellapsed: 0.000059s[0m
[basic_sim-13] [0m[INFO] [1791622618.058964211] [basic_sim]: MainLoop - Ellapsed: 0.000050s[0m
[basic_sim-13] [0m[INFO] [1791622618.078924888] [basic_sim]: MainLoop - Ellapsed: 0.000046s[0m
[basic_sim-13] [0m[INFO] [1791622618.099014615] [basic_sim]: MainLoop - Ellapsed: 0.000056s[0m
[basic_sim-13] [0m[INFO] [1791622618.118910367] [basic_sim]: MainLoop - Ellapsed: 0.000046s[0m
[basic_sim-13] [0m[INFO] [1791622618.138913465] [basic_sim]: MainLoop - Ellapsed: 0.000048s[0m
[basic_sim-13] [0m[INFO] [1791622618.158946395] [basic_sim]: MainLoop - Ellapsed: 0.000049s[0m
[basic_sim-13] [0m[INFO] [1791622618.178958119] [basic_sim]: MainLoop - Ellapsed: 0.000047s[0m
[basic_sim-13] [0m[INFO] [1791622618.198975755] [basic_sim]: MainLoop - Ellapsed: 0.000052s[0m
[basic_sim-13] [0m[INFO] [1791622618.220206895] [basic_sim]: MainLoop - Ellapsed: 0.000143s[0m
[basic_sim-13] [0m[INFO] [1791622618.238875778] [basic_sim]: MainLoop - Ellapsed: 0.000042s[0m
[basic_sim-13] [0m[INFO] [1791622618.258947423] [basic_sim]: MainLoop - Ellapsed: 0.000046s[0m
[basic_sim-13] [0m[INFO] [1791622618.278936023] [basic_sim]: MainLoop - Ellapsed: 0.000048s[0m
[basic_sim-13] [0m[INFO] [1791622618.298869121] [basic_sim]: MainLoop - Ellapsed: 0.000041s[0m
[basic_sim-13] [0m[INFO] [1791622618.318909469] [basic_sim]: MainLoop - Ellapsed: 0.000047s[0m
[basic_sim-13] [0m[INFO] [1791622618.338896532] [basic_sim]: MainLoop - Ellapsed: 0.000044s[0m
[basic_sim-13] [0m[INFO] [1791622618.358924560] [basic_sim]: MainLoop - Ellapsed: 0.000045s[0m
[basic_sim-13] [0m[INFO] [1791622618.378930780] [basic_sim]: MainLoop - Ellapsed: 0.000048s[0m
[basic_sim-13] [0m[INFO] [1791622618.399382566] [basic_sim]: MainLoop - Ellapsed: 0.000073s[0m
[basic_sim-13] [0m[INFO] [1791622618.418798938] [basic_sim]: MainLoop - Ellapsed: 0.000037s[0m
[basic_sim-13] [0m[INFO] [1791622618.439126313] [basic_sim]: MainLoop - Ellapsed: 0.000049s[0m
[basic_sim-13] [0m[INFO] [1791622618.458903635] [basic_sim]: MainLoop - Ellapsed: 0.000047s[0m
[basic_sim-13] [0m[INFO] [1791622618.478827569] [basic_sim]: MainLoop - Ellapsed: 0.000041s[0m
[basic_sim-13] [0m[INFO] [1791622618.499004630] [basic_sim]: MainLoop - Ellapsed: 0.000046s[0m
[basic_sim-13] [0m[INFO] [1791622618.518970162] [basic_sim]: MainLoop - Ellapsed: 0.000047s[0m
[basic_sim-13] [0m[INFO] [1791622618.538899240] [basic_sim]: MainLoop - Ellapsed: 0.000046s[0m
[basic_sim-13] [0m[INFO] [1791622618.559027827] [basic_sim]: MainLoop - Ellapsed: 0.000047s[0m
[basic_sim-13] [0m[INFO] [1791622618.578906184] [basic_sim]: MainLoop - Ellapsed: 0.000046s[0m
[basic_sim-13] [0m[INFO] [1791622618.598868615] [basic_sim]: MainLoop - Ellapsed: 0.000043s[0m
[basic_sim-13] [0m[INFO] [1791622618.618835513] [basic_sim]: MainLoop - Ellapsed: 0.000043s[0m
[basic_sim-13] [0m[INFO] [1791622618.639008281] [basic_sim]: MainLoop - Ellapsed: 0.000057s[0m
[basic_sim-13] [0m[INFO] [1791622618.659154927] [basic_sim]: MainLoop - Ellapsed: 0.000055s[0m
[basic_sim-13] [0m[INFO] [1791622618.679121094] [basic_sim]: MainLoop - Ellapsed: 0.000072s[0m
[basic_sim-13] [0m[INFO] [1791622618.698885941] [basic_sim]: MainLoop - Ellapsed: 0.000045s[0m
[basic_sim-13] [0m[INFO] [1791622618.718861302] [basic_sim]: MainLoop - Ellapsed: 0.000043s[0m
[basic_sim-13] [0m[INFO] [1791622618.738835423] [basic_sim]: MainLoop - Ellapsed: 0.000041s[0m
[basic_sim-13] [0m[INFO] [1791622618.758969052] [basic_sim]: MainLoop - Ellapsed: 0.000047s[0m
[basic_sim-13] [0m[INFO] [1791622618.778882305] [basic_sim]: MainLoop - Ellapsed: 0.000042s[0m
[basic_sim-13] [0m[INFO] [1791622618.798968605] [basic_sim]: MainLoop - Ellapsed: 0.000051s[0m
[basic_sim-13] [0m[INFO] [1791622618.818863620] [basic_sim]: MainLoop - Ellapsed: 0.000037s[0m
[basic_sim-13] [0m[INFO] [1791622618.838978893] [basic_sim]: MainLoop - Ellapsed: 0.000042s[0m
[basic_sim-13] [0m[INFO] [1791622618.859022455] [basic_sim]: MainLoop - Ellapsed: 0.000056s[0m
[WARNING] [launch]: user interrupted with ctrl-c (SIGINT)
[gsl_actionserver_node-14] [0m[INFO] [1791622618.871477488] [rclcpp]: signal_handler(signum=2)[0m
[basic_sim-13] [0m[INFO] [1791622618.871541183] [rclcpp]: signal_handler(signum=2)[0m
[INFO] [gsl_actionserver_node-14]: sending signal 'SIGINT' to process[gsl_actionserver_node-14]
[INFO] [basic_sim-13]: sending signal 'SIGINT' to process[basic_sim-13]
[INFO] [robot_state_publisher-12]: sending signal 'SIGINT' to process[robot_state_publisher-12]
[INFO] [lifecycle_manager-11]: sending signal 'SIGINT' to process[lifecycle_manager-11]
[INFO] [behavior_server-10]: sending signal 'SIGINT' to process[behavior_server-10]
[INFO] [controller_server-9]: sending signal 'SIGINT' to process[controller_server-9]
[INFO] [planner_server-8]: sending signal 'SIGINT' to process[planner_server-8]
[INFO] [bt_navigator-7]: sending signal 'SIGINT' to process[bt_navigator-7]
[INFO] [map_server-6]: sending signal 'SIGINT' to process[map_server-6]
[INFO] [static_transform_publisher-5]: sending signal 'SIGINT' to process[static_transform_publisher-5]
[INFO] [simulated_gas_sensor-4]: sending signal 'SIGINT' to process[simulated_gas_sensor-4]
[INFO] [static_transform_publisher-3]: sending signal 'SIGINT' to process[static_transform_publisher-3]
[INFO] [simulated_anemometer-2]: sending signal 'SIGINT' to process[simulated_anemometer-2]
[ERROR] [static_transform_publisher-5]: process has died [pid 3636, exit code -2, cmd '/opt/ros/humble/lib/tf2_ros/static_transform_publisher 0 0 0.5 1.0 0.0 0 0 PioneerP3DX_base_link PioneerP3DX_pid_frame --ros-args -r __node:=pid_tf_pub -r __ns:=/PioneerP3DX --params-file /tmp/launch_params_xhg83dxn'].
[INFO] [player-1]: sending signal 'SIGINT' to process[player-1]
[static_transform_publisher-5] [0m[INFO] [1791622618.871603553] [rclcpp]: signal_handler(signum=2)[0m
[simulated_anemometer-2] [0m[INFO] [1791622618.871638485] [rclcpp]: signal_handler(signum=2)[0m
[simulated_anemometer-2] [33m[WARN] [1791622618.872780624] [PioneerP3DX.Anemometer]: [fake_anemometer] Cannot read Wind Vector from simulated data.[0m
[static_transform_publisher-3] [0m[INFO] [1791622618.871641541] [rclcpp]: signal_handler(signum=2)[0m
[player-1] [0m[INFO] [1791622618.871670427] [rclcpp]: signal_handler(signum=2)[0m
[simulated_gas_sensor-4] [0m[INFO] [1791622618.871737310] [rclcpp]: signal_handler(signum=2)[0m
[gsl_actionserver_node-14] terminate called after throwing an instance of 'rclcpp::exceptions::RCLError'
[gsl_actionserver_node-14]   what():  failed to create guard condition: the given context is not valid, either rcl_init() was not called or rcl_shutdown() was called., at ./src/rcl/guard_condition.c:67
[basic_sim-13] [0m[INFO] [1791622618.879125357] [rclcpp]: signal_handler(signum=2)[0m
[simulated_gas_sensor-4] [0m[INFO] [1791622618.885555520] [rclcpp]: signal_handler(signum=2)[0m
[simulated_anemometer-2] [0m[INFO] [1791622618.889255078] [rclcpp]: signal_handler(signum=2)[0m
[player-1] [0m[INFO] [1791622618.890354776] [rclcpp]: signal_handler(signum=2)[0m
[ERROR] [static_transform_publisher-3]: process has died [pid 3632, exit code -2, cmd '/opt/ros/humble/lib/tf2_ros/static_transform_publisher 0 0 0.5 1.0 0.0 0 0 PioneerP3DX_base_link PioneerP3DX_anemometer_frame --ros-args -r __node:=anemometer_tf_pub -r __ns:=/PioneerP3DX --params-file /tmp/launch_params_tahmjn49'].
[ERROR] [gsl_actionserver_node-14]: process has died [pid 3695, exit code -6, cmd '/home/zyc/pmfs_official_alignment_r5_20261009/ws/install/gsl_server/lib/gsl_server/gsl_actionserver_node --ros-args -r __node:=GSL -r __ns:=/PioneerP3DX --params-file /tmp/launch_params_kaxcrxxz --params-file /tmp/launch_params_eizbade_ --params-file /tmp/launch_params_3_c2vtm6 --params-file /tmp/launch_params_epy7yts1 --params-file /tmp/launch_params_bgziq0qc --params-file /tmp/launch_params_1gkggtch --params-file /tmp/launch_params_cnx_bp12 --params-file /tmp/launch_params_rj6gjp11 --params-file /tmp/launch_params_28qf8knl --params-file /tmp/launch_params_haet08vg --params-file /tmp/launch_params_k0kjehq9 --params-file /tmp/launch_params_tem8wm8e --params-file /tmp/launch_params__01bvvae --params-file /tmp/launch_params_p7mj7fs3 --params-file /tmp/launch_params_s201dpw3 --params-file /tmp/launch_params_mnjbzs3l --params-file /tmp/launch_params_jgx_71sg --params-file /tmp/launch_params_lmfwx_9b --params-file /tmp/launch_params_tch8jynh --params-file /tmp/launch_params_jmu_tq9e --params-file /tmp/launch_params_x8kv8xt6 --params-file /tmp/launch_params_2a1almwl --params-file /tmp/launch_params_hj5l2467 --params-file /tmp/launch_params__u9j_t2l --params-file /tmp/launch_params_yvz77trg --params-file /tmp/launch_params_42d1byuv --params-file /tmp/launch_params_w53q0eec --params-file /tmp/launch_params_dl1x2j9g --params-file /tmp/launch_params_snkktxsv --params-file /tmp/launch_params_191ndpfd --params-file /tmp/launch_params_c3x8mh4y --params-file /tmp/launch_params_3kzzdaji --params-file /tmp/launch_params_ytbf68bl --params-file /tmp/launch_params_2avy3k2g --params-file /tmp/launch_params_d6nm8cdm --params-file /tmp/launch_params_xtvb9gy1 --params-file /tmp/launch_params_keykt6ps --params-file /tmp/launch_params_ncihl7lp --params-file /tmp/launch_params_4poalug6 --params-file /tmp/launch_params_oi7ubsf5 --params-file /tmp/launch_params__wkant9f --params-file /tmp/launch_params_h843k9bs --params-file /tmp/launch_params_t3l7oquq'].
[INFO] [player-1]: process has finished cleanly [pid 3628]
[INFO] [robot_state_publisher-12]: process has finished cleanly [pid 3669]
[INFO] [simulated_gas_sensor-4]: process has finished cleanly [pid 3634]
[INFO] [map_server-6]: process has finished cleanly [pid 3638]
[INFO] [basic_sim-13]: process has finished cleanly [pid 3677]
[INFO] [behavior_server-10]: process has finished cleanly [pid 3649]
[INFO] [simulated_anemometer-2]: process has finished cleanly [pid 3630]
[INFO] [bt_navigator-7]: process has finished cleanly [pid 3640]
[INFO] [controller_server-9]: process has finished cleanly [pid 3644]
[INFO] [lifecycle_manager-11]: process has finished cleanly [pid 3661]
[INFO] [planner_server-8]: process has finished cleanly [pid 3642]
