[INFO] [1788883494.536940510] [GSL]: Starting GSL server
[INFO] [1788883499.567486232] [GSL]: GSL action server is ready for action!
[INFO] [1788883500.568777309] [GSL]: [33mRequest received: PMFS[0m
[INFO] [1788883501.584024744] [GSL]: Waiting to hear from localization topic: /amcl_pose
[INFO] [1788883501.587274753] [GSL]: Gas sensor topic: '/PID/Sensor_reading'
[INFO] [1788883501.588265326] [GSL]: Wind sensor topic: '/Anemometer/WindSensor_reading'
[INFO] [1788883501.588500959] [GSL]: [34mINITIALIZATON COMPLETED[0m
[INFO] [1788883501.610986048] [GSL - Trace]: [32mEntering WaitForMap[0m
[INFO] [1788883501.611024298] [GSL - Trace]: [32mNeed occupancy map and costmap[0m
[INFO] [1788883501.662957605] [GSL - Trace]: [32mGot occupancy map[0m
[INFO] [1788883501.663031900] [GSL]: 
--------------GSL---------------
Occupancy Map dimensions:
x_min:-7.5 x_max:1.1   -   y_min:-7.9 y_max:3.5
--------------------------------
[INFO] [1788883501.663153554] [GSL]: [MAP-DEBUG] 87x114 res=0.1000 free=6866 obs=3052 unk=0 origin=(-7.55,-7.88)
[INFO] [1788883501.664275035] [GSL - Trace]: [32mCreated grid[0m
[INFO] [1788883501.664294325] [GSL]: [DEBUG] After reduceOccupancyMap: free=626 obstacle=476 total=1102
[INFO] [1788883501.664755754] [GSL - Trace]: [32mPruned unreachable cells[0m
[INFO] [1788883501.664764354] [GSL]: [DEBUG] After PruneUnreachable: free=626 obstacle=476 total=1102
[INFO] [1788883501.664771773] [GSL]: [DEBUG] Grid dims: 29x38 scale=3 cellSize=0.3
[INFO] [1788883501.664778094] [GSL]: [DEBUG] Start pos: (-3.17, -1.75)
[INFO] [1788883501.669888899] [GSL - Trace]: [32mCreated visibility map[0m
[INFO] [1788883501.730986615] [GSL]: Number of cells after fusing quadtree: 74
[INFO] [1788883501.732511768] [GSL]: [DEBUG-WIND] useGroundTruth=false gmrf_req_size=626 gaden_req_size=-1
[INFO] [1788883501.732533845] [GSL]: [DEBUG-WIND] Taking GMRF path
[INFO] [1788883501.814039070] [GSL - Trace]: [32mEntering StopAndMeasure[0m
[INFO] [1788883502.374274520] [GSL - Trace]: [32mGot cost map[0m
[INFO] [1788883503.749256061] [GSL]: 10 gas measurements, 10 wind measurements over 1.94 seconds
[INFO] [1788883503.749653089] [GSL]: avg_gas=0.031;  avg_windSpeed=0.05;  avg_wind_dir=0.074
[INFO] [1788883503.750264047] [GSL]: [33mNOTHING [0m
[INFO] [1788883503.750275221] [GSL]: [DEBUG-WIND] useGroundTruth=false gmrf_req_size=626 gaden_req_size=-1
[INFO] [1788883503.750282439] [GSL]: [DEBUG-WIND] Taking GMRF path
[INFO] [1788883503.813585456] [GSL - Trace]: [32mEntering StopAndMeasure[0m
[INFO] [1788883505.765224499] [GSL]: 10 gas measurements, 10 wind measurements over 1.95 seconds
[INFO] [1788883505.765348690] [GSL]: avg_gas=0.034;  avg_windSpeed=0.063;  avg_wind_dir=-1.8
[INFO] [1788883505.766636792] [GSL]: [33mNOTHING [0m
[INFO] [1788883505.766690452] [GSL]: [DEBUG-WIND] useGroundTruth=false gmrf_req_size=626 gaden_req_size=-1
[INFO] [1788883505.766704948] [GSL]: [DEBUG-WIND] Taking GMRF path
[INFO] [1788883505.813037608] [GSL - Trace]: [32mEntering StopAndMeasure[0m
[INFO] [1788883507.765223646] [GSL]: 10 gas measurements, 10 wind measurements over 1.95 seconds
[INFO] [1788883507.765881554] [GSL]: avg_gas=0.047;  avg_windSpeed=0.05;  avg_wind_dir=0.074
[INFO] [1788883507.766895551] [GSL]: [33mNOTHING [0m
[INFO] [1788883507.766913587] [GSL]: [DEBUG-WIND] useGroundTruth=false gmrf_req_size=626 gaden_req_size=-1
[INFO] [1788883507.766926745] [GSL]: [DEBUG-WIND] Taking GMRF path
[INFO] [1788883507.813398565] [GSL - Trace]: [32mEntering StopAndMeasure[0m
[INFO] [1788883509.714999768] [GSL]: 10 gas measurements, 10 wind measurements over 1.90 seconds
[INFO] [1788883509.715052067] [GSL]: avg_gas=0.053;  avg_windSpeed=0.063;  avg_wind_dir=-1.8
[INFO] [1788883509.715827699] [GSL]: [33mNOTHING [0m
[INFO] [1788883509.715877619] [GSL]: [DEBUG-WIND] useGroundTruth=false gmrf_req_size=626 gaden_req_size=-1
[INFO] [1788883509.715885919] [GSL]: [DEBUG-WIND] Taking GMRF path
[INFO] [1788883509.813409766] [GSL - Trace]: [32mEntering StopAndMeasure[0m
[INFO] [1788883511.749416725] [GSL]: 10 gas measurements, 10 wind measurements over 1.94 seconds
[INFO] [1788883511.750074602] [GSL]: avg_gas=0.076;  avg_windSpeed=0.05;  avg_wind_dir=0.074
[INFO] [1788883511.750801324] [GSL]: [33mNOTHING [0m
[INFO] [1788883511.750818303] [GSL]: [DEBUG-WIND] useGroundTruth=false gmrf_req_size=626 gaden_req_size=-1
[INFO] [1788883511.750828159] [GSL]: [DEBUG-WIND] Taking GMRF path
[INFO] [1788883511.813734691] [GSL - Trace]: [32mEntering StopAndMeasure[0m
[INFO] [1788883513.765306609] [GSL]: 10 gas measurements, 10 wind measurements over 1.95 seconds
[INFO] [1788883513.765438148] [GSL]: avg_gas=0.074;  avg_windSpeed=0.063;  avg_wind_dir=-1.8
[INFO] [1788883513.766675814] [GSL]: [33mNOTHING [0m
[INFO] [1788883513.767381726] [GSL]: [DEBUG-WIND] useGroundTruth=false gmrf_req_size=626 gaden_req_size=-1
[INFO] [1788883513.767398734] [GSL]: [DEBUG-WIND] Taking GMRF path
[INFO] [1788883513.814245200] [GSL - Trace]: [32mEntering StopAndMeasure[0m
[INFO] [1788883515.715012614] [GSL]: 10 gas measurements, 10 wind measurements over 1.90 seconds
[INFO] [1788883515.715077361] [GSL]: avg_gas=0.071;  avg_windSpeed=0.05;  avg_wind_dir=0.074
[INFO] [1788883515.716094446] [GSL]: [33mNOTHING [0m
[INFO] [1788883515.716116401] [GSL]: [DEBUG-WIND] useGroundTruth=false gmrf_req_size=626 gaden_req_size=-1
[INFO] [1788883515.716123589] [GSL]: [DEBUG-WIND] Taking GMRF path
[INFO] [1788883515.813093982] [GSL - Trace]: [32mEntering StopAndMeasure[0m
[INFO] [1788883517.765240245] [GSL]: 10 gas measurements, 10 wind measurements over 1.95 seconds
[INFO] [1788883517.765356915] [GSL]: avg_gas=0.052;  avg_windSpeed=0.063;  avg_wind_dir=-1.8
[INFO] [1788883517.766278995] [GSL]: [33mNOTHING [0m
[INFO] [1788883517.766296778] [GSL]: [DEBUG-WIND] useGroundTruth=false gmrf_req_size=626 gaden_req_size=-1
[INFO] [1788883517.766308954] [GSL]: [DEBUG-WIND] Taking GMRF path
[INFO] [1788883517.818076464] [GSL]: Max mutual info: 6.439
[WARN] [1788883517.818298490] [rcl.logging_rosout]: Publisher already registered for provided node name. If this is due to multiple nodes with the same name then all logs for that logger name will go out over the existing publisher. As soon as any node with that name is destructed it will unregister the publisher, preventing any further logs for that name from being published on the rosout topic.
[INFO] [1788883517.836209514] [GSL]: MutualInformation - Ellapsed: 0.022s
[INFO] [1788883517.861720456] [GSL]: Sending goal (-4.10, -1.13)
[INFO] [1788883517.862324200] [GSL]: Variance: 16.02
[INFO] [1788883517.862348170] [GSL - Trace]: [32mEntering Moving[0m
[INFO] [1788883518.565637891] [GSL - Trace]: [32mEntering StopAndMeasure[0m
[INFO] [1788883520.515073694] [GSL]: 10 gas measurements, 10 wind measurements over 1.95 seconds
[INFO] [1788883520.515152470] [GSL]: avg_gas=0.057;  avg_windSpeed=0.11;  avg_wind_dir=0.95
[INFO] [1788883520.515870293] [GSL]: [33mNOTHING [0m
[INFO] [1788883520.515883585] [GSL]: [DEBUG-WIND] useGroundTruth=false gmrf_req_size=626 gaden_req_size=-1
[INFO] [1788883520.515892446] [GSL]: [DEBUG-WIND] Taking GMRF path
[INFO] [1788883520.613605774] [GSL - Trace]: [32mEntering StopAndMeasure[0m
[INFO] [1788883522.546906223] [GSL]: 10 gas measurements, 10 wind measurements over 1.93 seconds
[INFO] [1788883522.546963758] [GSL]: avg_gas=0.061;  avg_windSpeed=0.075;  avg_wind_dir=-1.9
[INFO] [1788883522.547438088] [GSL]: [33mNOTHING [0m
[INFO] [1788883522.547447595] [GSL]: [DEBUG-WIND] useGroundTruth=false gmrf_req_size=626 gaden_req_size=-1
[INFO] [1788883522.547454881] [GSL]: [DEBUG-WIND] Taking GMRF path
[INFO] [1788883522.613932497] [GSL - Trace]: [32mEntering StopAndMeasure[0m
[INFO] [1788883524.565662200] [GSL]: 10 gas measurements, 10 wind measurements over 1.95 seconds
[INFO] [1788883524.565772965] [GSL]: avg_gas=0.065;  avg_windSpeed=0.11;  avg_wind_dir=0.95
[INFO] [1788883524.567041161] [GSL]: [33mNOTHING [0m
[INFO] [1788883524.567097778] [GSL]: [DEBUG-WIND] useGroundTruth=false gmrf_req_size=626 gaden_req_size=-1
[INFO] [1788883524.567110840] [GSL]: [DEBUG-WIND] Taking GMRF path
[INFO] [1788883524.613377975] [GSL - Trace]: [32mEntering StopAndMeasure[0m
[INFO] [1788883526.565700970] [GSL]: 10 gas measurements, 10 wind measurements over 1.95 seconds
[INFO] [1788883526.565808401] [GSL]: avg_gas=0.068;  avg_windSpeed=0.075;  avg_wind_dir=-1.9
[INFO] [1788883526.566797078] [GSL]: [33mNOTHING [0m
[INFO] [1788883526.566872252] [GSL]: [DEBUG-WIND] useGroundTruth=false gmrf_req_size=626 gaden_req_size=-1
[INFO] [1788883526.566886136] [GSL]: [DEBUG-WIND] Taking GMRF path
[INFO] [1788883526.613726236] [GSL - Trace]: [32mEntering StopAndMeasure[0m
[INFO] [1788883528.565644572] [GSL]: 10 gas measurements, 10 wind measurements over 1.95 seconds
[INFO] [1788883528.565765902] [GSL]: avg_gas=0.092;  avg_windSpeed=0.11;  avg_wind_dir=0.95
[INFO] [1788883528.566820222] [GSL]: [33mNOTHING [0m
[INFO] [1788883528.566889585] [GSL]: [DEBUG-WIND] useGroundTruth=false gmrf_req_size=626 gaden_req_size=-1
[INFO] [1788883528.566902567] [GSL]: [DEBUG-WIND] Taking GMRF path
[INFO] [1788883528.613102622] [GSL - Trace]: [32mEntering StopAndMeasure[0m
[INFO] [1788883530.565623177] [GSL]: 10 gas measurements, 10 wind measurements over 1.95 seconds
[INFO] [1788883530.566340569] [GSL]: avg_gas=0.097;  avg_windSpeed=0.075;  avg_wind_dir=-1.9
[INFO] [1788883530.567221563] [GSL]: [33mNOTHING [0m
[INFO] [1788883530.567239749] [GSL]: [DEBUG-WIND] useGroundTruth=false gmrf_req_size=626 gaden_req_size=-1
[INFO] [1788883530.567252206] [GSL]: [DEBUG-WIND] Taking GMRF path
[INFO] [1788883530.613113687] [GSL - Trace]: [32mEntering StopAndMeasure[0m
[INFO] [1788883532.515600661] [GSL]: 10 gas measurements, 10 wind measurements over 1.90 seconds
[INFO] [1788883532.515658933] [GSL]: avg_gas=0.088;  avg_windSpeed=0.11;  avg_wind_dir=0.95
[INFO] [1788883532.516263710] [GSL]: [33mNOTHING [0m
[INFO] [1788883532.516290598] [GSL]: [DEBUG-WIND] useGroundTruth=false gmrf_req_size=626 gaden_req_size=-1
[INFO] [1788883532.516297765] [GSL]: [DEBUG-WIND] Taking GMRF path
[INFO] [1788883532.613719841] [GSL - Trace]: [32mEntering StopAndMeasure[0m
[INFO] [1788883534.565675926] [GSL]: 10 gas measurements, 10 wind measurements over 1.95 seconds
[INFO] [1788883534.566640858] [GSL]: avg_gas=0.094;  avg_windSpeed=0.075;  avg_wind_dir=-1.9
[INFO] [1788883534.567640253] [GSL]: [33mNOTHING [0m
[INFO] [1788883534.567660699] [GSL]: [DEBUG-WIND] useGroundTruth=false gmrf_req_size=626 gaden_req_size=-1
[INFO] [1788883534.567674152] [GSL]: [DEBUG-WIND] Taking GMRF path
[INFO] [1788883534.623341299] [GSL]: Max mutual info: 6.439
[INFO] [1788883534.623511327] [GSL]: MutualInformation - Ellapsed: 0.010s
[INFO] [1788883534.648919244] [GSL]: Sending goal (-5.00, -0.83)
[INFO] [1788883534.651750647] [GSL]: Variance: 16.02
[INFO] [1788883534.651773498] [GSL - Trace]: [32mEntering Moving[0m
[INFO] [1788883535.416304954] [GSL - Trace]: [32mEntering StopAndMeasure[0m
[INFO] [1788883537.365615815] [GSL]: 10 gas measurements, 10 wind measurements over 1.95 seconds
[INFO] [1788883537.365735971] [GSL]: avg_gas=0.081;  avg_windSpeed=0.11;  avg_wind_dir=1.2
[INFO] [1788883537.366640350] [GSL]: [33mNOTHING [0m
[INFO] [1788883537.367286364] [GSL]: [DEBUG-WIND] useGroundTruth=false gmrf_req_size=626 gaden_req_size=-1
[INFO] [1788883537.367323529] [GSL]: [DEBUG-WIND] Taking GMRF path
[INFO] [1788883537.415177466] [GSL - Trace]: [32mEntering StopAndMeasure[0m
[INFO] [1788883539.365767545] [GSL]: 10 gas measurements, 10 wind measurements over 1.95 seconds
[INFO] [1788883539.365923401] [GSL]: avg_gas=0.079;  avg_windSpeed=0.024;  avg_wind_dir=-2.2
[INFO] [1788883539.366702605] [GSL]: [33mNOTHING [0m
[INFO] [1788883539.366718530] [GSL]: [DEBUG-WIND] useGroundTruth=false gmrf_req_size=626 gaden_req_size=-1
[INFO] [1788883539.366730016] [GSL]: [DEBUG-WIND] Taking GMRF path
[INFO] [1788883539.414130977] [GSL - Trace]: [32mEntering StopAndMeasure[0m
[INFO] [1788883541.365659441] [GSL]: 10 gas measurements, 10 wind measurements over 1.95 seconds
[INFO] [1788883541.365790653] [GSL]: avg_gas=0.085;  avg_windSpeed=0.11;  avg_wind_dir=1.2
[INFO] [1788883541.367134405] [GSL]: [33mNOTHING [0m
[INFO] [1788883541.367198133] [GSL]: [DEBUG-WIND] useGroundTruth=false gmrf_req_size=626 gaden_req_size=-1
[INFO] [1788883541.368598365] [GSL]: [DEBUG-WIND] Taking GMRF path
[INFO] [1788883541.414001747] [GSL - Trace]: [32mEntering StopAndMeasure[0m
[INFO] [1788883543.365918822] [GSL]: 10 gas measurements, 10 wind measurements over 1.95 seconds
[INFO] [1788883543.366188497] [GSL]: avg_gas=0.091;  avg_windSpeed=0.024;  avg_wind_dir=-2.2
[INFO] [1788883543.367548925] [GSL]: [33mNOTHING [0m
[INFO] [1788883543.367600909] [GSL]: [DEBUG-WIND] useGroundTruth=false gmrf_req_size=626 gaden_req_size=-1
[INFO] [1788883543.367613991] [GSL]: [DEBUG-WIND] Taking GMRF path
[INFO] [1788883543.414027635] [GSL - Trace]: [32mEntering StopAndMeasure[0m
[INFO] [1788883545.365612520] [GSL]: 10 gas measurements, 10 wind measurements over 1.95 seconds
[INFO] [1788883545.365743715] [GSL]: avg_gas=0.079;  avg_windSpeed=0.11;  avg_wind_dir=1.2
[INFO] [1788883545.366748250] [GSL]: [33mNOTHING [0m
[INFO] [1788883545.366769039] [GSL]: [DEBUG-WIND] useGroundTruth=false gmrf_req_size=626 gaden_req_size=-1
[INFO] [1788883545.367135471] [GSL]: [DEBUG-WIND] Taking GMRF path
[INFO] [1788883545.413740625] [GSL - Trace]: [32mEntering StopAndMeasure[0m
[INFO] [1788883547.365606029] [GSL]: 10 gas measurements, 10 wind measurements over 1.95 seconds
[INFO] [1788883547.365795636] [GSL]: avg_gas=0.077;  avg_windSpeed=0.024;  avg_wind_dir=-2.2
[INFO] [1788883547.366773827] [GSL]: [33mNOTHING [0m
[INFO] [1788883547.366792802] [GSL]: [DEBUG-WIND] useGroundTruth=false gmrf_req_size=626 gaden_req_size=-1
[INFO] [1788883547.366805748] [GSL]: [DEBUG-WIND] Taking GMRF path
[INFO] [1788883547.413759377] [GSL - Trace]: [32mEntering StopAndMeasure[0m
[INFO] [1788883549.365632882] [GSL]: 10 gas measurements, 10 wind measurements over 1.95 seconds
[INFO] [1788883549.365727785] [GSL]: avg_gas=0.14;  avg_windSpeed=0.11;  avg_wind_dir=1.2
[INFO] [1788883549.366410281] [GSL]: [33mGAS HIT[0m
[INFO] [1788883549.366424184] [GSL]: [DEBUG-WIND] useGroundTruth=false gmrf_req_size=626 gaden_req_size=-1
[INFO] [1788883549.366874590] [GSL]: [DEBUG-WIND] Taking GMRF path
[INFO] [1788883549.413421136] [GSL - Trace]: [32mEntering StopAndMeasure[0m
[INFO] [1788883551.365596475] [GSL]: 10 gas measurements, 10 wind measurements over 1.95 seconds
[INFO] [1788883551.365669810] [GSL]: avg_gas=0.15;  avg_windSpeed=0.024;  avg_wind_dir=-2.2
[INFO] [1788883551.366173117] [GSL]: [33mGAS HIT[0m
[INFO] [1788883551.366183539] [GSL]: [DEBUG-WIND] useGroundTruth=false gmrf_req_size=626 gaden_req_size=-1
[INFO] [1788883551.366190234] [GSL]: [DEBUG-WIND] Taking GMRF path
[INFO] [1788883551.413250539] [GSL]: [33mStarted simulations. Might take a while![0m
[INFO] [1788883551.771544317] [GSL]: CER contrastive context initialized: events=8, candidates=74, transport_members=3, fixed_ratio_weight=1, context_within_member=true, centered_log_odds=true
[INFO] [1788883551.772954969] [GSL - Trace]: [32mFirst simulation level done[0m
[INFO] [1788883551.772988501] [GSL]: [RC2-DIAG] scores_size=74 refineFraction=0.25 refine_product=18.5 valid_first_level=74 sum_sourceProbInternal_before_norm=1.7369952558807726 min_sourceProbInternal_before_norm=0 max_sourceProbInternal_before_norm=0.003961225302272621 finite_sourceProbInternal=1102 finite_varianceOfHitProb=1102
[INFO] [1788883552.047662048] [GSL - Trace]: [32mSimulation level 2 done[0m
[INFO] [1788883552.164024613] [GSL - Trace]: [32mSimulation level 3 done[0m
[INFO] [1788883552.169862109] [GSL - Trace]: [32mSimulation level 4 done[0m
[INFO] [1788883552.169903756] [GSL]: Number of levels in the simulation: 4
[INFO] [1788883552.169911854] [GSL]: Total number of simulations: 150
[INFO] [1788883552.175858664] [GSL]: CORE sequential event-time commit: window_start=0, new_events=8, committed_total=8
[INFO] [1788883552.175893788] [GSL]: [RC2-DIAG] normalized_finite_count=1102 normalized_sum=1
[INFO] [1788883552.175903726] [GSL]: Time ellapsed in simulation = 0.762591726 s
[INFO] [1788883552.181925705] [GSL]: Max mutual info: 2.238
[INFO] [1788883552.182133991] [GSL]: MutualInformation - Ellapsed: 0.006s
[INFO] [1788883552.211812825] [GSL]: Sending goal (-5.90, -0.83)
[INFO] [1788883552.212385519] [GSL]: Variance: 18.37
[INFO] [1788883552.212406521] [GSL - Trace]: [32mEntering Moving[0m
[INFO] [1788883552.975537386] [GSL - Trace]: [32mEntering StopAndMeasure[0m
[INFO] [1788883554.956620958] [GSL]: 10 gas measurements, 10 wind measurements over 1.98 seconds
[INFO] [1788883554.956711282] [GSL]: avg_gas=0.11;  avg_windSpeed=0.25;  avg_wind_dir=0.44
[INFO] [1788883554.957520131] [GSL]: [33mGAS HIT[0m
[INFO] [1788883554.957534848] [GSL]: [DEBUG-WIND] useGroundTruth=false gmrf_req_size=626 gaden_req_size=-1
[INFO] [1788883554.957545760] [GSL]: [DEBUG-WIND] Taking GMRF path
[INFO] [1788883555.013333384] [GSL - Trace]: [32mEntering StopAndMeasure[0m
[INFO] [1788883556.963950218] [GSL]: 10 gas measurements, 10 wind measurements over 1.95 seconds
[INFO] [1788883556.964019733] [GSL]: avg_gas=0.066;  avg_windSpeed=0.091;  avg_wind_dir=-1.4
[INFO] [1788883556.964610603] [GSL]: [33mNOTHING [0m
[INFO] [1788883556.965254159] [GSL]: [DEBUG-WIND] useGroundTruth=false gmrf_req_size=626 gaden_req_size=-1
[INFO] [1788883556.965277900] [GSL]: [DEBUG-WIND] Taking GMRF path
[INFO] [1788883557.013394540] [GSL - Trace]: [32mEntering StopAndMeasure[0m
[INFO] [1788883558.913613571] [GSL]: 10 gas measurements, 10 wind measurements over 1.90 seconds
[INFO] [1788883558.913668745] [GSL]: avg_gas=0.061;  avg_windSpeed=0.25;  avg_wind_dir=0.44
[INFO] [1788883558.914208294] [GSL]: [33mNOTHING [0m
[INFO] [1788883558.914219019] [GSL]: [DEBUG-WIND] useGroundTruth=false gmrf_req_size=626 gaden_req_size=-1
[INFO] [1788883558.914225737] [GSL]: [DEBUG-WIND] Taking GMRF path
[INFO] [1788883559.015540803] [GSL - Trace]: [32mEntering StopAndMeasure[0m
[INFO] [1788883560.948167210] [GSL]: 10 gas measurements, 10 wind measurements over 1.93 seconds
[INFO] [1788883560.948260415] [GSL]: avg_gas=0.086;  avg_windSpeed=0.091;  avg_wind_dir=-1.4
[INFO] [1788883560.949011085] [GSL]: [33mNOTHING [0m
[INFO] [1788883560.949028291] [GSL]: [DEBUG-WIND] useGroundTruth=false gmrf_req_size=626 gaden_req_size=-1
[INFO] [1788883560.949565196] [GSL]: [DEBUG-WIND] Taking GMRF path
[INFO] [1788883561.013172958] [GSL - Trace]: [32mEntering StopAndMeasure[0m
[INFO] [1788883562.968300901] [GSL]: 10 gas measurements, 10 wind measurements over 1.96 seconds
[INFO] [1788883562.968413650] [GSL]: avg_gas=0.087;  avg_windSpeed=0.25;  avg_wind_dir=0.44
[INFO] [1788883562.969463782] [GSL]: [33mNOTHING [0m
[INFO] [1788883562.969521246] [GSL]: [DEBUG-WIND] useGroundTruth=false gmrf_req_size=626 gaden_req_size=-1
[INFO] [1788883562.969533896] [GSL]: [DEBUG-WIND] Taking GMRF path
[INFO] [1788883563.013208010] [GSL - Trace]: [32mEntering StopAndMeasure[0m
[INFO] [1788883564.968273388] [GSL]: 10 gas measurements, 10 wind measurements over 1.95 seconds
[INFO] [1788883564.968380973] [GSL]: avg_gas=0.072;  avg_windSpeed=0.091;  avg_wind_dir=-1.4
[INFO] [1788883564.969222572] [GSL]: [33mNOTHING [0m
[INFO] [1788883564.969241766] [GSL]: [DEBUG-WIND] useGroundTruth=false gmrf_req_size=626 gaden_req_size=-1
[INFO] [1788883564.969922897] [GSL]: [DEBUG-WIND] Taking GMRF path
[INFO] [1788883565.013611901] [GSL - Trace]: [32mEntering StopAndMeasure[0m
[INFO] [1788883566.918101460] [GSL]: 10 gas measurements, 10 wind measurements over 1.90 seconds
[INFO] [1788883566.918165972] [GSL]: avg_gas=0.063;  avg_windSpeed=0.25;  avg_wind_dir=0.44
[INFO] [1788883566.918671067] [GSL]: [33mNOTHING [0m
[INFO] [1788883566.918680389] [GSL]: [DEBUG-WIND] useGroundTruth=false gmrf_req_size=626 gaden_req_size=-1
[INFO] [1788883566.918687019] [GSL]: [DEBUG-WIND] Taking GMRF path
[INFO] [1788883567.013118503] [GSL - Trace]: [32mEntering StopAndMeasure[0m
[INFO] [1788883568.918184997] [GSL]: 10 gas measurements, 10 wind measurements over 1.90 seconds
[INFO] [1788883568.918243217] [GSL]: avg_gas=0.062;  avg_windSpeed=0.091;  avg_wind_dir=-1.4
[INFO] [1788883568.918696836] [GSL]: [33mNOTHING [0m
[INFO] [1788883568.918707691] [GSL]: [DEBUG-WIND] useGroundTruth=false gmrf_req_size=626 gaden_req_size=-1
[INFO] [1788883568.919216138] [GSL]: [DEBUG-WIND] Taking GMRF path
[INFO] [1788883569.013027364] [GSL]: [33mStarted simulations. Might take a while![0m
[INFO] [1788883569.384483140] [GSL]: CER contrastive context initialized: events=16, candidates=74, transport_members=3, fixed_ratio_weight=1, context_within_member=true, centered_log_odds=true
[INFO] [1788883569.386673188] [GSL - Trace]: [32mFirst simulation level done[0m
[INFO] [1788883569.386926158] [GSL]: [RC2-DIAG] scores_size=74 refineFraction=0.25 refine_product=18.5 valid_first_level=74 sum_sourceProbInternal_before_norm=22.55504454841373 min_sourceProbInternal_before_norm=0 max_sourceProbInternal_before_norm=0.05184637112712072 finite_sourceProbInternal=1102 finite_varianceOfHitProb=1102
[INFO] [1788883569.754535065] [GSL - Trace]: [32mSimulation level 2 done[0m
[INFO] [1788883570.117664166] [GSL - Trace]: [32mSimulation level 3 done[0m
[INFO] [1788883570.335934281] [GSL - Trace]: [32mSimulation level 4 done[0m
[INFO] [1788883570.336029167] [GSL - Trace]: [32mSimulation level 5 done[0m
[INFO] [1788883570.336430306] [GSL]: Number of levels in the simulation: 5
[INFO] [1788883570.336442050] [GSL]: Total number of simulations: 266
[INFO] [1788883570.336585110] [GSL]: CORE sequential event-time commit: window_start=8, new_events=8, committed_total=16
[INFO] [1788883570.336599160] [GSL]: [RC2-DIAG] normalized_finite_count=1102 normalized_sum=0.9999999999999999
[INFO] [1788883570.336607607] [GSL]: Time ellapsed in simulation = 1.323521597 s
[INFO] [1788883570.339142742] [GSL]: Max mutual info: 2.598
[INFO] [1788883570.339269256] [GSL]: MutualInformation - Ellapsed: 0.003s
[INFO] [1788883570.388011710] [GSL]: Sending goal (-6.20, -5.03)
[INFO] [1788883570.388439466] [GSL]: Variance: 17.75
[INFO] [1788883570.388463294] [GSL - Trace]: [32mEntering Moving[0m
[INFO] [1788883579.590215283] [GSL - Trace]: [32mEntering StopAndMeasure[0m
[INFO] [1788883581.539670711] [GSL]: 10 gas measurements, 10 wind measurements over 1.95 seconds
[INFO] [1788883581.539773161] [GSL]: avg_gas=0.026;  avg_windSpeed=0.19;  avg_wind_dir=1.1
[INFO] [1788883581.541013991] [GSL]: [33mNOTHING [0m
[INFO] [1788883581.541050707] [GSL]: [DEBUG-WIND] useGroundTruth=false gmrf_req_size=626 gaden_req_size=-1
[INFO] [1788883581.541057919] [GSL]: [DEBUG-WIND] Taking GMRF path
[INFO] [1788883581.613165393] [GSL - Trace]: [32mEntering StopAndMeasure[0m
[INFO] [1788883583.539535727] [GSL]: 10 gas measurements, 10 wind measurements over 1.93 seconds
[INFO] [1788883583.539600389] [GSL]: avg_gas=0.005;  avg_windSpeed=0.2;  avg_wind_dir=1.4
[INFO] [1788883583.540204905] [GSL]: [33mNOTHING [0m
[INFO] [1788883583.540216441] [GSL]: [DEBUG-WIND] useGroundTruth=false gmrf_req_size=626 gaden_req_size=-1
[INFO] [1788883583.540223397] [GSL]: [DEBUG-WIND] Taking GMRF path
[INFO] [1788883583.613942738] [GSL - Trace]: [32mEntering StopAndMeasure[0m
[INFO] [1788883585.539553471] [GSL]: 10 gas measurements, 10 wind measurements over 1.93 seconds
[INFO] [1788883585.539624148] [GSL]: avg_gas=0.00095;  avg_windSpeed=0.19;  avg_wind_dir=1.1
[INFO] [1788883585.540478807] [GSL]: [33mNOTHING [0m
[INFO] [1788883585.540503287] [GSL]: [DEBUG-WIND] useGroundTruth=false gmrf_req_size=626 gaden_req_size=-1
[INFO] [1788883585.540510226] [GSL]: [DEBUG-WIND] Taking GMRF path
[INFO] [1788883585.613378156] [GSL - Trace]: [32mEntering StopAndMeasure[0m
[INFO] [1788883587.539568744] [GSL]: 10 gas measurements, 10 wind measurements over 1.93 seconds
[INFO] [1788883587.539633428] [GSL]: avg_gas=0.00018;  avg_windSpeed=0.2;  avg_wind_dir=1.4
[INFO] [1788883587.540132336] [GSL]: [33mNOTHING [0m
[INFO] [1788883587.540141895] [GSL]: [DEBUG-WIND] useGroundTruth=false gmrf_req_size=626 gaden_req_size=-1
[INFO] [1788883587.540148436] [GSL]: [DEBUG-WIND] Taking GMRF path
[INFO] [1788883587.614011912] [GSL - Trace]: [32mEntering StopAndMeasure[0m
[INFO] [1788883589.539627656] [GSL]: 10 gas measurements, 10 wind measurements over 1.93 seconds
[INFO] [1788883589.539695062] [GSL]: avg_gas=3.4e-05;  avg_windSpeed=0.19;  avg_wind_dir=1.1
[INFO] [1788883589.540560229] [GSL]: [33mNOTHING [0m
[INFO] [1788883589.540580649] [GSL]: [DEBUG-WIND] useGroundTruth=false gmrf_req_size=626 gaden_req_size=-1
[INFO] [1788883589.540591437] [GSL]: [DEBUG-WIND] Taking GMRF path
[INFO] [1788883589.613174163] [GSL - Trace]: [32mEntering StopAndMeasure[0m
[INFO] [1788883591.539743299] [GSL]: 10 gas measurements, 10 wind measurements over 1.93 seconds
[INFO] [1788883591.539932410] [GSL]: avg_gas=6.4e-06;  avg_windSpeed=0.2;  avg_wind_dir=1.4
[INFO] [1788883591.540957872] [GSL]: [33mNOTHING [0m
[INFO] [1788883591.541007526] [GSL]: [DEBUG-WIND] useGroundTruth=false gmrf_req_size=626 gaden_req_size=-1
[INFO] [1788883591.541027762] [GSL]: [DEBUG-WIND] Taking GMRF path
[INFO] [1788883591.613986052] [GSL - Trace]: [32mEntering StopAndMeasure[0m
[INFO] [1788883593.539600435] [GSL]: 10 gas measurements, 10 wind measurements over 1.93 seconds
[INFO] [1788883593.539676406] [GSL]: avg_gas=1.2e-06;  avg_windSpeed=0.19;  avg_wind_dir=1.1
[INFO] [1788883593.540314297] [GSL]: [33mNOTHING [0m
[INFO] [1788883593.540554110] [GSL]: [DEBUG-WIND] useGroundTruth=false gmrf_req_size=626 gaden_req_size=-1
[INFO] [1788883593.540580831] [GSL]: [DEBUG-WIND] Taking GMRF path
[INFO] [1788883593.613142854] [GSL - Trace]: [32mEntering StopAndMeasure[0m
[INFO] [1788883595.539711375] [GSL]: 10 gas measurements, 10 wind measurements over 1.93 seconds
[INFO] [1788883595.539818913] [GSL]: avg_gas=2.3e-07;  avg_windSpeed=0.2;  avg_wind_dir=1.4
[INFO] [1788883595.540700826] [GSL]: [33mNOTHING [0m
[INFO] [1788883595.540718193] [GSL]: [DEBUG-WIND] useGroundTruth=false gmrf_req_size=626 gaden_req_size=-1
[INFO] [1788883595.540729972] [GSL]: [DEBUG-WIND] Taking GMRF path
[INFO] [1788883595.613470406] [GSL]: [33mStarted simulations. Might take a while![0m
[INFO] [1788883595.989252180] [GSL]: CER contrastive context initialized: events=24, candidates=74, transport_members=3, fixed_ratio_weight=1, context_within_member=true, centered_log_odds=true
[INFO] [1788883595.990819354] [GSL - Trace]: [32mFirst simulation level done[0m
[INFO] [1788883595.991241956] [GSL]: [RC2-DIAG] scores_size=74 refineFraction=0.25 refine_product=18.5 valid_first_level=74 sum_sourceProbInternal_before_norm=68.5376376374907 min_sourceProbInternal_before_norm=0 max_sourceProbInternal_before_norm=0.13514925940717468 finite_sourceProbInternal=1102 finite_varianceOfHitProb=1102
[INFO] [1788883596.375139319] [GSL - Trace]: [32mSimulation level 2 done[0m
[INFO] [1788883596.747789757] [GSL - Trace]: [32mSimulation level 3 done[0m
[INFO] [1788883596.921577261] [GSL - Trace]: [32mSimulation level 4 done[0m
[INFO] [1788883596.922511236] [GSL - Trace]: [32mSimulation level 5 done[0m
[INFO] [1788883596.922706449] [GSL]: Number of levels in the simulation: 5
[INFO] [1788883596.922715208] [GSL]: Total number of simulations: 262
[INFO] [1788883596.923070437] [GSL]: CORE sequential event-time commit: window_start=16, new_events=8, committed_total=24
[INFO] [1788883596.923087938] [GSL]: [RC2-DIAG] normalized_finite_count=1102 normalized_sum=1
[INFO] [1788883596.923487532] [GSL]: Time ellapsed in simulation = 1.309916032 s
[INFO] [1788883596.929209780] [GSL]: Max mutual info: 2.378
[INFO] [1788883596.929561782] [GSL]: MutualInformation - Ellapsed: 0.006s
[INFO] [1788883596.959328013] [GSL]: Sending goal (-3.20, -5.93)
[INFO] [1788883596.960146702] [GSL]: Variance: 16.38
[INFO] [1788883596.960172404] [GSL - Trace]: [32mEntering Moving[0m
[INFO] [1788883601.814310951] [GSL - Trace]: [32mEntering StopAndMeasure[0m
[INFO] [1788883603.762045627] [GSL]: 10 gas measurements, 10 wind measurements over 1.95 seconds
[INFO] [1788883603.762773080] [GSL]: avg_gas=0.0076;  avg_windSpeed=0.11;  avg_wind_dir=1.6
[INFO] [1788883603.764119932] [GSL]: [33mNOTHING [0m
[INFO] [1788883603.764167122] [GSL]: [DEBUG-WIND] useGroundTruth=false gmrf_req_size=626 gaden_req_size=-1
[INFO] [1788883603.764180576] [GSL]: [DEBUG-WIND] Taking GMRF path
[INFO] [1788883603.813755436] [GSL - Trace]: [32mEntering StopAndMeasure[0m
[INFO] [1788883605.762271303] [GSL]: 10 gas measurements, 10 wind measurements over 1.95 seconds
[INFO] [1788883605.763164193] [GSL]: avg_gas=0.0014;  avg_windSpeed=0.064;  avg_wind_dir=2.2
[INFO] [1788883605.764326439] [GSL]: [33mNOTHING [0m
[INFO] [1788883605.764348202] [GSL]: [DEBUG-WIND] useGroundTruth=false gmrf_req_size=626 gaden_req_size=-1
[INFO] [1788883605.764362900] [GSL]: [DEBUG-WIND] Taking GMRF path
[INFO] [1788883605.813502825] [GSL - Trace]: [32mEntering StopAndMeasure[0m
[INFO] [1788883607.761686137] [GSL]: 10 gas measurements, 10 wind measurements over 1.95 seconds
[INFO] [1788883607.761949798] [GSL]: avg_gas=0.00027;  avg_windSpeed=0.11;  avg_wind_dir=1.6
[INFO] [1788883607.763458951] [GSL]: [33mNOTHING [0m
[INFO] [1788883607.763692374] [GSL]: [DEBUG-WIND] useGroundTruth=false gmrf_req_size=626 gaden_req_size=-1
[INFO] [1788883607.763718383] [GSL]: [DEBUG-WIND] Taking GMRF path
[INFO] [1788883607.813918275] [GSL - Trace]: [32mEntering StopAndMeasure[0m
[INFO] [1788883609.761687164] [GSL]: 10 gas measurements, 10 wind measurements over 1.95 seconds
[INFO] [1788883609.762686441] [GSL]: avg_gas=5.1e-05;  avg_windSpeed=0.064;  avg_wind_dir=2.2
[INFO] [1788883609.764557354] [GSL]: [33mNOTHING [0m
[INFO] [1788883609.764590681] [GSL]: [DEBUG-WIND] useGroundTruth=false gmrf_req_size=626 gaden_req_size=-1
[INFO] [1788883609.764605391] [GSL]: [DEBUG-WIND] Taking GMRF path
[INFO] [1788883609.814048446] [GSL - Trace]: [32mEntering StopAndMeasure[0m
[INFO] [1788883611.711344329] [GSL]: 10 gas measurements, 10 wind measurements over 1.90 seconds
[INFO] [1788883611.711398172] [GSL]: avg_gas=9.6e-06;  avg_windSpeed=0.11;  avg_wind_dir=1.6
[INFO] [1788883611.711924739] [GSL]: [33mNOTHING [0m
[INFO] [1788883611.711935708] [GSL]: [DEBUG-WIND] useGroundTruth=false gmrf_req_size=626 gaden_req_size=-1
[INFO] [1788883611.711946023] [GSL]: [DEBUG-WIND] Taking GMRF path
[INFO] [1788883611.713356224] [GSL - Trace]: [32mEntering StopAndMeasure[0m
[INFO] [1788883613.711327464] [GSL]: 10 gas measurements, 10 wind measurements over 2.00 seconds
[INFO] [1788883613.711556269] [GSL]: avg_gas=1.8e-06;  avg_windSpeed=0.064;  avg_wind_dir=2.2
[INFO] [1788883613.712061818] [GSL]: [33mNOTHING [0m
[INFO] [1788883613.712072849] [GSL]: [DEBUG-WIND] useGroundTruth=false gmrf_req_size=626 gaden_req_size=-1
[INFO] [1788883613.712079912] [GSL]: [DEBUG-WIND] Taking GMRF path
[INFO] [1788883613.713206266] [GSL - Trace]: [32mEntering StopAndMeasure[0m
[INFO] [1788883615.711326543] [GSL]: 10 gas measurements, 10 wind measurements over 2.00 seconds
[INFO] [1788883615.711383507] [GSL]: avg_gas=3.4e-07;  avg_windSpeed=0.11;  avg_wind_dir=1.6
[INFO] [1788883615.711896108] [GSL]: [33mNOTHING [0m
[INFO] [1788883615.711906829] [GSL]: [DEBUG-WIND] useGroundTruth=false gmrf_req_size=626 gaden_req_size=-1
[INFO] [1788883615.711913750] [GSL]: [DEBUG-WIND] Taking GMRF path
[INFO] [1788883615.712986974] [GSL - Trace]: [32mEntering StopAndMeasure[0m
[INFO] [1788883617.761443465] [GSL]: 10 gas measurements, 10 wind measurements over 2.05 seconds
[INFO] [1788883617.761515123] [GSL]: avg_gas=6.5e-08;  avg_windSpeed=0.064;  avg_wind_dir=2.2
[INFO] [1788883617.762746038] [GSL]: [33mNOTHING [0m
[INFO] [1788883617.762775788] [GSL]: [DEBUG-WIND] useGroundTruth=false gmrf_req_size=626 gaden_req_size=-1
[INFO] [1788883617.762783131] [GSL]: [DEBUG-WIND] Taking GMRF path
[INFO] [1788883617.813022206] [GSL]: [33mStarted simulations. Might take a while![0m
[INFO] [1788883618.169283344] [GSL]: CER contrastive context initialized: events=32, candidates=74, transport_members=3, fixed_ratio_weight=1, context_within_member=true, centered_log_odds=true
[INFO] [1788883618.171116063] [GSL - Trace]: [32mFirst simulation level done[0m
[INFO] [1788883618.171559138] [GSL]: [RC2-DIAG] scores_size=74 refineFraction=0.25 refine_product=18.5 valid_first_level=74 sum_sourceProbInternal_before_norm=144.1998738582185 min_sourceProbInternal_before_norm=0 max_sourceProbInternal_before_norm=0.2626920051099378 finite_sourceProbInternal=1102 finite_varianceOfHitProb=1102
[INFO] [1788883618.525280401] [GSL - Trace]: [32mSimulation level 2 done[0m
[INFO] [1788883618.836380903] [GSL - Trace]: [32mSimulation level 3 done[0m
[INFO] [1788883618.997436612] [GSL - Trace]: [32mSimulation level 4 done[0m
[INFO] [1788883618.997956138] [GSL - Trace]: [32mSimulation level 5 done[0m
[INFO] [1788883618.997965746] [GSL]: Number of levels in the simulation: 5
[INFO] [1788883618.997972881] [GSL]: Total number of simulations: 240
[INFO] [1788883618.998805845] [GSL]: CORE sequential event-time commit: window_start=24, new_events=8, committed_total=32
[INFO] [1788883618.998821047] [GSL]: [RC2-DIAG] normalized_finite_count=1102 normalized_sum=1
[INFO] [1788883618.998828813] [GSL]: Time ellapsed in simulation = 1.1857539460000002 s
[INFO] [1788883619.003114233] [GSL]: Max mutual info: 2.363
[INFO] [1788883619.003235645] [GSL]: MutualInformation - Ellapsed: 0.004s
[INFO] [1788883619.033303435] [GSL]: Sending goal (-0.20, -6.53)
[INFO] [1788883619.033684621] [GSL]: Variance: 15.64
[INFO] [1788883619.033709837] [GSL - Trace]: [32mEntering Moving[0m
[INFO] [1788883623.985381843] [GSL - Trace]: [32mEntering StopAndMeasure[0m
[INFO] [1788883625.935052896] [GSL]: 10 gas measurements, 10 wind measurements over 1.95 seconds
[INFO] [1788883625.935104419] [GSL]: avg_gas=3.7;  avg_windSpeed=0.00026;  avg_wind_dir=-0.23
[INFO] [1788883625.935575482] [GSL]: [33mGAS HIT[0m
[INFO] [1788883625.935584450] [GSL]: [DEBUG-WIND] useGroundTruth=false gmrf_req_size=626 gaden_req_size=-1
[INFO] [1788883625.935591119] [GSL]: [DEBUG-WIND] Taking GMRF path
[INFO] [1788883626.013715686] [GSL - Trace]: [32mEntering StopAndMeasure[0m
[INFO] [1788883627.935307628] [GSL]: 10 gas measurements, 10 wind measurements over 1.92 seconds
[INFO] [1788883627.935368459] [GSL]: avg_gas=3.8;  avg_windSpeed=0.00091;  avg_wind_dir=-0.61
[INFO] [1788883627.936265251] [GSL]: [33mGAS HIT[0m
[INFO] [1788883627.936288619] [GSL]: [DEBUG-WIND] useGroundTruth=false gmrf_req_size=626 gaden_req_size=-1
[INFO] [1788883627.936296465] [GSL]: [DEBUG-WIND] Taking GMRF path
[INFO] [1788883628.013068134] [GSL - Trace]: [32mEntering StopAndMeasure[0m
[INFO] [1788883629.935042710] [GSL]: 10 gas measurements, 10 wind measurements over 1.92 seconds
[INFO] [1788883629.935105491] [GSL]: avg_gas=3.9;  avg_windSpeed=0.00026;  avg_wind_dir=-0.23
[INFO] [1788883629.935695112] [GSL]: [33mGAS HIT[0m
[INFO] [1788883629.935706963] [GSL]: [DEBUG-WIND] useGroundTruth=false gmrf_req_size=626 gaden_req_size=-1
[INFO] [1788883629.935715112] [GSL]: [DEBUG-WIND] Taking GMRF path
[INFO] [1788883630.013546099] [GSL - Trace]: [32mEntering StopAndMeasure[0m
[INFO] [1788883631.935112285] [GSL]: 10 gas measurements, 10 wind measurements over 1.92 seconds
[INFO] [1788883631.935192672] [GSL]: avg_gas=3.9;  avg_windSpeed=0.00091;  avg_wind_dir=-0.61
[INFO] [1788883631.935786210] [GSL]: [33mGAS HIT[0m
[INFO] [1788883631.935796281] [GSL]: [DEBUG-WIND] useGroundTruth=false gmrf_req_size=626 gaden_req_size=-1
[INFO] [1788883631.935802971] [GSL]: [DEBUG-WIND] Taking GMRF path
[INFO] [1788883632.013452533] [GSL - Trace]: [32mEntering StopAndMeasure[0m
[INFO] [1788883633.935003186] [GSL]: 10 gas measurements, 10 wind measurements over 1.92 seconds
[INFO] [1788883633.935056381] [GSL]: avg_gas=3.9;  avg_windSpeed=0.00026;  avg_wind_dir=-0.23
[INFO] [1788883633.935534771] [GSL]: [33mGAS HIT[0m
[INFO] [1788883633.935565706] [GSL]: [DEBUG-WIND] useGroundTruth=false gmrf_req_size=626 gaden_req_size=-1
[INFO] [1788883633.935572821] [GSL]: [DEBUG-WIND] Taking GMRF path
[INFO] [1788883634.013065104] [GSL - Trace]: [32mEntering StopAndMeasure[0m
[INFO] [1788883635.935081221] [GSL]: 10 gas measurements, 10 wind measurements over 1.92 seconds
[INFO] [1788883635.935143341] [GSL]: avg_gas=3.9;  avg_windSpeed=0.00091;  avg_wind_dir=-0.61
[INFO] [1788883635.935742362] [GSL]: [33mGAS HIT[0m
[INFO] [1788883635.935754057] [GSL]: [DEBUG-WIND] useGroundTruth=false gmrf_req_size=626 gaden_req_size=-1
[INFO] [1788883635.935762477] [GSL]: [DEBUG-WIND] Taking GMRF path
[INFO] [1788883636.013252477] [GSL - Trace]: [32mEntering StopAndMeasure[0m
[INFO] [1788883637.935133330] [GSL]: 10 gas measurements, 10 wind measurements over 1.92 seconds
[INFO] [1788883637.935203084] [GSL]: avg_gas=3.9;  avg_windSpeed=0.00026;  avg_wind_dir=-0.23
[INFO] [1788883637.936593707] [GSL]: [33mGAS HIT[0m
[INFO] [1788883637.936641323] [GSL]: [DEBUG-WIND] useGroundTruth=false gmrf_req_size=626 gaden_req_size=-1
[INFO] [1788883637.936651367] [GSL]: [DEBUG-WIND] Taking GMRF path
[INFO] [1788883638.013255061] [GSL - Trace]: [32mEntering StopAndMeasure[0m
[INFO] [1788883639.935277978] [GSL]: 10 gas measurements, 10 wind measurements over 1.92 seconds
[INFO] [1788883639.935357701] [GSL]: avg_gas=3.9;  avg_windSpeed=0.00091;  avg_wind_dir=-0.61
[INFO] [1788883639.936004831] [GSL]: [33mGAS HIT[0m
[INFO] [1788883639.936017766] [GSL]: [DEBUG-WIND] useGroundTruth=false gmrf_req_size=626 gaden_req_size=-1
[INFO] [1788883639.936026674] [GSL]: [DEBUG-WIND] Taking GMRF path
[INFO] [1788883640.013281696] [GSL]: [33mStarted simulations. Might take a while![0m
[INFO] [1788883640.374543584] [GSL]: CER contrastive context initialized: events=40, candidates=74, transport_members=3, fixed_ratio_weight=1, context_within_member=true, centered_log_odds=true
[INFO] [1788883640.375597794] [GSL - Trace]: [32mFirst simulation level done[0m
[INFO] [1788883640.375629465] [GSL]: [RC2-DIAG] scores_size=74 refineFraction=0.25 refine_product=18.5 valid_first_level=74 sum_sourceProbInternal_before_norm=85.95065551719483 min_sourceProbInternal_before_norm=0 max_sourceProbInternal_before_norm=0.999200279944007 finite_sourceProbInternal=1102 finite_varianceOfHitProb=1102
[INFO] [1788883640.697419693] [GSL - Trace]: [32mSimulation level 2 done[0m
[INFO] [1788883640.925842895] [GSL - Trace]: [32mSimulation level 3 done[0m
[INFO] [1788883641.026060447] [GSL - Trace]: [32mSimulation level 4 done[0m
[INFO] [1788883641.030097637] [GSL - Trace]: [32mSimulation level 5 done[0m
[INFO] [1788883641.030147495] [GSL]: Number of levels in the simulation: 5
[INFO] [1788883641.030154842] [GSL]: Total number of simulations: 202
[INFO] [1788883641.035867204] [GSL]: CORE sequential event-time commit: window_start=32, new_events=8, committed_total=40
[INFO] [1788883641.035915365] [GSL]: [RC2-DIAG] normalized_finite_count=1102 normalized_sum=1
[INFO] [1788883641.035925674] [GSL]: Time ellapsed in simulation = 1.022223601 s
[INFO] [1788883641.042080286] [GSL]: Max mutual info: 2.516
[INFO] [1788883641.042219802] [GSL]: MutualInformation - Ellapsed: 0.006s
[INFO] [1788883641.065999819] [GSL]: Sending goal (-0.20, -7.13)
[INFO] [1788883641.066601876] [GSL]: Variance: 6.58
[INFO] [1788883641.066626803] [GSL - Trace]: [32mEntering Moving[0m
[INFO] [1788883641.575637181] [GSL - Trace]: [32mEntering StopAndMeasure[0m
[INFO] [1788883643.560215473] [GSL]: 10 gas measurements, 10 wind measurements over 1.98 seconds
[INFO] [1788883643.560295500] [GSL]: avg_gas=3.2;  avg_windSpeed=0.00082;  avg_wind_dir=-0.73
[INFO] [1788883643.560978624] [GSL]: [33mGAS HIT[0m
[INFO] [1788883643.560992251] [GSL]: [DEBUG-WIND] useGroundTruth=false gmrf_req_size=626 gaden_req_size=-1
[INFO] [1788883643.561502891] [GSL]: [DEBUG-WIND] Taking GMRF path
[INFO] [1788883643.613162789] [GSL - Trace]: [32mEntering StopAndMeasure[0m
[INFO] [1788883645.568020095] [GSL]: 10 gas measurements, 10 wind measurements over 1.95 seconds
[INFO] [1788883645.568106121] [GSL]: avg_gas=2.7;  avg_windSpeed=0.00062;  avg_wind_dir=-0.53
[INFO] [1788883645.568856767] [GSL]: [33mGAS HIT[0m
[INFO] [1788883645.568870180] [GSL]: [DEBUG-WIND] useGroundTruth=false gmrf_req_size=626 gaden_req_size=-1
[INFO] [1788883645.568880341] [GSL]: [DEBUG-WIND] Taking GMRF path
[INFO] [1788883645.613344851] [GSL - Trace]: [32mEntering StopAndMeasure[0m
[INFO] [1788883647.517700911] [GSL]: 10 gas measurements, 10 wind measurements over 1.90 seconds
[INFO] [1788883647.517771894] [GSL]: avg_gas=2.7;  avg_windSpeed=0.00082;  avg_wind_dir=-0.73
[INFO] [1788883647.518358922] [GSL]: [33mGAS HIT[0m
[INFO] [1788883647.518370157] [GSL]: [DEBUG-WIND] useGroundTruth=false gmrf_req_size=626 gaden_req_size=-1
[INFO] [1788883647.518893617] [GSL]: [DEBUG-WIND] Taking GMRF path
[INFO] [1788883647.613438312] [GSL - Trace]: [32mEntering StopAndMeasure[0m
[INFO] [1788883649.567946889] [GSL]: 10 gas measurements, 10 wind measurements over 1.95 seconds
[INFO] [1788883649.568149778] [GSL]: avg_gas=2.7;  avg_windSpeed=0.00062;  avg_wind_dir=-0.53
[INFO] [1788883649.568998075] [GSL]: [33mGAS HIT[0m
[INFO] [1788883649.569015034] [GSL]: [DEBUG-WIND] useGroundTruth=false gmrf_req_size=626 gaden_req_size=-1
[INFO] [1788883649.569026238] [GSL]: [DEBUG-WIND] Taking GMRF path
[INFO] [1788883649.613117104] [GSL - Trace]: [32mEntering StopAndMeasure[0m
[INFO] [1788883651.567907929] [GSL]: 10 gas measurements, 10 wind measurements over 1.95 seconds
[INFO] [1788883651.567998431] [GSL]: avg_gas=2.7;  avg_windSpeed=0.00082;  avg_wind_dir=-0.73
[INFO] [1788883651.568847044] [GSL]: [33mGAS HIT[0m
[INFO] [1788883651.568863237] [GSL]: [DEBUG-WIND] useGroundTruth=false gmrf_req_size=626 gaden_req_size=-1
[INFO] [1788883651.569153822] [GSL]: [DEBUG-WIND] Taking GMRF path
[INFO] [1788883651.613940144] [GSL - Trace]: [32mEntering StopAndMeasure[0m
[INFO] [1788883653.517695617] [GSL]: 10 gas measurements, 10 wind measurements over 1.90 seconds
[INFO] [1788883653.517782536] [GSL]: avg_gas=2.7;  avg_windSpeed=0.00062;  avg_wind_dir=-0.53
[INFO] [1788883653.518754638] [GSL]: [33mGAS HIT[0m
[INFO] [1788883653.518773602] [GSL]: [DEBUG-WIND] useGroundTruth=false gmrf_req_size=626 gaden_req_size=-1
[INFO] [1788883653.518785970] [GSL]: [DEBUG-WIND] Taking GMRF path
[INFO] [1788883653.613107371] [GSL - Trace]: [32mEntering StopAndMeasure[0m
[INFO] [1788883655.517581956] [GSL]: 10 gas measurements, 10 wind measurements over 1.90 seconds
[INFO] [1788883655.517633938] [GSL]: avg_gas=2.7;  avg_windSpeed=0.00082;  avg_wind_dir=-0.73
[INFO] [1788883655.518190422] [GSL]: [33mGAS HIT[0m
[INFO] [1788883655.518201779] [GSL]: [DEBUG-WIND] useGroundTruth=false gmrf_req_size=626 gaden_req_size=-1
[INFO] [1788883655.518208554] [GSL]: [DEBUG-WIND] Taking GMRF path
[INFO] [1788883655.613224970] [GSL - Trace]: [32mEntering StopAndMeasure[0m
[INFO] [1788883657.567792367] [GSL]: 10 gas measurements, 10 wind measurements over 1.95 seconds
[INFO] [1788883657.567935326] [GSL]: avg_gas=2.7;  avg_windSpeed=0.00062;  avg_wind_dir=-0.53
[INFO] [1788883657.568677875] [GSL]: [33mGAS HIT[0m
[INFO] [1788883657.568692641] [GSL]: [DEBUG-WIND] useGroundTruth=false gmrf_req_size=626 gaden_req_size=-1
[INFO] [1788883657.568702849] [GSL]: [DEBUG-WIND] Taking GMRF path
[INFO] [1788883657.613773485] [GSL]: [33mStarted simulations. Might take a while![0m
[INFO] [1788883657.993589254] [GSL]: CER contrastive context initialized: events=48, candidates=74, transport_members=3, fixed_ratio_weight=1, context_within_member=true, centered_log_odds=true
[INFO] [1788883657.994917477] [GSL - Trace]: [32mFirst simulation level done[0m
[INFO] [1788883657.995116092] [GSL]: [RC2-DIAG] scores_size=74 refineFraction=0.25 refine_product=18.5 valid_first_level=74 sum_sourceProbInternal_before_norm=99.6799133782159 min_sourceProbInternal_before_norm=0 max_sourceProbInternal_before_norm=0.999200279944007 finite_sourceProbInternal=1102 finite_varianceOfHitProb=1102
[INFO] [1788883658.325437581] [GSL - Trace]: [32mSimulation level 2 done[0m
[INFO] [1788883658.556611726] [GSL - Trace]: [32mSimulation level 3 done[0m
[INFO] [1788883658.650331990] [GSL - Trace]: [32mSimulation level 4 done[0m
[INFO] [1788883658.650412502] [GSL - Trace]: [32mSimulation level 5 done[0m
[INFO] [1788883658.650423131] [GSL]: Number of levels in the simulation: 5
[INFO] [1788883658.650430341] [GSL]: Total number of simulations: 202
[INFO] [1788883658.650451773] [GSL]: CORE sequential event-time commit: window_start=40, new_events=8, committed_total=48
[INFO] [1788883658.650466087] [GSL]: [RC2-DIAG] normalized_finite_count=1102 normalized_sum=1
[INFO] [1788883658.650473876] [GSL]: Time ellapsed in simulation = 1.036562857 s
[INFO] [1788883658.653146557] [GSL]: Max mutual info: 2.442
[INFO] [1788883658.654140244] [GSL]: MutualInformation - Ellapsed: 0.004s
[INFO] [1788883658.684933344] [GSL]: Sending goal (0.40, -7.13)
[INFO] [1788883658.685271838] [GSL]: Variance: 1.69
[INFO] [1788883658.685291467] [GSL - Trace]: [32mEntering Moving[0m
[INFO] [1788883659.193815247] [GSL - Trace]: [32mEntering StopAndMeasure[0m
[INFO] [1788883661.120629505] [GSL]: 10 gas measurements, 10 wind measurements over 1.93 seconds
[INFO] [1788883661.120699915] [GSL]: avg_gas=2.2;  avg_windSpeed=0.00085;  avg_wind_dir=-0.51
[INFO] [1788883661.121277362] [GSL]: [33mGAS HIT[0m
[INFO] [1788883661.121306260] [GSL]: [DEBUG-WIND] useGroundTruth=false gmrf_req_size=626 gaden_req_size=-1
[INFO] [1788883661.121313285] [GSL]: [DEBUG-WIND] Taking GMRF path
[INFO] [1788883661.213405760] [GSL - Trace]: [32mEntering StopAndMeasure[0m
[INFO] [1788883663.136582009] [GSL]: 10 gas measurements, 10 wind measurements over 1.92 seconds
[INFO] [1788883663.136659536] [GSL]: avg_gas=2;  avg_windSpeed=0.00064;  avg_wind_dir=-0.7
[INFO] [1788883663.137483661] [GSL]: [33mGAS HIT[0m
[INFO] [1788883663.137508063] [GSL]: [DEBUG-WIND] useGroundTruth=false gmrf_req_size=626 gaden_req_size=-1
[INFO] [1788883663.137515149] [GSL]: [DEBUG-WIND] Taking GMRF path
[INFO] [1788883663.213434553] [GSL - Trace]: [32mEntering StopAndMeasure[0m
[INFO] [1788883665.136722772] [GSL]: 10 gas measurements, 10 wind measurements over 1.92 seconds
[INFO] [1788883665.136808100] [GSL]: avg_gas=1.9;  avg_windSpeed=0.00085;  avg_wind_dir=-0.51
[INFO] [1788883665.137467025] [GSL]: [33mGAS HIT[0m
[INFO] [1788883665.137478518] [GSL]: [DEBUG-WIND] useGroundTruth=false gmrf_req_size=626 gaden_req_size=-1
[INFO] [1788883665.137486353] [GSL]: [DEBUG-WIND] Taking GMRF path
[INFO] [1788883665.213298972] [GSL - Trace]: [32mEntering StopAndMeasure[0m
[INFO] [1788883667.136586454] [GSL]: 10 gas measurements, 10 wind measurements over 1.92 seconds
[INFO] [1788883667.136648212] [GSL]: avg_gas=2;  avg_windSpeed=0.00064;  avg_wind_dir=-0.7
[INFO] [1788883667.137671817] [GSL]: [33mGAS HIT[0m
[INFO] [1788883667.138017075] [GSL]: [DEBUG-WIND] useGroundTruth=false gmrf_req_size=626 gaden_req_size=-1
[INFO] [1788883667.138033766] [GSL]: [DEBUG-WIND] Taking GMRF path
[INFO] [1788883667.214123896] [GSL - Trace]: [32mEntering StopAndMeasure[0m
[INFO] [1788883669.136664540] [GSL]: 10 gas measurements, 10 wind measurements over 1.92 seconds
[INFO] [1788883669.136750080] [GSL]: avg_gas=2;  avg_windSpeed=0.00085;  avg_wind_dir=-0.51
[INFO] [1788883669.137503897] [GSL]: [33mGAS HIT[0m
[INFO] [1788883669.137518837] [GSL]: [DEBUG-WIND] useGroundTruth=false gmrf_req_size=626 gaden_req_size=-1
[INFO] [1788883669.137528936] [GSL]: [DEBUG-WIND] Taking GMRF path
[INFO] [1788883669.212993402] [GSL - Trace]: [32mEntering StopAndMeasure[0m
[INFO] [1788883671.136831107] [GSL]: 10 gas measurements, 10 wind measurements over 1.92 seconds
[INFO] [1788883671.136969649] [GSL]: avg_gas=2;  avg_windSpeed=0.00064;  avg_wind_dir=-0.7
[INFO] [1788883671.137655588] [GSL]: [33mGAS HIT[0m
[INFO] [1788883671.137669396] [GSL]: [DEBUG-WIND] useGroundTruth=false gmrf_req_size=626 gaden_req_size=-1
[INFO] [1788883671.138403889] [GSL]: [DEBUG-WIND] Taking GMRF path
[INFO] [1788883671.213381665] [GSL - Trace]: [32mEntering StopAndMeasure[0m
[INFO] [1788883673.136713427] [GSL]: 10 gas measurements, 10 wind measurements over 1.92 seconds
[INFO] [1788883673.136795193] [GSL]: avg_gas=2;  avg_windSpeed=0.00085;  avg_wind_dir=-0.51
[INFO] [1788883673.137408327] [GSL]: [33mGAS HIT[0m
[INFO] [1788883673.137419882] [GSL]: [DEBUG-WIND] useGroundTruth=false gmrf_req_size=626 gaden_req_size=-1
[INFO] [1788883673.137427965] [GSL]: [DEBUG-WIND] Taking GMRF path
[INFO] [1788883673.213637696] [GSL - Trace]: [32mEntering StopAndMeasure[0m
[INFO] [1788883675.136820902] [GSL]: 10 gas measurements, 10 wind measurements over 1.92 seconds
[INFO] [1788883675.136940594] [GSL]: avg_gas=2;  avg_windSpeed=0.00064;  avg_wind_dir=-0.7
[INFO] [1788883675.137492310] [GSL]: [33mGAS HIT[0m
[INFO] [1788883675.137503800] [GSL]: [DEBUG-WIND] useGroundTruth=false gmrf_req_size=626 gaden_req_size=-1
[INFO] [1788883675.138097839] [GSL]: [DEBUG-WIND] Taking GMRF path
[INFO] [1788883675.213260162] [GSL]: [33mStarted simulations. Might take a while![0m
[INFO] [1788883675.588192655] [GSL]: CER contrastive context initialized: events=56, candidates=74, transport_members=3, fixed_ratio_weight=1, context_within_member=true, centered_log_odds=true
[INFO] [1788883675.590204463] [GSL - Trace]: [32mFirst simulation level done[0m
[INFO] [1788883675.590743926] [GSL]: [RC2-DIAG] scores_size=74 refineFraction=0.25 refine_product=18.5 valid_first_level=74 sum_sourceProbInternal_before_norm=77.97250879606467 min_sourceProbInternal_before_norm=0 max_sourceProbInternal_before_norm=0.999200279944007 finite_sourceProbInternal=1102 finite_varianceOfHitProb=1102
[INFO] [1788883675.924406514] [GSL - Trace]: [32mSimulation level 2 done[0m
[INFO] [1788883676.147266671] [GSL - Trace]: [32mSimulation level 3 done[0m
[INFO] [1788883676.242810321] [GSL - Trace]: [32mSimulation level 4 done[0m
[INFO] [1788883676.243087349] [GSL - Trace]: [32mSimulation level 5 done[0m
[INFO] [1788883676.243102584] [GSL]: Number of levels in the simulation: 5
[INFO] [1788883676.243109057] [GSL]: Total number of simulations: 202
[INFO] [1788883676.243161056] [GSL]: CORE sequential event-time commit: window_start=48, new_events=8, committed_total=56
[INFO] [1788883676.243174296] [GSL]: [RC2-DIAG] normalized_finite_count=1102 normalized_sum=1
[INFO] [1788883676.243181445] [GSL]: Time ellapsed in simulation = 1.0298378940000001 s
[INFO] [1788883676.246490459] [GSL]: Max mutual info: 2.443
[INFO] [1788883676.246601499] [GSL]: MutualInformation - Ellapsed: 0.003s
[INFO] [1788883676.274085145] [GSL]: Sending goal (-0.80, -5.93)
[INFO] [1788883676.274521941] [GSL]: Variance: 1.20
[INFO] [1788883676.274546590] [GSL - Trace]: [32mEntering Moving[0m
[INFO] [1788883677.393681211] [GSL - Trace]: [32mEntering StopAndMeasure[0m
[INFO] [1788883679.373433514] [GSL]: 10 gas measurements, 10 wind measurements over 1.98 seconds
[INFO] [1788883679.374222096] [GSL]: avg_gas=4.5;  avg_windSpeed=0.00087;  avg_wind_dir=-0.15
[INFO] [1788883679.375288153] [GSL]: [33mGAS HIT[0m
[INFO] [1788883679.375309932] [GSL]: [DEBUG-WIND] useGroundTruth=false gmrf_req_size=626 gaden_req_size=-1
[INFO] [1788883679.375323685] [GSL]: [DEBUG-WIND] Taking GMRF path
[INFO] [1788883679.413528248] [GSL - Trace]: [32mEntering StopAndMeasure[0m
[INFO] [1788883681.376407350] [GSL]: 10 gas measurements, 10 wind measurements over 1.96 seconds
[INFO] [1788883681.376553176] [GSL]: avg_gas=5.4;  avg_windSpeed=0.0029;  avg_wind_dir=0.79
[INFO] [1788883681.378390983] [GSL]: [33mGAS HIT[0m
[INFO] [1788883681.378418521] [GSL]: [DEBUG-WIND] useGroundTruth=false gmrf_req_size=626 gaden_req_size=-1
[INFO] [1788883681.378432631] [GSL]: [DEBUG-WIND] Taking GMRF path
[INFO] [1788883681.414521810] [GSL - Trace]: [32mEntering StopAndMeasure[0m
[INFO] [1788883683.375649752] [GSL]: 10 gas measurements, 10 wind measurements over 1.96 seconds
[INFO] [1788883683.375719718] [GSL]: avg_gas=5.6;  avg_windSpeed=0.00087;  avg_wind_dir=-0.15
[INFO] [1788883683.376613577] [GSL]: [33mGAS HIT[0m
[INFO] [1788883683.376632491] [GSL]: [DEBUG-WIND] useGroundTruth=false gmrf_req_size=626 gaden_req_size=-1
[INFO] [1788883683.376639493] [GSL]: [DEBUG-WIND] Taking GMRF path
[INFO] [1788883683.413059992] [GSL - Trace]: [32mEntering StopAndMeasure[0m
[INFO] [1788883685.375910407] [GSL]: 10 gas measurements, 10 wind measurements over 1.96 seconds
[INFO] [1788883685.376013811] [GSL]: avg_gas=5.6;  avg_windSpeed=0.0029;  avg_wind_dir=0.79
[INFO] [1788883685.377021431] [GSL]: [33mGAS HIT[0m
[INFO] [1788883685.377040160] [GSL]: [DEBUG-WIND] useGroundTruth=false gmrf_req_size=626 gaden_req_size=-1
[INFO] [1788883685.377053979] [GSL]: [DEBUG-WIND] Taking GMRF path
[INFO] [1788883685.413976403] [GSL - Trace]: [32mEntering StopAndMeasure[0m
[INFO] [1788883687.375825945] [GSL]: 10 gas measurements, 10 wind measurements over 1.96 seconds
[INFO] [1788883687.375984076] [GSL]: avg_gas=5.6;  avg_windSpeed=0.00087;  avg_wind_dir=-0.15
[INFO] [1788883687.377922025] [GSL]: [33mGAS HIT[0m
[INFO] [1788883687.377964792] [GSL]: [DEBUG-WIND] useGroundTruth=false gmrf_req_size=626 gaden_req_size=-1
[INFO] [1788883687.377977794] [GSL]: [DEBUG-WIND] Taking GMRF path
[INFO] [1788883687.413989244] [GSL - Trace]: [32mEntering StopAndMeasure[0m
[INFO] [1788883689.375818565] [GSL]: 10 gas measurements, 10 wind measurements over 1.96 seconds
[INFO] [1788883689.376031052] [GSL]: avg_gas=3.4;  avg_windSpeed=0.00014;  avg_wind_dir=2.1
[INFO] [1788883689.377046943] [GSL]: [33mGAS HIT[0m
[INFO] [1788883689.377064486] [GSL]: [DEBUG-WIND] useGroundTruth=false gmrf_req_size=626 gaden_req_size=-1
[INFO] [1788883689.377078325] [GSL]: [DEBUG-WIND] Taking GMRF path
[INFO] [1788883689.413114511] [GSL - Trace]: [32mEntering StopAndMeasure[0m
[INFO] [1788883691.376064974] [GSL]: 10 gas measurements, 10 wind measurements over 1.96 seconds
[INFO] [1788883691.376168746] [GSL]: avg_gas=0.66;  avg_windSpeed=0.00055;  avg_wind_dir=-0.4
[INFO] [1788883691.377944311] [GSL]: [33mGAS HIT[0m
[INFO] [1788883691.377989266] [GSL]: [DEBUG-WIND] useGroundTruth=false gmrf_req_size=626 gaden_req_size=-1
[INFO] [1788883691.378004120] [GSL]: [DEBUG-WIND] Taking GMRF path
[INFO] [1788883691.413712143] [GSL - Trace]: [32mEntering StopAndMeasure[0m
[INFO] [1788883693.375662846] [GSL]: 10 gas measurements, 10 wind measurements over 1.96 seconds
[INFO] [1788883693.375726845] [GSL]: avg_gas=0.12;  avg_windSpeed=0.0033;  avg_wind_dir=0.91
[INFO] [1788883693.376236495] [GSL]: [33mGAS HIT[0m
[INFO] [1788883693.376247836] [GSL]: [DEBUG-WIND] useGroundTruth=false gmrf_req_size=626 gaden_req_size=-1
[INFO] [1788883693.376254551] [GSL]: [DEBUG-WIND] Taking GMRF path
[INFO] [1788883693.413102830] [GSL]: [33mStarted simulations. Might take a while![0m
[INFO] [1788883693.779137017] [GSL]: CER contrastive context initialized: events=64, candidates=74, transport_members=3, fixed_ratio_weight=1, context_within_member=true, centered_log_odds=true
[INFO] [1788883693.780948847] [GSL - Trace]: [32mFirst simulation level done[0m
[INFO] [1788883693.780983489] [GSL]: [RC2-DIAG] scores_size=74 refineFraction=0.25 refine_product=18.5 valid_first_level=74 sum_sourceProbInternal_before_norm=107.13277076130721 min_sourceProbInternal_before_norm=0 max_sourceProbInternal_before_norm=0.999200279944007 finite_sourceProbInternal=1102 finite_varianceOfHitProb=1102
[INFO] [1788883694.104195425] [GSL - Trace]: [32mSimulation level 2 done[0m
[INFO] [1788883694.328359479] [GSL - Trace]: [32mSimulation level 3 done[0m
[INFO] [1788883694.428626834] [GSL - Trace]: [32mSimulation level 4 done[0m
[INFO] [1788883694.428673063] [GSL - Trace]: [32mSimulation level 5 done[0m
[INFO] [1788883694.428681121] [GSL]: Number of levels in the simulation: 5
[INFO] [1788883694.428687194] [GSL]: Total number of simulations: 200
[INFO] [1788883694.428706761] [GSL]: CORE sequential event-time commit: window_start=56, new_events=8, committed_total=64
[INFO] [1788883694.428719027] [GSL]: [RC2-DIAG] normalized_finite_count=1102 normalized_sum=1
[INFO] [1788883694.428933454] [GSL]: Time ellapsed in simulation = 1.015769052 s
[INFO] [1788883694.432213003] [GSL]: Max mutual info: 2.557
[INFO] [1788883694.432327344] [GSL]: MutualInformation - Ellapsed: 0.003s
[INFO] [1788883694.460181178] [GSL]: Sending goal (0.40, -6.53)
[INFO] [1788883694.460549980] [GSL]: Variance: 1.19
[INFO] [1788883694.460570379] [GSL - Trace]: [32mEntering Moving[0m
[INFO] [1788883695.427514897] [GSL - Trace]: [32mEntering StopAndMeasure[0m
[INFO] [1788883697.358301771] [GSL]: 10 gas measurements, 10 wind measurements over 1.93 seconds
[INFO] [1788883697.358394078] [GSL]: avg_gas=0.0044;  avg_windSpeed=0.00098;  avg_wind_dir=-0.49
[INFO] [1788883697.359593927] [GSL]: [33mNOTHING [0m
[INFO] [1788883697.359640021] [GSL]: [DEBUG-WIND] useGroundTruth=false gmrf_req_size=626 gaden_req_size=-1
[INFO] [1788883697.359650410] [GSL]: [DEBUG-WIND] Taking GMRF path
[INFO] [1788883697.414013724] [GSL - Trace]: [32mEntering StopAndMeasure[0m
[INFO] [1788883699.361683656] [GSL]: 10 gas measurements, 10 wind measurements over 1.95 seconds
[INFO] [1788883699.361784455] [GSL]: avg_gas=0.00084;  avg_windSpeed=0.00038;  avg_wind_dir=-0.7
[INFO] [1788883699.362902336] [GSL]: [33mNOTHING [0m
[INFO] [1788883699.362949904] [GSL]: [DEBUG-WIND] useGroundTruth=false gmrf_req_size=626 gaden_req_size=-1
[INFO] [1788883699.362962017] [GSL]: [DEBUG-WIND] Taking GMRF path
[INFO] [1788883699.413767176] [GSL - Trace]: [32mEntering StopAndMeasure[0m
[INFO] [1788883701.361696012] [GSL]: 10 gas measurements, 10 wind measurements over 1.95 seconds
[INFO] [1788883701.361804794] [GSL]: avg_gas=0.00016;  avg_windSpeed=0.00098;  avg_wind_dir=-0.49
[INFO] [1788883701.362675393] [GSL]: [33mNOTHING [0m
[INFO] [1788883701.362692861] [GSL]: [DEBUG-WIND] useGroundTruth=false gmrf_req_size=626 gaden_req_size=-1
[INFO] [1788883701.362704563] [GSL]: [DEBUG-WIND] Taking GMRF path
[INFO] [1788883701.413789118] [GSL - Trace]: [32mEntering StopAndMeasure[0m
[INFO] [1788883703.361703454] [GSL]: 10 gas measurements, 10 wind measurements over 1.95 seconds
[INFO] [1788883703.361815062] [GSL]: avg_gas=3e-05;  avg_windSpeed=0.00038;  avg_wind_dir=-0.7
[INFO] [1788883703.362688610] [GSL]: [33mNOTHING [0m
[INFO] [1788883703.362705610] [GSL]: [DEBUG-WIND] useGroundTruth=false gmrf_req_size=626 gaden_req_size=-1
[INFO] [1788883703.362716867] [GSL]: [DEBUG-WIND] Taking GMRF path
[INFO] [1788883703.413797223] [GSL - Trace]: [32mEntering StopAndMeasure[0m
[INFO] [1788883705.362026907] [GSL]: 10 gas measurements, 10 wind measurements over 1.95 seconds
[INFO] [1788883705.362155806] [GSL]: avg_gas=5.6e-06;  avg_windSpeed=0.00098;  avg_wind_dir=-0.49
[INFO] [1788883705.364056853] [GSL]: [33mNOTHING [0m
[INFO] [1788883705.364106397] [GSL]: [DEBUG-WIND] useGroundTruth=false gmrf_req_size=626 gaden_req_size=-1
[INFO] [1788883705.364120835] [GSL]: [DEBUG-WIND] Taking GMRF path
[INFO] [1788883705.413632005] [GSL - Trace]: [32mEntering StopAndMeasure[0m
[INFO] [1788883707.361966218] [GSL]: 10 gas measurements, 10 wind measurements over 1.95 seconds
[INFO] [1788883707.362811596] [GSL]: avg_gas=1.1e-06;  avg_windSpeed=0.00038;  avg_wind_dir=-0.7
[INFO] [1788883707.363879723] [GSL]: [33mNOTHING [0m
[INFO] [1788883707.363899938] [GSL]: [DEBUG-WIND] useGroundTruth=false gmrf_req_size=626 gaden_req_size=-1
[INFO] [1788883707.363913805] [GSL]: [DEBUG-WIND] Taking GMRF path
[INFO] [1788883707.413645547] [GSL - Trace]: [32mEntering StopAndMeasure[0m
[INFO] [1788883709.361814185] [GSL]: 10 gas measurements, 10 wind measurements over 1.95 seconds
[INFO] [1788883709.362002091] [GSL]: avg_gas=2e-07;  avg_windSpeed=0.00098;  avg_wind_dir=-0.49
[INFO] [1788883709.362997387] [GSL]: [33mNOTHING [0m
[INFO] [1788883709.363015769] [GSL]: [DEBUG-WIND] useGroundTruth=false gmrf_req_size=626 gaden_req_size=-1
[INFO] [1788883709.363029730] [GSL]: [DEBUG-WIND] Taking GMRF path
[INFO] [1788883709.413627235] [GSL - Trace]: [32mEntering StopAndMeasure[0m
[INFO] [1788883711.361622738] [GSL]: 10 gas measurements, 10 wind measurements over 1.95 seconds
[INFO] [1788883711.362020109] [GSL]: avg_gas=3.8e-08;  avg_windSpeed=0.00038;  avg_wind_dir=-0.7
[INFO] [1788883711.362505574] [GSL]: [33mNOTHING [0m
[INFO] [1788883711.362514911] [GSL]: [DEBUG-WIND] useGroundTruth=false gmrf_req_size=626 gaden_req_size=-1
[INFO] [1788883711.362521516] [GSL]: [DEBUG-WIND] Taking GMRF path
[INFO] [1788883711.413081461] [GSL]: [33mStarted simulations. Might take a while![0m
[INFO] [1788883711.773681651] [GSL]: CER contrastive context initialized: events=72, candidates=74, transport_members=3, fixed_ratio_weight=1, context_within_member=true, centered_log_odds=true
[INFO] [1788883711.774611528] [GSL - Trace]: [32mFirst simulation level done[0m
[INFO] [1788883711.774641889] [GSL]: [RC2-DIAG] scores_size=74 refineFraction=0.25 refine_product=18.5 valid_first_level=74 sum_sourceProbInternal_before_norm=78.2738361107717 min_sourceProbInternal_before_norm=0 max_sourceProbInternal_before_norm=0.13878339735952427 finite_sourceProbInternal=1102 finite_varianceOfHitProb=1102
[INFO] [1788883712.083019270] [GSL - Trace]: [32mSimulation level 2 done[0m
[INFO] [1788883712.228576134] [GSL - Trace]: [32mSimulation level 3 done[0m
[INFO] [1788883712.281858528] [GSL - Trace]: [32mSimulation level 4 done[0m
[INFO] [1788883712.282229642] [GSL - Trace]: [32mSimulation level 5 done[0m
[INFO] [1788883712.282240362] [GSL]: Number of levels in the simulation: 5
[INFO] [1788883712.282246547] [GSL]: Total number of simulations: 166
[INFO] [1788883712.282265548] [GSL]: CORE sequential event-time commit: window_start=64, new_events=8, committed_total=72
[INFO] [1788883712.282277216] [GSL]: [RC2-DIAG] normalized_finite_count=1102 normalized_sum=1
[INFO] [1788883712.282283810] [GSL]: Time ellapsed in simulation = 0.8691390170000001 s
[INFO] [1788883712.285668099] [GSL]: Max mutual info: 2.047
[INFO] [1788883712.285778530] [GSL]: MutualInformation - Ellapsed: 0.003s
[INFO] [1788883712.329775819] [GSL]: Sending goal (-1.70, -3.23)
[INFO] [1788883712.330307231] [GSL]: Variance: 4.52
[INFO] [1788883712.330683944] [GSL - Trace]: [32mEntering Moving[0m
[INFO] [1788883715.582658924] [GSL - Trace]: [32mEntering StopAndMeasure[0m
[INFO] [1788883717.531686950] [GSL]: 10 gas measurements, 10 wind measurements over 1.95 seconds
[INFO] [1788883717.531756382] [GSL]: avg_gas=2.2e-10;  avg_windSpeed=0.68;  avg_wind_dir=0.7
[INFO] [1788883717.532474710] [GSL]: [33mNOTHING [0m
[INFO] [1788883717.532491298] [GSL]: [DEBUG-WIND] useGroundTruth=false gmrf_req_size=626 gaden_req_size=-1
[INFO] [1788883717.532499689] [GSL]: [DEBUG-WIND] Taking GMRF path
[INFO] [1788883717.613981308] [GSL - Trace]: [32mEntering StopAndMeasure[0m
[INFO] [1788883719.531705988] [GSL]: 10 gas measurements, 10 wind measurements over 1.92 seconds
[INFO] [1788883719.531771244] [GSL]: avg_gas=0.00051;  avg_windSpeed=0.8;  avg_wind_dir=0.41
[INFO] [1788883719.532338939] [GSL]: [33mNOTHING [0m
[INFO] [1788883719.532349765] [GSL]: [DEBUG-WIND] useGroundTruth=false gmrf_req_size=626 gaden_req_size=-1
[INFO] [1788883719.532641254] [GSL]: [DEBUG-WIND] Taking GMRF path
[INFO] [1788883719.613359876] [GSL - Trace]: [32mEntering StopAndMeasure[0m
[INFO] [1788883721.531657550] [GSL]: 10 gas measurements, 10 wind measurements over 1.92 seconds
[INFO] [1788883721.531723139] [GSL]: avg_gas=0.02;  avg_windSpeed=0.74;  avg_wind_dir=0.63
[INFO] [1788883721.532452013] [GSL]: [33mNOTHING [0m
[INFO] [1788883721.532465842] [GSL]: [DEBUG-WIND] useGroundTruth=false gmrf_req_size=626 gaden_req_size=-1
[INFO] [1788883721.532474881] [GSL]: [DEBUG-WIND] Taking GMRF path
[INFO] [1788883721.613343981] [GSL - Trace]: [32mEntering StopAndMeasure[0m
[INFO] [1788883723.532001703] [GSL]: 10 gas measurements, 10 wind measurements over 1.92 seconds
[INFO] [1788883723.532057813] [GSL]: avg_gas=0.017;  avg_windSpeed=0.73;  avg_wind_dir=0.53
[INFO] [1788883723.532613334] [GSL]: [33mNOTHING [0m
[INFO] [1788883723.532623283] [GSL]: [DEBUG-WIND] useGroundTruth=false gmrf_req_size=626 gaden_req_size=-1
[INFO] [1788883723.532630298] [GSL]: [DEBUG-WIND] Taking GMRF path
[INFO] [1788883723.613960141] [GSL - Trace]: [32mEntering StopAndMeasure[0m
[INFO] [1788883725.531594453] [GSL]: 10 gas measurements, 10 wind measurements over 1.92 seconds
[INFO] [1788883725.531651499] [GSL]: avg_gas=0.022;  avg_windSpeed=0.75;  avg_wind_dir=0.57
[INFO] [1788883725.532243696] [GSL]: [33mNOTHING [0m
[INFO] [1788883725.532255133] [GSL]: [DEBUG-WIND] useGroundTruth=false gmrf_req_size=626 gaden_req_size=-1
[INFO] [1788883725.532262268] [GSL]: [DEBUG-WIND] Taking GMRF path
[INFO] [1788883725.613394476] [GSL - Trace]: [32mEntering StopAndMeasure[0m
[INFO] [1788883727.531698904] [GSL]: 10 gas measurements, 10 wind measurements over 1.92 seconds
[INFO] [1788883727.531805880] [GSL]: avg_gas=0.017;  avg_windSpeed=0.7;  avg_wind_dir=0.61
[INFO] [1788883727.532607917] [GSL]: [33mNOTHING [0m
[INFO] [1788883727.532622471] [GSL]: [DEBUG-WIND] useGroundTruth=false gmrf_req_size=626 gaden_req_size=-1
[INFO] [1788883727.532631679] [GSL]: [DEBUG-WIND] Taking GMRF path
[INFO] [1788883727.613703442] [GSL - Trace]: [32mEntering StopAndMeasure[0m
[INFO] [1788883729.531751034] [GSL]: 10 gas measurements, 10 wind measurements over 1.92 seconds
[INFO] [1788883729.531829261] [GSL]: avg_gas=0.015;  avg_windSpeed=0.78;  avg_wind_dir=0.48
[INFO] [1788883729.532689496] [GSL]: [33mNOTHING [0m
[INFO] [1788883729.532732065] [GSL]: [DEBUG-WIND] useGroundTruth=false gmrf_req_size=626 gaden_req_size=-1
[INFO] [1788883729.532742982] [GSL]: [DEBUG-WIND] Taking GMRF path
[INFO] [1788883729.613653609] [GSL - Trace]: [32mEntering StopAndMeasure[0m
[INFO] [1788883731.531611831] [GSL]: 10 gas measurements, 10 wind measurements over 1.92 seconds
[INFO] [1788883731.531665906] [GSL]: avg_gas=0.017;  avg_windSpeed=0.69;  avg_wind_dir=0.68
[INFO] [1788883731.532227976] [GSL]: [33mNOTHING [0m
[INFO] [1788883731.532238371] [GSL]: [DEBUG-WIND] useGroundTruth=false gmrf_req_size=626 gaden_req_size=-1
[INFO] [1788883731.532245199] [GSL]: [DEBUG-WIND] Taking GMRF path
[INFO] [1788883731.613546114] [GSL]: [33mStarted simulations. Might take a while![0m
[INFO] [1788883731.996350052] [GSL]: CER contrastive context initialized: events=80, candidates=74, transport_members=3, fixed_ratio_weight=1, context_within_member=true, centered_log_odds=true
[INFO] [1788883731.998123937] [GSL - Trace]: [32mFirst simulation level done[0m
[INFO] [1788883731.998174548] [GSL]: [RC2-DIAG] scores_size=74 refineFraction=0.25 refine_product=18.5 valid_first_level=74 sum_sourceProbInternal_before_norm=319.6865989398358 min_sourceProbInternal_before_norm=0 max_sourceProbInternal_before_norm=0.6600150960782276 finite_sourceProbInternal=1102 finite_varianceOfHitProb=1102
[INFO] [1788883732.257356580] [GSL - Trace]: [32mSimulation level 2 done[0m
[INFO] [1788883732.476038040] [GSL - Trace]: [32mSimulation level 3 done[0m
[INFO] [1788883732.587462528] [GSL - Trace]: [32mSimulation level 4 done[0m
[INFO] [1788883732.588339877] [GSL - Trace]: [32mSimulation level 5 done[0m
[INFO] [1788883732.588479796] [GSL]: Number of levels in the simulation: 5
[INFO] [1788883732.588918840] [GSL]: Total number of simulations: 190
[INFO] [1788883732.589057330] [GSL]: CORE sequential event-time commit: window_start=72, new_events=8, committed_total=80
[INFO] [1788883732.589070690] [GSL]: [RC2-DIAG] normalized_finite_count=1102 normalized_sum=1
[INFO] [1788883732.589077602] [GSL]: Time ellapsed in simulation = 0.97456191 s
[INFO] [1788883732.591681250] [GSL]: Max mutual info: 2.470
[INFO] [1788883732.591802178] [GSL]: MutualInformation - Ellapsed: 0.003s
[INFO] [1788883732.628478263] [GSL]: Sending goal (-3.50, 2.17)
[INFO] [1788883732.628921841] [GSL]: Variance: 3.77
[INFO] [1788883732.628941229] [GSL - Trace]: [32mEntering Moving[0m
[INFO] [1788883737.580567011] [GSL - Trace]: [32mEntering StopAndMeasure[0m
[INFO] [1788883739.530210912] [GSL]: 10 gas measurements, 10 wind measurements over 1.95 seconds
[INFO] [1788883739.530275111] [GSL]: avg_gas=9.4e-05;  avg_windSpeed=0.015;  avg_wind_dir=-0.3
[INFO] [1788883739.530763599] [GSL]: [33mNOTHING [0m
[INFO] [1788883739.531038049] [GSL]: [DEBUG-WIND] useGroundTruth=false gmrf_req_size=626 gaden_req_size=-1
[INFO] [1788883739.531050719] [GSL]: [DEBUG-WIND] Taking GMRF path
[INFO] [1788883739.613582585] [GSL - Trace]: [32mEntering StopAndMeasure[0m
[INFO] [1788883741.530237185] [GSL]: 10 gas measurements, 10 wind measurements over 1.92 seconds
[INFO] [1788883741.530303875] [GSL]: avg_gas=1.8e-05;  avg_windSpeed=0.024;  avg_wind_dir=-0.25
[INFO] [1788883741.530802579] [GSL]: [33mNOTHING [0m
[INFO] [1788883741.530812013] [GSL]: [DEBUG-WIND] useGroundTruth=false gmrf_req_size=626 gaden_req_size=-1
[INFO] [1788883741.530818744] [GSL]: [DEBUG-WIND] Taking GMRF path
[INFO] [1788883741.613127440] [GSL - Trace]: [32mEntering StopAndMeasure[0m
[INFO] [1788883741.613969755] [GSL]: Could not find the source. Sorry!
[INFO] [1788883742.626544744] [GSL]: [34mDONE, CLOSING[0m
