[INFO] [1788883489.941601612] [vgr_uav_sim]: Loading VGR data from /mnt/hgfs/workspace/GADEN_files/scenarios/House01, config=2,4-1_fast
[INFO] [1788883489.999415759] [vgr_uav_sim]: Occupancy: 87x114 slice z_idx=13 (z=0.3m), free=6866, obstacle=3052, input_sha256=846003ffbbc8e99aa322cf189356399412763710e937bb5e5316186afccf17cb
[INFO] [1788883490.271106048] [vgr_uav_sim]: Gas backend=raw_house1_snapshot exec=/home/zyc/CSTAR_CONTROLLED_ASSETS_20260907/tools/cstar_numeric_wind_raw_query env_root=/mnt/hgfs/workspace/GADEN_files/scenarios/House01 gas_results=/mnt/hgfs/workspace/GADEN_files/scenarios/House01/gas_simulations/2,4-1_fast/FilamentSimulation_gasType_10_sourcePosition_-0.40_-2.90_-0.30 max_iteration=1999
[INFO] [1788883490.273793043] [vgr_uav_sim]: Navigation grid: coarse 29x38 cell=0.3000 free=626 obstacle=476 (reduce_scale=3)
[INFO] [1788883490.302244768] [vgr_uav_sim]: UAV Sim v3 ready. Start=(-3.17,-1.75), sim_dt=0.200s, realtime_factor=1.00, sensor=asymmetric, vertical_motion=False, open_loop_profile=hover
[WARN] [1788883517.840597473] [vgr_uav_sim]: PLAN_CB: called with goal=(-4.10,-1.13)
[WARN] [1788883517.841965914] [vgr_uav_sim]: PLAN_CB: returning 5 poses
[WARN] [1788883517.851183311] [vgr_uav_sim]: PLAN_CB: called with goal=(-4.10,-1.13)
[WARN] [1788883517.852220897] [vgr_uav_sim]: PLAN_CB: returning 5 poses
[INFO] [1788883517.863443290] [vgr_uav_sim]: Prepared 5 collision-free navigation waypoints to (-4.10, -1.13)
[INFO] [1788883517.864434724] [vgr_uav_sim]: UAV navigating in audited 2-D mode to (-4.10, -1.13, 0.30)
[WARN] [1788883534.626782513] [vgr_uav_sim]: PLAN_CB: called with goal=(-5.00,-0.83)
[WARN] [1788883534.630592140] [vgr_uav_sim]: PLAN_CB: returning 5 poses
[WARN] [1788883534.638717622] [vgr_uav_sim]: PLAN_CB: called with goal=(-5.00,-0.83)
[WARN] [1788883534.639940705] [vgr_uav_sim]: PLAN_CB: returning 5 poses
[INFO] [1788883534.651040955] [vgr_uav_sim]: Prepared 5 collision-free navigation waypoints to (-5.00, -0.83)
[INFO] [1788883534.652030043] [vgr_uav_sim]: UAV navigating in audited 2-D mode to (-5.00, -0.83, 0.30)
[WARN] [1788883552.185406113] [vgr_uav_sim]: PLAN_CB: called with goal=(-5.90,-0.83)
[WARN] [1788883552.191327629] [vgr_uav_sim]: PLAN_CB: returning 5 poses
[WARN] [1788883552.201451360] [vgr_uav_sim]: PLAN_CB: called with goal=(-5.90,-0.83)
[WARN] [1788883552.202412934] [vgr_uav_sim]: PLAN_CB: returning 5 poses
[INFO] [1788883552.213501918] [vgr_uav_sim]: Prepared 5 collision-free navigation waypoints to (-5.90, -0.83)
[INFO] [1788883552.214854112] [vgr_uav_sim]: UAV navigating in audited 2-D mode to (-5.90, -0.83, 0.30)
[WARN] [1788883570.343687539] [vgr_uav_sim]: PLAN_CB: called with goal=(-6.20,-5.03)
[WARN] [1788883570.364733347] [vgr_uav_sim]: PLAN_CB: returning 43 poses
[WARN] [1788883570.372622543] [vgr_uav_sim]: PLAN_CB: called with goal=(-6.20,-5.03)
[WARN] [1788883570.379064437] [vgr_uav_sim]: PLAN_CB: returning 43 poses
[INFO] [1788883570.394385776] [vgr_uav_sim]: Prepared 43 collision-free navigation waypoints to (-6.20, -5.03)
[INFO] [1788883570.395472271] [vgr_uav_sim]: UAV navigating in audited 2-D mode to (-6.20, -5.03, 0.30)
[WARN] [1788883596.934610707] [vgr_uav_sim]: PLAN_CB: called with goal=(-3.20,-5.93)
[WARN] [1788883596.937722665] [vgr_uav_sim]: PLAN_CB: returning 23 poses
[WARN] [1788883596.948324624] [vgr_uav_sim]: PLAN_CB: called with goal=(-3.20,-5.93)
[WARN] [1788883596.952190890] [vgr_uav_sim]: PLAN_CB: returning 23 poses
[INFO] [1788883596.962586374] [vgr_uav_sim]: Prepared 23 collision-free navigation waypoints to (-3.20, -5.93)
[INFO] [1788883596.963640426] [vgr_uav_sim]: UAV navigating in audited 2-D mode to (-3.20, -5.93, 0.30)
[WARN] [1788883619.005764769] [vgr_uav_sim]: PLAN_CB: called with goal=(-0.20,-6.53)
[WARN] [1788883619.011122223] [vgr_uav_sim]: PLAN_CB: returning 24 poses
[WARN] [1788883619.023181991] [vgr_uav_sim]: PLAN_CB: called with goal=(-0.20,-6.53)
[WARN] [1788883619.026035105] [vgr_uav_sim]: PLAN_CB: returning 24 poses
[INFO] [1788883619.036187715] [vgr_uav_sim]: Prepared 24 collision-free navigation waypoints to (-0.20, -6.53)
[INFO] [1788883619.037375115] [vgr_uav_sim]: UAV navigating in audited 2-D mode to (-0.20, -6.53, 0.30)
[WARN] [1788883641.045787783] [vgr_uav_sim]: PLAN_CB: called with goal=(-0.20,-7.13)
[WARN] [1788883641.046771025] [vgr_uav_sim]: PLAN_CB: returning 4 poses
[WARN] [1788883641.055674920] [vgr_uav_sim]: PLAN_CB: called with goal=(-0.20,-7.13)
[WARN] [1788883641.057240424] [vgr_uav_sim]: PLAN_CB: returning 4 poses
[INFO] [1788883641.067676279] [vgr_uav_sim]: Prepared 4 collision-free navigation waypoints to (-0.20, -7.13)
[INFO] [1788883641.068788965] [vgr_uav_sim]: UAV navigating in audited 2-D mode to (-0.20, -7.13, 0.30)
[WARN] [1788883658.658287121] [vgr_uav_sim]: PLAN_CB: called with goal=(0.40,-7.13)
[WARN] [1788883658.662795908] [vgr_uav_sim]: PLAN_CB: returning 4 poses
[WARN] [1788883658.674783304] [vgr_uav_sim]: PLAN_CB: called with goal=(0.40,-7.13)
[WARN] [1788883658.675621047] [vgr_uav_sim]: PLAN_CB: returning 4 poses
[INFO] [1788883658.686334748] [vgr_uav_sim]: Prepared 4 collision-free navigation waypoints to (0.40, -7.13)
[INFO] [1788883658.687568170] [vgr_uav_sim]: UAV navigating in audited 2-D mode to (0.40, -7.13, 0.30)
[WARN] [1788883676.249792530] [vgr_uav_sim]: PLAN_CB: called with goal=(-0.80,-5.93)
[WARN] [1788883676.251351048] [vgr_uav_sim]: PLAN_CB: returning 6 poses
[WARN] [1788883676.263297208] [vgr_uav_sim]: PLAN_CB: called with goal=(-0.80,-5.93)
[WARN] [1788883676.264404498] [vgr_uav_sim]: PLAN_CB: returning 6 poses
[INFO] [1788883676.275796013] [vgr_uav_sim]: Prepared 6 collision-free navigation waypoints to (-0.80, -5.93)
[INFO] [1788883676.276941880] [vgr_uav_sim]: UAV navigating in audited 2-D mode to (-0.80, -5.93, 0.30)
[WARN] [1788883694.436762370] [vgr_uav_sim]: PLAN_CB: called with goal=(0.40,-6.53)
[WARN] [1788883694.438990250] [vgr_uav_sim]: PLAN_CB: returning 6 poses
[WARN] [1788883694.449555696] [vgr_uav_sim]: PLAN_CB: called with goal=(0.40,-6.53)
[WARN] [1788883694.450776471] [vgr_uav_sim]: PLAN_CB: returning 6 poses
[INFO] [1788883694.462316637] [vgr_uav_sim]: Prepared 6 collision-free navigation waypoints to (0.40, -6.53)
[INFO] [1788883694.463571735] [vgr_uav_sim]: UAV navigating in audited 2-D mode to (0.40, -6.53, 0.30)
[WARN] [1788883712.288534952] [vgr_uav_sim]: PLAN_CB: called with goal=(-1.70,-3.23)
[WARN] [1788883712.292054933] [vgr_uav_sim]: PLAN_CB: returning 15 poses
[WARN] [1788883712.299430704] [vgr_uav_sim]: PLAN_CB: called with goal=(-1.70,-3.23)
[WARN] [1788883712.302043859] [vgr_uav_sim]: PLAN_CB: returning 15 poses
[INFO] [1788883712.331818091] [vgr_uav_sim]: Prepared 15 collision-free navigation waypoints to (-1.70, -3.23)
[INFO] [1788883712.332915061] [vgr_uav_sim]: UAV navigating in audited 2-D mode to (-1.70, -3.23, 0.30)
[WARN] [1788883732.595559660] [vgr_uav_sim]: PLAN_CB: called with goal=(-3.50,2.17)
[WARN] [1788883732.602397803] [vgr_uav_sim]: PLAN_CB: returning 25 poses
[WARN] [1788883732.613292028] [vgr_uav_sim]: PLAN_CB: called with goal=(-3.50,2.17)
[WARN] [1788883732.618948608] [vgr_uav_sim]: PLAN_CB: returning 25 poses
[INFO] [1788883732.634019634] [vgr_uav_sim]: Prepared 25 collision-free navigation waypoints to (-3.50, 2.17)
[INFO] [1788883732.635808657] [vgr_uav_sim]: UAV navigating in audited 2-D mode to (-3.50, 2.17, 0.30)
