[INFO] [1788890743.112205187] [GSL]: Starting GSL server
[INFO] [1788890748.147266119] [GSL]: GSL action server is ready for action!
[INFO] [1788890749.149278654] [GSL]: [33mRequest received: PMFS[0m
[INFO] [1788890750.163062611] [GSL]: Waiting to hear from localization topic: /amcl_pose
[INFO] [1788890750.165101970] [GSL]: Gas sensor topic: '/PID/Sensor_reading'
[INFO] [1788890750.165644401] [GSL]: Wind sensor topic: '/Anemometer/WindSensor_reading'
[INFO] [1788890750.165676539] [GSL]: [34mINITIALIZATON COMPLETED[0m
[INFO] [1788890750.182721487] [GSL - Trace]: [32mEntering WaitForMap[0m
[INFO] [1788890750.182758374] [GSL - Trace]: [32mNeed occupancy map and costmap[0m
[INFO] [1788890750.234674773] [GSL - Trace]: [32mGot occupancy map[0m
[INFO] [1788890750.234753196] [GSL]: 
--------------GSL---------------
Occupancy Map dimensions:
x_min:-7.5 x_max:1.1   -   y_min:-7.9 y_max:3.5
--------------------------------
[INFO] [1788890750.234920544] [GSL]: [MAP-DEBUG] 87x114 res=0.1000 free=6866 obs=3052 unk=0 origin=(-7.55,-7.88)
[INFO] [1788890750.236065431] [GSL - Trace]: [32mCreated grid[0m
[INFO] [1788890750.236085090] [GSL]: [DEBUG] After reduceOccupancyMap: free=626 obstacle=476 total=1102
[INFO] [1788890750.236551969] [GSL - Trace]: [32mPruned unreachable cells[0m
[INFO] [1788890750.236560746] [GSL]: [DEBUG] After PruneUnreachable: free=626 obstacle=476 total=1102
[INFO] [1788890750.236568321] [GSL]: [DEBUG] Grid dims: 29x38 scale=3 cellSize=0.3
[INFO] [1788890750.236574844] [GSL]: [DEBUG] Start pos: (-3.17, -1.75)
[INFO] [1788890750.241587758] [GSL - Trace]: [32mCreated visibility map[0m
[INFO] [1788890750.244785863] [GSL]: Number of cells after fusing quadtree: 74
[INFO] [1788890750.245588719] [GSL]: [DEBUG-WIND] useGroundTruth=false gmrf_req_size=626 gaden_req_size=-1
[INFO] [1788890750.245604267] [GSL]: [DEBUG-WIND] Taking GMRF path
[INFO] [1788890750.290682333] [GSL - Trace]: [32mEntering StopAndMeasure[0m
[INFO] [1788890750.934592360] [GSL - Trace]: [32mGot cost map[0m
[INFO] [1788890752.135521226] [GSL]: 10 gas measurements, 10 wind measurements over 1.84 seconds
[INFO] [1788890752.136115223] [GSL]: avg_gas=0.031;  avg_windSpeed=0.063;  avg_wind_dir=-1.8
[INFO] [1788890752.136776074] [GSL]: [33mNOTHING [0m
[INFO] [1788890752.136787984] [GSL]: [DEBUG-WIND] useGroundTruth=false gmrf_req_size=626 gaden_req_size=-1
[INFO] [1788890752.136797224] [GSL]: [DEBUG-WIND] Taking GMRF path
[INFO] [1788890752.192693014] [GSL - Trace]: [32mEntering StopAndMeasure[0m
[INFO] [1788890754.135173051] [GSL]: 10 gas measurements, 10 wind measurements over 1.94 seconds
[INFO] [1788890754.135237659] [GSL]: avg_gas=0.031;  avg_windSpeed=0.05;  avg_wind_dir=0.074
[INFO] [1788890754.135771872] [GSL]: [33mNOTHING [0m
[INFO] [1788890754.135781501] [GSL]: [DEBUG-WIND] useGroundTruth=false gmrf_req_size=626 gaden_req_size=-1
[INFO] [1788890754.135789070] [GSL]: [DEBUG-WIND] Taking GMRF path
[INFO] [1788890754.191400821] [GSL - Trace]: [32mEntering StopAndMeasure[0m
[INFO] [1788890756.135272862] [GSL]: 10 gas measurements, 10 wind measurements over 1.94 seconds
[INFO] [1788890756.136060558] [GSL]: avg_gas=0.034;  avg_windSpeed=0.063;  avg_wind_dir=-1.8
[INFO] [1788890756.137260202] [GSL]: [33mNOTHING [0m
[INFO] [1788890756.137303148] [GSL]: [DEBUG-WIND] useGroundTruth=false gmrf_req_size=626 gaden_req_size=-1
[INFO] [1788890756.137316700] [GSL]: [DEBUG-WIND] Taking GMRF path
[INFO] [1788890756.191740135] [GSL - Trace]: [32mEntering StopAndMeasure[0m
[INFO] [1788890758.135092179] [GSL]: 10 gas measurements, 10 wind measurements over 1.94 seconds
[INFO] [1788890758.135184795] [GSL]: avg_gas=0.047;  avg_windSpeed=0.05;  avg_wind_dir=0.074
[INFO] [1788890758.135991604] [GSL]: [33mNOTHING [0m
[INFO] [1788890758.136006913] [GSL]: [DEBUG-WIND] useGroundTruth=false gmrf_req_size=626 gaden_req_size=-1
[INFO] [1788890758.136017806] [GSL]: [DEBUG-WIND] Taking GMRF path
[INFO] [1788890758.191740590] [GSL - Trace]: [32mEntering StopAndMeasure[0m
[INFO] [1788890760.134973374] [GSL]: 10 gas measurements, 10 wind measurements over 1.94 seconds
[INFO] [1788890760.135338095] [GSL]: avg_gas=0.053;  avg_windSpeed=0.063;  avg_wind_dir=-1.8
[INFO] [1788890760.135996552] [GSL]: [33mNOTHING [0m
[INFO] [1788890760.136041738] [GSL]: [DEBUG-WIND] useGroundTruth=false gmrf_req_size=626 gaden_req_size=-1
[INFO] [1788890760.136053234] [GSL]: [DEBUG-WIND] Taking GMRF path
[INFO] [1788890760.191221158] [GSL - Trace]: [32mEntering StopAndMeasure[0m
[INFO] [1788890762.134794956] [GSL]: 10 gas measurements, 10 wind measurements over 1.94 seconds
[INFO] [1788890762.134884224] [GSL]: avg_gas=0.076;  avg_windSpeed=0.05;  avg_wind_dir=0.074
[INFO] [1788890762.135393334] [GSL]: [33mNOTHING [0m
[INFO] [1788890762.135402302] [GSL]: [DEBUG-WIND] useGroundTruth=false gmrf_req_size=626 gaden_req_size=-1
[INFO] [1788890762.135408947] [GSL]: [DEBUG-WIND] Taking GMRF path
[INFO] [1788890762.190956768] [GSL - Trace]: [32mEntering StopAndMeasure[0m
[INFO] [1788890764.134967143] [GSL]: 10 gas measurements, 10 wind measurements over 1.94 seconds
[INFO] [1788890764.135055920] [GSL]: avg_gas=0.074;  avg_windSpeed=0.063;  avg_wind_dir=-1.8
[INFO] [1788890764.136733024] [GSL]: [33mNOTHING [0m
[INFO] [1788890764.136774732] [GSL]: [DEBUG-WIND] useGroundTruth=false gmrf_req_size=626 gaden_req_size=-1
[INFO] [1788890764.136787472] [GSL]: [DEBUG-WIND] Taking GMRF path
[INFO] [1788890764.191157788] [GSL - Trace]: [32mEntering StopAndMeasure[0m
[INFO] [1788890766.134951358] [GSL]: 10 gas measurements, 10 wind measurements over 1.94 seconds
[INFO] [1788890766.135011633] [GSL]: avg_gas=0.071;  avg_windSpeed=0.05;  avg_wind_dir=0.074
[INFO] [1788890766.135551629] [GSL]: [33mNOTHING [0m
[INFO] [1788890766.135561606] [GSL]: [DEBUG-WIND] useGroundTruth=false gmrf_req_size=626 gaden_req_size=-1
[INFO] [1788890766.135568600] [GSL]: [DEBUG-WIND] Taking GMRF path
[INFO] [1788890766.192926844] [GSL]: Max mutual info: 6.439
[WARN] [1788890766.193243203] [rcl.logging_rosout]: Publisher already registered for provided node name. If this is due to multiple nodes with the same name then all logs for that logger name will go out over the existing publisher. As soon as any node with that name is destructed it will unregister the publisher, preventing any further logs for that name from being published on the rosout topic.
[INFO] [1788890766.210202699] [GSL]: MutualInformation - Ellapsed: 0.019s
[INFO] [1788890766.236750250] [GSL]: Sending goal (-4.10, -1.13)
[INFO] [1788890766.237407861] [GSL]: Variance: 16.02
[INFO] [1788890766.237437460] [GSL - Trace]: [32mEntering Moving[0m
[INFO] [1788890767.006190167] [GSL - Trace]: [32mEntering StopAndMeasure[0m
[INFO] [1788890768.939741251] [GSL]: 10 gas measurements, 10 wind measurements over 1.93 seconds
[INFO] [1788890768.939862049] [GSL]: avg_gas=0.061;  avg_windSpeed=0.075;  avg_wind_dir=-1.9
[INFO] [1788890768.940525120] [GSL]: [33mNOTHING [0m
[INFO] [1788890768.940537985] [GSL]: [DEBUG-WIND] useGroundTruth=false gmrf_req_size=626 gaden_req_size=-1
[INFO] [1788890768.940547722] [GSL]: [DEBUG-WIND] Taking GMRF path
[INFO] [1788890768.991152538] [GSL - Trace]: [32mEntering StopAndMeasure[0m
[INFO] [1788890770.938952924] [GSL]: 10 gas measurements, 10 wind measurements over 1.95 seconds
[INFO] [1788890770.939027981] [GSL]: avg_gas=0.069;  avg_windSpeed=0.11;  avg_wind_dir=0.95
[INFO] [1788890770.939765600] [GSL]: [33mNOTHING [0m
[INFO] [1788890770.939778556] [GSL]: [DEBUG-WIND] useGroundTruth=false gmrf_req_size=626 gaden_req_size=-1
[INFO] [1788890770.939787928] [GSL]: [DEBUG-WIND] Taking GMRF path
[INFO] [1788890770.991107379] [GSL - Trace]: [32mEntering StopAndMeasure[0m
[INFO] [1788890772.939062749] [GSL]: 10 gas measurements, 10 wind measurements over 1.95 seconds
[INFO] [1788890772.939148251] [GSL]: avg_gas=0.063;  avg_windSpeed=0.075;  avg_wind_dir=-1.9
[INFO] [1788890772.939954586] [GSL]: [33mNOTHING [0m
[INFO] [1788890772.939971916] [GSL]: [DEBUG-WIND] useGroundTruth=false gmrf_req_size=626 gaden_req_size=-1
[INFO] [1788890772.939983231] [GSL]: [DEBUG-WIND] Taking GMRF path
[INFO] [1788890772.991122853] [GSL - Trace]: [32mEntering StopAndMeasure[0m
[INFO] [1788890774.938821165] [GSL]: 10 gas measurements, 10 wind measurements over 1.95 seconds
[INFO] [1788890774.938995860] [GSL]: avg_gas=0.065;  avg_windSpeed=0.11;  avg_wind_dir=0.95
[INFO] [1788890774.939522988] [GSL]: [33mNOTHING [0m
[INFO] [1788890774.939531717] [GSL]: [DEBUG-WIND] useGroundTruth=false gmrf_req_size=626 gaden_req_size=-1
[INFO] [1788890774.939538320] [GSL]: [DEBUG-WIND] Taking GMRF path
[INFO] [1788890774.990417738] [GSL - Trace]: [32mEntering StopAndMeasure[0m
[INFO] [1788890776.939238319] [GSL]: 10 gas measurements, 10 wind measurements over 1.95 seconds
[INFO] [1788890776.939359519] [GSL]: avg_gas=0.069;  avg_windSpeed=0.075;  avg_wind_dir=-1.9
[INFO] [1788890776.940220166] [GSL]: [33mNOTHING [0m
[INFO] [1788890776.940256594] [GSL]: [DEBUG-WIND] useGroundTruth=false gmrf_req_size=626 gaden_req_size=-1
[INFO] [1788890776.940267373] [GSL]: [DEBUG-WIND] Taking GMRF path
[INFO] [1788890776.991115172] [GSL - Trace]: [32mEntering StopAndMeasure[0m
[INFO] [1788890778.938919785] [GSL]: 10 gas measurements, 10 wind measurements over 1.95 seconds
[INFO] [1788890778.939452931] [GSL]: avg_gas=0.092;  avg_windSpeed=0.11;  avg_wind_dir=0.95
[INFO] [1788890778.940305306] [GSL]: [33mNOTHING [0m
[INFO] [1788890778.940320838] [GSL]: [DEBUG-WIND] useGroundTruth=false gmrf_req_size=626 gaden_req_size=-1
[INFO] [1788890778.940331985] [GSL]: [DEBUG-WIND] Taking GMRF path
[INFO] [1788890778.991077200] [GSL - Trace]: [32mEntering StopAndMeasure[0m
[INFO] [1788890780.938988859] [GSL]: 10 gas measurements, 10 wind measurements over 1.95 seconds
[INFO] [1788890780.939070658] [GSL]: avg_gas=0.097;  avg_windSpeed=0.075;  avg_wind_dir=-1.9
[INFO] [1788890780.939914144] [GSL]: [33mNOTHING [0m
[INFO] [1788890780.939930009] [GSL]: [DEBUG-WIND] useGroundTruth=false gmrf_req_size=626 gaden_req_size=-1
[INFO] [1788890780.939940882] [GSL]: [DEBUG-WIND] Taking GMRF path
[INFO] [1788890780.990957418] [GSL - Trace]: [32mEntering StopAndMeasure[0m
[INFO] [1788890782.938926563] [GSL]: 10 gas measurements, 10 wind measurements over 1.95 seconds
[INFO] [1788890782.939442969] [GSL]: avg_gas=0.088;  avg_windSpeed=0.11;  avg_wind_dir=0.95
[INFO] [1788890782.940257488] [GSL]: [33mNOTHING [0m
[INFO] [1788890782.940274230] [GSL]: [DEBUG-WIND] useGroundTruth=false gmrf_req_size=626 gaden_req_size=-1
[INFO] [1788890782.940284305] [GSL]: [DEBUG-WIND] Taking GMRF path
[INFO] [1788890782.996879770] [GSL]: Max mutual info: 6.439
[INFO] [1788890782.997019613] [GSL]: MutualInformation - Ellapsed: 0.006s
[INFO] [1788890783.029312348] [GSL]: Sending goal (-5.00, -0.83)
[INFO] [1788890783.029823875] [GSL]: Variance: 16.02
[INFO] [1788890783.029877787] [GSL - Trace]: [32mEntering Moving[0m
[INFO] [1788890783.789498653] [GSL - Trace]: [32mEntering StopAndMeasure[0m
[INFO] [1788890785.739082500] [GSL]: 10 gas measurements, 10 wind measurements over 1.95 seconds
[INFO] [1788890785.739154737] [GSL]: avg_gas=0.087;  avg_windSpeed=0.024;  avg_wind_dir=-2.2
[INFO] [1788890785.739664561] [GSL]: [33mNOTHING [0m
[INFO] [1788890785.740344885] [GSL]: [DEBUG-WIND] useGroundTruth=false gmrf_req_size=626 gaden_req_size=-1
[INFO] [1788890785.740364084] [GSL]: [DEBUG-WIND] Taking GMRF path
[INFO] [1788890785.790667843] [GSL - Trace]: [32mEntering StopAndMeasure[0m
[INFO] [1788890787.738996124] [GSL]: 10 gas measurements, 10 wind measurements over 1.95 seconds
[INFO] [1788890787.739080623] [GSL]: avg_gas=0.086;  avg_windSpeed=0.11;  avg_wind_dir=1.2
[INFO] [1788890787.740551663] [GSL]: [33mNOTHING [0m
[INFO] [1788890787.740596892] [GSL]: [DEBUG-WIND] useGroundTruth=false gmrf_req_size=626 gaden_req_size=-1
[INFO] [1788890787.740608356] [GSL]: [DEBUG-WIND] Taking GMRF path
[INFO] [1788890787.790549007] [GSL - Trace]: [32mEntering StopAndMeasure[0m
[INFO] [1788890789.738956524] [GSL]: 10 gas measurements, 10 wind measurements over 1.95 seconds
[INFO] [1788890789.739041475] [GSL]: avg_gas=0.08;  avg_windSpeed=0.024;  avg_wind_dir=-2.2
[INFO] [1788890789.739749210] [GSL]: [33mNOTHING [0m
[INFO] [1788890789.739764030] [GSL]: [DEBUG-WIND] useGroundTruth=false gmrf_req_size=626 gaden_req_size=-1
[INFO] [1788890789.740350177] [GSL]: [DEBUG-WIND] Taking GMRF path
[INFO] [1788890789.790680187] [GSL - Trace]: [32mEntering StopAndMeasure[0m
[INFO] [1788890791.738921162] [GSL]: 10 gas measurements, 10 wind measurements over 1.95 seconds
[INFO] [1788890791.738984913] [GSL]: avg_gas=0.085;  avg_windSpeed=0.11;  avg_wind_dir=1.2
[INFO] [1788890791.739578215] [GSL]: [33mNOTHING [0m
[INFO] [1788890791.739589108] [GSL]: [DEBUG-WIND] useGroundTruth=false gmrf_req_size=626 gaden_req_size=-1
[INFO] [1788890791.739596260] [GSL]: [DEBUG-WIND] Taking GMRF path
[INFO] [1788890791.790436056] [GSL - Trace]: [32mEntering StopAndMeasure[0m
[INFO] [1788890793.738919003] [GSL]: 10 gas measurements, 10 wind measurements over 1.95 seconds
[INFO] [1788890793.738993801] [GSL]: avg_gas=0.091;  avg_windSpeed=0.024;  avg_wind_dir=-2.2
[INFO] [1788890793.739536797] [GSL]: [33mNOTHING [0m
[INFO] [1788890793.739547929] [GSL]: [DEBUG-WIND] useGroundTruth=false gmrf_req_size=626 gaden_req_size=-1
[INFO] [1788890793.740178925] [GSL]: [DEBUG-WIND] Taking GMRF path
[INFO] [1788890793.791077643] [GSL - Trace]: [32mEntering StopAndMeasure[0m
[INFO] [1788890795.738816041] [GSL]: 10 gas measurements, 10 wind measurements over 1.95 seconds
[INFO] [1788890795.738918620] [GSL]: avg_gas=0.079;  avg_windSpeed=0.11;  avg_wind_dir=1.2
[INFO] [1788890795.739377832] [GSL]: [33mNOTHING [0m
[INFO] [1788890795.739386181] [GSL]: [DEBUG-WIND] useGroundTruth=false gmrf_req_size=626 gaden_req_size=-1
[INFO] [1788890795.739392696] [GSL]: [DEBUG-WIND] Taking GMRF path
[INFO] [1788890795.790587411] [GSL - Trace]: [32mEntering StopAndMeasure[0m
[INFO] [1788890797.739072006] [GSL]: 10 gas measurements, 10 wind measurements over 1.95 seconds
[INFO] [1788890797.739169701] [GSL]: avg_gas=0.077;  avg_windSpeed=0.024;  avg_wind_dir=-2.2
[INFO] [1788890797.740062459] [GSL]: [33mNOTHING [0m
[INFO] [1788890797.740082698] [GSL]: [DEBUG-WIND] useGroundTruth=false gmrf_req_size=626 gaden_req_size=-1
[INFO] [1788890797.741059777] [GSL]: [DEBUG-WIND] Taking GMRF path
[INFO] [1788890797.790670252] [GSL - Trace]: [32mEntering StopAndMeasure[0m
[INFO] [1788890799.738781840] [GSL]: 10 gas measurements, 10 wind measurements over 1.95 seconds
[INFO] [1788890799.738890143] [GSL]: avg_gas=0.14;  avg_windSpeed=0.11;  avg_wind_dir=1.2
[INFO] [1788890799.739346417] [GSL]: [33mGAS HIT[0m
[INFO] [1788890799.739355569] [GSL]: [DEBUG-WIND] useGroundTruth=false gmrf_req_size=626 gaden_req_size=-1
[INFO] [1788890799.739362000] [GSL]: [DEBUG-WIND] Taking GMRF path
[INFO] [1788890799.790724578] [GSL]: [33mStarted simulations. Might take a while![0m
[INFO] [1788890800.178298251] [GSL]: CER contrastive context initialized: events=8, candidates=74, transport_members=3, fixed_ratio_weight=1, context_within_member=true, centered_log_odds=true, transport_pool=robust_log_variance
[INFO] [1788890800.180884698] [GSL - Trace]: [32mFirst simulation level done[0m
[INFO] [1788890800.181165997] [GSL]: [RC2-DIAG] scores_size=74 refineFraction=0.25 refine_product=18.5 valid_first_level=74 sum_sourceProbInternal_before_norm=17.695630058644053 min_sourceProbInternal_before_norm=0 max_sourceProbInternal_before_norm=0.04253757224884282 finite_sourceProbInternal=1102 finite_varianceOfHitProb=1102
[INFO] [1788890800.464200552] [GSL - Trace]: [32mSimulation level 2 done[0m
[INFO] [1788890800.623293467] [GSL - Trace]: [32mSimulation level 3 done[0m
[INFO] [1788890800.675313032] [GSL - Trace]: [32mSimulation level 4 done[0m
[INFO] [1788890800.676109346] [GSL - Trace]: [32mSimulation level 5 done[0m
[INFO] [1788890800.676239545] [GSL]: Number of levels in the simulation: 5
[INFO] [1788890800.676247315] [GSL]: Total number of simulations: 160
[INFO] [1788890800.676614313] [GSL]: CORE sequential event-time commit: window_start=0, new_events=8, committed_total=8
[INFO] [1788890800.676630983] [GSL]: [RC2-DIAG] normalized_finite_count=1102 normalized_sum=1
[INFO] [1788890800.676638259] [GSL]: Time ellapsed in simulation = 0.8857047480000001 s
[INFO] [1788890800.681575573] [GSL]: Max mutual info: 2.227
[INFO] [1788890800.681691264] [GSL]: MutualInformation - Ellapsed: 0.003s
[INFO] [1788890800.719745217] [GSL]: Sending goal (-5.90, -0.83)
[INFO] [1788890800.720433033] [GSL]: Variance: 18.06
[INFO] [1788890800.720456625] [GSL - Trace]: [32mEntering Moving[0m
[INFO] [1788890801.586247286] [GSL - Trace]: [32mEntering StopAndMeasure[0m
[INFO] [1788890803.518776742] [GSL]: 10 gas measurements, 10 wind measurements over 1.93 seconds
[INFO] [1788890803.518879360] [GSL]: avg_gas=0.094;  avg_windSpeed=0.1;  avg_wind_dir=-0.87
[INFO] [1788890803.519478285] [GSL]: [33mNOTHING [0m
[INFO] [1788890803.519491054] [GSL]: [DEBUG-WIND] useGroundTruth=false gmrf_req_size=626 gaden_req_size=-1
[INFO] [1788890803.519499474] [GSL]: [DEBUG-WIND] Taking GMRF path
[INFO] [1788890803.590648505] [GSL - Trace]: [32mEntering StopAndMeasure[0m
[INFO] [1788890805.521616082] [GSL]: 10 gas measurements, 10 wind measurements over 1.93 seconds
[INFO] [1788890805.521699355] [GSL]: avg_gas=0.092;  avg_windSpeed=0.24;  avg_wind_dir=0.39
[INFO] [1788890805.522940823] [GSL]: [33mNOTHING [0m
[INFO] [1788890805.522979123] [GSL]: [DEBUG-WIND] useGroundTruth=false gmrf_req_size=626 gaden_req_size=-1
[INFO] [1788890805.522988513] [GSL]: [DEBUG-WIND] Taking GMRF path
[INFO] [1788890805.591416877] [GSL - Trace]: [32mEntering StopAndMeasure[0m
[INFO] [1788890807.521706682] [GSL]: 10 gas measurements, 10 wind measurements over 1.93 seconds
[INFO] [1788890807.521815186] [GSL]: avg_gas=0.058;  avg_windSpeed=0.1;  avg_wind_dir=-0.87
[INFO] [1788890807.522628582] [GSL]: [33mNOTHING [0m
[INFO] [1788890807.522645779] [GSL]: [DEBUG-WIND] useGroundTruth=false gmrf_req_size=626 gaden_req_size=-1
[INFO] [1788890807.522660927] [GSL]: [DEBUG-WIND] Taking GMRF path
[INFO] [1788890807.590403975] [GSL - Trace]: [32mEntering StopAndMeasure[0m
[INFO] [1788890809.521723049] [GSL]: 10 gas measurements, 10 wind measurements over 1.93 seconds
[INFO] [1788890809.522099231] [GSL]: avg_gas=0.063;  avg_windSpeed=0.24;  avg_wind_dir=0.39
[INFO] [1788890809.523724346] [GSL]: [33mNOTHING [0m
[INFO] [1788890809.523758022] [GSL]: [DEBUG-WIND] useGroundTruth=false gmrf_req_size=626 gaden_req_size=-1
[INFO] [1788890809.523773069] [GSL]: [DEBUG-WIND] Taking GMRF path
[INFO] [1788890809.591057566] [GSL - Trace]: [32mEntering StopAndMeasure[0m
[INFO] [1788890811.521568867] [GSL]: 10 gas measurements, 10 wind measurements over 1.93 seconds
[INFO] [1788890811.521662515] [GSL]: avg_gas=0.087;  avg_windSpeed=0.1;  avg_wind_dir=-0.87
[INFO] [1788890811.522411361] [GSL]: [33mNOTHING [0m
[INFO] [1788890811.522426166] [GSL]: [DEBUG-WIND] useGroundTruth=false gmrf_req_size=626 gaden_req_size=-1
[INFO] [1788890811.522436605] [GSL]: [DEBUG-WIND] Taking GMRF path
[INFO] [1788890811.590330587] [GSL - Trace]: [32mEntering StopAndMeasure[0m
[INFO] [1788890813.521524100] [GSL]: 10 gas measurements, 10 wind measurements over 1.93 seconds
[INFO] [1788890813.521598187] [GSL]: avg_gas=0.086;  avg_windSpeed=0.24;  avg_wind_dir=0.39
[INFO] [1788890813.522930413] [GSL]: [33mNOTHING [0m
[INFO] [1788890813.522984073] [GSL]: [DEBUG-WIND] useGroundTruth=false gmrf_req_size=626 gaden_req_size=-1
[INFO] [1788890813.522994315] [GSL]: [DEBUG-WIND] Taking GMRF path
[INFO] [1788890813.591152759] [GSL - Trace]: [32mEntering StopAndMeasure[0m
[INFO] [1788890815.521741891] [GSL]: 10 gas measurements, 10 wind measurements over 1.93 seconds
[INFO] [1788890815.522307584] [GSL]: avg_gas=0.07;  avg_windSpeed=0.1;  avg_wind_dir=-0.87
[INFO] [1788890815.523373949] [GSL]: [33mNOTHING [0m
[INFO] [1788890815.523417934] [GSL]: [DEBUG-WIND] useGroundTruth=false gmrf_req_size=626 gaden_req_size=-1
[INFO] [1788890815.523431946] [GSL]: [DEBUG-WIND] Taking GMRF path
[INFO] [1788890815.590794123] [GSL - Trace]: [32mEntering StopAndMeasure[0m
[INFO] [1788890817.521676133] [GSL]: 10 gas measurements, 10 wind measurements over 1.93 seconds
[INFO] [1788890817.521793037] [GSL]: avg_gas=0.062;  avg_windSpeed=0.24;  avg_wind_dir=0.39
[INFO] [1788890817.523086942] [GSL]: [33mNOTHING [0m
[INFO] [1788890817.523810431] [GSL]: [DEBUG-WIND] useGroundTruth=false gmrf_req_size=626 gaden_req_size=-1
[INFO] [1788890817.523895860] [GSL]: [DEBUG-WIND] Taking GMRF path
[INFO] [1788890817.590752353] [GSL]: [33mStarted simulations. Might take a while![0m
[INFO] [1788890817.958075293] [GSL]: CER contrastive context initialized: events=16, candidates=74, transport_members=3, fixed_ratio_weight=1, context_within_member=true, centered_log_odds=true, transport_pool=robust_log_variance
[INFO] [1788890817.959915945] [GSL - Trace]: [32mFirst simulation level done[0m
[INFO] [1788890817.960142199] [GSL]: [RC2-DIAG] scores_size=74 refineFraction=0.25 refine_product=18.5 valid_first_level=74 sum_sourceProbInternal_before_norm=196.57675385148337 min_sourceProbInternal_before_norm=0 max_sourceProbInternal_before_norm=0.45609455649996145 finite_sourceProbInternal=1102 finite_varianceOfHitProb=1102
[INFO] [1788890818.331320467] [GSL - Trace]: [32mSimulation level 2 done[0m
[INFO] [1788890818.706359383] [GSL - Trace]: [32mSimulation level 3 done[0m
[INFO] [1788890818.917243574] [GSL - Trace]: [32mSimulation level 4 done[0m
[INFO] [1788890818.917594868] [GSL - Trace]: [32mSimulation level 5 done[0m
[INFO] [1788890818.917604156] [GSL]: Number of levels in the simulation: 5
[INFO] [1788890818.917610495] [GSL]: Total number of simulations: 266
[INFO] [1788890818.917629705] [GSL]: CORE sequential event-time commit: window_start=8, new_events=8, committed_total=16
[INFO] [1788890818.917641985] [GSL]: [RC2-DIAG] normalized_finite_count=1102 normalized_sum=1
[INFO] [1788890818.917649121] [GSL]: Time ellapsed in simulation = 1.326814393 s
[INFO] [1788890818.920932628] [GSL]: Max mutual info: 2.603
[INFO] [1788890818.921055887] [GSL]: MutualInformation - Ellapsed: 0.003s
[INFO] [1788890818.976614813] [GSL]: Sending goal (-5.90, -5.03)
[INFO] [1788890818.977098962] [GSL]: Variance: 18.06
[INFO] [1788890818.977120377] [GSL - Trace]: [32mEntering Moving[0m
[INFO] [1788890827.978294844] [GSL - Trace]: [32mEntering StopAndMeasure[0m
[INFO] [1788890829.928084346] [GSL]: 10 gas measurements, 10 wind measurements over 1.95 seconds
[INFO] [1788890829.928142787] [GSL]: avg_gas=0.029;  avg_windSpeed=0.19;  avg_wind_dir=1.3
[INFO] [1788890829.928626749] [GSL]: [33mNOTHING [0m
[INFO] [1788890829.928635394] [GSL]: [DEBUG-WIND] useGroundTruth=false gmrf_req_size=626 gaden_req_size=-1
[INFO] [1788890829.928642144] [GSL]: [DEBUG-WIND] Taking GMRF path
[INFO] [1788890829.990359002] [GSL - Trace]: [32mEntering StopAndMeasure[0m
[INFO] [1788890831.928108198] [GSL]: 10 gas measurements, 10 wind measurements over 1.94 seconds
[INFO] [1788890831.928172827] [GSL]: avg_gas=0.0055;  avg_windSpeed=0.22;  avg_wind_dir=0.97
[INFO] [1788890831.928663138] [GSL]: [33mNOTHING [0m
[INFO] [1788890831.928671994] [GSL]: [DEBUG-WIND] useGroundTruth=false gmrf_req_size=626 gaden_req_size=-1
[INFO] [1788890831.928678707] [GSL]: [DEBUG-WIND] Taking GMRF path
[INFO] [1788890831.990390906] [GSL - Trace]: [32mEntering StopAndMeasure[0m
[INFO] [1788890833.928119611] [GSL]: 10 gas measurements, 10 wind measurements over 1.94 seconds
[INFO] [1788890833.928176509] [GSL]: avg_gas=0.001;  avg_windSpeed=0.19;  avg_wind_dir=1.3
[INFO] [1788890833.928938086] [GSL]: [33mNOTHING [0m
[INFO] [1788890833.928968819] [GSL]: [DEBUG-WIND] useGroundTruth=false gmrf_req_size=626 gaden_req_size=-1
[INFO] [1788890833.928976389] [GSL]: [DEBUG-WIND] Taking GMRF path
[INFO] [1788890833.991204960] [GSL - Trace]: [32mEntering StopAndMeasure[0m
[INFO] [1788890835.928092994] [GSL]: 10 gas measurements, 10 wind measurements over 1.94 seconds
[INFO] [1788890835.928147543] [GSL]: avg_gas=0.0002;  avg_windSpeed=0.22;  avg_wind_dir=0.97
[INFO] [1788890835.928982852] [GSL]: [33mNOTHING [0m
[INFO] [1788890835.929010409] [GSL]: [DEBUG-WIND] useGroundTruth=false gmrf_req_size=626 gaden_req_size=-1
[INFO] [1788890835.929017726] [GSL]: [DEBUG-WIND] Taking GMRF path
[INFO] [1788890835.990944085] [GSL - Trace]: [32mEntering StopAndMeasure[0m
[INFO] [1788890837.928152876] [GSL]: 10 gas measurements, 10 wind measurements over 1.94 seconds
[INFO] [1788890837.928511578] [GSL]: avg_gas=3.7e-05;  avg_windSpeed=0.19;  avg_wind_dir=1.3
[INFO] [1788890837.929159505] [GSL]: [33mNOTHING [0m
[INFO] [1788890837.929185218] [GSL]: [DEBUG-WIND] useGroundTruth=false gmrf_req_size=626 gaden_req_size=-1
[INFO] [1788890837.929192289] [GSL]: [DEBUG-WIND] Taking GMRF path
[INFO] [1788890837.991541204] [GSL - Trace]: [32mEntering StopAndMeasure[0m
[INFO] [1788890839.928070689] [GSL]: 10 gas measurements, 10 wind measurements over 1.94 seconds
[INFO] [1788890839.928127925] [GSL]: avg_gas=7e-06;  avg_windSpeed=0.22;  avg_wind_dir=0.97
[INFO] [1788890839.928625310] [GSL]: [33mNOTHING [0m
[INFO] [1788890839.928634659] [GSL]: [DEBUG-WIND] useGroundTruth=false gmrf_req_size=626 gaden_req_size=-1
[INFO] [1788890839.928696013] [GSL]: [DEBUG-WIND] Taking GMRF path
[INFO] [1788890839.990647859] [GSL - Trace]: [32mEntering StopAndMeasure[0m
[INFO] [1788890841.928138515] [GSL]: 10 gas measurements, 10 wind measurements over 1.94 seconds
[INFO] [1788890841.928894118] [GSL]: avg_gas=1.3e-06;  avg_windSpeed=0.19;  avg_wind_dir=1.3
[INFO] [1788890841.929573881] [GSL]: [33mNOTHING [0m
[INFO] [1788890841.929586057] [GSL]: [DEBUG-WIND] useGroundTruth=false gmrf_req_size=626 gaden_req_size=-1
[INFO] [1788890841.929595312] [GSL]: [DEBUG-WIND] Taking GMRF path
[INFO] [1788890841.991308731] [GSL - Trace]: [32mEntering StopAndMeasure[0m
[INFO] [1788890843.928081168] [GSL]: 10 gas measurements, 10 wind measurements over 1.94 seconds
[INFO] [1788890843.928147956] [GSL]: avg_gas=2.5e-07;  avg_windSpeed=0.22;  avg_wind_dir=0.97
[INFO] [1788890843.928661900] [GSL]: [33mNOTHING [0m
[INFO] [1788890843.928671652] [GSL]: [DEBUG-WIND] useGroundTruth=false gmrf_req_size=626 gaden_req_size=-1
[INFO] [1788890843.928678419] [GSL]: [DEBUG-WIND] Taking GMRF path
[INFO] [1788890843.991162833] [GSL]: [33mStarted simulations. Might take a while![0m
[INFO] [1788890844.359992844] [GSL]: CER contrastive context initialized: events=24, candidates=74, transport_members=3, fixed_ratio_weight=1, context_within_member=true, centered_log_odds=true, transport_pool=robust_log_variance
[INFO] [1788890844.362006949] [GSL - Trace]: [32mFirst simulation level done[0m
[INFO] [1788890844.362313136] [GSL]: [RC2-DIAG] scores_size=74 refineFraction=0.25 refine_product=18.5 valid_first_level=74 sum_sourceProbInternal_before_norm=80.83711504809285 min_sourceProbInternal_before_norm=0 max_sourceProbInternal_before_norm=0.1629780545324453 finite_sourceProbInternal=1102 finite_varianceOfHitProb=1102
[INFO] [1788890844.734669754] [GSL - Trace]: [32mSimulation level 2 done[0m
[INFO] [1788890845.114812902] [GSL - Trace]: [32mSimulation level 3 done[0m
[INFO] [1788890845.299138753] [GSL - Trace]: [32mSimulation level 4 done[0m
[INFO] [1788890845.304859283] [GSL - Trace]: [32mSimulation level 5 done[0m
[INFO] [1788890845.304893143] [GSL]: Number of levels in the simulation: 5
[INFO] [1788890845.304900119] [GSL]: Total number of simulations: 262
[INFO] [1788890845.311846011] [GSL]: CORE sequential event-time commit: window_start=16, new_events=8, committed_total=24
[INFO] [1788890845.312037554] [GSL]: [RC2-DIAG] normalized_finite_count=1102 normalized_sum=1
[INFO] [1788890845.312047320] [GSL]: Time ellapsed in simulation = 1.320169407 s
[INFO] [1788890845.317861016] [GSL]: Max mutual info: 2.407
[INFO] [1788890845.317970155] [GSL]: MutualInformation - Ellapsed: 0.006s
[INFO] [1788890845.351518440] [GSL]: Sending goal (-3.20, -5.93)
[INFO] [1788890845.352004835] [GSL]: Variance: 17.73
[INFO] [1788890845.352029391] [GSL - Trace]: [32mEntering Moving[0m
[INFO] [1788890850.154405890] [GSL - Trace]: [32mEntering StopAndMeasure[0m
[INFO] [1788890852.102999710] [GSL]: 10 gas measurements, 10 wind measurements over 1.95 seconds
[INFO] [1788890852.103051803] [GSL]: avg_gas=0.0072;  avg_windSpeed=0.064;  avg_wind_dir=2.2
[INFO] [1788890852.103561083] [GSL]: [33mNOTHING [0m
[INFO] [1788890852.103569970] [GSL]: [DEBUG-WIND] useGroundTruth=false gmrf_req_size=626 gaden_req_size=-1
[INFO] [1788890852.103902255] [GSL]: [DEBUG-WIND] Taking GMRF path
[INFO] [1788890852.190413942] [GSL - Trace]: [32mEntering StopAndMeasure[0m
[INFO] [1788890854.102954830] [GSL]: 10 gas measurements, 10 wind measurements over 1.91 seconds
[INFO] [1788890854.103006500] [GSL]: avg_gas=0.0014;  avg_windSpeed=0.11;  avg_wind_dir=1.6
[INFO] [1788890854.103499640] [GSL]: [33mNOTHING [0m
[INFO] [1788890854.103508483] [GSL]: [DEBUG-WIND] useGroundTruth=false gmrf_req_size=626 gaden_req_size=-1
[INFO] [1788890854.103515243] [GSL]: [DEBUG-WIND] Taking GMRF path
[INFO] [1788890854.190753885] [GSL - Trace]: [32mEntering StopAndMeasure[0m
[INFO] [1788890856.103118463] [GSL]: 10 gas measurements, 10 wind measurements over 1.91 seconds
[INFO] [1788890856.103166673] [GSL]: avg_gas=0.00026;  avg_windSpeed=0.064;  avg_wind_dir=2.2
[INFO] [1788890856.103650002] [GSL]: [33mNOTHING [0m
[INFO] [1788890856.103658636] [GSL]: [DEBUG-WIND] useGroundTruth=false gmrf_req_size=626 gaden_req_size=-1
[INFO] [1788890856.103665324] [GSL]: [DEBUG-WIND] Taking GMRF path
[INFO] [1788890856.191115503] [GSL - Trace]: [32mEntering StopAndMeasure[0m
[INFO] [1788890858.103062522] [GSL]: 10 gas measurements, 10 wind measurements over 1.91 seconds
[INFO] [1788890858.103096619] [GSL]: avg_gas=4.8e-05;  avg_windSpeed=0.11;  avg_wind_dir=1.6
[INFO] [1788890858.103576812] [GSL]: [33mNOTHING [0m
[INFO] [1788890858.103584942] [GSL]: [DEBUG-WIND] useGroundTruth=false gmrf_req_size=626 gaden_req_size=-1
[INFO] [1788890858.103591264] [GSL]: [DEBUG-WIND] Taking GMRF path
[INFO] [1788890858.191021828] [GSL - Trace]: [32mEntering StopAndMeasure[0m
[INFO] [1788890860.103074050] [GSL]: 10 gas measurements, 10 wind measurements over 1.91 seconds
[INFO] [1788890860.103134150] [GSL]: avg_gas=9.2e-06;  avg_windSpeed=0.064;  avg_wind_dir=2.2
[INFO] [1788890860.103685395] [GSL]: [33mNOTHING [0m
[INFO] [1788890860.103695969] [GSL]: [DEBUG-WIND] useGroundTruth=false gmrf_req_size=626 gaden_req_size=-1
[INFO] [1788890860.103703567] [GSL]: [DEBUG-WIND] Taking GMRF path
[INFO] [1788890860.191004026] [GSL - Trace]: [32mEntering StopAndMeasure[0m
[INFO] [1788890862.103030961] [GSL]: 10 gas measurements, 10 wind measurements over 1.91 seconds
[INFO] [1788890862.103081400] [GSL]: avg_gas=1.7e-06;  avg_windSpeed=0.11;  avg_wind_dir=1.6
[INFO] [1788890862.103566953] [GSL]: [33mNOTHING [0m
[INFO] [1788890862.103575944] [GSL]: [DEBUG-WIND] useGroundTruth=false gmrf_req_size=626 gaden_req_size=-1
[INFO] [1788890862.103582354] [GSL]: [DEBUG-WIND] Taking GMRF path
[INFO] [1788890862.190621977] [GSL - Trace]: [32mEntering StopAndMeasure[0m
[INFO] [1788890864.103069892] [GSL]: 10 gas measurements, 10 wind measurements over 1.91 seconds
[INFO] [1788890864.103129419] [GSL]: avg_gas=3.3e-07;  avg_windSpeed=0.064;  avg_wind_dir=2.2
[INFO] [1788890864.103771430] [GSL]: [33mNOTHING [0m
[INFO] [1788890864.103783572] [GSL]: [DEBUG-WIND] useGroundTruth=false gmrf_req_size=626 gaden_req_size=-1
[INFO] [1788890864.103791890] [GSL]: [DEBUG-WIND] Taking GMRF path
[INFO] [1788890864.190703137] [GSL - Trace]: [32mEntering StopAndMeasure[0m
[INFO] [1788890866.103040784] [GSL]: 10 gas measurements, 10 wind measurements over 1.91 seconds
[INFO] [1788890866.103092471] [GSL]: avg_gas=6.2e-08;  avg_windSpeed=0.11;  avg_wind_dir=1.6
[INFO] [1788890866.103582793] [GSL]: [33mNOTHING [0m
[INFO] [1788890866.103591317] [GSL]: [DEBUG-WIND] useGroundTruth=false gmrf_req_size=626 gaden_req_size=-1
[INFO] [1788890866.103597951] [GSL]: [DEBUG-WIND] Taking GMRF path
[INFO] [1788890866.191231715] [GSL]: [33mStarted simulations. Might take a while![0m
[INFO] [1788890866.582511318] [GSL]: CER contrastive context initialized: events=32, candidates=74, transport_members=3, fixed_ratio_weight=1, context_within_member=true, centered_log_odds=true, transport_pool=robust_log_variance
[INFO] [1788890866.584055871] [GSL - Trace]: [32mFirst simulation level done[0m
[INFO] [1788890866.584321772] [GSL]: [RC2-DIAG] scores_size=74 refineFraction=0.25 refine_product=18.5 valid_first_level=74 sum_sourceProbInternal_before_norm=143.77851595783733 min_sourceProbInternal_before_norm=0 max_sourceProbInternal_before_norm=0.26527401468235673 finite_sourceProbInternal=1102 finite_varianceOfHitProb=1102
[INFO] [1788890866.927206857] [GSL - Trace]: [32mSimulation level 2 done[0m
[INFO] [1788890867.246473953] [GSL - Trace]: [32mSimulation level 3 done[0m
[INFO] [1788890867.408093411] [GSL - Trace]: [32mSimulation level 4 done[0m
[INFO] [1788890867.408185679] [GSL - Trace]: [32mSimulation level 5 done[0m
[INFO] [1788890867.408196796] [GSL]: Number of levels in the simulation: 5
[INFO] [1788890867.408203702] [GSL]: Total number of simulations: 240
[INFO] [1788890867.408224295] [GSL]: CORE sequential event-time commit: window_start=24, new_events=8, committed_total=32
[INFO] [1788890867.408238551] [GSL]: [RC2-DIAG] normalized_finite_count=1102 normalized_sum=1
[INFO] [1788890867.408245558] [GSL]: Time ellapsed in simulation = 1.2168864830000001 s
[INFO] [1788890867.411309263] [GSL]: Max mutual info: 2.357
[INFO] [1788890867.411893898] [GSL]: MutualInformation - Ellapsed: 0.004s
[INFO] [1788890867.443325053] [GSL]: Sending goal (-0.20, -6.53)
[INFO] [1788890867.444101409] [GSL]: Variance: 17.26
[INFO] [1788890867.444127649] [GSL - Trace]: [32mEntering Moving[0m
[INFO] [1788890872.396622249] [GSL - Trace]: [32mEntering StopAndMeasure[0m
[INFO] [1788890874.345613629] [GSL]: 10 gas measurements, 10 wind measurements over 1.95 seconds
[INFO] [1788890874.345729916] [GSL]: avg_gas=3.7;  avg_windSpeed=0.00091;  avg_wind_dir=-0.61
[INFO] [1788890874.346745862] [GSL]: [33mGAS HIT[0m
[INFO] [1788890874.346763811] [GSL]: [DEBUG-WIND] useGroundTruth=false gmrf_req_size=626 gaden_req_size=-1
[INFO] [1788890874.346776397] [GSL]: [DEBUG-WIND] Taking GMRF path
[INFO] [1788890874.390974733] [GSL - Trace]: [32mEntering StopAndMeasure[0m
[INFO] [1788890876.345756440] [GSL]: 10 gas measurements, 10 wind measurements over 1.95 seconds
[INFO] [1788890876.345967395] [GSL]: avg_gas=3.8;  avg_windSpeed=0.00026;  avg_wind_dir=-0.23
[INFO] [1788890876.347732261] [GSL]: [33mGAS HIT[0m
[INFO] [1788890876.347805850] [GSL]: [DEBUG-WIND] useGroundTruth=false gmrf_req_size=626 gaden_req_size=-1
[INFO] [1788890876.347823809] [GSL]: [DEBUG-WIND] Taking GMRF path
[INFO] [1788890876.390767918] [GSL - Trace]: [32mEntering StopAndMeasure[0m
[INFO] [1788890878.345714521] [GSL]: 10 gas measurements, 10 wind measurements over 1.95 seconds
[INFO] [1788890878.345927808] [GSL]: avg_gas=3.9;  avg_windSpeed=0.00091;  avg_wind_dir=-0.61
[INFO] [1788890878.347187629] [GSL]: [33mGAS HIT[0m
[INFO] [1788890878.347285838] [GSL]: [DEBUG-WIND] useGroundTruth=false gmrf_req_size=626 gaden_req_size=-1
[INFO] [1788890878.347351119] [GSL]: [DEBUG-WIND] Taking GMRF path
[INFO] [1788890878.391015830] [GSL - Trace]: [32mEntering StopAndMeasure[0m
[INFO] [1788890880.295376577] [GSL]: 10 gas measurements, 10 wind measurements over 1.90 seconds
[INFO] [1788890880.295432434] [GSL]: avg_gas=3.9;  avg_windSpeed=0.00026;  avg_wind_dir=-0.23
[INFO] [1788890880.295935705] [GSL]: [33mGAS HIT[0m
[INFO] [1788890880.296181321] [GSL]: [DEBUG-WIND] useGroundTruth=false gmrf_req_size=626 gaden_req_size=-1
[INFO] [1788890880.296200278] [GSL]: [DEBUG-WIND] Taking GMRF path
[INFO] [1788890880.390502702] [GSL - Trace]: [32mEntering StopAndMeasure[0m
[INFO] [1788890882.295376991] [GSL]: 10 gas measurements, 10 wind measurements over 1.90 seconds
[INFO] [1788890882.295437716] [GSL]: avg_gas=3.9;  avg_windSpeed=0.00091;  avg_wind_dir=-0.61
[INFO] [1788890882.295937803] [GSL]: [33mGAS HIT[0m
[INFO] [1788890882.295947838] [GSL]: [DEBUG-WIND] useGroundTruth=false gmrf_req_size=626 gaden_req_size=-1
[INFO] [1788890882.295954270] [GSL]: [DEBUG-WIND] Taking GMRF path
[INFO] [1788890882.390332444] [GSL - Trace]: [32mEntering StopAndMeasure[0m
[INFO] [1788890884.295326824] [GSL]: 10 gas measurements, 10 wind measurements over 1.90 seconds
[INFO] [1788890884.295383226] [GSL]: avg_gas=3.9;  avg_windSpeed=0.00026;  avg_wind_dir=-0.23
[INFO] [1788890884.295992977] [GSL]: [33mGAS HIT[0m
[INFO] [1788890884.296270263] [GSL]: [DEBUG-WIND] useGroundTruth=false gmrf_req_size=626 gaden_req_size=-1
[INFO] [1788890884.296280460] [GSL]: [DEBUG-WIND] Taking GMRF path
[INFO] [1788890884.390460320] [GSL - Trace]: [32mEntering StopAndMeasure[0m
[INFO] [1788890886.345479042] [GSL]: 10 gas measurements, 10 wind measurements over 1.95 seconds
[INFO] [1788890886.345577704] [GSL]: avg_gas=3.9;  avg_windSpeed=0.00091;  avg_wind_dir=-0.61
[INFO] [1788890886.346403167] [GSL]: [33mGAS HIT[0m
[INFO] [1788890886.346418530] [GSL]: [DEBUG-WIND] useGroundTruth=false gmrf_req_size=626 gaden_req_size=-1
[INFO] [1788890886.346429174] [GSL]: [DEBUG-WIND] Taking GMRF path
[INFO] [1788890886.390684520] [GSL - Trace]: [32mEntering StopAndMeasure[0m
[INFO] [1788890888.345672074] [GSL]: 10 gas measurements, 10 wind measurements over 1.95 seconds
[INFO] [1788890888.345800455] [GSL]: avg_gas=3.9;  avg_windSpeed=0.00026;  avg_wind_dir=-0.23
[INFO] [1788890888.347459626] [GSL]: [33mGAS HIT[0m
[INFO] [1788890888.347525066] [GSL]: [DEBUG-WIND] useGroundTruth=false gmrf_req_size=626 gaden_req_size=-1
[INFO] [1788890888.348213906] [GSL]: [DEBUG-WIND] Taking GMRF path
[INFO] [1788890888.390504756] [GSL]: [33mStarted simulations. Might take a while![0m
[INFO] [1788890888.768138877] [GSL]: CER contrastive context initialized: events=40, candidates=74, transport_members=3, fixed_ratio_weight=1, context_within_member=true, centered_log_odds=true, transport_pool=robust_log_variance
[INFO] [1788890888.769183038] [GSL - Trace]: [32mFirst simulation level done[0m
[INFO] [1788890888.769216272] [GSL]: [RC2-DIAG] scores_size=74 refineFraction=0.25 refine_product=18.5 valid_first_level=74 sum_sourceProbInternal_before_norm=84.1830884367526 min_sourceProbInternal_before_norm=0 max_sourceProbInternal_before_norm=0.999200279944007 finite_sourceProbInternal=1102 finite_varianceOfHitProb=1102
[INFO] [1788890889.096329176] [GSL - Trace]: [32mSimulation level 2 done[0m
[INFO] [1788890889.320345115] [GSL - Trace]: [32mSimulation level 3 done[0m
[INFO] [1788890889.419538156] [GSL - Trace]: [32mSimulation level 4 done[0m
[INFO] [1788890889.419598286] [GSL - Trace]: [32mSimulation level 5 done[0m
[INFO] [1788890889.419607376] [GSL]: Number of levels in the simulation: 5
[INFO] [1788890889.419613750] [GSL]: Total number of simulations: 202
[INFO] [1788890889.419633945] [GSL]: CORE sequential event-time commit: window_start=32, new_events=8, committed_total=40
[INFO] [1788890889.419646473] [GSL]: [RC2-DIAG] normalized_finite_count=1102 normalized_sum=1
[INFO] [1788890889.419653562] [GSL]: Time ellapsed in simulation = 1.029069033 s
[INFO] [1788890889.422737631] [GSL]: Max mutual info: 2.478
[INFO] [1788890889.422830368] [GSL]: MutualInformation - Ellapsed: 0.003s
[INFO] [1788890889.451757152] [GSL]: Sending goal (0.10, -7.13)
[INFO] [1788890889.452229972] [GSL]: Variance: 6.15
[INFO] [1788890889.452252706] [GSL - Trace]: [32mEntering Moving[0m
[INFO] [1788890890.013590553] [GSL - Trace]: [32mEntering StopAndMeasure[0m
[INFO] [1788890891.947391091] [GSL]: 10 gas measurements, 10 wind measurements over 1.93 seconds
[INFO] [1788890891.948068381] [GSL]: avg_gas=3;  avg_windSpeed=0.00063;  avg_wind_dir=-0.41
[INFO] [1788890891.948957353] [GSL]: [33mGAS HIT[0m
[INFO] [1788890891.948974518] [GSL]: [DEBUG-WIND] useGroundTruth=false gmrf_req_size=626 gaden_req_size=-1
[INFO] [1788890891.948986583] [GSL]: [DEBUG-WIND] Taking GMRF path
[INFO] [1788890891.991037578] [GSL - Trace]: [32mEntering StopAndMeasure[0m
[INFO] [1788890893.953551334] [GSL]: 10 gas measurements, 10 wind measurements over 1.96 seconds
[INFO] [1788890893.953659156] [GSL]: avg_gas=2.4;  avg_windSpeed=0.00086;  avg_wind_dir=-0.62
[INFO] [1788890893.954909715] [GSL]: [33mGAS HIT[0m
[INFO] [1788890893.954963625] [GSL]: [DEBUG-WIND] useGroundTruth=false gmrf_req_size=626 gaden_req_size=-1
[INFO] [1788890893.954976701] [GSL]: [DEBUG-WIND] Taking GMRF path
[INFO] [1788890893.991160982] [GSL - Trace]: [32mEntering StopAndMeasure[0m
[INFO] [1788890895.953543656] [GSL]: 10 gas measurements, 10 wind measurements over 1.96 seconds
[INFO] [1788890895.954277142] [GSL]: avg_gas=2.3;  avg_windSpeed=0.00063;  avg_wind_dir=-0.41
[INFO] [1788890895.955426851] [GSL]: [33mGAS HIT[0m
[INFO] [1788890895.955448992] [GSL]: [DEBUG-WIND] useGroundTruth=false gmrf_req_size=626 gaden_req_size=-1
[INFO] [1788890895.955463209] [GSL]: [DEBUG-WIND] Taking GMRF path
[INFO] [1788890895.991115260] [GSL - Trace]: [32mEntering StopAndMeasure[0m
[INFO] [1788890897.953406818] [GSL]: 10 gas measurements, 10 wind measurements over 1.96 seconds
[INFO] [1788890897.953467081] [GSL]: avg_gas=2.3;  avg_windSpeed=0.00086;  avg_wind_dir=-0.62
[INFO] [1788890897.953972182] [GSL]: [33mGAS HIT[0m
[INFO] [1788890897.953982122] [GSL]: [DEBUG-WIND] useGroundTruth=false gmrf_req_size=626 gaden_req_size=-1
[INFO] [1788890897.953988484] [GSL]: [DEBUG-WIND] Taking GMRF path
[INFO] [1788890897.990425497] [GSL - Trace]: [32mEntering StopAndMeasure[0m
[INFO] [1788890899.953593215] [GSL]: 10 gas measurements, 10 wind measurements over 1.96 seconds
[INFO] [1788890899.954456339] [GSL]: avg_gas=2.3;  avg_windSpeed=0.00063;  avg_wind_dir=-0.41
[INFO] [1788890899.955675352] [GSL]: [33mGAS HIT[0m
[INFO] [1788890899.955708164] [GSL]: [DEBUG-WIND] useGroundTruth=false gmrf_req_size=626 gaden_req_size=-1
[INFO] [1788890899.955718222] [GSL]: [DEBUG-WIND] Taking GMRF path
[INFO] [1788890899.990612668] [GSL - Trace]: [32mEntering StopAndMeasure[0m
[INFO] [1788890901.953347160] [GSL]: 10 gas measurements, 10 wind measurements over 1.96 seconds
[INFO] [1788890901.953409162] [GSL]: avg_gas=2.3;  avg_windSpeed=0.00086;  avg_wind_dir=-0.62
[INFO] [1788890901.953914562] [GSL]: [33mGAS HIT[0m
[INFO] [1788890901.953925073] [GSL]: [DEBUG-WIND] useGroundTruth=false gmrf_req_size=626 gaden_req_size=-1
[INFO] [1788890901.953931583] [GSL]: [DEBUG-WIND] Taking GMRF path
[INFO] [1788890901.990469434] [GSL - Trace]: [32mEntering StopAndMeasure[0m
[INFO] [1788890903.953558064] [GSL]: 10 gas measurements, 10 wind measurements over 1.96 seconds
[INFO] [1788890903.953683597] [GSL]: avg_gas=2.3;  avg_windSpeed=0.00063;  avg_wind_dir=-0.41
[INFO] [1788890903.955118455] [GSL]: [33mGAS HIT[0m
[INFO] [1788890903.955151700] [GSL]: [DEBUG-WIND] useGroundTruth=false gmrf_req_size=626 gaden_req_size=-1
[INFO] [1788890903.955162962] [GSL]: [DEBUG-WIND] Taking GMRF path
[INFO] [1788890903.990908936] [GSL - Trace]: [32mEntering StopAndMeasure[0m
[INFO] [1788890905.953386885] [GSL]: 10 gas measurements, 10 wind measurements over 1.96 seconds
[INFO] [1788890905.953455909] [GSL]: avg_gas=2.3;  avg_windSpeed=0.00086;  avg_wind_dir=-0.62
[INFO] [1788890905.953964422] [GSL]: [33mGAS HIT[0m
[INFO] [1788890905.953974486] [GSL]: [DEBUG-WIND] useGroundTruth=false gmrf_req_size=626 gaden_req_size=-1
[INFO] [1788890905.953981031] [GSL]: [DEBUG-WIND] Taking GMRF path
[INFO] [1788890905.990376403] [GSL]: [33mStarted simulations. Might take a while![0m
[INFO] [1788890906.353021059] [GSL]: CER contrastive context initialized: events=48, candidates=74, transport_members=3, fixed_ratio_weight=1, context_within_member=true, centered_log_odds=true, transport_pool=robust_log_variance
[INFO] [1788890906.354187067] [GSL - Trace]: [32mFirst simulation level done[0m
[INFO] [1788890906.354219297] [GSL]: [RC2-DIAG] scores_size=74 refineFraction=0.25 refine_product=18.5 valid_first_level=74 sum_sourceProbInternal_before_norm=86.77138514250626 min_sourceProbInternal_before_norm=0 max_sourceProbInternal_before_norm=0.999200279944007 finite_sourceProbInternal=1102 finite_varianceOfHitProb=1102
[INFO] [1788890906.677002763] [GSL - Trace]: [32mSimulation level 2 done[0m
[INFO] [1788890906.909616059] [GSL - Trace]: [32mSimulation level 3 done[0m
[INFO] [1788890907.004145196] [GSL - Trace]: [32mSimulation level 4 done[0m
[INFO] [1788890907.004202695] [GSL - Trace]: [32mSimulation level 5 done[0m
[INFO] [1788890907.004212177] [GSL]: Number of levels in the simulation: 5
[INFO] [1788890907.004218702] [GSL]: Total number of simulations: 202
[INFO] [1788890907.004239116] [GSL]: CORE sequential event-time commit: window_start=40, new_events=8, committed_total=48
[INFO] [1788890907.004470663] [GSL]: [RC2-DIAG] normalized_finite_count=1102 normalized_sum=1
[INFO] [1788890907.004481469] [GSL]: Time ellapsed in simulation = 1.014041094 s
[INFO] [1788890907.007501121] [GSL]: Max mutual info: 2.503
[INFO] [1788890907.007601898] [GSL]: MutualInformation - Ellapsed: 0.003s
[INFO] [1788890907.031330381] [GSL]: Sending goal (0.70, -7.13)
[INFO] [1788890907.032268964] [GSL]: Variance: 1.40
[INFO] [1788890907.032296086] [GSL - Trace]: [32mEntering Moving[0m
[INFO] [1788890907.593609010] [GSL - Trace]: [32mEntering StopAndMeasure[0m
[INFO] [1788890909.521695489] [GSL]: 10 gas measurements, 10 wind measurements over 1.93 seconds
[INFO] [1788890909.521795375] [GSL]: avg_gas=1.8;  avg_windSpeed=0.00076;  avg_wind_dir=-1
[INFO] [1788890909.522887670] [GSL]: [33mGAS HIT[0m
[INFO] [1788890909.522930734] [GSL]: [DEBUG-WIND] useGroundTruth=false gmrf_req_size=626 gaden_req_size=-1
[INFO] [1788890909.522942176] [GSL]: [DEBUG-WIND] Taking GMRF path
[INFO] [1788890909.590612611] [GSL - Trace]: [32mEntering StopAndMeasure[0m
[INFO] [1788890911.533689592] [GSL]: 10 gas measurements, 10 wind measurements over 1.94 seconds
[INFO] [1788890911.533924627] [GSL]: avg_gas=1.5;  avg_windSpeed=0.00082;  avg_wind_dir=-0.72
[INFO] [1788890911.535036147] [GSL]: [33mGAS HIT[0m
[INFO] [1788890911.535055685] [GSL]: [DEBUG-WIND] useGroundTruth=false gmrf_req_size=626 gaden_req_size=-1
[INFO] [1788890911.535070251] [GSL]: [DEBUG-WIND] Taking GMRF path
[INFO] [1788890911.590974431] [GSL - Trace]: [32mEntering StopAndMeasure[0m
[INFO] [1788890913.533736020] [GSL]: 10 gas measurements, 10 wind measurements over 1.94 seconds
[INFO] [1788890913.533805446] [GSL]: avg_gas=1.5;  avg_windSpeed=0.00076;  avg_wind_dir=-1
[INFO] [1788890913.534313056] [GSL]: [33mGAS HIT[0m
[INFO] [1788890913.534322820] [GSL]: [DEBUG-WIND] useGroundTruth=false gmrf_req_size=626 gaden_req_size=-1
[INFO] [1788890913.534329382] [GSL]: [DEBUG-WIND] Taking GMRF path
[INFO] [1788890913.591219356] [GSL - Trace]: [32mEntering StopAndMeasure[0m
[INFO] [1788890915.533543996] [GSL]: 10 gas measurements, 10 wind measurements over 1.94 seconds
[INFO] [1788890915.533612708] [GSL]: avg_gas=1.5;  avg_windSpeed=0.00082;  avg_wind_dir=-0.72
[INFO] [1788890915.534191146] [GSL]: [33mGAS HIT[0m
[INFO] [1788890915.534221375] [GSL]: [DEBUG-WIND] useGroundTruth=false gmrf_req_size=626 gaden_req_size=-1
[INFO] [1788890915.534228753] [GSL]: [DEBUG-WIND] Taking GMRF path
[INFO] [1788890915.590375607] [GSL - Trace]: [32mEntering StopAndMeasure[0m
[INFO] [1788890917.534544084] [GSL]: 10 gas measurements, 10 wind measurements over 1.94 seconds
[INFO] [1788890917.534652431] [GSL]: avg_gas=1.5;  avg_windSpeed=0.00076;  avg_wind_dir=-1
[INFO] [1788890917.535819001] [GSL]: [33mGAS HIT[0m
[INFO] [1788890917.535910439] [GSL]: [DEBUG-WIND] useGroundTruth=false gmrf_req_size=626 gaden_req_size=-1
[INFO] [1788890917.535926524] [GSL]: [DEBUG-WIND] Taking GMRF path
[INFO] [1788890917.591266709] [GSL - Trace]: [32mEntering StopAndMeasure[0m
[INFO] [1788890919.533582643] [GSL]: 10 gas measurements, 10 wind measurements over 1.94 seconds
[INFO] [1788890919.533690563] [GSL]: avg_gas=1.5;  avg_windSpeed=0.00082;  avg_wind_dir=-0.72
[INFO] [1788890919.534881444] [GSL]: [33mGAS HIT[0m
[INFO] [1788890919.534932939] [GSL]: [DEBUG-WIND] useGroundTruth=false gmrf_req_size=626 gaden_req_size=-1
[INFO] [1788890919.534945684] [GSL]: [DEBUG-WIND] Taking GMRF path
[INFO] [1788890919.591108798] [GSL - Trace]: [32mEntering StopAndMeasure[0m
[INFO] [1788890921.533456234] [GSL]: 10 gas measurements, 10 wind measurements over 1.94 seconds
[INFO] [1788890921.533524562] [GSL]: avg_gas=1.5;  avg_windSpeed=0.00076;  avg_wind_dir=-1
[INFO] [1788890921.534005648] [GSL]: [33mGAS HIT[0m
[INFO] [1788890921.534016160] [GSL]: [DEBUG-WIND] useGroundTruth=false gmrf_req_size=626 gaden_req_size=-1
[INFO] [1788890921.534022700] [GSL]: [DEBUG-WIND] Taking GMRF path
[INFO] [1788890921.590560408] [GSL - Trace]: [32mEntering StopAndMeasure[0m
[INFO] [1788890923.533546001] [GSL]: 10 gas measurements, 10 wind measurements over 1.94 seconds
[INFO] [1788890923.533613565] [GSL]: avg_gas=1.5;  avg_windSpeed=0.00082;  avg_wind_dir=-0.72
[INFO] [1788890923.534162596] [GSL]: [33mGAS HIT[0m
[INFO] [1788890923.534172699] [GSL]: [DEBUG-WIND] useGroundTruth=false gmrf_req_size=626 gaden_req_size=-1
[INFO] [1788890923.534179670] [GSL]: [DEBUG-WIND] Taking GMRF path
[INFO] [1788890923.590615752] [GSL]: [33mStarted simulations. Might take a while![0m
[INFO] [1788890923.974017267] [GSL]: CER contrastive context initialized: events=56, candidates=74, transport_members=3, fixed_ratio_weight=1, context_within_member=true, centered_log_odds=true, transport_pool=robust_log_variance
[INFO] [1788890923.977856518] [GSL - Trace]: [32mFirst simulation level done[0m
[INFO] [1788890923.978640469] [GSL]: [RC2-DIAG] scores_size=74 refineFraction=0.25 refine_product=18.5 valid_first_level=74 sum_sourceProbInternal_before_norm=69.06661537241868 min_sourceProbInternal_before_norm=0 max_sourceProbInternal_before_norm=0.999200279944007 finite_sourceProbInternal=1102 finite_varianceOfHitProb=1102
[INFO] [1788890924.343243056] [GSL - Trace]: [32mSimulation level 2 done[0m
[INFO] [1788890924.559622682] [GSL - Trace]: [32mSimulation level 3 done[0m
[INFO] [1788890924.663585869] [GSL - Trace]: [32mSimulation level 4 done[0m
[INFO] [1788890924.664339637] [GSL - Trace]: [32mSimulation level 5 done[0m
[INFO] [1788890924.664830966] [GSL]: Number of levels in the simulation: 5
[INFO] [1788890924.664995343] [GSL]: Total number of simulations: 200
[INFO] [1788890924.665264023] [GSL]: CORE sequential event-time commit: window_start=48, new_events=8, committed_total=56
[INFO] [1788890924.665474845] [GSL]: [RC2-DIAG] normalized_finite_count=1102 normalized_sum=1
[INFO] [1788890924.665484148] [GSL]: Time ellapsed in simulation = 1.0748023100000001 s
[INFO] [1788890924.669350625] [GSL]: Max mutual info: 2.411
[INFO] [1788890924.670289575] [GSL]: MutualInformation - Ellapsed: 0.004s
[INFO] [1788890924.706052087] [GSL]: Sending goal (-0.80, -5.93)
[INFO] [1788890924.706756751] [GSL]: Variance: 0.97
[INFO] [1788890924.706777432] [GSL - Trace]: [32mEntering Moving[0m
[INFO] [1788890926.184540951] [GSL - Trace]: [32mEntering StopAndMeasure[0m
[INFO] [1788890928.107677772] [GSL]: 10 gas measurements, 10 wind measurements over 1.92 seconds
[INFO] [1788890928.107744594] [GSL]: avg_gas=4.4;  avg_windSpeed=0.0019;  avg_wind_dir=0.36
[INFO] [1788890928.108409847] [GSL]: [33mGAS HIT[0m
[INFO] [1788890928.108422193] [GSL]: [DEBUG-WIND] useGroundTruth=false gmrf_req_size=626 gaden_req_size=-1
[INFO] [1788890928.108430737] [GSL]: [DEBUG-WIND] Taking GMRF path
[INFO] [1788890928.190701788] [GSL - Trace]: [32mEntering StopAndMeasure[0m
[INFO] [1788890930.107682072] [GSL]: 10 gas measurements, 10 wind measurements over 1.92 seconds
[INFO] [1788890930.107746446] [GSL]: avg_gas=5.3;  avg_windSpeed=0.0018;  avg_wind_dir=0.15
[INFO] [1788890930.108241728] [GSL]: [33mGAS HIT[0m
[INFO] [1788890930.108251296] [GSL]: [DEBUG-WIND] useGroundTruth=false gmrf_req_size=626 gaden_req_size=-1
[INFO] [1788890930.108635660] [GSL]: [DEBUG-WIND] Taking GMRF path
[INFO] [1788890930.190396850] [GSL - Trace]: [32mEntering StopAndMeasure[0m
[INFO] [1788890932.107674289] [GSL]: 10 gas measurements, 10 wind measurements over 1.92 seconds
[INFO] [1788890932.107732085] [GSL]: avg_gas=5.6;  avg_windSpeed=0.0019;  avg_wind_dir=0.36
[INFO] [1788890932.108263067] [GSL]: [33mGAS HIT[0m
[INFO] [1788890932.108273110] [GSL]: [DEBUG-WIND] useGroundTruth=false gmrf_req_size=626 gaden_req_size=-1
[INFO] [1788890932.108279834] [GSL]: [DEBUG-WIND] Taking GMRF path
[INFO] [1788890932.190499821] [GSL - Trace]: [32mEntering StopAndMeasure[0m
[INFO] [1788890934.107829242] [GSL]: 10 gas measurements, 10 wind measurements over 1.92 seconds
[INFO] [1788890934.107915923] [GSL]: avg_gas=5.6;  avg_windSpeed=0.0018;  avg_wind_dir=0.15
[INFO] [1788890934.108410162] [GSL]: [33mGAS HIT[0m
[INFO] [1788890934.108418916] [GSL]: [DEBUG-WIND] useGroundTruth=false gmrf_req_size=626 gaden_req_size=-1
[INFO] [1788890934.108596757] [GSL]: [DEBUG-WIND] Taking GMRF path
[INFO] [1788890934.190945879] [GSL - Trace]: [32mEntering StopAndMeasure[0m
[INFO] [1788890936.107941402] [GSL]: 10 gas measurements, 10 wind measurements over 1.92 seconds
[INFO] [1788890936.108012179] [GSL]: avg_gas=5.6;  avg_windSpeed=0.0019;  avg_wind_dir=0.36
[INFO] [1788890936.108672261] [GSL]: [33mGAS HIT[0m
[INFO] [1788890936.108685312] [GSL]: [DEBUG-WIND] useGroundTruth=false gmrf_req_size=626 gaden_req_size=-1
[INFO] [1788890936.108694483] [GSL]: [DEBUG-WIND] Taking GMRF path
[INFO] [1788890936.190695664] [GSL - Trace]: [32mEntering StopAndMeasure[0m
[INFO] [1788890938.107718691] [GSL]: 10 gas measurements, 10 wind measurements over 1.92 seconds
[INFO] [1788890938.107773772] [GSL]: avg_gas=5.6;  avg_windSpeed=0.00084;  avg_wind_dir=0.12
[INFO] [1788890938.108286291] [GSL]: [33mGAS HIT[0m
[INFO] [1788890938.108296445] [GSL]: [DEBUG-WIND] useGroundTruth=false gmrf_req_size=626 gaden_req_size=-1
[INFO] [1788890938.108499705] [GSL]: [DEBUG-WIND] Taking GMRF path
[INFO] [1788890938.190578688] [GSL - Trace]: [32mEntering StopAndMeasure[0m
[INFO] [1788890940.107749690] [GSL]: 10 gas measurements, 10 wind measurements over 1.92 seconds
[INFO] [1788890940.107872605] [GSL]: avg_gas=2.5;  avg_windSpeed=0.00014;  avg_wind_dir=1.7
[INFO] [1788890940.108698930] [GSL]: [33mGAS HIT[0m
[INFO] [1788890940.108719891] [GSL]: [DEBUG-WIND] useGroundTruth=false gmrf_req_size=626 gaden_req_size=-1
[INFO] [1788890940.108729968] [GSL]: [DEBUG-WIND] Taking GMRF path
[INFO] [1788890940.190506743] [GSL - Trace]: [32mEntering StopAndMeasure[0m
[INFO] [1788890942.107714553] [GSL]: 10 gas measurements, 10 wind measurements over 1.92 seconds
[INFO] [1788890942.107782638] [GSL]: avg_gas=0.47;  avg_windSpeed=0.00093;  avg_wind_dir=-0.075
[INFO] [1788890942.108343428] [GSL]: [33mGAS HIT[0m
[INFO] [1788890942.108365771] [GSL]: [DEBUG-WIND] useGroundTruth=false gmrf_req_size=626 gaden_req_size=-1
[INFO] [1788890942.108372853] [GSL]: [DEBUG-WIND] Taking GMRF path
[INFO] [1788890942.190464523] [GSL]: [33mStarted simulations. Might take a while![0m
[INFO] [1788890942.558671960] [GSL]: CER contrastive context initialized: events=64, candidates=74, transport_members=3, fixed_ratio_weight=1, context_within_member=true, centered_log_odds=true, transport_pool=robust_log_variance
[INFO] [1788890942.559706701] [GSL - Trace]: [32mFirst simulation level done[0m
[INFO] [1788890942.559738705] [GSL]: [RC2-DIAG] scores_size=74 refineFraction=0.25 refine_product=18.5 valid_first_level=74 sum_sourceProbInternal_before_norm=135.02278279581006 min_sourceProbInternal_before_norm=0 max_sourceProbInternal_before_norm=0.999200279944007 finite_sourceProbInternal=1102 finite_varianceOfHitProb=1102
[INFO] [1788890942.891224526] [GSL - Trace]: [32mSimulation level 2 done[0m
[INFO] [1788890943.120480923] [GSL - Trace]: [32mSimulation level 3 done[0m
[INFO] [1788890943.225698146] [GSL - Trace]: [32mSimulation level 4 done[0m
[INFO] [1788890943.229841983] [GSL - Trace]: [32mSimulation level 5 done[0m
[INFO] [1788890943.230113573] [GSL]: Number of levels in the simulation: 5
[INFO] [1788890943.230135720] [GSL]: Total number of simulations: 200
[INFO] [1788890943.231059455] [GSL]: CORE sequential event-time commit: window_start=56, new_events=8, committed_total=64
[INFO] [1788890943.231078496] [GSL]: [RC2-DIAG] normalized_finite_count=1102 normalized_sum=1
[INFO] [1788890943.231085935] [GSL]: Time ellapsed in simulation = 1.04056433 s
[INFO] [1788890943.234350329] [GSL]: Max mutual info: 2.485
[INFO] [1788890943.234453967] [GSL]: MutualInformation - Ellapsed: 0.003s
[INFO] [1788890943.253708358] [GSL]: Sending goal (-1.10, -5.33)
[INFO] [1788890943.254377242] [GSL]: Variance: 0.96
[INFO] [1788890943.254580946] [GSL - Trace]: [32mEntering Moving[0m
[INFO] [1788890943.762182786] [GSL - Trace]: [32mEntering StopAndMeasure[0m
[INFO] [1788890945.740918845] [GSL]: 10 gas measurements, 10 wind measurements over 1.98 seconds
[INFO] [1788890945.740977591] [GSL]: avg_gas=0.023;  avg_windSpeed=0.0042;  avg_wind_dir=0.71
[INFO] [1788890945.741802494] [GSL]: [33mNOTHING [0m
[INFO] [1788890945.741817680] [GSL]: [DEBUG-WIND] useGroundTruth=false gmrf_req_size=626 gaden_req_size=-1
[INFO] [1788890945.741824496] [GSL]: [DEBUG-WIND] Taking GMRF path
[INFO] [1788890945.791167516] [GSL - Trace]: [32mEntering StopAndMeasure[0m
[INFO] [1788890947.705720056] [GSL]: 10 gas measurements, 10 wind measurements over 1.91 seconds
[INFO] [1788890947.705782997] [GSL]: avg_gas=0.0044;  avg_windSpeed=0.027;  avg_wind_dir=1.1
[INFO] [1788890947.706335268] [GSL]: [33mNOTHING [0m
[INFO] [1788890947.706345251] [GSL]: [DEBUG-WIND] useGroundTruth=false gmrf_req_size=626 gaden_req_size=-1
[INFO] [1788890947.706352229] [GSL]: [DEBUG-WIND] Taking GMRF path
[INFO] [1788890947.791212473] [GSL - Trace]: [32mEntering StopAndMeasure[0m
[INFO] [1788890949.705598008] [GSL]: 10 gas measurements, 10 wind measurements over 1.91 seconds
[INFO] [1788890949.705663014] [GSL]: avg_gas=0.00084;  avg_windSpeed=0.0042;  avg_wind_dir=0.71
[INFO] [1788890949.706459535] [GSL]: [33mNOTHING [0m
[INFO] [1788890949.706471415] [GSL]: [DEBUG-WIND] useGroundTruth=false gmrf_req_size=626 gaden_req_size=-1
[INFO] [1788890949.706478257] [GSL]: [DEBUG-WIND] Taking GMRF path
[INFO] [1788890949.791070574] [GSL - Trace]: [32mEntering StopAndMeasure[0m
[INFO] [1788890951.705643026] [GSL]: 10 gas measurements, 10 wind measurements over 1.91 seconds
[INFO] [1788890951.705696941] [GSL]: avg_gas=0.00016;  avg_windSpeed=0.027;  avg_wind_dir=1.1
[INFO] [1788890951.706252824] [GSL]: [33mNOTHING [0m
[INFO] [1788890951.706280698] [GSL]: [DEBUG-WIND] useGroundTruth=false gmrf_req_size=626 gaden_req_size=-1
[INFO] [1788890951.706287888] [GSL]: [DEBUG-WIND] Taking GMRF path
[INFO] [1788890951.791247489] [GSL - Trace]: [32mEntering StopAndMeasure[0m
[INFO] [1788890953.705603683] [GSL]: 10 gas measurements, 10 wind measurements over 1.91 seconds
[INFO] [1788890953.705670826] [GSL]: avg_gas=3e-05;  avg_windSpeed=0.0042;  avg_wind_dir=0.71
[INFO] [1788890953.706495826] [GSL]: [33mNOTHING [0m
[INFO] [1788890953.706515762] [GSL]: [DEBUG-WIND] useGroundTruth=false gmrf_req_size=626 gaden_req_size=-1
[INFO] [1788890953.706522736] [GSL]: [DEBUG-WIND] Taking GMRF path
[INFO] [1788890953.790720680] [GSL - Trace]: [32mEntering StopAndMeasure[0m
[INFO] [1788890955.705619548] [GSL]: 10 gas measurements, 10 wind measurements over 1.91 seconds
[INFO] [1788890955.705674972] [GSL]: avg_gas=5.6e-06;  avg_windSpeed=0.027;  avg_wind_dir=1.1
[INFO] [1788890955.706220385] [GSL]: [33mNOTHING [0m
[INFO] [1788890955.706230420] [GSL]: [DEBUG-WIND] useGroundTruth=false gmrf_req_size=626 gaden_req_size=-1
[INFO] [1788890955.706237253] [GSL]: [DEBUG-WIND] Taking GMRF path
[INFO] [1788890955.791039907] [GSL - Trace]: [32mEntering StopAndMeasure[0m
[INFO] [1788890957.705635133] [GSL]: 10 gas measurements, 10 wind measurements over 1.91 seconds
[INFO] [1788890957.705702492] [GSL]: avg_gas=1.1e-06;  avg_windSpeed=0.0042;  avg_wind_dir=0.71
[INFO] [1788890957.706217226] [GSL]: [33mNOTHING [0m
[INFO] [1788890957.706470246] [GSL]: [DEBUG-WIND] useGroundTruth=false gmrf_req_size=626 gaden_req_size=-1
[INFO] [1788890957.706483017] [GSL]: [DEBUG-WIND] Taking GMRF path
[INFO] [1788890957.790830221] [GSL - Trace]: [32mEntering StopAndMeasure[0m
[INFO] [1788890959.705615816] [GSL]: 10 gas measurements, 10 wind measurements over 1.91 seconds
[INFO] [1788890959.705669966] [GSL]: avg_gas=2e-07;  avg_windSpeed=0.027;  avg_wind_dir=1.1
[INFO] [1788890959.706191740] [GSL]: [33mNOTHING [0m
[INFO] [1788890959.706201922] [GSL]: [DEBUG-WIND] useGroundTruth=false gmrf_req_size=626 gaden_req_size=-1
[INFO] [1788890959.706208816] [GSL]: [DEBUG-WIND] Taking GMRF path
[INFO] [1788890959.790426263] [GSL]: [33mStarted simulations. Might take a while![0m
[INFO] [1788890960.167057193] [GSL]: CER contrastive context initialized: events=72, candidates=74, transport_members=3, fixed_ratio_weight=1, context_within_member=true, centered_log_odds=true, transport_pool=robust_log_variance
[INFO] [1788890960.170046241] [GSL - Trace]: [32mFirst simulation level done[0m
[INFO] [1788890960.170319520] [GSL]: [RC2-DIAG] scores_size=74 refineFraction=0.25 refine_product=18.5 valid_first_level=74 sum_sourceProbInternal_before_norm=158.81580429911025 min_sourceProbInternal_before_norm=0 max_sourceProbInternal_before_norm=0.3089801640060487 finite_sourceProbInternal=1102 finite_varianceOfHitProb=1102
[INFO] [1788890960.428443165] [GSL - Trace]: [32mSimulation level 2 done[0m
[INFO] [1788890960.642118737] [GSL - Trace]: [32mSimulation level 3 done[0m
[INFO] [1788890960.756774459] [GSL - Trace]: [32mSimulation level 4 done[0m
[INFO] [1788890960.757617097] [GSL - Trace]: [32mSimulation level 5 done[0m
[INFO] [1788890960.757740389] [GSL]: Number of levels in the simulation: 5
[INFO] [1788890960.757748014] [GSL]: Total number of simulations: 190
[INFO] [1788890960.758311830] [GSL]: CORE sequential event-time commit: window_start=64, new_events=8, committed_total=72
[INFO] [1788890960.758334565] [GSL]: [RC2-DIAG] normalized_finite_count=1102 normalized_sum=1
[INFO] [1788890960.759011927] [GSL]: Time ellapsed in simulation = 0.96853359 s
[INFO] [1788890960.762641002] [GSL]: Max mutual info: 2.345
[INFO] [1788890960.763328321] [GSL]: MutualInformation - Ellapsed: 0.004s
[INFO] [1788890960.806445697] [GSL]: Sending goal (-3.20, 2.17)
[INFO] [1788890960.807043399] [GSL]: Variance: 5.63
[INFO] [1788890960.807082670] [GSL - Trace]: [32mEntering Moving[0m
[INFO] [1788890966.958682392] [GSL - Trace]: [32mEntering StopAndMeasure[0m
[INFO] [1788890968.958605599] [GSL]: 10 gas measurements, 10 wind measurements over 2.00 seconds
[INFO] [1788890968.958703679] [GSL]: avg_gas=9.4e-11;  avg_windSpeed=0.024;  avg_wind_dir=-0.39
[INFO] [1788890968.959595609] [GSL]: [33mNOTHING [0m
[INFO] [1788890968.959614132] [GSL]: [DEBUG-WIND] useGroundTruth=false gmrf_req_size=626 gaden_req_size=-1
[INFO] [1788890968.959629846] [GSL]: [DEBUG-WIND] Taking GMRF path
[INFO] [1788890968.991042750] [GSL - Trace]: [32mEntering StopAndMeasure[0m
[INFO] [1788890970.908269917] [GSL]: 10 gas measurements, 10 wind measurements over 1.92 seconds
[INFO] [1788890970.908325183] [GSL]: avg_gas=1.8e-11;  avg_windSpeed=0.014;  avg_wind_dir=-0.27
[INFO] [1788890970.908947476] [GSL]: [33mNOTHING [0m
[INFO] [1788890970.908973593] [GSL]: [DEBUG-WIND] useGroundTruth=false gmrf_req_size=626 gaden_req_size=-1
[INFO] [1788890970.908980756] [GSL]: [DEBUG-WIND] Taking GMRF path
[INFO] [1788890970.991095657] [GSL - Trace]: [32mEntering StopAndMeasure[0m
[INFO] [1788890972.908358683] [GSL]: 10 gas measurements, 10 wind measurements over 1.92 seconds
[INFO] [1788890972.908421222] [GSL]: avg_gas=3.4e-12;  avg_windSpeed=0.021;  avg_wind_dir=-0.52
[INFO] [1788890972.908948059] [GSL]: [33mNOTHING [0m
[INFO] [1788890972.908956998] [GSL]: [DEBUG-WIND] useGroundTruth=false gmrf_req_size=626 gaden_req_size=-1
[INFO] [1788890972.908963510] [GSL]: [DEBUG-WIND] Taking GMRF path
[INFO] [1788890972.991139020] [GSL - Trace]: [32mEntering StopAndMeasure[0m
[INFO] [1788890974.908265554] [GSL]: 10 gas measurements, 10 wind measurements over 1.92 seconds
[INFO] [1788890974.908320362] [GSL]: avg_gas=6.3e-13;  avg_windSpeed=0.017;  avg_wind_dir=-0.2
[INFO] [1788890974.908825450] [GSL]: [33mNOTHING [0m
[INFO] [1788890974.908854092] [GSL]: [DEBUG-WIND] useGroundTruth=false gmrf_req_size=626 gaden_req_size=-1
[INFO] [1788890974.908862276] [GSL]: [DEBUG-WIND] Taking GMRF path
[INFO] [1788890974.990653194] [GSL - Trace]: [32mEntering StopAndMeasure[0m
[INFO] [1788890976.958326732] [GSL]: 10 gas measurements, 10 wind measurements over 1.97 seconds
[INFO] [1788890976.958377018] [GSL]: avg_gas=1.2e-13;  avg_windSpeed=0.016;  avg_wind_dir=-0.59
[INFO] [1788890976.958882488] [GSL]: [33mNOTHING [0m
[INFO] [1788890976.958892031] [GSL]: [DEBUG-WIND] useGroundTruth=false gmrf_req_size=626 gaden_req_size=-1
[INFO] [1788890976.958898578] [GSL]: [DEBUG-WIND] Taking GMRF path
[INFO] [1788890976.990429132] [GSL - Trace]: [32mEntering StopAndMeasure[0m
[INFO] [1788890978.958376327] [GSL]: 10 gas measurements, 10 wind measurements over 1.97 seconds
[INFO] [1788890978.958937649] [GSL]: avg_gas=2.3e-14;  avg_windSpeed=0.021;  avg_wind_dir=-0.18
[INFO] [1788890978.959687063] [GSL]: [33mNOTHING [0m
[INFO] [1788890978.959700602] [GSL]: [DEBUG-WIND] useGroundTruth=false gmrf_req_size=626 gaden_req_size=-1
[INFO] [1788890978.959710071] [GSL]: [DEBUG-WIND] Taking GMRF path
[INFO] [1788890978.990558410] [GSL - Trace]: [32mEntering StopAndMeasure[0m
[INFO] [1788890980.908339854] [GSL]: 10 gas measurements, 10 wind measurements over 1.92 seconds
[INFO] [1788890980.908428523] [GSL]: avg_gas=4.3e-15;  avg_windSpeed=0.011;  avg_wind_dir=-0.61
[INFO] [1788890980.908983983] [GSL]: [33mNOTHING [0m
[INFO] [1788890980.908994812] [GSL]: [DEBUG-WIND] useGroundTruth=false gmrf_req_size=626 gaden_req_size=-1
[INFO] [1788890980.909001759] [GSL]: [DEBUG-WIND] Taking GMRF path
[INFO] [1788890980.990681568] [GSL - Trace]: [32mEntering StopAndMeasure[0m
[INFO] [1788890982.958696713] [GSL]: 10 gas measurements, 10 wind measurements over 1.97 seconds
[INFO] [1788890982.959549710] [GSL]: avg_gas=8.1e-16;  avg_windSpeed=0.025;  avg_wind_dir=-0.17
[INFO] [1788890982.960391521] [GSL]: [33mNOTHING [0m
[INFO] [1788890982.960407246] [GSL]: [DEBUG-WIND] useGroundTruth=false gmrf_req_size=626 gaden_req_size=-1
[INFO] [1788890982.960418228] [GSL]: [DEBUG-WIND] Taking GMRF path
[INFO] [1788890982.991063467] [GSL]: [33mStarted simulations. Might take a while![0m
[INFO] [1788890983.372017007] [GSL]: CER contrastive context initialized: events=80, candidates=74, transport_members=3, fixed_ratio_weight=1, context_within_member=true, centered_log_odds=true, transport_pool=robust_log_variance
[INFO] [1788890983.373433015] [GSL - Trace]: [32mFirst simulation level done[0m
[INFO] [1788890983.373655634] [GSL]: [RC2-DIAG] scores_size=74 refineFraction=0.25 refine_product=18.5 valid_first_level=74 sum_sourceProbInternal_before_norm=176.23489541274665 min_sourceProbInternal_before_norm=0 max_sourceProbInternal_before_norm=0.34286944632830085 finite_sourceProbInternal=1102 finite_varianceOfHitProb=1102
[INFO] [1788890983.631397365] [GSL - Trace]: [32mSimulation level 2 done[0m
[INFO] [1788890983.733651929] [GSL - Trace]: [32mSimulation level 3 done[0m
[INFO] [1788890983.787894032] [GSL - Trace]: [32mSimulation level 4 done[0m
[INFO] [1788890983.790873009] [GSL - Trace]: [32mSimulation level 5 done[0m
[INFO] [1788890983.790907500] [GSL]: Number of levels in the simulation: 5
[INFO] [1788890983.790914654] [GSL]: Total number of simulations: 146
[INFO] [1788890983.799873774] [GSL]: CORE sequential event-time commit: window_start=72, new_events=8, committed_total=80
[INFO] [1788890983.800177725] [GSL]: [RC2-DIAG] normalized_finite_count=1102 normalized_sum=1
[INFO] [1788890983.800189672] [GSL]: Time ellapsed in simulation = 0.8090357380000001 s
[INFO] [1788890983.807669203] [GSL]: Max mutual info: 1.530
[INFO] [1788890983.808237475] [GSL]: MutualInformation - Ellapsed: 0.008s
[INFO] [1788890983.841284558] [GSL]: Sending goal (-0.20, 0.37)
[INFO] [1788890983.842155214] [GSL]: Variance: 12.59
[INFO] [1788890983.842197656] [GSL - Trace]: [32mEntering Moving[0m
[INFO] [1788890986.789104893] [GSL - Trace]: [32mEntering StopAndMeasure[0m
[INFO] [1788890988.743614201] [GSL]: 10 gas measurements, 10 wind measurements over 1.95 seconds
[INFO] [1788890988.743959151] [GSL]: avg_gas=6.4e-18;  avg_windSpeed=0.14;  avg_wind_dir=1.2
[INFO] [1788890988.744949235] [GSL]: [33mNOTHING [0m
[INFO] [1788890988.744986910] [GSL]: [DEBUG-WIND] useGroundTruth=false gmrf_req_size=626 gaden_req_size=-1
[INFO] [1788890988.744998563] [GSL]: [DEBUG-WIND] Taking GMRF path
[INFO] [1788890988.791073805] [GSL - Trace]: [32mEntering StopAndMeasure[0m
[INFO] [1788890990.193270605] [GSL]: Could not find the source. Sorry!
[INFO] [1788890991.206370895] [GSL]: [34mDONE, CLOSING[0m
