[INFO] [1788890738.509513663] [vgr_uav_sim]: Loading VGR data from /mnt/hgfs/workspace/GADEN_files/scenarios/House01, config=2,4-1_fast
[INFO] [1788890738.569997760] [vgr_uav_sim]: Occupancy: 87x114 slice z_idx=13 (z=0.3m), free=6866, obstacle=3052, input_sha256=846003ffbbc8e99aa322cf189356399412763710e937bb5e5316186afccf17cb
[INFO] [1788890738.851432979] [vgr_uav_sim]: Gas backend=raw_house1_snapshot exec=/home/zyc/CSTAR_CONTROLLED_ASSETS_20260907/tools/cstar_numeric_wind_raw_query env_root=/mnt/hgfs/workspace/GADEN_files/scenarios/House01 gas_results=/mnt/hgfs/workspace/GADEN_files/scenarios/House01/gas_simulations/2,4-1_fast/FilamentSimulation_gasType_10_sourcePosition_-0.40_-2.90_-0.30 max_iteration=1999
[INFO] [1788890738.853732282] [vgr_uav_sim]: Navigation grid: coarse 29x38 cell=0.3000 free=626 obstacle=476 (reduce_scale=3)
[INFO] [1788890738.881925166] [vgr_uav_sim]: UAV Sim v3 ready. Start=(-3.17,-1.75), sim_dt=0.200s, realtime_factor=1.00, sensor=asymmetric, vertical_motion=False, open_loop_profile=hover
[WARN] [1788890766.214376679] [vgr_uav_sim]: PLAN_CB: called with goal=(-4.10,-1.13)
[WARN] [1788890766.215619965] [vgr_uav_sim]: PLAN_CB: returning 5 poses
[WARN] [1788890766.226186949] [vgr_uav_sim]: PLAN_CB: called with goal=(-4.10,-1.13)
[WARN] [1788890766.227334877] [vgr_uav_sim]: PLAN_CB: returning 5 poses
[INFO] [1788890766.238704495] [vgr_uav_sim]: Prepared 5 collision-free navigation waypoints to (-4.10, -1.13)
[INFO] [1788890766.239721627] [vgr_uav_sim]: UAV navigating in audited 2-D mode to (-4.10, -1.13, 0.30)
[WARN] [1788890783.006940133] [vgr_uav_sim]: PLAN_CB: called with goal=(-5.00,-0.83)
[WARN] [1788890783.008008688] [vgr_uav_sim]: PLAN_CB: returning 5 poses
[WARN] [1788890783.019138898] [vgr_uav_sim]: PLAN_CB: called with goal=(-5.00,-0.83)
[WARN] [1788890783.020279171] [vgr_uav_sim]: PLAN_CB: returning 5 poses
[INFO] [1788890783.031049303] [vgr_uav_sim]: Prepared 5 collision-free navigation waypoints to (-5.00, -0.83)
[INFO] [1788890783.032076452] [vgr_uav_sim]: UAV navigating in audited 2-D mode to (-5.00, -0.83, 0.30)
[WARN] [1788890800.697660505] [vgr_uav_sim]: PLAN_CB: called with goal=(-5.90,-0.83)
[WARN] [1788890800.698767734] [vgr_uav_sim]: PLAN_CB: returning 5 poses
[WARN] [1788890800.709377588] [vgr_uav_sim]: PLAN_CB: called with goal=(-5.90,-0.83)
[WARN] [1788890800.710320078] [vgr_uav_sim]: PLAN_CB: returning 5 poses
[INFO] [1788890800.721586525] [vgr_uav_sim]: Prepared 5 collision-free navigation waypoints to (-5.90, -0.83)
[INFO] [1788890800.722656978] [vgr_uav_sim]: UAV navigating in audited 2-D mode to (-5.90, -0.83, 0.30)
[WARN] [1788890818.924889587] [vgr_uav_sim]: PLAN_CB: called with goal=(-5.90,-5.03)
[WARN] [1788890818.949332125] [vgr_uav_sim]: PLAN_CB: returning 43 poses
[WARN] [1788890818.961145695] [vgr_uav_sim]: PLAN_CB: called with goal=(-5.90,-5.03)
[WARN] [1788890818.966602579] [vgr_uav_sim]: PLAN_CB: returning 43 poses
[INFO] [1788890818.982408530] [vgr_uav_sim]: Prepared 43 collision-free navigation waypoints to (-5.90, -5.03)
[INFO] [1788890818.983473696] [vgr_uav_sim]: UAV navigating in audited 2-D mode to (-5.90, -5.03, 0.30)
[WARN] [1788890845.324289521] [vgr_uav_sim]: PLAN_CB: called with goal=(-3.20,-5.93)
[WARN] [1788890845.330538620] [vgr_uav_sim]: PLAN_CB: returning 23 poses
[WARN] [1788890845.341325833] [vgr_uav_sim]: PLAN_CB: called with goal=(-3.20,-5.93)
[WARN] [1788890845.344236984] [vgr_uav_sim]: PLAN_CB: returning 23 poses
[INFO] [1788890845.354575804] [vgr_uav_sim]: Prepared 23 collision-free navigation waypoints to (-3.20, -5.93)
[INFO] [1788890845.355566448] [vgr_uav_sim]: UAV navigating in audited 2-D mode to (-3.20, -5.93, 0.30)
[WARN] [1788890867.416339908] [vgr_uav_sim]: PLAN_CB: called with goal=(-0.20,-6.53)
[WARN] [1788890867.425620708] [vgr_uav_sim]: PLAN_CB: returning 24 poses
[WARN] [1788890867.432982523] [vgr_uav_sim]: PLAN_CB: called with goal=(-0.20,-6.53)
[WARN] [1788890867.436260506] [vgr_uav_sim]: PLAN_CB: returning 24 poses
[INFO] [1788890867.446577953] [vgr_uav_sim]: Prepared 24 collision-free navigation waypoints to (-0.20, -6.53)
[INFO] [1788890867.447896324] [vgr_uav_sim]: UAV navigating in audited 2-D mode to (-0.20, -6.53, 0.30)
[WARN] [1788890889.429075537] [vgr_uav_sim]: PLAN_CB: called with goal=(0.10,-7.13)
[WARN] [1788890889.431472743] [vgr_uav_sim]: PLAN_CB: returning 4 poses
[WARN] [1788890889.441163802] [vgr_uav_sim]: PLAN_CB: called with goal=(0.10,-7.13)
[WARN] [1788890889.442059318] [vgr_uav_sim]: PLAN_CB: returning 4 poses
[INFO] [1788890889.453313131] [vgr_uav_sim]: Prepared 4 collision-free navigation waypoints to (0.10, -7.13)
[INFO] [1788890889.454586008] [vgr_uav_sim]: UAV navigating in audited 2-D mode to (0.10, -7.13, 0.30)
[WARN] [1788890907.010548139] [vgr_uav_sim]: PLAN_CB: called with goal=(0.70,-7.13)
[WARN] [1788890907.011389353] [vgr_uav_sim]: PLAN_CB: returning 4 poses
[WARN] [1788890907.019456315] [vgr_uav_sim]: PLAN_CB: called with goal=(0.70,-7.13)
[WARN] [1788890907.020641683] [vgr_uav_sim]: PLAN_CB: returning 4 poses
[INFO] [1788890907.033151848] [vgr_uav_sim]: Prepared 4 collision-free navigation waypoints to (0.70, -7.13)
[INFO] [1788890907.034425377] [vgr_uav_sim]: UAV navigating in audited 2-D mode to (0.70, -7.13, 0.30)
[WARN] [1788890924.673557748] [vgr_uav_sim]: PLAN_CB: called with goal=(-0.80,-5.93)
[WARN] [1788890924.674718592] [vgr_uav_sim]: PLAN_CB: returning 7 poses
[WARN] [1788890924.697179087] [vgr_uav_sim]: PLAN_CB: called with goal=(-0.80,-5.93)
[WARN] [1788890924.698241463] [vgr_uav_sim]: PLAN_CB: returning 7 poses
[INFO] [1788890924.708070081] [vgr_uav_sim]: Prepared 7 collision-free navigation waypoints to (-0.80, -5.93)
[INFO] [1788890924.709109557] [vgr_uav_sim]: UAV navigating in audited 2-D mode to (-0.80, -5.93, 0.30)
[WARN] [1788890943.237404919] [vgr_uav_sim]: PLAN_CB: called with goal=(-1.10,-5.33)
[WARN] [1788890943.238360215] [vgr_uav_sim]: PLAN_CB: returning 4 poses
[WARN] [1788890943.246007868] [vgr_uav_sim]: PLAN_CB: called with goal=(-1.10,-5.33)
[WARN] [1788890943.247008007] [vgr_uav_sim]: PLAN_CB: returning 4 poses
[INFO] [1788890943.257325193] [vgr_uav_sim]: Prepared 4 collision-free navigation waypoints to (-1.10, -5.33)
[INFO] [1788890943.258784767] [vgr_uav_sim]: UAV navigating in audited 2-D mode to (-1.10, -5.33, 0.30)
[WARN] [1788890960.769877867] [vgr_uav_sim]: PLAN_CB: called with goal=(-3.20,2.17)
[WARN] [1788890960.779243064] [vgr_uav_sim]: PLAN_CB: returning 31 poses
[WARN] [1788890960.791201227] [vgr_uav_sim]: PLAN_CB: called with goal=(-3.20,2.17)
[WARN] [1788890960.796375679] [vgr_uav_sim]: PLAN_CB: returning 31 poses
[INFO] [1788890960.812124549] [vgr_uav_sim]: Prepared 31 collision-free navigation waypoints to (-3.20, 2.17)
[INFO] [1788890960.813121695] [vgr_uav_sim]: UAV navigating in audited 2-D mode to (-3.20, 2.17, 0.30)
[WARN] [1788890983.814274271] [vgr_uav_sim]: PLAN_CB: called with goal=(-0.20,0.37)
[WARN] [1788890983.820101260] [vgr_uav_sim]: PLAN_CB: returning 15 poses
[WARN] [1788890983.830774712] [vgr_uav_sim]: PLAN_CB: called with goal=(-0.20,0.37)
[WARN] [1788890983.832982021] [vgr_uav_sim]: PLAN_CB: returning 15 poses
[INFO] [1788890983.844202188] [vgr_uav_sim]: Prepared 15 collision-free navigation waypoints to (-0.20, 0.37)
[INFO] [1788890983.845450932] [vgr_uav_sim]: UAV navigating in audited 2-D mode to (-0.20, 0.37, 0.30)
