[INFO] [1790146249.431577722] [GSL]: Starting GSL server
[INFO] [1790146254.472128017] [GSL]: GSL action server is ready for action!
[INFO] [1790146255.473931113] [GSL]: [33mRequest received: PMFS[0m
[INFO] [1790146256.484151701] [GSL]: Waiting to hear from localization topic: /amcl_pose
[INFO] [1790146257.484131339] [GSL]: Waiting to hear from localization topic: /amcl_pose
[INFO] [1790146257.486651757] [GSL]: Gas sensor topic: '/PID/Sensor_reading'
[INFO] [1790146257.487632991] [GSL]: Wind sensor topic: '/Anemometer/WindSensor_reading'
[INFO] [1790146257.487837948] [GSL]: [34mINITIALIZATON COMPLETED[0m
[INFO] [1790146257.506818341] [GSL - Trace]: [32mEntering WaitForMap[0m
[INFO] [1790146257.506856241] [GSL - Trace]: [32mNeed occupancy map and costmap[0m
[INFO] [1790146257.563972467] [GSL - Trace]: [32mGot occupancy map[0m
[INFO] [1790146257.564930657] [GSL]: 
--------------GSL---------------
Occupancy Map dimensions:
x_min:-7.5 x_max:1.1   -   y_min:-7.9 y_max:3.5
--------------------------------
[INFO] [1790146257.566333646] [GSL - Trace]: [32mCreated grid[0m
[INFO] [1790146257.567632995] [GSL - Trace]: [32mPruned unreachable cells[0m
[INFO] [1790146257.579500448] [GSL - Trace]: [32mCreated visibility map[0m
[INFO] [1790146257.585701464] [GSL]: Number of cells after fusing quadtree: 86
[INFO] [1790146257.597287822] [GSL]: anemometer z is 0
[INFO] [1790146258.332364718] [GSL - Trace]: [32mGot cost map[0m
[INFO] [1790146258.332733755] [GSL - Trace]: [32mEntering StopAndMeasure[0m
[INFO] [1790146262.074158259] [GSL]: NATIVE_RECOVERY_WIND_PATH=GADEN_GROUND_TRUTH QUERY_SUCCESS=1 FALLBACK=0
[INFO] [1790146262.074766995] [GSL]: 10 gas measurements, 10 wind measurements over 3.74 seconds
[INFO] [1790146262.075986727] [GSL]: avg_gas=0.099;  avg_windSpeed=0.068;  avg_wind_dir=0.47
[INFO] [1790146262.077968955] [GSL]: [33mNOTHING [0m
[INFO] [1790146266.554569433] [GSL]: NATIVE_RECOVERY_WIND_PATH=GADEN_GROUND_TRUTH QUERY_SUCCESS=2 FALLBACK=0
[INFO] [1790146266.554664746] [GSL - Trace]: [32mEntering StopAndMeasure[0m
[INFO] [1790146268.588181277] [GSL]: 10 gas measurements, 10 wind measurements over 2.03 seconds
[INFO] [1790146268.588297472] [GSL]: avg_gas=0.064;  avg_windSpeed=0.059;  avg_wind_dir=-0.5
[INFO] [1790146268.589637751] [GSL]: [33mNOTHING [0m
[INFO] [1790146273.141557958] [GSL]: NATIVE_RECOVERY_WIND_PATH=GADEN_GROUND_TRUTH QUERY_SUCCESS=3 FALLBACK=0
[INFO] [1790146273.141635656] [GSL - Trace]: [32mEntering StopAndMeasure[0m
[INFO] [1790146275.177104722] [GSL]: 10 gas measurements, 10 wind measurements over 2.04 seconds
[INFO] [1790146275.177167611] [GSL]: avg_gas=0.00026;  avg_windSpeed=0.046;  avg_wind_dir=-0.33
[INFO] [1790146275.178122998] [GSL]: [33mNOTHING [0m
[INFO] [1790146279.637378196] [GSL]: NATIVE_RECOVERY_WIND_PATH=GADEN_GROUND_TRUTH QUERY_SUCCESS=4 FALLBACK=0
[INFO] [1790146279.637445364] [GSL - Trace]: [32mEntering StopAndMeasure[0m
[INFO] [1790146281.563574803] [GSL]: 10 gas measurements, 10 wind measurements over 1.93 seconds
[INFO] [1790146281.563931855] [GSL]: avg_gas=1.3e-06;  avg_windSpeed=0.063;  avg_wind_dir=-1.8
[INFO] [1790146281.564826961] [GSL]: [33mNOTHING [0m
[INFO] [1790146286.076326317] [GSL]: NATIVE_RECOVERY_WIND_PATH=GADEN_GROUND_TRUTH QUERY_SUCCESS=5 FALLBACK=0
[INFO] [1790146286.076392733] [GSL - Trace]: [32mEntering StopAndMeasure[0m
[INFO] [1790146287.960446060] [GSL]: 10 gas measurements, 10 wind measurements over 1.88 seconds
[INFO] [1790146287.960521971] [GSL]: avg_gas=6.1e-09;  avg_windSpeed=0.065;  avg_wind_dir=0.24
[INFO] [1790146287.961650135] [GSL]: [33mNOTHING [0m
[INFO] [1790146292.466907084] [GSL]: NATIVE_RECOVERY_WIND_PATH=GADEN_GROUND_TRUTH QUERY_SUCCESS=6 FALLBACK=0
[INFO] [1790146292.468969693] [GSL]: Max mutual info: 6.439
[WARN] [1790146292.469165859] [rcl.logging_rosout]: Publisher already registered for provided node name. If this is due to multiple nodes with the same name then all logs for that logger name will go out over the existing publisher. As soon as any node with that name is destructed it will unregister the publisher, preventing any further logs for that name from being published on the rosout topic.
[INFO] [1790146292.474880064] [GSL]: MutualInformation - Ellapsed: 0.008s
[INFO] [1790146292.494535524] [GSL]: Sending goal (-5.60, -0.83)
[INFO] [1790146292.494808349] [GSL]: Variance: 16.02
[INFO] [1790146292.494855940] [GSL - Trace]: [32mEntering Moving[0m
[INFO] [1790146294.428535353] [GSL - Trace]: [32mEntering StopAndMeasure[0m
[INFO] [1790146296.396762388] [GSL]: 10 gas measurements, 10 wind measurements over 1.97 seconds
[INFO] [1790146296.396860893] [GSL]: avg_gas=5.5e-12;  avg_windSpeed=0.085;  avg_wind_dir=1.7
[INFO] [1790146296.398345674] [GSL]: [33mNOTHING [0m
[INFO] [1790146300.932822054] [GSL]: NATIVE_RECOVERY_WIND_PATH=GADEN_GROUND_TRUTH QUERY_SUCCESS=7 FALLBACK=0
[INFO] [1790146300.932874007] [GSL - Trace]: [32mEntering StopAndMeasure[0m
[INFO] [1790146302.765162983] [GSL]: 10 gas measurements, 10 wind measurements over 1.83 seconds
[INFO] [1790146302.765268972] [GSL]: avg_gas=2.7e-14;  avg_windSpeed=0.15;  avg_wind_dir=0.32
[INFO] [1790146302.766450998] [GSL]: [33mNOTHING [0m
[INFO] [1790146307.277309173] [GSL]: NATIVE_RECOVERY_WIND_PATH=GADEN_GROUND_TRUTH QUERY_SUCCESS=8 FALLBACK=0
[INFO] [1790146307.277371001] [GSL - Trace]: [32mEntering StopAndMeasure[0m
[INFO] [1790146309.156801653] [GSL]: 10 gas measurements, 10 wind measurements over 1.88 seconds
[INFO] [1790146309.156872063] [GSL]: avg_gas=1.3e-16;  avg_windSpeed=0.11;  avg_wind_dir=1.7
[INFO] [1790146309.157816216] [GSL]: [33mNOTHING [0m
[INFO] [1790146313.752774262] [GSL]: NATIVE_RECOVERY_WIND_PATH=GADEN_GROUND_TRUTH QUERY_SUCCESS=9 FALLBACK=0
[INFO] [1790146313.752869218] [GSL - Trace]: [32mEntering StopAndMeasure[0m
[INFO] [1790146315.755073974] [GSL]: 10 gas measurements, 10 wind measurements over 2.00 seconds
[INFO] [1790146315.755192079] [GSL]: avg_gas=5.3e-19;  avg_windSpeed=0.14;  avg_wind_dir=0.28
[INFO] [1790146315.756898351] [GSL]: [33mNOTHING [0m
[INFO] [1790146320.303418674] [GSL]: NATIVE_RECOVERY_WIND_PATH=GADEN_GROUND_TRUTH QUERY_SUCCESS=10 FALLBACK=0
[INFO] [1790146320.303483491] [GSL - Trace]: [32mEntering StopAndMeasure[0m
[INFO] [1790146322.151175693] [GSL]: 10 gas measurements, 10 wind measurements over 1.85 seconds
[INFO] [1790146322.151303438] [GSL]: avg_gas=2.5e-21;  avg_windSpeed=0.13;  avg_wind_dir=1.3
[INFO] [1790146322.152589447] [GSL]: [33mNOTHING [0m
[INFO] [1790146326.678472415] [GSL]: NATIVE_RECOVERY_WIND_PATH=GADEN_GROUND_TRUTH QUERY_SUCCESS=11 FALLBACK=0
[INFO] [1790146326.683261923] [GSL]: Max mutual info: 6.439
[INFO] [1790146326.683408426] [GSL]: MutualInformation - Ellapsed: 0.005s
[INFO] [1790146326.710166902] [GSL]: Sending goal (-6.20, -5.93)
[INFO] [1790146326.710424241] [GSL]: Variance: 16.02
[INFO] [1790146326.710440564] [GSL - Trace]: [32mEntering Moving[0m
[INFO] [1790146336.212370032] [GSL - Trace]: [32mEntering StopAndMeasure[0m
[INFO] [1790146338.162262618] [GSL]: 10 gas measurements, 10 wind measurements over 1.95 seconds
[INFO] [1790146338.162323464] [GSL]: avg_gas=0.0011;  avg_windSpeed=0.24;  avg_wind_dir=1.5
[INFO] [1790146338.163224958] [GSL]: [33mNOTHING [0m
[INFO] [1790146342.595718202] [GSL]: NATIVE_RECOVERY_WIND_PATH=GADEN_GROUND_TRUTH QUERY_SUCCESS=12 FALLBACK=0
[INFO] [1790146342.595781494] [GSL - Trace]: [32mEntering StopAndMeasure[0m
[INFO] [1790146344.578133899] [GSL]: 10 gas measurements, 10 wind measurements over 1.98 seconds
[INFO] [1790146344.578404536] [GSL]: avg_gas=5.1e-06;  avg_windSpeed=0.18;  avg_wind_dir=1.9
[INFO] [1790146344.579986848] [GSL]: [33mNOTHING [0m
[INFO] [1790146349.013289954] [GSL]: NATIVE_RECOVERY_WIND_PATH=GADEN_GROUND_TRUTH QUERY_SUCCESS=13 FALLBACK=0
[INFO] [1790146349.013360379] [GSL - Trace]: [32mEntering StopAndMeasure[0m
[INFO] [1790146350.946419588] [GSL]: 10 gas measurements, 10 wind measurements over 1.93 seconds
[INFO] [1790146350.946497200] [GSL]: avg_gas=2.5e-08;  avg_windSpeed=0.25;  avg_wind_dir=1.5
[INFO] [1790146350.947995595] [GSL]: [33mNOTHING [0m
[INFO] [1790146355.450619281] [GSL]: NATIVE_RECOVERY_WIND_PATH=GADEN_GROUND_TRUTH QUERY_SUCCESS=14 FALLBACK=0
[INFO] [1790146355.450701569] [GSL - Trace]: [32mEntering StopAndMeasure[0m
[INFO] [1790146357.384539176] [GSL]: 10 gas measurements, 10 wind measurements over 1.93 seconds
[INFO] [1790146357.384671780] [GSL]: avg_gas=1.2e-10;  avg_windSpeed=0.17;  avg_wind_dir=1.9
[INFO] [1790146357.385803969] [GSL]: [33mNOTHING [0m
[INFO] [1790146361.792961033] [GSL]: NATIVE_RECOVERY_WIND_PATH=GADEN_GROUND_TRUTH QUERY_SUCCESS=15 FALLBACK=0
[INFO] [1790146361.793030002] [GSL - Trace]: [32mEntering StopAndMeasure[0m
[INFO] [1790146363.778912413] [GSL]: 10 gas measurements, 10 wind measurements over 1.99 seconds
[INFO] [1790146363.779023397] [GSL]: avg_gas=5.8e-13;  avg_windSpeed=0.25;  avg_wind_dir=1.5
[INFO] [1790146363.780459899] [GSL]: [33mNOTHING [0m
[INFO] [1790146368.183853506] [GSL]: NATIVE_RECOVERY_WIND_PATH=GADEN_GROUND_TRUTH QUERY_SUCCESS=16 FALLBACK=0
[INFO] [1790146368.188335168] [GSL]: Max mutual info: 6.439
[INFO] [1790146368.188514531] [GSL]: MutualInformation - Ellapsed: 0.005s
[INFO] [1790146368.211122421] [GSL]: Sending goal (-4.10, -0.53)
[INFO] [1790146368.211353437] [GSL]: Variance: 16.02
[INFO] [1790146368.211368104] [GSL - Trace]: [32mEntering Moving[0m
[INFO] [1790146376.612929723] [GSL - Trace]: [32mEntering StopAndMeasure[0m
[INFO] [1790146378.562923903] [GSL]: 10 gas measurements, 10 wind measurements over 1.95 seconds
[INFO] [1790146378.562989395] [GSL]: avg_gas=0.024;  avg_windSpeed=0.15;  avg_wind_dir=3
[INFO] [1790146378.563943605] [GSL]: [33mNOTHING [0m
[INFO] [1790146382.906752413] [GSL]: NATIVE_RECOVERY_WIND_PATH=GADEN_GROUND_TRUTH QUERY_SUCCESS=17 FALLBACK=0
[INFO] [1790146382.906847541] [GSL - Trace]: [32mEntering StopAndMeasure[0m
[INFO] [1790146384.739318879] [GSL]: 10 gas measurements, 10 wind measurements over 1.83 seconds
[INFO] [1790146384.739374865] [GSL]: avg_gas=0.041;  avg_windSpeed=0.28;  avg_wind_dir=-3
[INFO] [1790146384.740268584] [GSL]: [33mNOTHING [0m
[INFO] [1790146389.097928866] [GSL]: NATIVE_RECOVERY_WIND_PATH=GADEN_GROUND_TRUTH QUERY_SUCCESS=18 FALLBACK=0
[INFO] [1790146389.098002124] [GSL - Trace]: [32mEntering StopAndMeasure[0m
[INFO] [1790146390.977156571] [GSL]: 10 gas measurements, 10 wind measurements over 1.88 seconds
[INFO] [1790146390.977268724] [GSL]: avg_gas=0.026;  avg_windSpeed=0.19;  avg_wind_dir=2.8
[INFO] [1790146390.978159813] [GSL]: [33mNOTHING [0m
[INFO] [1790146395.324084100] [GSL]: NATIVE_RECOVERY_WIND_PATH=GADEN_GROUND_TRUTH QUERY_SUCCESS=19 FALLBACK=0
[INFO] [1790146395.324154438] [GSL - Trace]: [32mEntering StopAndMeasure[0m
[INFO] [1790146397.163502355] [GSL]: 10 gas measurements, 10 wind measurements over 1.84 seconds
[INFO] [1790146397.163585274] [GSL]: avg_gas=0.047;  avg_windSpeed=0.25;  avg_wind_dir=-2.8
[INFO] [1790146397.165396499] [GSL]: [33mNOTHING [0m
[INFO] [1790146401.587872683] [GSL]: NATIVE_RECOVERY_WIND_PATH=GADEN_GROUND_TRUTH QUERY_SUCCESS=20 FALLBACK=0
[INFO] [1790146401.587935288] [GSL - Trace]: [32mEntering StopAndMeasure[0m
[INFO] [1790146403.572768343] [GSL]: 10 gas measurements, 10 wind measurements over 1.98 seconds
[INFO] [1790146403.572892551] [GSL]: avg_gas=0.047;  avg_windSpeed=0.23;  avg_wind_dir=2.8
[INFO] [1790146403.574515727] [GSL]: [33mNOTHING [0m
[INFO] [1790146408.036904592] [GSL]: NATIVE_RECOVERY_WIND_PATH=GADEN_GROUND_TRUTH QUERY_SUCCESS=21 FALLBACK=0
[INFO] [1790146408.036989309] [GSL]: [33mStarted simulations. Might take a while![0m
[INFO] [1790146408.038856056] [GSL]: NATIVE_RECOVERY_SOURCE_UPDATE_WIND_EXPORTED=1
[INFO] [1790146408.670283263] [GSL - Trace]: [32mFirst simulation level done[0m
[INFO] [1790146408.818901085] [GSL - Trace]: [32mSimulation level 2 done[0m
[INFO] [1790146408.856350326] [GSL - Trace]: [32mSimulation level 3 done[0m
[INFO] [1790146408.857012592] [GSL - Trace]: [32mSimulation level 4 done[0m
[INFO] [1790146408.857029525] [GSL]: Number of levels in the simulation: 4
[INFO] [1790146408.857037050] [GSL]: Total number of simulations: 116
[INFO] [1790146408.857069089] [GSL]: Time ellapsed in simulation = 0.820059779 s
[INFO] [1790146408.857189004] [GSL]: NATIVE_RECOVERY_SOURCE_UPDATE_COMPLETE=1
[INFO] [1790146408.863332383] [GSL]: Max mutual info: 1.839
[INFO] [1790146408.863486379] [GSL]: MutualInformation - Ellapsed: 0.006s
[INFO] [1790146408.894716080] [GSL]: Sending goal (-0.20, -6.53)
[INFO] [1790146408.894948809] [GSL]: Variance: 19.13
[INFO] [1790146408.894962820] [GSL - Trace]: [32mEntering Moving[0m
[INFO] [1790146409.428462514] [rclcpp]: signal_handler(signum=2)
