[INFO] [1790146244.015847236] [vgr_uav_sim]: Loading VGR data from /mnt/hgfs/workspace/GADEN_files/scenarios/House01, config=2,4-1_fast
[INFO] [1790146244.091264495] [vgr_uav_sim]: Occupancy: 87x114 slice z_idx=13 (z=0.3m), free=6866, obstacle=3052, input_sha256=846003ffbbc8e99aa322cf189356399412763710e937bb5e5316186afccf17cb
[INFO] [1790146244.265121333] [vgr_uav_sim]: Gas backend=raw_house1_snapshot exec=/home/zyc/hcmc_gaden_seed_build_20260922/house1_raw_query env_root=/mnt/hgfs/workspace/GADEN_files/scenarios/House01 gas_results=/mnt/hgfs/workspace/GADEN_files/scenarios/House01/gas_simulations/2,4-1_fast/FilamentSimulation_gasType_10_sourcePosition_-0.40_-2.90_-0.30 max_iteration=1999
[INFO] [1790146244.267769105] [vgr_uav_sim]: Navigation grid: coarse 29x38 cell=0.3000 free=626 obstacle=476 (reduce_scale=3)
[INFO] [1790146244.316612254] [vgr_uav_sim]: UAV Sim v3 ready. Start=(-3.17,-1.75), sim_dt=0.200s, realtime_factor=1.00, sensor=asymmetric, vertical_motion=False, open_loop_profile=hover
[WARN] [1790146292.483241882] [vgr_uav_sim]: PLAN_CB: called with goal=(-5.60,-0.83)
[WARN] [1790146292.486942588] [vgr_uav_sim]: PLAN_CB: returning 10 poses
[INFO] [1790146292.498218075] [vgr_uav_sim]: Prepared 10 collision-free navigation waypoints to (-5.60, -0.83)
[INFO] [1790146292.499470223] [vgr_uav_sim]: UAV navigating in audited 2-D mode to (-5.60, -0.83, 0.30)
[WARN] [1790146326.687218656] [vgr_uav_sim]: PLAN_CB: called with goal=(-6.20,-5.93)
[WARN] [1790146326.703403282] [vgr_uav_sim]: PLAN_CB: returning 45 poses
[INFO] [1790146326.717327073] [vgr_uav_sim]: Prepared 45 collision-free navigation waypoints to (-6.20, -5.93)
[INFO] [1790146326.718563071] [vgr_uav_sim]: UAV navigating in audited 2-D mode to (-6.20, -5.93, 0.30)
[WARN] [1790146368.193949783] [vgr_uav_sim]: PLAN_CB: called with goal=(-4.10,-0.53)
[WARN] [1790146368.200051297] [vgr_uav_sim]: PLAN_CB: returning 40 poses
[INFO] [1790146368.217185994] [vgr_uav_sim]: Prepared 40 collision-free navigation waypoints to (-4.10, -0.53)
[INFO] [1790146368.218762232] [vgr_uav_sim]: UAV navigating in audited 2-D mode to (-4.10, -0.53, 0.30)
[WARN] [1790146408.869308366] [vgr_uav_sim]: PLAN_CB: called with goal=(-0.20,-6.53)
[WARN] [1790146408.887079081] [vgr_uav_sim]: PLAN_CB: returning 32 poses
[INFO] [1790146408.901281401] [vgr_uav_sim]: Prepared 32 collision-free navigation waypoints to (-0.20, -6.53)
[INFO] [1790146408.902594393] [vgr_uav_sim]: UAV navigating in audited 2-D mode to (-0.20, -6.53, 0.30)
