{
  "decision": "PMFS3D_O0_VERTICAL_INFORMATION_STRONG",
  "generated_projected_runs": [
    {
      "cube_sha256": "4a4fe7336deccde07aa9ad7ec2f29ddfb7f78c8c609cdd169300702d6b10e961",
      "cube_shape": [
        10,
        83,
        119
      ],
      "extract_log_sha256": "eec51a3dcc1e55d0b184d2fde40d8511bddc889d1153a255940693390d57f644",
      "generation_log_sha256": "11d4d4054d614bb81ebf0dc8ea1183ebe7b4568d651e72bc0722a07ba1142577",
      "seed": 2026092301,
      "source_xyz": [
        -2.242730141,
        -2.200880051,
        0.2
      ],
      "wind0_sha256": "fd94a9f8d4f82a7fdfd427bd93e2f70d67ced2b54932bbd31f8a4fedd960b5d6",
      "wind_dir": "/mnt/hgfs/workspace/PMFS3D_O0_PROJECTED2D_20261001/projected2d_wind"
    },
    {
      "cube_sha256": "5d9667db4f4bfbc24f42327c9ff399a5b7effca44447689b360ef96865ee38dc",
      "cube_shape": [
        10,
        83,
        119
      ],
      "extract_log_sha256": "a65cacffac00ad7474c5542b4e748811f8f365ac6e2d69d9a5507a3649dea906",
      "generation_log_sha256": "108f168e3cb785deec15e8bc19c729a5cc476e07e4b2baa33d257334dbb8f926",
      "seed": 2026092302,
      "source_xyz": [
        -2.242730141,
        -2.200880051,
        0.2
      ],
      "wind0_sha256": "fd94a9f8d4f82a7fdfd427bd93e2f70d67ced2b54932bbd31f8a4fedd960b5d6",
      "wind_dir": "/mnt/hgfs/workspace/PMFS3D_O0_PROJECTED2D_20261001/projected2d_wind"
    },
    {
      "cube_sha256": "dca6538ac54e8a1b6e247038a619721d7b705d5cd72a15a5c290a9bfbfa02255",
      "cube_shape": [
        10,
        83,
        119
      ],
      "extract_log_sha256": "ff217ca51135622409af2039ef799772eff1bdf811c6869c933c9a8078ab3ac2",
      "generation_log_sha256": "481e9de06ad4a4af94ecb70dfa00e26838e40edabb4ab293f0e2caf3f3189a5a",
      "seed": 2026092301,
      "source_xyz": [
        -4.342730045,
        2.899120331,
        0.2
      ],
      "wind0_sha256": "fd94a9f8d4f82a7fdfd427bd93e2f70d67ced2b54932bbd31f8a4fedd960b5d6",
      "wind_dir": "/mnt/hgfs/workspace/PMFS3D_O0_PROJECTED2D_20261001/projected2d_wind"
    },
    {
      "cube_sha256": "04ad3fb1f0e90e36dcf486c38e15865cc9dad3fc2e1c3952b39855ee8528ca95",
      "cube_shape": [
        10,
        83,
        119
      ],
      "extract_log_sha256": "8c08e6b1e008f5950ad53b8eb25ff03464676cc736de2dc8608ef2193aac9c38",
      "generation_log_sha256": "d3472a6a6e14c76fe0f8a2790fe1aeee63f742fe273896075088b30cf57b45da",
      "seed": 2026092302,
      "source_xyz": [
        -4.342730045,
        2.899120331,
        0.2
      ],
      "wind0_sha256": "fd94a9f8d4f82a7fdfd427bd93e2f70d67ced2b54932bbd31f8a4fedd960b5d6",
      "wind_dir": "/mnt/hgfs/workspace/PMFS3D_O0_PROJECTED2D_20261001/projected2d_wind"
    }
  ],
  "metric": "compositional_static_profile_hellinger_affinity",
  "provenance": {
    "binary_sha256": "4127b9ba4f42186ba2d6d33c84fba8d4b92749da59b83750fa4847dbd9957ce1",
    "extractor_sha256": "206cc92384866dcb7d966c6f8f9ec87862e15c7fee460a43c04014b58e3cae91",
    "occupancy_sha256": "9402690152be4568ced8f2256e9098d82691aaaa1f22a1887eeac55d0e5d098d",
    "projection_manifest_sha256": "1e85e1b9198ab71abde96df22a91506956954c852e6492008b11cb15fa65283d",
    "wind_iteration1_sha256": "2fa27ec72a7f05fbaca58b99e4f9390a5c477ee379d7e247e6fde57bbde49846"
  },
  "scope": "House02 W1 DEVELOPMENT ONLY; fixed source z=0.2; target fields are full-3D GADEN; projected arm uses sensor-height u,v extruded over z and w=0",
  "seeds": {
    "A": 2026092301,
    "B": 2026092302
  },
  "source_xyz": {
    "S1": [
      -2.242730141,
      -2.200880051,
      0.2
    ],
    "S2": [
      -4.342730045,
      2.899120331,
      0.2
    ]
  },
  "summary": {
    "full3d_correct": 4,
    "improved_margin_count": 4,
    "median_delta_margin": 0.5183935721975692,
    "projected2d_correct": 4
  },
  "targets": [
    {
      "delta_margin_3d_minus_projected": 0.3290722077878344,
      "full3d_correct": true,
      "full3d_false_affinity": 0.08444263566382217,
      "full3d_margin": 0.9126035167407223,
      "full3d_truth_affinity": 0.9970461524045444,
      "projected2d_correct": true,
      "projected2d_false_affinity": 0.062475107932521395,
      "projected2d_margin": 0.5835313089528879,
      "projected2d_truth_affinity": 0.6460064168854093,
      "target_rep": "A",
      "target_source": "S1",
      "template_rep": "B"
    },
    {
      "delta_margin_3d_minus_projected": 0.2858563614891664,
      "full3d_correct": true,
      "full3d_false_affinity": 0.1158544812728945,
      "full3d_margin": 0.8811916711316499,
      "full3d_truth_affinity": 0.9970461524045444,
      "projected2d_correct": true,
      "projected2d_false_affinity": 0.04413935841533794,
      "projected2d_margin": 0.5953353096424835,
      "projected2d_truth_affinity": 0.6394746680578214,
      "target_rep": "B",
      "target_source": "S1",
      "template_rep": "A"
    },
    {
      "delta_margin_3d_minus_projected": 0.7077149366073039,
      "full3d_correct": true,
      "full3d_false_affinity": 0.1158544812728945,
      "full3d_margin": 0.8644752172117154,
      "full3d_truth_affinity": 0.9803296984846098,
      "projected2d_correct": true,
      "projected2d_false_affinity": 0.09718245402973923,
      "projected2d_margin": 0.15676028060441144,
      "projected2d_truth_affinity": 0.2539427346341507,
      "target_rep": "A",
      "target_source": "S2",
      "template_rep": "B"
    },
    {
      "delta_margin_3d_minus_projected": 0.7203092848305092,
      "full3d_correct": true,
      "full3d_false_affinity": 0.08444263566382217,
      "full3d_margin": 0.8958870628207877,
      "full3d_truth_affinity": 0.9803296984846098,
      "projected2d_correct": true,
      "projected2d_false_affinity": 0.06659290065350859,
      "projected2d_margin": 0.17557777799027854,
      "projected2d_truth_affinity": 0.24217067864378714,
      "target_rep": "B",
      "target_source": "S2",
      "template_rep": "A"
    }
  ]
}
