[INFO] [1788882522.423480087] [GSL]: Starting GSL server
[INFO] [1788882527.453240930] [GSL]: GSL action server is ready for action!
[INFO] [1788882528.454127592] [GSL]: [33mRequest received: PMFS[0m
[INFO] [1788882529.462335578] [GSL]: Waiting to hear from localization topic: /amcl_pose
[INFO] [1788882529.463794060] [GSL]: Gas sensor topic: '/PID/Sensor_reading'
[INFO] [1788882529.464337237] [GSL]: Wind sensor topic: '/Anemometer/WindSensor_reading'
[INFO] [1788882529.464369342] [GSL]: [34mINITIALIZATON COMPLETED[0m
[INFO] [1788882529.483975626] [GSL - Trace]: [32mEntering WaitForMap[0m
[INFO] [1788882529.484011873] [GSL - Trace]: [32mNeed occupancy map and costmap[0m
[INFO] [1788882529.535771856] [GSL - Trace]: [32mGot occupancy map[0m
[INFO] [1788882529.535885945] [GSL]: 
--------------GSL---------------
Occupancy Map dimensions:
x_min:-7.5 x_max:1.1   -   y_min:-7.9 y_max:3.5
--------------------------------
[INFO] [1788882529.536020308] [GSL]: [MAP-DEBUG] 87x114 res=0.1000 free=6866 obs=3052 unk=0 origin=(-7.55,-7.88)
[INFO] [1788882529.537328330] [GSL - Trace]: [32mCreated grid[0m
[INFO] [1788882529.537353661] [GSL]: [DEBUG] After reduceOccupancyMap: free=626 obstacle=476 total=1102
[INFO] [1788882529.537829160] [GSL - Trace]: [32mPruned unreachable cells[0m
[INFO] [1788882529.537849488] [GSL]: [DEBUG] After PruneUnreachable: free=626 obstacle=476 total=1102
[INFO] [1788882529.537856944] [GSL]: [DEBUG] Grid dims: 29x38 scale=3 cellSize=0.3
[INFO] [1788882529.537863201] [GSL]: [DEBUG] Start pos: (-3.17, -1.75)
[INFO] [1788882529.542988500] [GSL - Trace]: [32mCreated visibility map[0m
[INFO] [1788882529.553468159] [GSL]: Number of cells after fusing quadtree: 74
[INFO] [1788882529.554376219] [GSL]: [DEBUG-WIND] useGroundTruth=false gmrf_req_size=626 gaden_req_size=-1
[INFO] [1788882529.554395359] [GSL]: [DEBUG-WIND] Taking GMRF path
[INFO] [1788882529.588612290] [GSL - Trace]: [32mEntering StopAndMeasure[0m
[INFO] [1788882530.235722138] [GSL - Trace]: [32mGot cost map[0m
[INFO] [1788882531.435934059] [GSL]: 10 gas measurements, 10 wind measurements over 1.85 seconds
[INFO] [1788882531.436381661] [GSL]: avg_gas=0.031;  avg_windSpeed=0.048;  avg_wind_dir=-0.12
[INFO] [1788882531.437741715] [GSL]: [33mNOTHING [0m
[INFO] [1788882531.437776892] [GSL]: [DEBUG-WIND] useGroundTruth=false gmrf_req_size=626 gaden_req_size=-1
[INFO] [1788882531.437787616] [GSL]: [DEBUG-WIND] Taking GMRF path
[INFO] [1788882531.488677547] [GSL - Trace]: [32mEntering StopAndMeasure[0m
[INFO] [1788882533.435901259] [GSL]: 10 gas measurements, 10 wind measurements over 1.95 seconds
[INFO] [1788882533.435955597] [GSL]: avg_gas=0.034;  avg_windSpeed=0.065;  avg_wind_dir=-1.8
[INFO] [1788882533.436483082] [GSL]: [33mNOTHING [0m
[INFO] [1788882533.436505821] [GSL]: [DEBUG-WIND] useGroundTruth=false gmrf_req_size=626 gaden_req_size=-1
[INFO] [1788882533.436512909] [GSL]: [DEBUG-WIND] Taking GMRF path
[INFO] [1788882533.489188980] [GSL - Trace]: [32mEntering StopAndMeasure[0m
[INFO] [1788882535.435689122] [GSL]: 10 gas measurements, 10 wind measurements over 1.95 seconds
[INFO] [1788882535.436085827] [GSL]: avg_gas=0.046;  avg_windSpeed=0.048;  avg_wind_dir=-0.12
[INFO] [1788882535.436777499] [GSL]: [33mNOTHING [0m
[INFO] [1788882535.436807504] [GSL]: [DEBUG-WIND] useGroundTruth=false gmrf_req_size=626 gaden_req_size=-1
[INFO] [1788882535.436816065] [GSL]: [DEBUG-WIND] Taking GMRF path
[INFO] [1788882535.489017307] [GSL - Trace]: [32mEntering StopAndMeasure[0m
[INFO] [1788882537.436004661] [GSL]: 10 gas measurements, 10 wind measurements over 1.95 seconds
[INFO] [1788882537.436067400] [GSL]: avg_gas=0.051;  avg_windSpeed=0.065;  avg_wind_dir=-1.8
[INFO] [1788882537.437038414] [GSL]: [33mNOTHING [0m
[INFO] [1788882537.437074724] [GSL]: [DEBUG-WIND] useGroundTruth=false gmrf_req_size=626 gaden_req_size=-1
[INFO] [1788882537.437084221] [GSL]: [DEBUG-WIND] Taking GMRF path
[INFO] [1788882537.488818553] [GSL - Trace]: [32mEntering StopAndMeasure[0m
[INFO] [1788882539.435732093] [GSL]: 10 gas measurements, 10 wind measurements over 1.95 seconds
[INFO] [1788882539.436298459] [GSL]: avg_gas=0.075;  avg_windSpeed=0.048;  avg_wind_dir=-0.12
[INFO] [1788882539.437140078] [GSL]: [33mNOTHING [0m
[INFO] [1788882539.437155753] [GSL]: [DEBUG-WIND] useGroundTruth=false gmrf_req_size=626 gaden_req_size=-1
[INFO] [1788882539.437166057] [GSL]: [DEBUG-WIND] Taking GMRF path
[INFO] [1788882539.488938733] [GSL - Trace]: [32mEntering StopAndMeasure[0m
[INFO] [1788882541.436042753] [GSL]: 10 gas measurements, 10 wind measurements over 1.95 seconds
[INFO] [1788882541.436119777] [GSL]: avg_gas=0.075;  avg_windSpeed=0.065;  avg_wind_dir=-1.8
[INFO] [1788882541.436720354] [GSL]: [33mNOTHING [0m
[INFO] [1788882541.436745716] [GSL]: [DEBUG-WIND] useGroundTruth=false gmrf_req_size=626 gaden_req_size=-1
[INFO] [1788882541.436753407] [GSL]: [DEBUG-WIND] Taking GMRF path
[INFO] [1788882541.488934271] [GSL - Trace]: [32mEntering StopAndMeasure[0m
[INFO] [1788882543.435777486] [GSL]: 10 gas measurements, 10 wind measurements over 1.95 seconds
[INFO] [1788882543.435912340] [GSL]: avg_gas=0.072;  avg_windSpeed=0.048;  avg_wind_dir=-0.12
[INFO] [1788882543.437225357] [GSL]: [33mNOTHING [0m
[INFO] [1788882543.437260145] [GSL]: [DEBUG-WIND] useGroundTruth=false gmrf_req_size=626 gaden_req_size=-1
[INFO] [1788882543.437271198] [GSL]: [DEBUG-WIND] Taking GMRF path
[INFO] [1788882543.489128981] [GSL - Trace]: [32mEntering StopAndMeasure[0m
[INFO] [1788882545.436026614] [GSL]: 10 gas measurements, 10 wind measurements over 1.95 seconds
[INFO] [1788882545.436096269] [GSL]: avg_gas=0.054;  avg_windSpeed=0.065;  avg_wind_dir=-1.8
[INFO] [1788882545.436779590] [GSL]: [33mNOTHING [0m
[INFO] [1788882545.436793478] [GSL]: [DEBUG-WIND] useGroundTruth=false gmrf_req_size=626 gaden_req_size=-1
[INFO] [1788882545.436803133] [GSL]: [DEBUG-WIND] Taking GMRF path
[INFO] [1788882545.503425754] [GSL]: Max mutual info: 6.439
[WARN] [1788882545.504373861] [rcl.logging_rosout]: Publisher already registered for provided node name. If this is due to multiple nodes with the same name then all logs for that logger name will go out over the existing publisher. As soon as any node with that name is destructed it will unregister the publisher, preventing any further logs for that name from being published on the rosout topic.
[INFO] [1788882545.518520244] [GSL]: MutualInformation - Ellapsed: 0.029s
[INFO] [1788882545.545704837] [GSL]: Sending goal (-4.10, -1.13)
[INFO] [1788882545.546356159] [GSL]: Variance: 16.02
[INFO] [1788882545.546377763] [GSL - Trace]: [32mEntering Moving[0m
[INFO] [1788882546.309603802] [GSL - Trace]: [32mEntering StopAndMeasure[0m
[INFO] [1788882548.241894840] [GSL]: 10 gas measurements, 10 wind measurements over 1.93 seconds
[INFO] [1788882548.241946850] [GSL]: avg_gas=0.059;  avg_windSpeed=0.084;  avg_wind_dir=0.67
[INFO] [1788882548.242459378] [GSL]: [33mNOTHING [0m
[INFO] [1788882548.242468831] [GSL]: [DEBUG-WIND] useGroundTruth=false gmrf_req_size=626 gaden_req_size=-1
[INFO] [1788882548.242475560] [GSL]: [DEBUG-WIND] Taking GMRF path
[INFO] [1788882548.288543498] [GSL - Trace]: [32mEntering StopAndMeasure[0m
[INFO] [1788882550.247575405] [GSL]: 10 gas measurements, 10 wind measurements over 1.96 seconds
[INFO] [1788882550.247675730] [GSL]: avg_gas=0.061;  avg_windSpeed=0.1;  avg_wind_dir=-2.2
[INFO] [1788882550.248736146] [GSL]: [33mNOTHING [0m
[INFO] [1788882550.248890807] [GSL]: [DEBUG-WIND] useGroundTruth=false gmrf_req_size=626 gaden_req_size=-1
[INFO] [1788882550.248917418] [GSL]: [DEBUG-WIND] Taking GMRF path
[INFO] [1788882550.288996731] [GSL - Trace]: [32mEntering StopAndMeasure[0m
[INFO] [1788882552.247410707] [GSL]: 10 gas measurements, 10 wind measurements over 1.96 seconds
[INFO] [1788882552.247473594] [GSL]: avg_gas=0.065;  avg_windSpeed=0.084;  avg_wind_dir=0.67
[INFO] [1788882552.248036491] [GSL]: [33mNOTHING [0m
[INFO] [1788882552.248047043] [GSL]: [DEBUG-WIND] useGroundTruth=false gmrf_req_size=626 gaden_req_size=-1
[INFO] [1788882552.248053969] [GSL]: [DEBUG-WIND] Taking GMRF path
[INFO] [1788882552.288827588] [GSL - Trace]: [32mEntering StopAndMeasure[0m
[INFO] [1788882554.247523974] [GSL]: 10 gas measurements, 10 wind measurements over 1.96 seconds
[INFO] [1788882554.247602009] [GSL]: avg_gas=0.067;  avg_windSpeed=0.1;  avg_wind_dir=-2.2
[INFO] [1788882554.248334101] [GSL]: [33mNOTHING [0m
[INFO] [1788882554.248347717] [GSL]: [DEBUG-WIND] useGroundTruth=false gmrf_req_size=626 gaden_req_size=-1
[INFO] [1788882554.248357021] [GSL]: [DEBUG-WIND] Taking GMRF path
[INFO] [1788882554.289016180] [GSL - Trace]: [32mEntering StopAndMeasure[0m
[INFO] [1788882556.247342571] [GSL]: 10 gas measurements, 10 wind measurements over 1.96 seconds
[INFO] [1788882556.247393148] [GSL]: avg_gas=0.089;  avg_windSpeed=0.084;  avg_wind_dir=0.67
[INFO] [1788882556.248011658] [GSL]: [33mNOTHING [0m
[INFO] [1788882556.248037904] [GSL]: [DEBUG-WIND] useGroundTruth=false gmrf_req_size=626 gaden_req_size=-1
[INFO] [1788882556.248044834] [GSL]: [DEBUG-WIND] Taking GMRF path
[INFO] [1788882556.288613923] [GSL - Trace]: [32mEntering StopAndMeasure[0m
[INFO] [1788882558.247620882] [GSL]: 10 gas measurements, 10 wind measurements over 1.96 seconds
[INFO] [1788882558.248169539] [GSL]: avg_gas=0.097;  avg_windSpeed=0.1;  avg_wind_dir=-2.2
[INFO] [1788882558.248658770] [GSL]: [33mNOTHING [0m
[INFO] [1788882558.248668894] [GSL]: [DEBUG-WIND] useGroundTruth=false gmrf_req_size=626 gaden_req_size=-1
[INFO] [1788882558.248675646] [GSL]: [DEBUG-WIND] Taking GMRF path
[INFO] [1788882558.288569741] [GSL - Trace]: [32mEntering StopAndMeasure[0m
[INFO] [1788882560.247418996] [GSL]: 10 gas measurements, 10 wind measurements over 1.96 seconds
[INFO] [1788882560.247479837] [GSL]: avg_gas=0.089;  avg_windSpeed=0.084;  avg_wind_dir=0.67
[INFO] [1788882560.248152455] [GSL]: [33mNOTHING [0m
[INFO] [1788882560.248175615] [GSL]: [DEBUG-WIND] useGroundTruth=false gmrf_req_size=626 gaden_req_size=-1
[INFO] [1788882560.248182361] [GSL]: [DEBUG-WIND] Taking GMRF path
[INFO] [1788882560.289032493] [GSL - Trace]: [32mEntering StopAndMeasure[0m
[INFO] [1788882562.247476864] [GSL]: 10 gas measurements, 10 wind measurements over 1.96 seconds
[INFO] [1788882562.248615250] [GSL]: avg_gas=0.094;  avg_windSpeed=0.1;  avg_wind_dir=-2.2
[INFO] [1788882562.249326732] [GSL]: [33mNOTHING [0m
[INFO] [1788882562.249340622] [GSL]: [DEBUG-WIND] useGroundTruth=false gmrf_req_size=626 gaden_req_size=-1
[INFO] [1788882562.249350846] [GSL]: [DEBUG-WIND] Taking GMRF path
[INFO] [1788882562.298090284] [GSL]: Max mutual info: 6.439
[INFO] [1788882562.298242421] [GSL]: MutualInformation - Ellapsed: 0.009s
[INFO] [1788882562.327374002] [GSL]: Sending goal (-5.00, -0.83)
[INFO] [1788882562.327922284] [GSL]: Variance: 16.02
[INFO] [1788882562.327945263] [GSL - Trace]: [32mEntering Moving[0m
[INFO] [1788882563.098510722] [GSL - Trace]: [32mEntering StopAndMeasure[0m
[INFO] [1788882565.047615240] [GSL]: 10 gas measurements, 10 wind measurements over 1.95 seconds
[INFO] [1788882565.047970208] [GSL]: avg_gas=0.08;  avg_windSpeed=0.11;  avg_wind_dir=1.5
[INFO] [1788882565.048970796] [GSL]: [33mNOTHING [0m
[INFO] [1788882565.049012479] [GSL]: [DEBUG-WIND] useGroundTruth=false gmrf_req_size=626 gaden_req_size=-1
[INFO] [1788882565.049675093] [GSL]: [DEBUG-WIND] Taking GMRF path
[INFO] [1788882565.088965218] [GSL - Trace]: [32mEntering StopAndMeasure[0m
[INFO] [1788882567.047485265] [GSL]: 10 gas measurements, 10 wind measurements over 1.96 seconds
[INFO] [1788882567.047574597] [GSL]: avg_gas=0.081;  avg_windSpeed=0.031;  avg_wind_dir=-1.7
[INFO] [1788882567.048489280] [GSL]: [33mNOTHING [0m
[INFO] [1788882567.048518725] [GSL]: [DEBUG-WIND] useGroundTruth=false gmrf_req_size=626 gaden_req_size=-1
[INFO] [1788882567.048531060] [GSL]: [DEBUG-WIND] Taking GMRF path
[INFO] [1788882567.089259291] [GSL - Trace]: [32mEntering StopAndMeasure[0m
[INFO] [1788882569.047568478] [GSL]: 10 gas measurements, 10 wind measurements over 1.96 seconds
[INFO] [1788882569.047920533] [GSL]: avg_gas=0.082;  avg_windSpeed=0.11;  avg_wind_dir=1.5
[INFO] [1788882569.048456168] [GSL]: [33mNOTHING [0m
[INFO] [1788882569.048466460] [GSL]: [DEBUG-WIND] useGroundTruth=false gmrf_req_size=626 gaden_req_size=-1
[INFO] [1788882569.048780492] [GSL]: [DEBUG-WIND] Taking GMRF path
[INFO] [1788882569.088415321] [GSL - Trace]: [32mEntering StopAndMeasure[0m
[INFO] [1788882571.047776966] [GSL]: 10 gas measurements, 10 wind measurements over 1.96 seconds
[INFO] [1788882571.047931796] [GSL]: avg_gas=0.094;  avg_windSpeed=0.031;  avg_wind_dir=-1.7
[INFO] [1788882571.048541764] [GSL]: [33mNOTHING [0m
[INFO] [1788882571.048552950] [GSL]: [DEBUG-WIND] useGroundTruth=false gmrf_req_size=626 gaden_req_size=-1
[INFO] [1788882571.048561359] [GSL]: [DEBUG-WIND] Taking GMRF path
[INFO] [1788882571.088948246] [GSL - Trace]: [32mEntering StopAndMeasure[0m
[INFO] [1788882573.047540255] [GSL]: 10 gas measurements, 10 wind measurements over 1.96 seconds
[INFO] [1788882573.047652103] [GSL]: avg_gas=0.079;  avg_windSpeed=0.11;  avg_wind_dir=1.5
[INFO] [1788882573.048522681] [GSL]: [33mNOTHING [0m
[INFO] [1788882573.048540256] [GSL]: [DEBUG-WIND] useGroundTruth=false gmrf_req_size=626 gaden_req_size=-1
[INFO] [1788882573.049026633] [GSL]: [DEBUG-WIND] Taking GMRF path
[INFO] [1788882573.089713310] [GSL - Trace]: [32mEntering StopAndMeasure[0m
[INFO] [1788882575.047465382] [GSL]: 10 gas measurements, 10 wind measurements over 1.96 seconds
[INFO] [1788882575.047556581] [GSL]: avg_gas=0.075;  avg_windSpeed=0.031;  avg_wind_dir=-1.7
[INFO] [1788882575.048362357] [GSL]: [33mNOTHING [0m
[INFO] [1788882575.048379144] [GSL]: [DEBUG-WIND] useGroundTruth=false gmrf_req_size=626 gaden_req_size=-1
[INFO] [1788882575.048390776] [GSL]: [DEBUG-WIND] Taking GMRF path
[INFO] [1788882575.088975300] [GSL - Trace]: [32mEntering StopAndMeasure[0m
[INFO] [1788882577.047431823] [GSL]: 10 gas measurements, 10 wind measurements over 1.96 seconds
[INFO] [1788882577.047496655] [GSL]: avg_gas=0.13;  avg_windSpeed=0.11;  avg_wind_dir=1.5
[INFO] [1788882577.047987972] [GSL]: [33mGAS HIT[0m
[INFO] [1788882577.047997804] [GSL]: [DEBUG-WIND] useGroundTruth=false gmrf_req_size=626 gaden_req_size=-1
[INFO] [1788882577.048326174] [GSL]: [DEBUG-WIND] Taking GMRF path
[INFO] [1788882577.088433070] [GSL - Trace]: [32mEntering StopAndMeasure[0m
[INFO] [1788882579.047475024] [GSL]: 10 gas measurements, 10 wind measurements over 1.96 seconds
[INFO] [1788882579.047544874] [GSL]: avg_gas=0.15;  avg_windSpeed=0.031;  avg_wind_dir=-1.7
[INFO] [1788882579.047990472] [GSL]: [33mGAS HIT[0m
[INFO] [1788882579.048000446] [GSL]: [DEBUG-WIND] useGroundTruth=false gmrf_req_size=626 gaden_req_size=-1
[INFO] [1788882579.048007063] [GSL]: [DEBUG-WIND] Taking GMRF path
[INFO] [1788882579.088431228] [GSL]: [33mStarted simulations. Might take a while![0m
[INFO] [1788882579.453503593] [GSL]: CER contrastive context initialized: events=8, candidates=74, transport_members=3, fixed_ratio_weight=1, context_within_member=true, centered_log_odds=true
[INFO] [1788882579.454828587] [GSL - Trace]: [32mFirst simulation level done[0m
[INFO] [1788882579.454870788] [GSL]: [RC2-DIAG] scores_size=74 refineFraction=0.25 refine_product=18.5 valid_first_level=74 sum_sourceProbInternal_before_norm=1.515796147471395 min_sourceProbInternal_before_norm=0 max_sourceProbInternal_before_norm=0.0034734086197865245 finite_sourceProbInternal=1102 finite_varianceOfHitProb=1102
[INFO] [1788882579.740464721] [GSL - Trace]: [32mSimulation level 2 done[0m
[INFO] [1788882579.887884728] [GSL - Trace]: [32mSimulation level 3 done[0m
[INFO] [1788882579.942163977] [GSL - Trace]: [32mSimulation level 4 done[0m
[INFO] [1788882579.942220539] [GSL - Trace]: [32mSimulation level 5 done[0m
[INFO] [1788882579.942231138] [GSL]: Number of levels in the simulation: 5
[INFO] [1788882579.942238018] [GSL]: Total number of simulations: 160
[INFO] [1788882579.942259657] [GSL]: CORE sequential event-time commit: window_start=0, new_events=8, committed_total=8
[INFO] [1788882579.942273602] [GSL]: [RC2-DIAG] normalized_finite_count=1102 normalized_sum=1
[INFO] [1788882579.942280649] [GSL]: Time ellapsed in simulation = 0.8537853950000001 s
[INFO] [1788882579.945796970] [GSL]: Max mutual info: 2.240
[INFO] [1788882579.946705475] [GSL]: MutualInformation - Ellapsed: 0.004s
[INFO] [1788882579.972642518] [GSL]: Sending goal (-5.90, -0.83)
[INFO] [1788882579.973149122] [GSL]: Variance: 18.44
[INFO] [1788882579.973174710] [GSL - Trace]: [32mEntering Moving[0m
[INFO] [1788882580.686765589] [GSL - Trace]: [32mEntering StopAndMeasure[0m
[INFO] [1788882582.624247649] [GSL]: 10 gas measurements, 10 wind measurements over 1.94 seconds
[INFO] [1788882582.624309909] [GSL]: avg_gas=0.11;  avg_windSpeed=0.27;  avg_wind_dir=0.26
[INFO] [1788882582.624906861] [GSL]: [33mGAS HIT[0m
[INFO] [1788882582.624918455] [GSL]: [DEBUG-WIND] useGroundTruth=false gmrf_req_size=626 gaden_req_size=-1
[INFO] [1788882582.624929393] [GSL]: [DEBUG-WIND] Taking GMRF path
[INFO] [1788882582.689257715] [GSL - Trace]: [32mEntering StopAndMeasure[0m
[INFO] [1788882584.624066950] [GSL]: 10 gas measurements, 10 wind measurements over 1.93 seconds
[INFO] [1788882584.624116975] [GSL]: avg_gas=0.069;  avg_windSpeed=0.071;  avg_wind_dir=-1.9
[INFO] [1788882584.624783743] [GSL]: [33mNOTHING [0m
[INFO] [1788882584.624799566] [GSL]: [DEBUG-WIND] useGroundTruth=false gmrf_req_size=626 gaden_req_size=-1
[INFO] [1788882584.624806316] [GSL]: [DEBUG-WIND] Taking GMRF path
[INFO] [1788882584.689001960] [GSL - Trace]: [32mEntering StopAndMeasure[0m
[INFO] [1788882586.674355690] [GSL]: 10 gas measurements, 10 wind measurements over 1.99 seconds
[INFO] [1788882586.674460510] [GSL]: avg_gas=0.058;  avg_windSpeed=0.27;  avg_wind_dir=0.26
[INFO] [1788882586.675344017] [GSL]: [33mNOTHING [0m
[INFO] [1788882586.675359442] [GSL]: [DEBUG-WIND] useGroundTruth=false gmrf_req_size=626 gaden_req_size=-1
[INFO] [1788882586.675370134] [GSL]: [DEBUG-WIND] Taking GMRF path
[INFO] [1788882586.688937183] [GSL - Trace]: [32mEntering StopAndMeasure[0m
[INFO] [1788882588.674372516] [GSL]: 10 gas measurements, 10 wind measurements over 1.99 seconds
[INFO] [1788882588.674489675] [GSL]: avg_gas=0.085;  avg_windSpeed=0.071;  avg_wind_dir=-1.9
[INFO] [1788882588.675947843] [GSL]: [33mNOTHING [0m
[INFO] [1788882588.675970296] [GSL]: [DEBUG-WIND] useGroundTruth=false gmrf_req_size=626 gaden_req_size=-1
[INFO] [1788882588.675983573] [GSL]: [DEBUG-WIND] Taking GMRF path
[INFO] [1788882588.688756646] [GSL - Trace]: [32mEntering StopAndMeasure[0m
[INFO] [1788882590.624097297] [GSL]: 10 gas measurements, 10 wind measurements over 1.94 seconds
[INFO] [1788882590.624152143] [GSL]: avg_gas=0.088;  avg_windSpeed=0.27;  avg_wind_dir=0.26
[INFO] [1788882590.624659633] [GSL]: [33mNOTHING [0m
[INFO] [1788882590.624668640] [GSL]: [DEBUG-WIND] useGroundTruth=false gmrf_req_size=626 gaden_req_size=-1
[INFO] [1788882590.624675310] [GSL]: [DEBUG-WIND] Taking GMRF path
[INFO] [1788882590.688834036] [GSL - Trace]: [32mEntering StopAndMeasure[0m
[INFO] [1788882592.674392256] [GSL]: 10 gas measurements, 10 wind measurements over 1.99 seconds
[INFO] [1788882592.674498182] [GSL]: avg_gas=0.073;  avg_windSpeed=0.071;  avg_wind_dir=-1.9
[INFO] [1788882592.675469394] [GSL]: [33mNOTHING [0m
[INFO] [1788882592.675806275] [GSL]: [DEBUG-WIND] useGroundTruth=false gmrf_req_size=626 gaden_req_size=-1
[INFO] [1788882592.675860085] [GSL]: [DEBUG-WIND] Taking GMRF path
[INFO] [1788882592.688954181] [GSL - Trace]: [32mEntering StopAndMeasure[0m
[INFO] [1788882594.674493568] [GSL]: 10 gas measurements, 10 wind measurements over 1.99 seconds
[INFO] [1788882594.674632217] [GSL]: avg_gas=0.063;  avg_windSpeed=0.27;  avg_wind_dir=0.26
[INFO] [1788882594.675693991] [GSL]: [33mNOTHING [0m
[INFO] [1788882594.675713453] [GSL]: [DEBUG-WIND] useGroundTruth=false gmrf_req_size=626 gaden_req_size=-1
[INFO] [1788882594.675886862] [GSL]: [DEBUG-WIND] Taking GMRF path
[INFO] [1788882594.689027874] [GSL - Trace]: [32mEntering StopAndMeasure[0m
[INFO] [1788882596.624130388] [GSL]: 10 gas measurements, 10 wind measurements over 1.93 seconds
[INFO] [1788882596.624188732] [GSL]: avg_gas=0.061;  avg_windSpeed=0.071;  avg_wind_dir=-1.9
[INFO] [1788882596.624609030] [GSL]: [33mNOTHING [0m
[INFO] [1788882596.624618465] [GSL]: [DEBUG-WIND] useGroundTruth=false gmrf_req_size=626 gaden_req_size=-1
[INFO] [1788882596.625019437] [GSL]: [DEBUG-WIND] Taking GMRF path
[INFO] [1788882596.689371219] [GSL]: [33mStarted simulations. Might take a while![0m
[INFO] [1788882597.054390504] [GSL]: CER contrastive context initialized: events=16, candidates=74, transport_members=3, fixed_ratio_weight=1, context_within_member=true, centered_log_odds=true
[INFO] [1788882597.055950174] [GSL - Trace]: [32mFirst simulation level done[0m
[INFO] [1788882597.055986223] [GSL]: [RC2-DIAG] scores_size=74 refineFraction=0.25 refine_product=18.5 valid_first_level=74 sum_sourceProbInternal_before_norm=22.877665001062045 min_sourceProbInternal_before_norm=0 max_sourceProbInternal_before_norm=0.05223135236196543 finite_sourceProbInternal=1102 finite_varianceOfHitProb=1102
[INFO] [1788882597.418455595] [GSL - Trace]: [32mSimulation level 2 done[0m
[INFO] [1788882597.786460539] [GSL - Trace]: [32mSimulation level 3 done[0m
[INFO] [1788882597.997035344] [GSL - Trace]: [32mSimulation level 4 done[0m
[INFO] [1788882598.009351924] [GSL - Trace]: [32mSimulation level 5 done[0m
[INFO] [1788882598.009406643] [GSL]: Number of levels in the simulation: 5
[INFO] [1788882598.009415934] [GSL]: Total number of simulations: 266
[INFO] [1788882598.009443562] [GSL]: CORE sequential event-time commit: window_start=8, new_events=8, committed_total=16
[INFO] [1788882598.009460063] [GSL]: [RC2-DIAG] normalized_finite_count=1102 normalized_sum=1
[INFO] [1788882598.009468797] [GSL]: Time ellapsed in simulation = 1.3199744770000001 s
[INFO] [1788882598.013035664] [GSL]: Max mutual info: 2.597
[INFO] [1788882598.013195436] [GSL]: MutualInformation - Ellapsed: 0.004s
[INFO] [1788882598.069573842] [GSL]: Sending goal (-5.90, -5.03)
[INFO] [1788882598.070093552] [GSL]: Variance: 18.00
[INFO] [1788882598.070109081] [GSL - Trace]: [32mEntering Moving[0m
[INFO] [1788882607.122156100] [GSL - Trace]: [32mEntering StopAndMeasure[0m
[INFO] [1788882609.071410487] [GSL]: 10 gas measurements, 10 wind measurements over 1.95 seconds
[INFO] [1788882609.072307763] [GSL]: avg_gas=0.032;  avg_windSpeed=0.19;  avg_wind_dir=1.1
[INFO] [1788882609.073399053] [GSL]: [33mNOTHING [0m
[INFO] [1788882609.073418103] [GSL]: [DEBUG-WIND] useGroundTruth=false gmrf_req_size=626 gaden_req_size=-1
[INFO] [1788882609.073431500] [GSL]: [DEBUG-WIND] Taking GMRF path
[INFO] [1788882609.089163142] [GSL - Trace]: [32mEntering StopAndMeasure[0m
[INFO] [1788882611.071328989] [GSL]: 10 gas measurements, 10 wind measurements over 1.98 seconds
[INFO] [1788882611.071451314] [GSL]: avg_gas=0.0061;  avg_windSpeed=0.22;  avg_wind_dir=1.2
[INFO] [1788882611.072751486] [GSL]: [33mNOTHING [0m
[INFO] [1788882611.072887983] [GSL]: [DEBUG-WIND] useGroundTruth=false gmrf_req_size=626 gaden_req_size=-1
[INFO] [1788882611.072904685] [GSL]: [DEBUG-WIND] Taking GMRF path
[INFO] [1788882611.088986385] [GSL - Trace]: [32mEntering StopAndMeasure[0m
[INFO] [1788882613.071514453] [GSL]: 10 gas measurements, 10 wind measurements over 1.98 seconds
[INFO] [1788882613.072645513] [GSL]: avg_gas=0.0012;  avg_windSpeed=0.19;  avg_wind_dir=1.1
[INFO] [1788882613.073830346] [GSL]: [33mNOTHING [0m
[INFO] [1788882613.073865038] [GSL]: [DEBUG-WIND] useGroundTruth=false gmrf_req_size=626 gaden_req_size=-1
[INFO] [1788882613.073880606] [GSL]: [DEBUG-WIND] Taking GMRF path
[INFO] [1788882613.089351892] [GSL - Trace]: [32mEntering StopAndMeasure[0m
[INFO] [1788882615.071399370] [GSL]: 10 gas measurements, 10 wind measurements over 1.98 seconds
[INFO] [1788882615.071512256] [GSL]: avg_gas=0.00022;  avg_windSpeed=0.22;  avg_wind_dir=1.2
[INFO] [1788882615.072769302] [GSL]: [33mNOTHING [0m
[INFO] [1788882615.072823300] [GSL]: [DEBUG-WIND] useGroundTruth=false gmrf_req_size=626 gaden_req_size=-1
[INFO] [1788882615.072837081] [GSL]: [DEBUG-WIND] Taking GMRF path
[INFO] [1788882615.088658690] [GSL - Trace]: [32mEntering StopAndMeasure[0m
[INFO] [1788882617.071524720] [GSL]: 10 gas measurements, 10 wind measurements over 1.98 seconds
[INFO] [1788882617.071917106] [GSL]: avg_gas=4.1e-05;  avg_windSpeed=0.19;  avg_wind_dir=1.1
[INFO] [1788882617.072422878] [GSL]: [33mNOTHING [0m
[INFO] [1788882617.072432367] [GSL]: [DEBUG-WIND] useGroundTruth=false gmrf_req_size=626 gaden_req_size=-1
[INFO] [1788882617.072439343] [GSL]: [DEBUG-WIND] Taking GMRF path
[INFO] [1788882617.088343931] [GSL - Trace]: [32mEntering StopAndMeasure[0m
[INFO] [1788882619.071303882] [GSL]: 10 gas measurements, 10 wind measurements over 1.98 seconds
[INFO] [1788882619.071641663] [GSL]: avg_gas=7.8e-06;  avg_windSpeed=0.22;  avg_wind_dir=1.2
[INFO] [1788882619.072655646] [GSL]: [33mNOTHING [0m
[INFO] [1788882619.072675430] [GSL]: [DEBUG-WIND] useGroundTruth=false gmrf_req_size=626 gaden_req_size=-1
[INFO] [1788882619.072687856] [GSL]: [DEBUG-WIND] Taking GMRF path
[INFO] [1788882619.089053132] [GSL - Trace]: [32mEntering StopAndMeasure[0m
[INFO] [1788882621.071369227] [GSL]: 10 gas measurements, 10 wind measurements over 1.98 seconds
[INFO] [1788882621.071503154] [GSL]: avg_gas=1.5e-06;  avg_windSpeed=0.19;  avg_wind_dir=1.1
[INFO] [1788882621.073298280] [GSL]: [33mNOTHING [0m
[INFO] [1788882621.073333586] [GSL]: [DEBUG-WIND] useGroundTruth=false gmrf_req_size=626 gaden_req_size=-1
[INFO] [1788882621.073348471] [GSL]: [DEBUG-WIND] Taking GMRF path
[INFO] [1788882621.088830923] [GSL - Trace]: [32mEntering StopAndMeasure[0m
[INFO] [1788882623.021081272] [GSL]: 10 gas measurements, 10 wind measurements over 1.93 seconds
[INFO] [1788882623.021144203] [GSL]: avg_gas=2.8e-07;  avg_windSpeed=0.22;  avg_wind_dir=1.2
[INFO] [1788882623.021635977] [GSL]: [33mNOTHING [0m
[INFO] [1788882623.021645419] [GSL]: [DEBUG-WIND] useGroundTruth=false gmrf_req_size=626 gaden_req_size=-1
[INFO] [1788882623.021652015] [GSL]: [DEBUG-WIND] Taking GMRF path
[INFO] [1788882623.088650214] [GSL]: [33mStarted simulations. Might take a while![0m
[INFO] [1788882623.446765180] [GSL]: CER contrastive context initialized: events=24, candidates=74, transport_members=3, fixed_ratio_weight=1, context_within_member=true, centered_log_odds=true
[INFO] [1788882623.448654912] [GSL - Trace]: [32mFirst simulation level done[0m
[INFO] [1788882623.448695490] [GSL]: [RC2-DIAG] scores_size=74 refineFraction=0.25 refine_product=18.5 valid_first_level=74 sum_sourceProbInternal_before_norm=73.17513144340496 min_sourceProbInternal_before_norm=0 max_sourceProbInternal_before_norm=0.14476543241740436 finite_sourceProbInternal=1102 finite_varianceOfHitProb=1102
[INFO] [1788882623.815479614] [GSL - Trace]: [32mSimulation level 2 done[0m
[INFO] [1788882624.183302169] [GSL - Trace]: [32mSimulation level 3 done[0m
[INFO] [1788882624.383121916] [GSL - Trace]: [32mSimulation level 4 done[0m
[INFO] [1788882624.384255634] [GSL - Trace]: [32mSimulation level 5 done[0m
[INFO] [1788882624.384435680] [GSL]: Number of levels in the simulation: 5
[INFO] [1788882624.384443697] [GSL]: Total number of simulations: 262
[INFO] [1788882624.384924279] [GSL]: CORE sequential event-time commit: window_start=16, new_events=8, committed_total=24
[INFO] [1788882624.385592813] [GSL]: [RC2-DIAG] normalized_finite_count=1102 normalized_sum=1
[INFO] [1788882624.385618750] [GSL]: Time ellapsed in simulation = 1.296865301 s
[INFO] [1788882624.390200488] [GSL]: Max mutual info: 2.379
[INFO] [1788882624.391101273] [GSL]: MutualInformation - Ellapsed: 0.005s
[INFO] [1788882624.436771544] [GSL]: Sending goal (-3.20, -5.93)
[INFO] [1788882624.437559344] [GSL]: Variance: 16.88
[INFO] [1788882624.437583355] [GSL - Trace]: [32mEntering Moving[0m
[INFO] [1788882629.291501417] [GSL - Trace]: [32mEntering StopAndMeasure[0m
[INFO] [1788882631.289096630] [GSL]: 10 gas measurements, 10 wind measurements over 2.00 seconds
[INFO] [1788882631.289212864] [GSL]: avg_gas=0.0079;  avg_windSpeed=0.097;  avg_wind_dir=1.7
[INFO] [1788882631.290212445] [GSL]: [33mNOTHING [0m
[INFO] [1788882631.290229500] [GSL]: [DEBUG-WIND] useGroundTruth=false gmrf_req_size=626 gaden_req_size=-1
[INFO] [1788882631.290242331] [GSL]: [DEBUG-WIND] Taking GMRF path
[INFO] [1788882631.389051931] [GSL - Trace]: [32mEntering StopAndMeasure[0m
[INFO] [1788882633.273339134] [GSL]: 10 gas measurements, 10 wind measurements over 1.88 seconds
[INFO] [1788882633.273468092] [GSL]: avg_gas=0.0015;  avg_windSpeed=0.075;  avg_wind_dir=2.1
[INFO] [1788882633.274946576] [GSL]: [33mNOTHING [0m
[INFO] [1788882633.275007045] [GSL]: [DEBUG-WIND] useGroundTruth=false gmrf_req_size=626 gaden_req_size=-1
[INFO] [1788882633.275127297] [GSL]: [DEBUG-WIND] Taking GMRF path
[INFO] [1788882633.288914145] [GSL - Trace]: [32mEntering StopAndMeasure[0m
[INFO] [1788882635.241827388] [GSL]: 10 gas measurements, 10 wind measurements over 1.95 seconds
[INFO] [1788882635.241923014] [GSL]: avg_gas=0.00028;  avg_windSpeed=0.097;  avg_wind_dir=1.7
[INFO] [1788882635.242425144] [GSL]: [33mNOTHING [0m
[INFO] [1788882635.242435071] [GSL]: [DEBUG-WIND] useGroundTruth=false gmrf_req_size=626 gaden_req_size=-1
[INFO] [1788882635.242441908] [GSL]: [DEBUG-WIND] Taking GMRF path
[INFO] [1788882635.288814083] [GSL - Trace]: [32mEntering StopAndMeasure[0m
[INFO] [1788882637.241798741] [GSL]: 10 gas measurements, 10 wind measurements over 1.95 seconds
[INFO] [1788882637.241885423] [GSL]: avg_gas=5.3e-05;  avg_windSpeed=0.075;  avg_wind_dir=2.1
[INFO] [1788882637.242346119] [GSL]: [33mNOTHING [0m
[INFO] [1788882637.242354985] [GSL]: [DEBUG-WIND] useGroundTruth=false gmrf_req_size=626 gaden_req_size=-1
[INFO] [1788882637.242361442] [GSL]: [DEBUG-WIND] Taking GMRF path
[INFO] [1788882637.288595446] [GSL - Trace]: [32mEntering StopAndMeasure[0m
[INFO] [1788882639.241808626] [GSL]: 10 gas measurements, 10 wind measurements over 1.95 seconds
[INFO] [1788882639.241882950] [GSL]: avg_gas=1e-05;  avg_windSpeed=0.097;  avg_wind_dir=1.7
[INFO] [1788882639.242353722] [GSL]: [33mNOTHING [0m
[INFO] [1788882639.242362487] [GSL]: [DEBUG-WIND] useGroundTruth=false gmrf_req_size=626 gaden_req_size=-1
[INFO] [1788882639.242369153] [GSL]: [DEBUG-WIND] Taking GMRF path
[INFO] [1788882639.288776053] [GSL - Trace]: [32mEntering StopAndMeasure[0m
[INFO] [1788882641.291809212] [GSL]: 10 gas measurements, 10 wind measurements over 2.00 seconds
[INFO] [1788882641.291898517] [GSL]: avg_gas=1.9e-06;  avg_windSpeed=0.075;  avg_wind_dir=2.1
[INFO] [1788882641.292371445] [GSL]: [33mNOTHING [0m
[INFO] [1788882641.292380801] [GSL]: [DEBUG-WIND] useGroundTruth=false gmrf_req_size=626 gaden_req_size=-1
[INFO] [1788882641.292387389] [GSL]: [DEBUG-WIND] Taking GMRF path
[INFO] [1788882641.388336090] [GSL - Trace]: [32mEntering StopAndMeasure[0m
[INFO] [1788882643.241802005] [GSL]: 10 gas measurements, 10 wind measurements over 1.85 seconds
[INFO] [1788882643.241897607] [GSL]: avg_gas=3.6e-07;  avg_windSpeed=0.097;  avg_wind_dir=1.7
[INFO] [1788882643.242398086] [GSL]: [33mNOTHING [0m
[INFO] [1788882643.242407241] [GSL]: [DEBUG-WIND] useGroundTruth=false gmrf_req_size=626 gaden_req_size=-1
[INFO] [1788882643.242414032] [GSL]: [DEBUG-WIND] Taking GMRF path
[INFO] [1788882643.288626538] [GSL - Trace]: [32mEntering StopAndMeasure[0m
[INFO] [1788882645.291943680] [GSL]: 10 gas measurements, 10 wind measurements over 2.00 seconds
[INFO] [1788882645.292536031] [GSL]: avg_gas=6.8e-08;  avg_windSpeed=0.075;  avg_wind_dir=2.1
[INFO] [1788882645.293603774] [GSL]: [33mNOTHING [0m
[INFO] [1788882645.293649120] [GSL]: [DEBUG-WIND] useGroundTruth=false gmrf_req_size=626 gaden_req_size=-1
[INFO] [1788882645.293662526] [GSL]: [DEBUG-WIND] Taking GMRF path
[INFO] [1788882645.389071324] [GSL]: [33mStarted simulations. Might take a while![0m
[INFO] [1788882645.764526890] [GSL]: CER contrastive context initialized: events=32, candidates=74, transport_members=3, fixed_ratio_weight=1, context_within_member=true, centered_log_odds=true
[INFO] [1788882645.766081943] [GSL - Trace]: [32mFirst simulation level done[0m
[INFO] [1788882645.766312736] [GSL]: [RC2-DIAG] scores_size=74 refineFraction=0.25 refine_product=18.5 valid_first_level=74 sum_sourceProbInternal_before_norm=150.52175321524317 min_sourceProbInternal_before_norm=0 max_sourceProbInternal_before_norm=0.27605583805869427 finite_sourceProbInternal=1102 finite_varianceOfHitProb=1102
[INFO] [1788882646.117119029] [GSL - Trace]: [32mSimulation level 2 done[0m
[INFO] [1788882646.430540196] [GSL - Trace]: [32mSimulation level 3 done[0m
[INFO] [1788882646.595438498] [GSL - Trace]: [32mSimulation level 4 done[0m
[INFO] [1788882646.595510501] [GSL - Trace]: [32mSimulation level 5 done[0m
[INFO] [1788882646.595520380] [GSL]: Number of levels in the simulation: 5
[INFO] [1788882646.595527326] [GSL]: Total number of simulations: 242
[INFO] [1788882646.595548078] [GSL]: CORE sequential event-time commit: window_start=24, new_events=8, committed_total=32
[INFO] [1788882646.595561140] [GSL]: [RC2-DIAG] normalized_finite_count=1102 normalized_sum=1
[INFO] [1788882646.595568733] [GSL]: Time ellapsed in simulation = 1.206410396 s
[INFO] [1788882646.612007771] [GSL]: Max mutual info: 2.374
[INFO] [1788882646.612171453] [GSL]: MutualInformation - Ellapsed: 0.017s
[INFO] [1788882646.644269885] [GSL]: Sending goal (-0.20, -6.53)
[INFO] [1788882646.645193309] [GSL]: Variance: 16.21
[INFO] [1788882646.645222687] [GSL - Trace]: [32mEntering Moving[0m
[INFO] [1788882651.696343119] [GSL - Trace]: [32mEntering StopAndMeasure[0m
[INFO] [1788882653.646271250] [GSL]: 10 gas measurements, 10 wind measurements over 1.95 seconds
[INFO] [1788882653.646334566] [GSL]: avg_gas=3.7;  avg_windSpeed=0.00039;  avg_wind_dir=-0.2
[INFO] [1788882653.646818492] [GSL]: [33mGAS HIT[0m
[INFO] [1788882653.646827849] [GSL]: [DEBUG-WIND] useGroundTruth=false gmrf_req_size=626 gaden_req_size=-1
[INFO] [1788882653.646882659] [GSL]: [DEBUG-WIND] Taking GMRF path
[INFO] [1788882653.688290900] [GSL - Trace]: [32mEntering StopAndMeasure[0m
[INFO] [1788882655.646273272] [GSL]: 10 gas measurements, 10 wind measurements over 1.96 seconds
[INFO] [1788882655.646345080] [GSL]: avg_gas=3.8;  avg_windSpeed=0.00078;  avg_wind_dir=-0.64
[INFO] [1788882655.646811516] [GSL]: [33mGAS HIT[0m
[INFO] [1788882655.646820743] [GSL]: [DEBUG-WIND] useGroundTruth=false gmrf_req_size=626 gaden_req_size=-1
[INFO] [1788882655.647170488] [GSL]: [DEBUG-WIND] Taking GMRF path
[INFO] [1788882655.688603878] [GSL - Trace]: [32mEntering StopAndMeasure[0m
[INFO] [1788882657.646239504] [GSL]: 10 gas measurements, 10 wind measurements over 1.96 seconds
[INFO] [1788882657.646303155] [GSL]: avg_gas=3.9;  avg_windSpeed=0.00039;  avg_wind_dir=-0.2
[INFO] [1788882657.646759481] [GSL]: [33mGAS HIT[0m
[INFO] [1788882657.646767946] [GSL]: [DEBUG-WIND] useGroundTruth=false gmrf_req_size=626 gaden_req_size=-1
[INFO] [1788882657.646774637] [GSL]: [DEBUG-WIND] Taking GMRF path
[INFO] [1788882657.688377408] [GSL - Trace]: [32mEntering StopAndMeasure[0m
[INFO] [1788882659.646361399] [GSL]: 10 gas measurements, 10 wind measurements over 1.96 seconds
[INFO] [1788882659.646428816] [GSL]: avg_gas=3.9;  avg_windSpeed=0.00078;  avg_wind_dir=-0.64
[INFO] [1788882659.646959663] [GSL]: [33mGAS HIT[0m
[INFO] [1788882659.646969677] [GSL]: [DEBUG-WIND] useGroundTruth=false gmrf_req_size=626 gaden_req_size=-1
[INFO] [1788882659.646976689] [GSL]: [DEBUG-WIND] Taking GMRF path
[INFO] [1788882659.688575691] [GSL - Trace]: [32mEntering StopAndMeasure[0m
[INFO] [1788882661.646385678] [GSL]: 10 gas measurements, 10 wind measurements over 1.96 seconds
[INFO] [1788882661.646451014] [GSL]: avg_gas=3.9;  avg_windSpeed=0.00039;  avg_wind_dir=-0.2
[INFO] [1788882661.646991384] [GSL]: [33mGAS HIT[0m
[INFO] [1788882661.647002241] [GSL]: [DEBUG-WIND] useGroundTruth=false gmrf_req_size=626 gaden_req_size=-1
[INFO] [1788882661.647009343] [GSL]: [DEBUG-WIND] Taking GMRF path
[INFO] [1788882661.688516485] [GSL - Trace]: [32mEntering StopAndMeasure[0m
[INFO] [1788882663.646274524] [GSL]: 10 gas measurements, 10 wind measurements over 1.96 seconds
[INFO] [1788882663.646338097] [GSL]: avg_gas=3.9;  avg_windSpeed=0.00078;  avg_wind_dir=-0.64
[INFO] [1788882663.646819558] [GSL]: [33mGAS HIT[0m
[INFO] [1788882663.646828923] [GSL]: [DEBUG-WIND] useGroundTruth=false gmrf_req_size=626 gaden_req_size=-1
[INFO] [1788882663.646894091] [GSL]: [DEBUG-WIND] Taking GMRF path
[INFO] [1788882663.688510530] [GSL - Trace]: [32mEntering StopAndMeasure[0m
[INFO] [1788882665.646318831] [GSL]: 10 gas measurements, 10 wind measurements over 1.96 seconds
[INFO] [1788882665.646385462] [GSL]: avg_gas=3.9;  avg_windSpeed=0.00039;  avg_wind_dir=-0.2
[INFO] [1788882665.646906314] [GSL]: [33mGAS HIT[0m
[INFO] [1788882665.646917185] [GSL]: [DEBUG-WIND] useGroundTruth=false gmrf_req_size=626 gaden_req_size=-1
[INFO] [1788882665.646935578] [GSL]: [DEBUG-WIND] Taking GMRF path
[INFO] [1788882665.688470801] [GSL - Trace]: [32mEntering StopAndMeasure[0m
[INFO] [1788882667.646265792] [GSL]: 10 gas measurements, 10 wind measurements over 1.96 seconds
[INFO] [1788882667.646327748] [GSL]: avg_gas=3.9;  avg_windSpeed=0.00078;  avg_wind_dir=-0.64
[INFO] [1788882667.646805793] [GSL]: [33mGAS HIT[0m
[INFO] [1788882667.646815220] [GSL]: [DEBUG-WIND] useGroundTruth=false gmrf_req_size=626 gaden_req_size=-1
[INFO] [1788882667.646821679] [GSL]: [DEBUG-WIND] Taking GMRF path
[INFO] [1788882667.688405737] [GSL]: [33mStarted simulations. Might take a while![0m
[INFO] [1788882668.061508609] [GSL]: CER contrastive context initialized: events=40, candidates=74, transport_members=3, fixed_ratio_weight=1, context_within_member=true, centered_log_odds=true
[INFO] [1788882668.062828393] [GSL - Trace]: [32mFirst simulation level done[0m
[INFO] [1788882668.063014833] [GSL]: [RC2-DIAG] scores_size=74 refineFraction=0.25 refine_product=18.5 valid_first_level=74 sum_sourceProbInternal_before_norm=85.32055835859141 min_sourceProbInternal_before_norm=0 max_sourceProbInternal_before_norm=0.999200279944007 finite_sourceProbInternal=1102 finite_varianceOfHitProb=1102
[INFO] [1788882668.387510641] [GSL - Trace]: [32mSimulation level 2 done[0m
[INFO] [1788882668.614279524] [GSL - Trace]: [32mSimulation level 3 done[0m
[INFO] [1788882668.708250892] [GSL - Trace]: [32mSimulation level 4 done[0m
[INFO] [1788882668.708309051] [GSL - Trace]: [32mSimulation level 5 done[0m
[INFO] [1788882668.708319352] [GSL]: Number of levels in the simulation: 5
[INFO] [1788882668.708649403] [GSL]: Total number of simulations: 202
[INFO] [1788882668.708676479] [GSL]: CORE sequential event-time commit: window_start=32, new_events=8, committed_total=40
[INFO] [1788882668.708690421] [GSL]: [RC2-DIAG] normalized_finite_count=1102 normalized_sum=1
[INFO] [1788882668.708698052] [GSL]: Time ellapsed in simulation = 1.0202321840000002 s
[INFO] [1788882668.712281715] [GSL]: Max mutual info: 2.515
[INFO] [1788882668.712383951] [GSL]: MutualInformation - Ellapsed: 0.004s
[INFO] [1788882668.737340067] [GSL]: Sending goal (0.40, -6.83)
[INFO] [1788882668.738046625] [GSL]: Variance: 6.40
[INFO] [1788882668.738068942] [GSL - Trace]: [32mEntering Moving[0m
[INFO] [1788882669.347940130] [GSL - Trace]: [32mEntering StopAndMeasure[0m
[INFO] [1788882671.279096380] [GSL]: 10 gas measurements, 10 wind measurements over 1.93 seconds
[INFO] [1788882671.279164381] [GSL]: avg_gas=3;  avg_windSpeed=0.00069;  avg_wind_dir=-0.72
[INFO] [1788882671.279653535] [GSL]: [33mGAS HIT[0m
[INFO] [1788882671.280030402] [GSL]: [DEBUG-WIND] useGroundTruth=false gmrf_req_size=626 gaden_req_size=-1
[INFO] [1788882671.280050393] [GSL]: [DEBUG-WIND] Taking GMRF path
[INFO] [1788882671.288244275] [GSL - Trace]: [32mEntering StopAndMeasure[0m
[INFO] [1788882673.239026605] [GSL]: 10 gas measurements, 10 wind measurements over 1.95 seconds
[INFO] [1788882673.239084930] [GSL]: avg_gas=2.4;  avg_windSpeed=0.00065;  avg_wind_dir=-0.51
[INFO] [1788882673.239722829] [GSL]: [33mGAS HIT[0m
[INFO] [1788882673.240000806] [GSL]: [DEBUG-WIND] useGroundTruth=false gmrf_req_size=626 gaden_req_size=-1
[INFO] [1788882673.240009587] [GSL]: [DEBUG-WIND] Taking GMRF path
[INFO] [1788882673.288453534] [GSL - Trace]: [32mEntering StopAndMeasure[0m
[INFO] [1788882675.239022864] [GSL]: 10 gas measurements, 10 wind measurements over 1.95 seconds
[INFO] [1788882675.239079094] [GSL]: avg_gas=2.3;  avg_windSpeed=0.00069;  avg_wind_dir=-0.72
[INFO] [1788882675.239607226] [GSL]: [33mGAS HIT[0m
[INFO] [1788882675.239784643] [GSL]: [DEBUG-WIND] useGroundTruth=false gmrf_req_size=626 gaden_req_size=-1
[INFO] [1788882675.239802812] [GSL]: [DEBUG-WIND] Taking GMRF path
[INFO] [1788882675.288339112] [GSL - Trace]: [32mEntering StopAndMeasure[0m
[INFO] [1788882677.239066313] [GSL]: 10 gas measurements, 10 wind measurements over 1.95 seconds
[INFO] [1788882677.239126365] [GSL]: avg_gas=2.3;  avg_windSpeed=0.00065;  avg_wind_dir=-0.51
[INFO] [1788882677.239614791] [GSL]: [33mGAS HIT[0m
[INFO] [1788882677.239625381] [GSL]: [DEBUG-WIND] useGroundTruth=false gmrf_req_size=626 gaden_req_size=-1
[INFO] [1788882677.239632030] [GSL]: [DEBUG-WIND] Taking GMRF path
[INFO] [1788882677.288447835] [GSL - Trace]: [32mEntering StopAndMeasure[0m
[INFO] [1788882679.239026084] [GSL]: 10 gas measurements, 10 wind measurements over 1.95 seconds
[INFO] [1788882679.239110458] [GSL]: avg_gas=2.3;  avg_windSpeed=0.00069;  avg_wind_dir=-0.72
[INFO] [1788882679.239736383] [GSL]: [33mGAS HIT[0m
[INFO] [1788882679.239768169] [GSL]: [DEBUG-WIND] useGroundTruth=false gmrf_req_size=626 gaden_req_size=-1
[INFO] [1788882679.240244741] [GSL]: [DEBUG-WIND] Taking GMRF path
[INFO] [1788882679.288431068] [GSL - Trace]: [32mEntering StopAndMeasure[0m
[INFO] [1788882681.239128833] [GSL]: 10 gas measurements, 10 wind measurements over 1.95 seconds
[INFO] [1788882681.239200580] [GSL]: avg_gas=2.3;  avg_windSpeed=0.00065;  avg_wind_dir=-0.51
[INFO] [1788882681.239706353] [GSL]: [33mGAS HIT[0m
[INFO] [1788882681.239716930] [GSL]: [DEBUG-WIND] useGroundTruth=false gmrf_req_size=626 gaden_req_size=-1
[INFO] [1788882681.239723849] [GSL]: [DEBUG-WIND] Taking GMRF path
[INFO] [1788882681.288359012] [GSL - Trace]: [32mEntering StopAndMeasure[0m
[INFO] [1788882683.239291066] [GSL]: 10 gas measurements, 10 wind measurements over 1.95 seconds
[INFO] [1788882683.239365867] [GSL]: avg_gas=2.3;  avg_windSpeed=0.00069;  avg_wind_dir=-0.72
[INFO] [1788882683.239906555] [GSL]: [33mGAS HIT[0m
[INFO] [1788882683.239917657] [GSL]: [DEBUG-WIND] useGroundTruth=false gmrf_req_size=626 gaden_req_size=-1
[INFO] [1788882683.240374322] [GSL]: [DEBUG-WIND] Taking GMRF path
[INFO] [1788882683.288338535] [GSL - Trace]: [32mEntering StopAndMeasure[0m
[INFO] [1788882685.239127053] [GSL]: 10 gas measurements, 10 wind measurements over 1.95 seconds
[INFO] [1788882685.239267493] [GSL]: avg_gas=2.3;  avg_windSpeed=0.00065;  avg_wind_dir=-0.51
[INFO] [1788882685.239906053] [GSL]: [33mGAS HIT[0m
[INFO] [1788882685.239931235] [GSL]: [DEBUG-WIND] useGroundTruth=false gmrf_req_size=626 gaden_req_size=-1
[INFO] [1788882685.239939063] [GSL]: [DEBUG-WIND] Taking GMRF path
[INFO] [1788882685.288454231] [GSL]: [33mStarted simulations. Might take a while![0m
[INFO] [1788882685.664061162] [GSL]: CER contrastive context initialized: events=48, candidates=74, transport_members=3, fixed_ratio_weight=1, context_within_member=true, centered_log_odds=true
[INFO] [1788882685.666097746] [GSL - Trace]: [32mFirst simulation level done[0m
[INFO] [1788882685.666461980] [GSL]: [RC2-DIAG] scores_size=74 refineFraction=0.25 refine_product=18.5 valid_first_level=74 sum_sourceProbInternal_before_norm=94.97296509295157 min_sourceProbInternal_before_norm=0 max_sourceProbInternal_before_norm=0.999200279944007 finite_sourceProbInternal=1102 finite_varianceOfHitProb=1102
[INFO] [1788882686.025007371] [GSL - Trace]: [32mSimulation level 2 done[0m
[INFO] [1788882686.269626744] [GSL - Trace]: [32mSimulation level 3 done[0m
[INFO] [1788882686.375157925] [GSL - Trace]: [32mSimulation level 4 done[0m
[INFO] [1788882686.376114485] [GSL - Trace]: [32mSimulation level 5 done[0m
[INFO] [1788882686.376326673] [GSL]: Number of levels in the simulation: 5
[INFO] [1788882686.376337814] [GSL]: Total number of simulations: 202
[INFO] [1788882686.376715809] [GSL]: CORE sequential event-time commit: window_start=40, new_events=8, committed_total=48
[INFO] [1788882686.376739361] [GSL]: [RC2-DIAG] normalized_finite_count=1102 normalized_sum=1
[INFO] [1788882686.376747776] [GSL]: Time ellapsed in simulation = 1.0882339890000001 s
[INFO] [1788882686.381758104] [GSL]: Max mutual info: 2.429
[INFO] [1788882686.381934820] [GSL]: MutualInformation - Ellapsed: 0.004s
[INFO] [1788882686.420438785] [GSL]: Sending goal (-0.20, -7.13)
[INFO] [1788882686.420931722] [GSL]: Variance: 1.51
[INFO] [1788882686.420953484] [GSL - Trace]: [32mEntering Moving[0m
[INFO] [1788882687.080922741] [GSL - Trace]: [32mEntering StopAndMeasure[0m
[INFO] [1788882689.009337274] [GSL]: 10 gas measurements, 10 wind measurements over 1.93 seconds
[INFO] [1788882689.009426707] [GSL]: avg_gas=2.6;  avg_windSpeed=0.00086;  avg_wind_dir=-0.52
[INFO] [1788882689.009934996] [GSL]: [33mGAS HIT[0m
[INFO] [1788882689.009945602] [GSL]: [DEBUG-WIND] useGroundTruth=false gmrf_req_size=626 gaden_req_size=-1
[INFO] [1788882689.009952354] [GSL]: [DEBUG-WIND] Taking GMRF path
[INFO] [1788882689.088457914] [GSL - Trace]: [32mEntering StopAndMeasure[0m
[INFO] [1788882691.022035763] [GSL]: 10 gas measurements, 10 wind measurements over 1.93 seconds
[INFO] [1788882691.022868546] [GSL]: avg_gas=2.7;  avg_windSpeed=0.00058;  avg_wind_dir=-0.74
[INFO] [1788882691.023371726] [GSL]: [33mGAS HIT[0m
[INFO] [1788882691.023382050] [GSL]: [DEBUG-WIND] useGroundTruth=false gmrf_req_size=626 gaden_req_size=-1
[INFO] [1788882691.023388871] [GSL]: [DEBUG-WIND] Taking GMRF path
[INFO] [1788882691.088466046] [GSL - Trace]: [32mEntering StopAndMeasure[0m
[INFO] [1788882693.022107699] [GSL]: 10 gas measurements, 10 wind measurements over 1.93 seconds
[INFO] [1788882693.022185815] [GSL]: avg_gas=2.8;  avg_windSpeed=0.00086;  avg_wind_dir=-0.52
[INFO] [1788882693.022663358] [GSL]: [33mGAS HIT[0m
[INFO] [1788882693.022673054] [GSL]: [DEBUG-WIND] useGroundTruth=false gmrf_req_size=626 gaden_req_size=-1
[INFO] [1788882693.022680048] [GSL]: [DEBUG-WIND] Taking GMRF path
[INFO] [1788882693.088487853] [GSL - Trace]: [32mEntering StopAndMeasure[0m
[INFO] [1788882695.022107125] [GSL]: 10 gas measurements, 10 wind measurements over 1.93 seconds
[INFO] [1788882695.022165113] [GSL]: avg_gas=2.8;  avg_windSpeed=0.00058;  avg_wind_dir=-0.74
[INFO] [1788882695.022923588] [GSL]: [33mGAS HIT[0m
[INFO] [1788882695.022933927] [GSL]: [DEBUG-WIND] useGroundTruth=false gmrf_req_size=626 gaden_req_size=-1
[INFO] [1788882695.022940924] [GSL]: [DEBUG-WIND] Taking GMRF path
[INFO] [1788882695.088449197] [GSL - Trace]: [32mEntering StopAndMeasure[0m
[INFO] [1788882697.022175707] [GSL]: 10 gas measurements, 10 wind measurements over 1.93 seconds
[INFO] [1788882697.022278055] [GSL]: avg_gas=2.8;  avg_windSpeed=0.00086;  avg_wind_dir=-0.52
[INFO] [1788882697.022771254] [GSL]: [33mGAS HIT[0m
[INFO] [1788882697.022780776] [GSL]: [DEBUG-WIND] useGroundTruth=false gmrf_req_size=626 gaden_req_size=-1
[INFO] [1788882697.022787674] [GSL]: [DEBUG-WIND] Taking GMRF path
[INFO] [1788882697.089174970] [GSL - Trace]: [32mEntering StopAndMeasure[0m
[INFO] [1788882699.022030963] [GSL]: 10 gas measurements, 10 wind measurements over 1.93 seconds
[INFO] [1788882699.022091437] [GSL]: avg_gas=2.9;  avg_windSpeed=0.00058;  avg_wind_dir=-0.74
[INFO] [1788882699.022895610] [GSL]: [33mGAS HIT[0m
[INFO] [1788882699.022919832] [GSL]: [DEBUG-WIND] useGroundTruth=false gmrf_req_size=626 gaden_req_size=-1
[INFO] [1788882699.022926739] [GSL]: [DEBUG-WIND] Taking GMRF path
[INFO] [1788882699.088490402] [GSL - Trace]: [32mEntering StopAndMeasure[0m
[INFO] [1788882701.022074895] [GSL]: 10 gas measurements, 10 wind measurements over 1.93 seconds
[INFO] [1788882701.022189915] [GSL]: avg_gas=2.9;  avg_windSpeed=0.00086;  avg_wind_dir=-0.52
[INFO] [1788882701.022722046] [GSL]: [33mGAS HIT[0m
[INFO] [1788882701.022751529] [GSL]: [DEBUG-WIND] useGroundTruth=false gmrf_req_size=626 gaden_req_size=-1
[INFO] [1788882701.022758963] [GSL]: [DEBUG-WIND] Taking GMRF path
[INFO] [1788882701.088490263] [GSL - Trace]: [32mEntering StopAndMeasure[0m
[INFO] [1788882703.022060661] [GSL]: 10 gas measurements, 10 wind measurements over 1.93 seconds
[INFO] [1788882703.022123343] [GSL]: avg_gas=2.9;  avg_windSpeed=0.00058;  avg_wind_dir=-0.74
[INFO] [1788882703.022938719] [GSL]: [33mGAS HIT[0m
[INFO] [1788882703.022950652] [GSL]: [DEBUG-WIND] useGroundTruth=false gmrf_req_size=626 gaden_req_size=-1
[INFO] [1788882703.022957605] [GSL]: [DEBUG-WIND] Taking GMRF path
[INFO] [1788882703.088486612] [GSL]: [33mStarted simulations. Might take a while![0m
[INFO] [1788882703.476041029] [GSL]: CER contrastive context initialized: events=56, candidates=74, transport_members=3, fixed_ratio_weight=1, context_within_member=true, centered_log_odds=true
[INFO] [1788882703.478661628] [GSL - Trace]: [32mFirst simulation level done[0m
[INFO] [1788882703.479030751] [GSL]: [RC2-DIAG] scores_size=74 refineFraction=0.25 refine_product=18.5 valid_first_level=74 sum_sourceProbInternal_before_norm=96.22752340135678 min_sourceProbInternal_before_norm=0 max_sourceProbInternal_before_norm=0.999200279944007 finite_sourceProbInternal=1102 finite_varianceOfHitProb=1102
[INFO] [1788882703.823261355] [GSL - Trace]: [32mSimulation level 2 done[0m
[INFO] [1788882704.062026357] [GSL - Trace]: [32mSimulation level 3 done[0m
[INFO] [1788882704.166576279] [GSL - Trace]: [32mSimulation level 4 done[0m
[INFO] [1788882704.167490863] [GSL - Trace]: [32mSimulation level 5 done[0m
[INFO] [1788882704.167504659] [GSL]: Number of levels in the simulation: 5
[INFO] [1788882704.167512174] [GSL]: Total number of simulations: 202
[INFO] [1788882704.167549225] [GSL]: CORE sequential event-time commit: window_start=48, new_events=8, committed_total=56
[INFO] [1788882704.167564174] [GSL]: [RC2-DIAG] normalized_finite_count=1102 normalized_sum=1
[INFO] [1788882704.167572145] [GSL]: Time ellapsed in simulation = 1.07902052 s
[INFO] [1788882704.172034461] [GSL]: Max mutual info: 2.460
[INFO] [1788882704.172169359] [GSL]: MutualInformation - Ellapsed: 0.005s
[INFO] [1788882704.203868594] [GSL]: Sending goal (0.40, -7.43)
[INFO] [1788882704.204340808] [GSL]: Variance: 1.14
[INFO] [1788882704.204362462] [GSL - Trace]: [32mEntering Moving[0m
[INFO] [1788882704.863694819] [GSL - Trace]: [32mEntering StopAndMeasure[0m
[INFO] [1788882706.839075034] [GSL]: 10 gas measurements, 10 wind measurements over 1.98 seconds
[INFO] [1788882706.839134001] [GSL]: avg_gas=2.2;  avg_windSpeed=0.00065;  avg_wind_dir=-0.67
[INFO] [1788882706.839603469] [GSL]: [33mGAS HIT[0m
[INFO] [1788882706.839612396] [GSL]: [DEBUG-WIND] useGroundTruth=false gmrf_req_size=626 gaden_req_size=-1
[INFO] [1788882706.839618846] [GSL]: [DEBUG-WIND] Taking GMRF path
[INFO] [1788882706.888316901] [GSL - Trace]: [32mEntering StopAndMeasure[0m
[INFO] [1788882708.855555097] [GSL]: 10 gas measurements, 10 wind measurements over 1.97 seconds
[INFO] [1788882708.855626171] [GSL]: avg_gas=1.7;  avg_windSpeed=0.0012;  avg_wind_dir=-0.48
[INFO] [1788882708.856134370] [GSL]: [33mGAS HIT[0m
[INFO] [1788882708.856144904] [GSL]: [DEBUG-WIND] useGroundTruth=false gmrf_req_size=626 gaden_req_size=-1
[INFO] [1788882708.856151815] [GSL]: [DEBUG-WIND] Taking GMRF path
[INFO] [1788882708.888529999] [GSL - Trace]: [32mEntering StopAndMeasure[0m
[INFO] [1788882710.805518953] [GSL]: 10 gas measurements, 10 wind measurements over 1.92 seconds
[INFO] [1788882710.805780659] [GSL]: avg_gas=1.6;  avg_windSpeed=0.00065;  avg_wind_dir=-0.67
[INFO] [1788882710.806345401] [GSL]: [33mGAS HIT[0m
[INFO] [1788882710.806364451] [GSL]: [DEBUG-WIND] useGroundTruth=false gmrf_req_size=626 gaden_req_size=-1
[INFO] [1788882710.806371331] [GSL]: [DEBUG-WIND] Taking GMRF path
[INFO] [1788882710.888431091] [GSL - Trace]: [32mEntering StopAndMeasure[0m
[INFO] [1788882712.855594379] [GSL]: 10 gas measurements, 10 wind measurements over 1.97 seconds
[INFO] [1788882712.855660720] [GSL]: avg_gas=1.6;  avg_windSpeed=0.0012;  avg_wind_dir=-0.48
[INFO] [1788882712.856172984] [GSL]: [33mGAS HIT[0m
[INFO] [1788882712.856184114] [GSL]: [DEBUG-WIND] useGroundTruth=false gmrf_req_size=626 gaden_req_size=-1
[INFO] [1788882712.856190783] [GSL]: [DEBUG-WIND] Taking GMRF path
[INFO] [1788882712.888448169] [GSL - Trace]: [32mEntering StopAndMeasure[0m
[INFO] [1788882714.855606419] [GSL]: 10 gas measurements, 10 wind measurements over 1.97 seconds
[INFO] [1788882714.856083683] [GSL]: avg_gas=1.6;  avg_windSpeed=0.00065;  avg_wind_dir=-0.67
[INFO] [1788882714.856621154] [GSL]: [33mGAS HIT[0m
[INFO] [1788882714.856647685] [GSL]: [DEBUG-WIND] useGroundTruth=false gmrf_req_size=626 gaden_req_size=-1
[INFO] [1788882714.856654729] [GSL]: [DEBUG-WIND] Taking GMRF path
[INFO] [1788882714.888383255] [GSL - Trace]: [32mEntering StopAndMeasure[0m
[INFO] [1788882716.805460570] [GSL]: 10 gas measurements, 10 wind measurements over 1.92 seconds
[INFO] [1788882716.805512383] [GSL]: avg_gas=1.2;  avg_windSpeed=0.00035;  avg_wind_dir=2.7
[INFO] [1788882716.806006843] [GSL]: [33mGAS HIT[0m
[INFO] [1788882716.806017364] [GSL]: [DEBUG-WIND] useGroundTruth=false gmrf_req_size=626 gaden_req_size=-1
[INFO] [1788882716.806024037] [GSL]: [DEBUG-WIND] Taking GMRF path
[INFO] [1788882716.888458649] [GSL - Trace]: [32mEntering StopAndMeasure[0m
[INFO] [1788882718.805515258] [GSL]: 10 gas measurements, 10 wind measurements over 1.92 seconds
[INFO] [1788882718.805877841] [GSL]: avg_gas=0.27;  avg_windSpeed=0.00056;  avg_wind_dir=-0.69
[INFO] [1788882718.806371506] [GSL]: [33mGAS HIT[0m
[INFO] [1788882718.806382021] [GSL]: [DEBUG-WIND] useGroundTruth=false gmrf_req_size=626 gaden_req_size=-1
[INFO] [1788882718.806388678] [GSL]: [DEBUG-WIND] Taking GMRF path
[INFO] [1788882718.888364068] [GSL - Trace]: [32mEntering StopAndMeasure[0m
[INFO] [1788882720.805477320] [GSL]: 10 gas measurements, 10 wind measurements over 1.92 seconds
[INFO] [1788882720.805531330] [GSL]: avg_gas=0.05;  avg_windSpeed=0.0014;  avg_wind_dir=-0.45
[INFO] [1788882720.806078343] [GSL]: [33mNOTHING [0m
[INFO] [1788882720.806105382] [GSL]: [DEBUG-WIND] useGroundTruth=false gmrf_req_size=626 gaden_req_size=-1
[INFO] [1788882720.806112492] [GSL]: [DEBUG-WIND] Taking GMRF path
[INFO] [1788882720.888298283] [GSL]: [33mStarted simulations. Might take a while![0m
[INFO] [1788882721.286196146] [GSL]: CER contrastive context initialized: events=64, candidates=74, transport_members=3, fixed_ratio_weight=1, context_within_member=true, centered_log_odds=true
[INFO] [1788882721.289303479] [GSL - Trace]: [32mFirst simulation level done[0m
[INFO] [1788882721.289373778] [GSL]: [RC2-DIAG] scores_size=74 refineFraction=0.25 refine_product=18.5 valid_first_level=74 sum_sourceProbInternal_before_norm=8.570835990873976 min_sourceProbInternal_before_norm=0 max_sourceProbInternal_before_norm=0.015157617848482234 finite_sourceProbInternal=1102 finite_varianceOfHitProb=1102
[INFO] [1788882721.640314103] [GSL - Trace]: [32mSimulation level 2 done[0m
[INFO] [1788882721.853159422] [GSL - Trace]: [32mSimulation level 3 done[0m
[INFO] [1788882721.912423060] [GSL - Trace]: [32mSimulation level 4 done[0m
[INFO] [1788882721.912502111] [GSL - Trace]: [32mSimulation level 5 done[0m
[INFO] [1788882721.912513821] [GSL]: Number of levels in the simulation: 5
[INFO] [1788882721.912521325] [GSL]: Total number of simulations: 182
[INFO] [1788882721.912545244] [GSL]: CORE sequential event-time commit: window_start=56, new_events=8, committed_total=64
[INFO] [1788882721.913460455] [GSL]: [RC2-DIAG] normalized_finite_count=1102 normalized_sum=1
[INFO] [1788882721.913486919] [GSL]: Time ellapsed in simulation = 1.025127174 s
[INFO] [1788882721.916794165] [GSL]: Max mutual info: 1.990
[INFO] [1788882721.917240030] [GSL]: MutualInformation - Ellapsed: 0.004s
[INFO] [1788882721.945041274] [GSL]: Sending goal (-1.40, -3.23)
[INFO] [1788882721.945642033] [GSL]: Variance: 1.80
[INFO] [1788882721.945670266] [GSL - Trace]: [32mEntering Moving[0m
[INFO] [1788882725.290280904] [GSL - Trace]: [32mEntering StopAndMeasure[0m
[INFO] [1788882727.247004690] [GSL]: 10 gas measurements, 10 wind measurements over 1.96 seconds
[INFO] [1788882727.247066726] [GSL]: avg_gas=0.00024;  avg_windSpeed=0.59;  avg_wind_dir=0.57
[INFO] [1788882727.247698962] [GSL]: [33mNOTHING [0m
[INFO] [1788882727.247710997] [GSL]: [DEBUG-WIND] useGroundTruth=false gmrf_req_size=626 gaden_req_size=-1
[INFO] [1788882727.247719520] [GSL]: [DEBUG-WIND] Taking GMRF path
[INFO] [1788882727.288422912] [GSL - Trace]: [32mEntering StopAndMeasure[0m
[INFO] [1788882729.246991400] [GSL]: 10 gas measurements, 10 wind measurements over 1.96 seconds
[INFO] [1788882729.247064905] [GSL]: avg_gas=4.6e-05;  avg_windSpeed=0.4;  avg_wind_dir=0.77
[INFO] [1788882729.247814103] [GSL]: [33mNOTHING [0m
[INFO] [1788882729.247826716] [GSL]: [DEBUG-WIND] useGroundTruth=false gmrf_req_size=626 gaden_req_size=-1
[INFO] [1788882729.247846205] [GSL]: [DEBUG-WIND] Taking GMRF path
[INFO] [1788882729.288519929] [GSL - Trace]: [32mEntering StopAndMeasure[0m
[INFO] [1788882731.246994162] [GSL]: 10 gas measurements, 10 wind measurements over 1.96 seconds
[INFO] [1788882731.247054788] [GSL]: avg_gas=8.6e-06;  avg_windSpeed=0.59;  avg_wind_dir=0.57
[INFO] [1788882731.247641239] [GSL]: [33mNOTHING [0m
[INFO] [1788882731.247651674] [GSL]: [DEBUG-WIND] useGroundTruth=false gmrf_req_size=626 gaden_req_size=-1
[INFO] [1788882731.247659287] [GSL]: [DEBUG-WIND] Taking GMRF path
[INFO] [1788882731.288421282] [GSL - Trace]: [32mEntering StopAndMeasure[0m
[INFO] [1788882733.246894548] [GSL]: 10 gas measurements, 10 wind measurements over 1.96 seconds
[INFO] [1788882733.247104394] [GSL]: avg_gas=1.6e-06;  avg_windSpeed=0.4;  avg_wind_dir=0.77
[INFO] [1788882733.247651189] [GSL]: [33mNOTHING [0m
[INFO] [1788882733.247660321] [GSL]: [DEBUG-WIND] useGroundTruth=false gmrf_req_size=626 gaden_req_size=-1
[INFO] [1788882733.247667092] [GSL]: [DEBUG-WIND] Taking GMRF path
[INFO] [1788882733.288330318] [GSL - Trace]: [32mEntering StopAndMeasure[0m
[INFO] [1788882735.246996092] [GSL]: 10 gas measurements, 10 wind measurements over 1.96 seconds
[INFO] [1788882735.247072376] [GSL]: avg_gas=3.1e-07;  avg_windSpeed=0.59;  avg_wind_dir=0.57
[INFO] [1788882735.247827660] [GSL]: [33mNOTHING [0m
[INFO] [1788882735.247853516] [GSL]: [DEBUG-WIND] useGroundTruth=false gmrf_req_size=626 gaden_req_size=-1
[INFO] [1788882735.247864054] [GSL]: [DEBUG-WIND] Taking GMRF path
[INFO] [1788882735.288669543] [GSL - Trace]: [32mEntering StopAndMeasure[0m
[INFO] [1788882737.247042550] [GSL]: 10 gas measurements, 10 wind measurements over 1.96 seconds
[INFO] [1788882737.247125304] [GSL]: avg_gas=5.8e-08;  avg_windSpeed=0.4;  avg_wind_dir=0.77
[INFO] [1788882737.248012887] [GSL]: [33mNOTHING [0m
[INFO] [1788882737.248028547] [GSL]: [DEBUG-WIND] useGroundTruth=false gmrf_req_size=626 gaden_req_size=-1
[INFO] [1788882737.248039502] [GSL]: [DEBUG-WIND] Taking GMRF path
[INFO] [1788882737.288919229] [GSL - Trace]: [32mEntering StopAndMeasure[0m
[INFO] [1788882739.247094330] [GSL]: 10 gas measurements, 10 wind measurements over 1.96 seconds
[INFO] [1788882739.247173747] [GSL]: avg_gas=1.1e-08;  avg_windSpeed=0.59;  avg_wind_dir=0.57
[INFO] [1788882739.247995747] [GSL]: [33mNOTHING [0m
[INFO] [1788882739.248011040] [GSL]: [DEBUG-WIND] useGroundTruth=false gmrf_req_size=626 gaden_req_size=-1
[INFO] [1788882739.248020824] [GSL]: [DEBUG-WIND] Taking GMRF path
[INFO] [1788882739.288733143] [GSL - Trace]: [32mEntering StopAndMeasure[0m
[INFO] [1788882741.247005986] [GSL]: 10 gas measurements, 10 wind measurements over 1.96 seconds
[INFO] [1788882741.247052410] [GSL]: avg_gas=2.1e-09;  avg_windSpeed=0.4;  avg_wind_dir=0.77
[INFO] [1788882741.247671002] [GSL]: [33mNOTHING [0m
[INFO] [1788882741.247681612] [GSL]: [DEBUG-WIND] useGroundTruth=false gmrf_req_size=626 gaden_req_size=-1
[INFO] [1788882741.247689213] [GSL]: [DEBUG-WIND] Taking GMRF path
[INFO] [1788882741.288725520] [GSL]: [33mStarted simulations. Might take a while![0m
[INFO] [1788882741.668954975] [GSL]: CER contrastive context initialized: events=72, candidates=74, transport_members=3, fixed_ratio_weight=1, context_within_member=true, centered_log_odds=true
[INFO] [1788882741.670200595] [GSL - Trace]: [32mFirst simulation level done[0m
[INFO] [1788882741.670597623] [GSL]: [RC2-DIAG] scores_size=74 refineFraction=0.25 refine_product=18.5 valid_first_level=74 sum_sourceProbInternal_before_norm=311.16765137118347 min_sourceProbInternal_before_norm=0 max_sourceProbInternal_before_norm=0.6141506484518775 finite_sourceProbInternal=1102 finite_varianceOfHitProb=1102
[INFO] [1788882741.971498088] [GSL - Trace]: [32mSimulation level 2 done[0m
[INFO] [1788882742.187255720] [GSL - Trace]: [32mSimulation level 3 done[0m
[INFO] [1788882742.255948594] [GSL - Trace]: [32mSimulation level 4 done[0m
[INFO] [1788882742.261875963] [GSL - Trace]: [32mSimulation level 5 done[0m
[INFO] [1788882742.261921461] [GSL]: Number of levels in the simulation: 5
[INFO] [1788882742.261929863] [GSL]: Total number of simulations: 184
[INFO] [1788882742.266010897] [GSL]: CORE sequential event-time commit: window_start=64, new_events=8, committed_total=72
[INFO] [1788882742.266047470] [GSL]: [RC2-DIAG] normalized_finite_count=1102 normalized_sum=1
[INFO] [1788882742.266057455] [GSL]: Time ellapsed in simulation = 0.9772563980000001 s
[INFO] [1788882742.269326903] [GSL]: Max mutual info: 2.685
[INFO] [1788882742.269440520] [GSL]: MutualInformation - Ellapsed: 0.003s
[INFO] [1788882742.298966597] [GSL]: Sending goal (0.10, -5.93)
[INFO] [1788882742.300949351] [GSL]: Variance: 5.46
[INFO] [1788882742.300976490] [GSL - Trace]: [32mEntering Moving[0m
[INFO] [1788882744.896368280] [GSL - Trace]: [32mEntering StopAndMeasure[0m
[INFO] [1788882746.852319621] [GSL]: 10 gas measurements, 10 wind measurements over 1.96 seconds
[INFO] [1788882746.852423335] [GSL]: avg_gas=1.9e-11;  avg_windSpeed=0.00041;  avg_wind_dir=0.49
[INFO] [1788882746.853294073] [GSL]: [33mNOTHING [0m
[INFO] [1788882746.853311308] [GSL]: [DEBUG-WIND] useGroundTruth=false gmrf_req_size=626 gaden_req_size=-1
[INFO] [1788882746.853322777] [GSL]: [DEBUG-WIND] Taking GMRF path
[INFO] [1788882746.888549329] [GSL - Trace]: [32mEntering StopAndMeasure[0m
[INFO] [1788882748.852395068] [GSL]: 10 gas measurements, 10 wind measurements over 1.96 seconds
[INFO] [1788882748.852516164] [GSL]: avg_gas=3.7e-12;  avg_windSpeed=0.0013;  avg_wind_dir=-0.25
[INFO] [1788882748.853798529] [GSL]: [33mNOTHING [0m
[INFO] [1788882748.853888416] [GSL]: [DEBUG-WIND] useGroundTruth=false gmrf_req_size=626 gaden_req_size=-1
[INFO] [1788882748.854438358] [GSL]: [DEBUG-WIND] Taking GMRF path
[INFO] [1788882748.888445577] [GSL - Trace]: [32mEntering StopAndMeasure[0m
[INFO] [1788882750.852378805] [GSL]: 10 gas measurements, 10 wind measurements over 1.96 seconds
[INFO] [1788882750.852489016] [GSL]: avg_gas=7e-13;  avg_windSpeed=0.00085;  avg_wind_dir=0.51
[INFO] [1788882750.853298367] [GSL]: [33mNOTHING [0m
[INFO] [1788882750.853313748] [GSL]: [DEBUG-WIND] useGroundTruth=false gmrf_req_size=626 gaden_req_size=-1
[INFO] [1788882750.853324662] [GSL]: [DEBUG-WIND] Taking GMRF path
[INFO] [1788882750.888353801] [GSL - Trace]: [32mEntering StopAndMeasure[0m
[INFO] [1788882752.852249576] [GSL]: 10 gas measurements, 10 wind measurements over 1.96 seconds
[INFO] [1788882752.852317888] [GSL]: avg_gas=1.3e-13;  avg_windSpeed=0.00093;  avg_wind_dir=-0.23
[INFO] [1788882752.852804236] [GSL]: [33mNOTHING [0m
[INFO] [1788882752.852813105] [GSL]: [DEBUG-WIND] useGroundTruth=false gmrf_req_size=626 gaden_req_size=-1
[INFO] [1788882752.853304990] [GSL]: [DEBUG-WIND] Taking GMRF path
[INFO] [1788882752.888459794] [GSL - Trace]: [32mEntering StopAndMeasure[0m
[INFO] [1788882754.852455103] [GSL]: 10 gas measurements, 10 wind measurements over 1.96 seconds
[INFO] [1788882754.852568724] [GSL]: avg_gas=2.5e-14;  avg_windSpeed=0.0012;  avg_wind_dir=0.5
[INFO] [1788882754.853714263] [GSL]: [33mNOTHING [0m
[INFO] [1788882754.853766593] [GSL]: [DEBUG-WIND] useGroundTruth=false gmrf_req_size=626 gaden_req_size=-1
[INFO] [1788882754.853779736] [GSL]: [DEBUG-WIND] Taking GMRF path
[INFO] [1788882754.888415657] [GSL - Trace]: [32mEntering StopAndMeasure[0m
[INFO] [1788882756.852448427] [GSL]: 10 gas measurements, 10 wind measurements over 1.96 seconds
[INFO] [1788882756.852554271] [GSL]: avg_gas=4.7e-15;  avg_windSpeed=0.00065;  avg_wind_dir=-0.2
[INFO] [1788882756.853432225] [GSL]: [33mNOTHING [0m
[INFO] [1788882756.853559626] [GSL]: [DEBUG-WIND] useGroundTruth=false gmrf_req_size=626 gaden_req_size=-1
[INFO] [1788882756.854401387] [GSL]: [DEBUG-WIND] Taking GMRF path
[INFO] [1788882756.888319459] [GSL - Trace]: [32mEntering StopAndMeasure[0m
[INFO] [1788882758.852441170] [GSL]: 10 gas measurements, 10 wind measurements over 1.96 seconds
[INFO] [1788882758.852550255] [GSL]: avg_gas=8.9e-16;  avg_windSpeed=0.0015;  avg_wind_dir=0.26
[INFO] [1788882758.853498154] [GSL]: [33mNOTHING [0m
[INFO] [1788882758.853516352] [GSL]: [DEBUG-WIND] useGroundTruth=false gmrf_req_size=626 gaden_req_size=-1
[INFO] [1788882758.853528420] [GSL]: [DEBUG-WIND] Taking GMRF path
[INFO] [1788882758.888481055] [GSL - Trace]: [32mEntering StopAndMeasure[0m
[INFO] [1788882760.852400216] [GSL]: 10 gas measurements, 10 wind measurements over 1.96 seconds
[INFO] [1788882760.852488430] [GSL]: avg_gas=1.7e-16;  avg_windSpeed=0.00042;  avg_wind_dir=-0.059
[INFO] [1788882760.853477627] [GSL]: [33mNOTHING [0m
[INFO] [1788882760.853500236] [GSL]: [DEBUG-WIND] useGroundTruth=false gmrf_req_size=626 gaden_req_size=-1
[INFO] [1788882760.854069046] [GSL]: [DEBUG-WIND] Taking GMRF path
[INFO] [1788882760.888441183] [GSL]: [33mStarted simulations. Might take a while![0m
[INFO] [1788882761.260211826] [GSL]: CER contrastive context initialized: events=80, candidates=74, transport_members=3, fixed_ratio_weight=1, context_within_member=true, centered_log_odds=true
[INFO] [1788882761.261540438] [GSL - Trace]: [32mFirst simulation level done[0m
[INFO] [1788882761.262011968] [GSL]: [RC2-DIAG] scores_size=74 refineFraction=0.25 refine_product=18.5 valid_first_level=74 sum_sourceProbInternal_before_norm=83.7648553664219 min_sourceProbInternal_before_norm=0 max_sourceProbInternal_before_norm=0.1494526226654333 finite_sourceProbInternal=1102 finite_varianceOfHitProb=1102
[INFO] [1788882761.520258592] [GSL - Trace]: [32mSimulation level 2 done[0m
[INFO] [1788882761.737170187] [GSL - Trace]: [32mSimulation level 3 done[0m
[INFO] [1788882761.858239947] [GSL - Trace]: [32mSimulation level 4 done[0m
[INFO] [1788882761.861864028] [GSL - Trace]: [32mSimulation level 5 done[0m
[INFO] [1788882761.862093501] [GSL]: Number of levels in the simulation: 5
[INFO] [1788882761.862104204] [GSL]: Total number of simulations: 190
[INFO] [1788882761.867864848] [GSL]: CORE sequential event-time commit: window_start=72, new_events=8, committed_total=80
[INFO] [1788882761.868121150] [GSL]: [RC2-DIAG] normalized_finite_count=1102 normalized_sum=1
[INFO] [1788882761.868132912] [GSL]: Time ellapsed in simulation = 0.9796394690000001 s
[INFO] [1788882761.875657266] [GSL]: Max mutual info: 2.400
[INFO] [1788882761.876012529] [GSL]: MutualInformation - Ellapsed: 0.008s
[INFO] [1788882761.916615490] [GSL]: Sending goal (-3.50, 2.17)
[INFO] [1788882761.917239958] [GSL]: Variance: 4.10
[INFO] [1788882761.917260192] [GSL - Trace]: [32mEntering Moving[0m
[INFO] [1788882769.318539688] [GSL - Trace]: [32mEntering StopAndMeasure[0m
[INFO] [1788882769.518152407] [GSL]: Could not find the source. Sorry!
[INFO] [1788882770.535543867] [GSL]: [34mDONE, CLOSING[0m
