[INFO] [1788882517.821971598] [vgr_uav_sim]: Loading VGR data from /mnt/hgfs/workspace/GADEN_files/scenarios/House01, config=2,4-1_fast
[INFO] [1788882517.879618521] [vgr_uav_sim]: Occupancy: 87x114 slice z_idx=13 (z=0.3m), free=6866, obstacle=3052, input_sha256=846003ffbbc8e99aa322cf189356399412763710e937bb5e5316186afccf17cb
[INFO] [1788882518.163996938] [vgr_uav_sim]: Gas backend=raw_house1_snapshot exec=/home/zyc/CSTAR_CONTROLLED_ASSETS_20260907/tools/cstar_numeric_wind_raw_query env_root=/mnt/hgfs/workspace/GADEN_files/scenarios/House01 gas_results=/mnt/hgfs/workspace/GADEN_files/scenarios/House01/gas_simulations/2,4-1_fast/FilamentSimulation_gasType_10_sourcePosition_-0.40_-2.90_-0.30 max_iteration=1999
[INFO] [1788882518.166962752] [vgr_uav_sim]: Navigation grid: coarse 29x38 cell=0.3000 free=626 obstacle=476 (reduce_scale=3)
[INFO] [1788882518.196040189] [vgr_uav_sim]: UAV Sim v3 ready. Start=(-3.17,-1.75), sim_dt=0.200s, realtime_factor=1.00, sensor=asymmetric, vertical_motion=False, open_loop_profile=hover
[WARN] [1788882545.523620737] [vgr_uav_sim]: PLAN_CB: called with goal=(-4.10,-1.13)
[WARN] [1788882545.525527463] [vgr_uav_sim]: PLAN_CB: returning 5 poses
[WARN] [1788882545.535030313] [vgr_uav_sim]: PLAN_CB: called with goal=(-4.10,-1.13)
[WARN] [1788882545.536983539] [vgr_uav_sim]: PLAN_CB: returning 5 poses
[INFO] [1788882545.547385574] [vgr_uav_sim]: Prepared 5 collision-free navigation waypoints to (-4.10, -1.13)
[INFO] [1788882545.548383211] [vgr_uav_sim]: UAV navigating in audited 2-D mode to (-4.10, -1.13, 0.30)
[WARN] [1788882562.304132708] [vgr_uav_sim]: PLAN_CB: called with goal=(-5.00,-0.83)
[WARN] [1788882562.306826465] [vgr_uav_sim]: PLAN_CB: returning 5 poses
[WARN] [1788882562.314643296] [vgr_uav_sim]: PLAN_CB: called with goal=(-5.00,-0.83)
[WARN] [1788882562.316189129] [vgr_uav_sim]: PLAN_CB: returning 5 poses
[INFO] [1788882562.329220729] [vgr_uav_sim]: Prepared 5 collision-free navigation waypoints to (-5.00, -0.83)
[INFO] [1788882562.330350320] [vgr_uav_sim]: UAV navigating in audited 2-D mode to (-5.00, -0.83, 0.30)
[WARN] [1788882579.950748792] [vgr_uav_sim]: PLAN_CB: called with goal=(-5.90,-0.83)
[WARN] [1788882579.952380509] [vgr_uav_sim]: PLAN_CB: returning 5 poses
[WARN] [1788882579.962141625] [vgr_uav_sim]: PLAN_CB: called with goal=(-5.90,-0.83)
[WARN] [1788882579.963681392] [vgr_uav_sim]: PLAN_CB: returning 5 poses
[INFO] [1788882579.974098255] [vgr_uav_sim]: Prepared 5 collision-free navigation waypoints to (-5.90, -0.83)
[INFO] [1788882579.975257023] [vgr_uav_sim]: UAV navigating in audited 2-D mode to (-5.90, -0.83, 0.30)
[WARN] [1788882598.023012537] [vgr_uav_sim]: PLAN_CB: called with goal=(-5.90,-5.03)
[WARN] [1788882598.042949713] [vgr_uav_sim]: PLAN_CB: returning 43 poses
[WARN] [1788882598.054238009] [vgr_uav_sim]: PLAN_CB: called with goal=(-5.90,-5.03)
[WARN] [1788882598.059606222] [vgr_uav_sim]: PLAN_CB: returning 43 poses
[INFO] [1788882598.075146863] [vgr_uav_sim]: Prepared 43 collision-free navigation waypoints to (-5.90, -5.03)
[INFO] [1788882598.076150106] [vgr_uav_sim]: UAV navigating in audited 2-D mode to (-5.90, -5.03, 0.30)
[WARN] [1788882624.394519752] [vgr_uav_sim]: PLAN_CB: called with goal=(-3.20,-5.93)
[WARN] [1788882624.398538384] [vgr_uav_sim]: PLAN_CB: returning 23 poses
[WARN] [1788882624.426500891] [vgr_uav_sim]: PLAN_CB: called with goal=(-3.20,-5.93)
[WARN] [1788882624.429124996] [vgr_uav_sim]: PLAN_CB: returning 23 poses
[INFO] [1788882624.440032950] [vgr_uav_sim]: Prepared 23 collision-free navigation waypoints to (-3.20, -5.93)
[INFO] [1788882624.441162534] [vgr_uav_sim]: UAV navigating in audited 2-D mode to (-3.20, -5.93, 0.30)
[WARN] [1788882646.623048685] [vgr_uav_sim]: PLAN_CB: called with goal=(-0.20,-6.53)
[WARN] [1788882646.626488832] [vgr_uav_sim]: PLAN_CB: returning 24 poses
[WARN] [1788882646.633968017] [vgr_uav_sim]: PLAN_CB: called with goal=(-0.20,-6.53)
[WARN] [1788882646.636975777] [vgr_uav_sim]: PLAN_CB: returning 24 poses
[INFO] [1788882646.647861786] [vgr_uav_sim]: Prepared 24 collision-free navigation waypoints to (-0.20, -6.53)
[INFO] [1788882646.649285868] [vgr_uav_sim]: UAV navigating in audited 2-D mode to (-0.20, -6.53, 0.30)
[WARN] [1788882668.715513844] [vgr_uav_sim]: PLAN_CB: called with goal=(0.40,-6.83)
[WARN] [1788882668.716754817] [vgr_uav_sim]: PLAN_CB: returning 4 poses
[WARN] [1788882668.727205907] [vgr_uav_sim]: PLAN_CB: called with goal=(0.40,-6.83)
[WARN] [1788882668.728472046] [vgr_uav_sim]: PLAN_CB: returning 4 poses
[INFO] [1788882668.739237334] [vgr_uav_sim]: Prepared 4 collision-free navigation waypoints to (0.40, -6.83)
[INFO] [1788882668.740266175] [vgr_uav_sim]: UAV navigating in audited 2-D mode to (0.40, -6.83, 0.30)
[WARN] [1788882686.385778193] [vgr_uav_sim]: PLAN_CB: called with goal=(-0.20,-7.13)
[WARN] [1788882686.389225434] [vgr_uav_sim]: PLAN_CB: returning 4 poses
[WARN] [1788882686.410187690] [vgr_uav_sim]: PLAN_CB: called with goal=(-0.20,-7.13)
[WARN] [1788882686.411087290] [vgr_uav_sim]: PLAN_CB: returning 4 poses
[INFO] [1788882686.422453046] [vgr_uav_sim]: Prepared 4 collision-free navigation waypoints to (-0.20, -7.13)
[INFO] [1788882686.424010785] [vgr_uav_sim]: UAV navigating in audited 2-D mode to (-0.20, -7.13, 0.30)
[WARN] [1788882704.181705667] [vgr_uav_sim]: PLAN_CB: called with goal=(0.40,-7.43)
[WARN] [1788882704.182703833] [vgr_uav_sim]: PLAN_CB: returning 4 poses
[WARN] [1788882704.193483606] [vgr_uav_sim]: PLAN_CB: called with goal=(0.40,-7.43)
[WARN] [1788882704.194366951] [vgr_uav_sim]: PLAN_CB: returning 4 poses
[INFO] [1788882704.226324681] [vgr_uav_sim]: Prepared 4 collision-free navigation waypoints to (0.40, -7.43)
[INFO] [1788882704.227444968] [vgr_uav_sim]: UAV navigating in audited 2-D mode to (0.40, -7.43, 0.30)
[WARN] [1788882721.924606105] [vgr_uav_sim]: PLAN_CB: called with goal=(-1.40,-3.23)
[WARN] [1788882721.926833322] [vgr_uav_sim]: PLAN_CB: returning 16 poses
[WARN] [1788882721.934495912] [vgr_uav_sim]: PLAN_CB: called with goal=(-1.40,-3.23)
[WARN] [1788882721.936596274] [vgr_uav_sim]: PLAN_CB: returning 16 poses
[INFO] [1788882721.947535424] [vgr_uav_sim]: Prepared 16 collision-free navigation waypoints to (-1.40, -3.23)
[INFO] [1788882721.948950532] [vgr_uav_sim]: UAV navigating in audited 2-D mode to (-1.40, -3.23, 0.30)
[WARN] [1788882742.275061422] [vgr_uav_sim]: PLAN_CB: called with goal=(0.10,-5.93)
[WARN] [1788882742.278182901] [vgr_uav_sim]: PLAN_CB: returning 14 poses
[WARN] [1788882742.287335213] [vgr_uav_sim]: PLAN_CB: called with goal=(0.10,-5.93)
[WARN] [1788882742.290635083] [vgr_uav_sim]: PLAN_CB: returning 14 poses
[INFO] [1788882742.302605707] [vgr_uav_sim]: Prepared 14 collision-free navigation waypoints to (0.10, -5.93)
[INFO] [1788882742.303922976] [vgr_uav_sim]: UAV navigating in audited 2-D mode to (0.10, -5.93, 0.30)
[WARN] [1788882761.879468167] [vgr_uav_sim]: PLAN_CB: called with goal=(-3.50,2.17)
[WARN] [1788882761.893464465] [vgr_uav_sim]: PLAN_CB: returning 37 poses
[WARN] [1788882761.901460459] [vgr_uav_sim]: PLAN_CB: called with goal=(-3.50,2.17)
[WARN] [1788882761.908011883] [vgr_uav_sim]: PLAN_CB: returning 37 poses
[INFO] [1788882761.922519742] [vgr_uav_sim]: Prepared 37 collision-free navigation waypoints to (-3.50, 2.17)
[INFO] [1788882761.924060702] [vgr_uav_sim]: UAV navigating in audited 2-D mode to (-3.50, 2.17, 0.30)
