[INFO] [1788884765.004390856] [GSL]: Starting GSL server
[INFO] [1788884770.047207675] [GSL]: GSL action server is ready for action!
[INFO] [1788884771.049017463] [GSL]: [33mRequest received: PMFS[0m
[INFO] [1788884772.062717715] [GSL]: Waiting to hear from localization topic: /amcl_pose
[INFO] [1788884772.066145638] [GSL]: Gas sensor topic: '/PID/Sensor_reading'
[INFO] [1788884772.068114709] [GSL]: Wind sensor topic: '/Anemometer/WindSensor_reading'
[INFO] [1788884772.068207438] [GSL]: [34mINITIALIZATON COMPLETED[0m
[INFO] [1788884772.093261867] [GSL - Trace]: [32mEntering WaitForMap[0m
[INFO] [1788884772.093297195] [GSL - Trace]: [32mNeed occupancy map and costmap[0m
[INFO] [1788884772.145697314] [GSL - Trace]: [32mGot occupancy map[0m
[INFO] [1788884772.145792649] [GSL]: 
--------------GSL---------------
Occupancy Map dimensions:
x_min:-0.85 x_max:13   -   y_min:-1.9 y_max:6.4
--------------------------------
[INFO] [1788884772.146121005] [GSL]: [MAP-DEBUG] 138x83 res=0.1000 free=7258 obs=4196 unk=0 origin=(-0.85,-1.86)
[INFO] [1788884772.147902362] [GSL - Trace]: [32mCreated grid[0m
[INFO] [1788884772.147932193] [GSL]: [DEBUG] After reduceOccupancyMap: free=641 obstacle=601 total=1242
[INFO] [1788884772.148598193] [GSL - Trace]: [32mPruned unreachable cells[0m
[INFO] [1788884772.148611083] [GSL]: [DEBUG] After PruneUnreachable: free=626 obstacle=616 total=1242
[INFO] [1788884772.148622739] [GSL]: [DEBUG] Grid dims: 46x27 scale=3 cellSize=0.3
[INFO] [1788884772.148632106] [GSL]: [DEBUG] Start pos: (2, 0)
[INFO] [1788884772.154329702] [GSL - Trace]: [32mCreated visibility map[0m
[INFO] [1788884772.172128701] [GSL]: Number of cells after fusing quadtree: 85
[INFO] [1788884772.173604428] [GSL - Trace]: [32mGot cost map[0m
[INFO] [1788884772.173632663] [GSL - Trace]: [32mEntering StopAndMeasure[0m
[INFO] [1788884772.174185895] [GSL]: [DEBUG-WIND] useGroundTruth=false gmrf_req_size=626 gaden_req_size=-1
[INFO] [1788884772.174203408] [GSL]: [DEBUG-WIND] Taking GMRF path
[INFO] [1788884774.145342768] [GSL]: 10 gas measurements, 10 wind measurements over 1.97 seconds
[INFO] [1788884774.145810474] [GSL]: avg_gas=0.073;  avg_windSpeed=0.24;  avg_wind_dir=-0.17
[INFO] [1788884774.146486945] [GSL]: [33mNOTHING [0m
[INFO] [1788884774.146501914] [GSL]: [DEBUG-WIND] useGroundTruth=false gmrf_req_size=626 gaden_req_size=-1
[INFO] [1788884774.146510825] [GSL]: [DEBUG-WIND] Taking GMRF path
[INFO] [1788884774.197630194] [GSL - Trace]: [32mEntering StopAndMeasure[0m
[INFO] [1788884776.145401176] [GSL]: 10 gas measurements, 10 wind measurements over 1.95 seconds
[INFO] [1788884776.145490247] [GSL]: avg_gas=0.079;  avg_windSpeed=0.14;  avg_wind_dir=-0.33
[INFO] [1788884776.146224377] [GSL]: [33mNOTHING [0m
[INFO] [1788884776.146238109] [GSL]: [DEBUG-WIND] useGroundTruth=false gmrf_req_size=626 gaden_req_size=-1
[INFO] [1788884776.146246859] [GSL]: [DEBUG-WIND] Taking GMRF path
[INFO] [1788884776.197716860] [GSL - Trace]: [32mEntering StopAndMeasure[0m
[INFO] [1788884778.145340179] [GSL]: 10 gas measurements, 10 wind measurements over 1.95 seconds
[INFO] [1788884778.145720070] [GSL]: avg_gas=0.075;  avg_windSpeed=0.24;  avg_wind_dir=-0.17
[INFO] [1788884778.146326151] [GSL]: [33mNOTHING [0m
[INFO] [1788884778.146338551] [GSL]: [DEBUG-WIND] useGroundTruth=false gmrf_req_size=626 gaden_req_size=-1
[INFO] [1788884778.146346483] [GSL]: [DEBUG-WIND] Taking GMRF path
[INFO] [1788884778.198735821] [GSL - Trace]: [32mEntering StopAndMeasure[0m
[INFO] [1788884780.145541682] [GSL]: 10 gas measurements, 10 wind measurements over 1.95 seconds
[INFO] [1788884780.145625139] [GSL]: avg_gas=0.1;  avg_windSpeed=0.14;  avg_wind_dir=-0.33
[INFO] [1788884780.146466519] [GSL]: [33mNOTHING [0m
[INFO] [1788884780.146499631] [GSL]: [DEBUG-WIND] useGroundTruth=false gmrf_req_size=626 gaden_req_size=-1
[INFO] [1788884780.146509083] [GSL]: [DEBUG-WIND] Taking GMRF path
[INFO] [1788884780.197464564] [GSL - Trace]: [32mEntering StopAndMeasure[0m
[INFO] [1788884782.145365056] [GSL]: 10 gas measurements, 10 wind measurements over 1.95 seconds
[INFO] [1788884782.145742126] [GSL]: avg_gas=0.065;  avg_windSpeed=0.24;  avg_wind_dir=-0.17
[INFO] [1788884782.146351017] [GSL]: [33mNOTHING [0m
[INFO] [1788884782.146363066] [GSL]: [DEBUG-WIND] useGroundTruth=false gmrf_req_size=626 gaden_req_size=-1
[INFO] [1788884782.146370792] [GSL]: [DEBUG-WIND] Taking GMRF path
[INFO] [1788884782.197766926] [GSL - Trace]: [32mEntering StopAndMeasure[0m
[INFO] [1788884784.145483786] [GSL]: 10 gas measurements, 10 wind measurements over 1.95 seconds
[INFO] [1788884784.145561981] [GSL]: avg_gas=0.052;  avg_windSpeed=0.14;  avg_wind_dir=-0.33
[INFO] [1788884784.146305982] [GSL]: [33mNOTHING [0m
[INFO] [1788884784.146321812] [GSL]: [DEBUG-WIND] useGroundTruth=false gmrf_req_size=626 gaden_req_size=-1
[INFO] [1788884784.146331768] [GSL]: [DEBUG-WIND] Taking GMRF path
[INFO] [1788884784.198429732] [GSL - Trace]: [32mEntering StopAndMeasure[0m
[INFO] [1788884786.145477537] [GSL]: 10 gas measurements, 10 wind measurements over 1.95 seconds
[INFO] [1788884786.145545199] [GSL]: avg_gas=0.12;  avg_windSpeed=0.24;  avg_wind_dir=-0.17
[INFO] [1788884786.146385851] [GSL]: [33mGAS HIT[0m
[INFO] [1788884786.146405329] [GSL]: [DEBUG-WIND] useGroundTruth=false gmrf_req_size=626 gaden_req_size=-1
[INFO] [1788884786.146412245] [GSL]: [DEBUG-WIND] Taking GMRF path
[INFO] [1788884786.197494154] [GSL - Trace]: [32mEntering StopAndMeasure[0m
[INFO] [1788884788.145365053] [GSL]: 10 gas measurements, 10 wind measurements over 1.95 seconds
[INFO] [1788884788.145434546] [GSL]: avg_gas=0.11;  avg_windSpeed=0.14;  avg_wind_dir=-0.33
[INFO] [1788884788.146040258] [GSL]: [33mGAS HIT[0m
[INFO] [1788884788.146052507] [GSL]: [DEBUG-WIND] useGroundTruth=false gmrf_req_size=626 gaden_req_size=-1
[INFO] [1788884788.146060220] [GSL]: [DEBUG-WIND] Taking GMRF path
[INFO] [1788884788.204500844] [GSL]: Max mutual info: 6.439
[WARN] [1788884788.207934045] [rcl.logging_rosout]: Publisher already registered for provided node name. If this is due to multiple nodes with the same name then all logs for that logger name will go out over the existing publisher. As soon as any node with that name is destructed it will unregister the publisher, preventing any further logs for that name from being published on the rosout topic.
[INFO] [1788884788.220524952] [GSL]: MutualInformation - Ellapsed: 0.022s
[INFO] [1788884788.248136327] [GSL]: Sending goal (1.10, 0.39)
[INFO] [1788884788.248884703] [GSL]: Variance: 18.45
[INFO] [1788884788.248911287] [GSL - Trace]: [32mEntering Moving[0m
[INFO] [1788884788.960226005] [GSL - Trace]: [32mEntering StopAndMeasure[0m
[INFO] [1788884790.947253877] [GSL]: 10 gas measurements, 10 wind measurements over 1.99 seconds
[INFO] [1788884790.947322136] [GSL]: avg_gas=0.055;  avg_windSpeed=0.23;  avg_wind_dir=-1.2
[INFO] [1788884790.947718887] [GSL]: [33mNOTHING [0m
[INFO] [1788884790.947728506] [GSL]: [DEBUG-WIND] useGroundTruth=false gmrf_req_size=626 gaden_req_size=-1
[INFO] [1788884790.947735070] [GSL]: [DEBUG-WIND] Taking GMRF path
[INFO] [1788884790.997458939] [GSL - Trace]: [32mEntering StopAndMeasure[0m
[INFO] [1788884792.950176975] [GSL]: 10 gas measurements, 10 wind measurements over 1.95 seconds
[INFO] [1788884792.950250103] [GSL]: avg_gas=0.05;  avg_windSpeed=0.2;  avg_wind_dir=-1.2
[INFO] [1788884792.950759045] [GSL]: [33mNOTHING [0m
[INFO] [1788884792.950783459] [GSL]: [DEBUG-WIND] useGroundTruth=false gmrf_req_size=626 gaden_req_size=-1
[INFO] [1788884792.950790530] [GSL]: [DEBUG-WIND] Taking GMRF path
[INFO] [1788884792.997590479] [GSL - Trace]: [32mEntering StopAndMeasure[0m
[INFO] [1788884794.950337094] [GSL]: 10 gas measurements, 10 wind measurements over 1.95 seconds
[INFO] [1788884794.950451778] [GSL]: avg_gas=0.041;  avg_windSpeed=0.23;  avg_wind_dir=-1.2
[INFO] [1788884794.951408169] [GSL]: [33mNOTHING [0m
[INFO] [1788884794.951460746] [GSL]: [DEBUG-WIND] useGroundTruth=false gmrf_req_size=626 gaden_req_size=-1
[INFO] [1788884794.951474356] [GSL]: [DEBUG-WIND] Taking GMRF path
[INFO] [1788884794.997659567] [GSL - Trace]: [32mEntering StopAndMeasure[0m
[INFO] [1788884796.950394879] [GSL]: 10 gas measurements, 10 wind measurements over 1.95 seconds
[INFO] [1788884796.950521707] [GSL]: avg_gas=0.035;  avg_windSpeed=0.2;  avg_wind_dir=-1.2
[INFO] [1788884796.951343036] [GSL]: [33mNOTHING [0m
[INFO] [1788884796.951361082] [GSL]: [DEBUG-WIND] useGroundTruth=false gmrf_req_size=626 gaden_req_size=-1
[INFO] [1788884796.951373062] [GSL]: [DEBUG-WIND] Taking GMRF path
[INFO] [1788884796.997752426] [GSL - Trace]: [32mEntering StopAndMeasure[0m
[INFO] [1788884798.950244897] [GSL]: 10 gas measurements, 10 wind measurements over 1.95 seconds
[INFO] [1788884798.950309592] [GSL]: avg_gas=0.056;  avg_windSpeed=0.23;  avg_wind_dir=-1.2
[INFO] [1788884798.950702805] [GSL]: [33mNOTHING [0m
[INFO] [1788884798.950711469] [GSL]: [DEBUG-WIND] useGroundTruth=false gmrf_req_size=626 gaden_req_size=-1
[INFO] [1788884798.950717943] [GSL]: [DEBUG-WIND] Taking GMRF path
[INFO] [1788884798.997510365] [GSL - Trace]: [32mEntering StopAndMeasure[0m
[INFO] [1788884800.950136195] [GSL]: 10 gas measurements, 10 wind measurements over 1.95 seconds
[INFO] [1788884800.950652142] [GSL]: avg_gas=0.029;  avg_windSpeed=0.2;  avg_wind_dir=-1.2
[INFO] [1788884800.951069457] [GSL]: [33mNOTHING [0m
[INFO] [1788884800.951079418] [GSL]: [DEBUG-WIND] useGroundTruth=false gmrf_req_size=626 gaden_req_size=-1
[INFO] [1788884800.951085965] [GSL]: [DEBUG-WIND] Taking GMRF path
[INFO] [1788884800.997451628] [GSL - Trace]: [32mEntering StopAndMeasure[0m
[INFO] [1788884802.950235628] [GSL]: 10 gas measurements, 10 wind measurements over 1.95 seconds
[INFO] [1788884802.950334478] [GSL]: avg_gas=0.023;  avg_windSpeed=0.23;  avg_wind_dir=-1.2
[INFO] [1788884802.951045684] [GSL]: [33mNOTHING [0m
[INFO] [1788884802.951062662] [GSL]: [DEBUG-WIND] useGroundTruth=false gmrf_req_size=626 gaden_req_size=-1
[INFO] [1788884802.951073478] [GSL]: [DEBUG-WIND] Taking GMRF path
[INFO] [1788884802.997460233] [GSL - Trace]: [32mEntering StopAndMeasure[0m
[INFO] [1788884804.950273811] [GSL]: 10 gas measurements, 10 wind measurements over 1.95 seconds
[INFO] [1788884804.950803501] [GSL]: avg_gas=0.043;  avg_windSpeed=0.2;  avg_wind_dir=-1.2
[INFO] [1788884804.951516424] [GSL]: [33mNOTHING [0m
[INFO] [1788884804.951533799] [GSL]: [DEBUG-WIND] useGroundTruth=false gmrf_req_size=626 gaden_req_size=-1
[INFO] [1788884804.951544791] [GSL]: [DEBUG-WIND] Taking GMRF path
[INFO] [1788884805.002064627] [GSL]: Max mutual info: 6.439
[INFO] [1788884805.002687821] [GSL]: MutualInformation - Ellapsed: 0.005s
[INFO] [1788884805.033666336] [GSL]: Sending goal (0.20, 0.39)
[INFO] [1788884805.034116574] [GSL]: Variance: 18.45
[INFO] [1788884805.034139465] [GSL - Trace]: [32mEntering Moving[0m
[INFO] [1788884805.750765018] [GSL - Trace]: [32mEntering StopAndMeasure[0m
[INFO] [1788884807.750166809] [GSL]: 10 gas measurements, 10 wind measurements over 2.00 seconds
[INFO] [1788884807.750234453] [GSL]: avg_gas=0.12;  avg_windSpeed=0.56;  avg_wind_dir=-1.3
[INFO] [1788884807.750627277] [GSL]: [33mGAS HIT[0m
[INFO] [1788884807.750636233] [GSL]: [DEBUG-WIND] useGroundTruth=false gmrf_req_size=626 gaden_req_size=-1
[INFO] [1788884807.751040967] [GSL]: [DEBUG-WIND] Taking GMRF path
[INFO] [1788884807.798070468] [GSL - Trace]: [32mEntering StopAndMeasure[0m
[INFO] [1788884809.750165391] [GSL]: 10 gas measurements, 10 wind measurements over 1.95 seconds
[INFO] [1788884809.750231166] [GSL]: avg_gas=0.066;  avg_windSpeed=0.55;  avg_wind_dir=-1.3
[INFO] [1788884809.750669513] [GSL]: [33mNOTHING [0m
[INFO] [1788884809.750679753] [GSL]: [DEBUG-WIND] useGroundTruth=false gmrf_req_size=626 gaden_req_size=-1
[INFO] [1788884809.750686325] [GSL]: [DEBUG-WIND] Taking GMRF path
[INFO] [1788884809.797801176] [GSL - Trace]: [32mEntering StopAndMeasure[0m
[INFO] [1788884811.750258051] [GSL]: 10 gas measurements, 10 wind measurements over 1.95 seconds
[INFO] [1788884811.750363405] [GSL]: avg_gas=0.056;  avg_windSpeed=0.56;  avg_wind_dir=-1.3
[INFO] [1788884811.750767888] [GSL]: [33mNOTHING [0m
[INFO] [1788884811.750777231] [GSL]: [DEBUG-WIND] useGroundTruth=false gmrf_req_size=626 gaden_req_size=-1
[INFO] [1788884811.751232097] [GSL]: [DEBUG-WIND] Taking GMRF path
[INFO] [1788884811.797976543] [GSL - Trace]: [32mEntering StopAndMeasure[0m
[INFO] [1788884813.750334416] [GSL]: 10 gas measurements, 10 wind measurements over 1.95 seconds
[INFO] [1788884813.750556028] [GSL]: avg_gas=0.059;  avg_windSpeed=0.55;  avg_wind_dir=-1.3
[INFO] [1788884813.751355000] [GSL]: [33mNOTHING [0m
[INFO] [1788884813.751371955] [GSL]: [DEBUG-WIND] useGroundTruth=false gmrf_req_size=626 gaden_req_size=-1
[INFO] [1788884813.751383698] [GSL]: [DEBUG-WIND] Taking GMRF path
[INFO] [1788884813.798063615] [GSL - Trace]: [32mEntering StopAndMeasure[0m
[INFO] [1788884815.750159128] [GSL]: 10 gas measurements, 10 wind measurements over 1.95 seconds
[INFO] [1788884815.750240395] [GSL]: avg_gas=0.033;  avg_windSpeed=0.56;  avg_wind_dir=-1.3
[INFO] [1788884815.751131268] [GSL]: [33mNOTHING [0m
[INFO] [1788884815.751165444] [GSL]: [DEBUG-WIND] useGroundTruth=false gmrf_req_size=626 gaden_req_size=-1
[INFO] [1788884815.751572850] [GSL]: [DEBUG-WIND] Taking GMRF path
[INFO] [1788884815.797513345] [GSL - Trace]: [32mEntering StopAndMeasure[0m
[INFO] [1788884817.750167586] [GSL]: 10 gas measurements, 10 wind measurements over 1.95 seconds
[INFO] [1788884817.750231391] [GSL]: avg_gas=0.093;  avg_windSpeed=0.55;  avg_wind_dir=-1.3
[INFO] [1788884817.750636849] [GSL]: [33mNOTHING [0m
[INFO] [1788884817.750646054] [GSL]: [DEBUG-WIND] useGroundTruth=false gmrf_req_size=626 gaden_req_size=-1
[INFO] [1788884817.750652676] [GSL]: [DEBUG-WIND] Taking GMRF path
[INFO] [1788884817.797654019] [GSL - Trace]: [32mEntering StopAndMeasure[0m
[INFO] [1788884819.750242157] [GSL]: 10 gas measurements, 10 wind measurements over 1.95 seconds
[INFO] [1788884819.750310519] [GSL]: avg_gas=0.12;  avg_windSpeed=0.56;  avg_wind_dir=-1.3
[INFO] [1788884819.750734163] [GSL]: [33mGAS HIT[0m
[INFO] [1788884819.750744057] [GSL]: [DEBUG-WIND] useGroundTruth=false gmrf_req_size=626 gaden_req_size=-1
[INFO] [1788884819.750750811] [GSL]: [DEBUG-WIND] Taking GMRF path
[INFO] [1788884819.797444313] [GSL - Trace]: [32mEntering StopAndMeasure[0m
[INFO] [1788884821.750236679] [GSL]: 10 gas measurements, 10 wind measurements over 1.95 seconds
[INFO] [1788884821.750329304] [GSL]: avg_gas=0.15;  avg_windSpeed=0.55;  avg_wind_dir=-1.3
[INFO] [1788884821.750914439] [GSL]: [33mGAS HIT[0m
[INFO] [1788884821.750927594] [GSL]: [DEBUG-WIND] useGroundTruth=false gmrf_req_size=626 gaden_req_size=-1
[INFO] [1788884821.750936441] [GSL]: [DEBUG-WIND] Taking GMRF path
[INFO] [1788884821.797821344] [GSL]: [33mStarted simulations. Might take a while![0m
[INFO] [1788884822.174160247] [GSL]: CER contrastive context initialized: events=8, candidates=85, transport_members=3, fixed_ratio_weight=1, context_within_member=true, centered_log_odds=true
[INFO] [1788884822.175208399] [GSL - Trace]: [32mFirst simulation level done[0m
[INFO] [1788884822.175239150] [GSL]: [RC2-DIAG] scores_size=85 refineFraction=0.25 refine_product=21.25 valid_first_level=85 sum_sourceProbInternal_before_norm=1.4745102714559246 min_sourceProbInternal_before_norm=0 max_sourceProbInternal_before_norm=0.0028465412652226986 finite_sourceProbInternal=1242 finite_varianceOfHitProb=1242
[INFO] [1788884822.482784884] [GSL - Trace]: [32mSimulation level 2 done[0m
[INFO] [1788884822.648723610] [GSL - Trace]: [32mSimulation level 3 done[0m
[INFO] [1788884822.703267989] [GSL - Trace]: [32mSimulation level 4 done[0m
[INFO] [1788884822.708888295] [GSL - Trace]: [32mSimulation level 5 done[0m
[INFO] [1788884822.709262579] [GSL]: Number of levels in the simulation: 5
[INFO] [1788884822.709273531] [GSL]: Total number of simulations: 191
[INFO] [1788884822.713861544] [GSL]: CORE sequential event-time commit: window_start=0, new_events=8, committed_total=8
[INFO] [1788884822.714249566] [GSL]: [RC2-DIAG] normalized_finite_count=1242 normalized_sum=1
[INFO] [1788884822.714261361] [GSL]: Time ellapsed in simulation = 0.916308734 s
[INFO] [1788884822.721532633] [GSL]: Max mutual info: 2.104
[INFO] [1788884822.722212062] [GSL]: MutualInformation - Ellapsed: 0.008s
[INFO] [1788884822.752698732] [GSL]: Sending goal (5.90, -0.21)
[INFO] [1788884822.753214760] [GSL]: Variance: 14.08
[INFO] [1788884822.753237893] [GSL - Trace]: [32mEntering Moving[0m
[INFO] [1788884827.755014564] [GSL - Trace]: [32mEntering StopAndMeasure[0m
[INFO] [1788884829.754583100] [GSL]: 10 gas measurements, 10 wind measurements over 2.00 seconds
[INFO] [1788884829.754951797] [GSL]: avg_gas=1.4;  avg_windSpeed=0.072;  avg_wind_dir=0.53
[INFO] [1788884829.756222792] [GSL]: [33mGAS HIT[0m
[INFO] [1788884829.756244001] [GSL]: [DEBUG-WIND] useGroundTruth=false gmrf_req_size=626 gaden_req_size=-1
[INFO] [1788884829.756259766] [GSL]: [DEBUG-WIND] Taking GMRF path
[INFO] [1788884829.798029287] [GSL - Trace]: [32mEntering StopAndMeasure[0m
[INFO] [1788884831.754325453] [GSL]: 10 gas measurements, 10 wind measurements over 1.96 seconds
[INFO] [1788884831.754394048] [GSL]: avg_gas=1.5;  avg_windSpeed=0.098;  avg_wind_dir=0.2
[INFO] [1788884831.754978177] [GSL]: [33mGAS HIT[0m
[INFO] [1788884831.755291484] [GSL]: [DEBUG-WIND] useGroundTruth=false gmrf_req_size=626 gaden_req_size=-1
[INFO] [1788884831.755311082] [GSL]: [DEBUG-WIND] Taking GMRF path
[INFO] [1788884831.797354384] [GSL - Trace]: [32mEntering StopAndMeasure[0m
[INFO] [1788884833.754639775] [GSL]: 10 gas measurements, 10 wind measurements over 1.96 seconds
[INFO] [1788884833.754775061] [GSL]: avg_gas=1.4;  avg_windSpeed=0.072;  avg_wind_dir=0.53
[INFO] [1788884833.755899524] [GSL]: [33mGAS HIT[0m
[INFO] [1788884833.755929839] [GSL]: [DEBUG-WIND] useGroundTruth=false gmrf_req_size=626 gaden_req_size=-1
[INFO] [1788884833.755944654] [GSL]: [DEBUG-WIND] Taking GMRF path
[INFO] [1788884833.798067083] [GSL - Trace]: [32mEntering StopAndMeasure[0m
[INFO] [1788884835.754373440] [GSL]: 10 gas measurements, 10 wind measurements over 1.96 seconds
[INFO] [1788884835.754463305] [GSL]: avg_gas=1.4;  avg_windSpeed=0.098;  avg_wind_dir=0.2
[INFO] [1788884835.755163058] [GSL]: [33mGAS HIT[0m
[INFO] [1788884835.755567756] [GSL]: [DEBUG-WIND] useGroundTruth=false gmrf_req_size=626 gaden_req_size=-1
[INFO] [1788884835.755582033] [GSL]: [DEBUG-WIND] Taking GMRF path
[INFO] [1788884835.797968205] [GSL - Trace]: [32mEntering StopAndMeasure[0m
[INFO] [1788884837.754472594] [GSL]: 10 gas measurements, 10 wind measurements over 1.96 seconds
[INFO] [1788884837.754580701] [GSL]: avg_gas=1.4;  avg_windSpeed=0.072;  avg_wind_dir=0.53
[INFO] [1788884837.755550984] [GSL]: [33mGAS HIT[0m
[INFO] [1788884837.755569538] [GSL]: [DEBUG-WIND] useGroundTruth=false gmrf_req_size=626 gaden_req_size=-1
[INFO] [1788884837.755580836] [GSL]: [DEBUG-WIND] Taking GMRF path
[INFO] [1788884837.798133574] [GSL - Trace]: [32mEntering StopAndMeasure[0m
[INFO] [1788884839.754511172] [GSL]: 10 gas measurements, 10 wind measurements over 1.96 seconds
[INFO] [1788884839.754638402] [GSL]: avg_gas=1.4;  avg_windSpeed=0.098;  avg_wind_dir=0.2
[INFO] [1788884839.755627118] [GSL]: [33mGAS HIT[0m
[INFO] [1788884839.755648358] [GSL]: [DEBUG-WIND] useGroundTruth=false gmrf_req_size=626 gaden_req_size=-1
[INFO] [1788884839.756075727] [GSL]: [DEBUG-WIND] Taking GMRF path
[INFO] [1788884839.797907245] [GSL - Trace]: [32mEntering StopAndMeasure[0m
[INFO] [1788884841.704282136] [GSL]: 10 gas measurements, 10 wind measurements over 1.91 seconds
[INFO] [1788884841.704317414] [GSL]: avg_gas=1.6;  avg_windSpeed=0.072;  avg_wind_dir=0.53
[INFO] [1788884841.704813412] [GSL]: [33mGAS HIT[0m
[INFO] [1788884841.704822679] [GSL]: [DEBUG-WIND] useGroundTruth=false gmrf_req_size=626 gaden_req_size=-1
[INFO] [1788884841.704829411] [GSL]: [DEBUG-WIND] Taking GMRF path
[INFO] [1788884841.797607313] [GSL - Trace]: [32mEntering StopAndMeasure[0m
[INFO] [1788884843.754453314] [GSL]: 10 gas measurements, 10 wind measurements over 1.96 seconds
[INFO] [1788884843.754517396] [GSL]: avg_gas=1.6;  avg_windSpeed=0.098;  avg_wind_dir=0.2
[INFO] [1788884843.755037682] [GSL]: [33mGAS HIT[0m
[INFO] [1788884843.755047732] [GSL]: [DEBUG-WIND] useGroundTruth=false gmrf_req_size=626 gaden_req_size=-1
[INFO] [1788884843.755390963] [GSL]: [DEBUG-WIND] Taking GMRF path
[INFO] [1788884843.797824626] [GSL]: [33mStarted simulations. Might take a while![0m
[INFO] [1788884844.193054666] [GSL]: CER contrastive context initialized: events=16, candidates=85, transport_members=3, fixed_ratio_weight=1, context_within_member=true, centered_log_odds=true
[INFO] [1788884844.194368782] [GSL - Trace]: [32mFirst simulation level done[0m
[INFO] [1788884844.194409006] [GSL]: [RC2-DIAG] scores_size=85 refineFraction=0.25 refine_product=21.25 valid_first_level=85 sum_sourceProbInternal_before_norm=166.6594284609015 min_sourceProbInternal_before_norm=0 max_sourceProbInternal_before_norm=0.999200279944007 finite_sourceProbInternal=1242 finite_varianceOfHitProb=1242
[INFO] [1788884844.548759937] [GSL - Trace]: [32mSimulation level 2 done[0m
[INFO] [1788884844.832354347] [GSL - Trace]: [32mSimulation level 3 done[0m
[INFO] [1788884845.002656171] [GSL - Trace]: [32mSimulation level 4 done[0m
[INFO] [1788884845.003725509] [GSL - Trace]: [32mSimulation level 5 done[0m
[INFO] [1788884845.003749394] [GSL]: Number of levels in the simulation: 5
[INFO] [1788884845.003757881] [GSL]: Total number of simulations: 249
[INFO] [1788884845.003779579] [GSL]: CORE sequential event-time commit: window_start=8, new_events=8, committed_total=16
[INFO] [1788884845.003794233] [GSL]: [RC2-DIAG] normalized_finite_count=1242 normalized_sum=1
[INFO] [1788884845.003802189] [GSL]: Time ellapsed in simulation = 1.205855402 s
[INFO] [1788884845.007555967] [GSL]: Max mutual info: 2.454
[INFO] [1788884845.007673331] [GSL]: MutualInformation - Ellapsed: 0.004s
[INFO] [1788884845.036896348] [GSL]: Sending goal (5.30, -0.21)
[INFO] [1788884845.037481799] [GSL]: Variance: 3.21
[INFO] [1788884845.037509075] [GSL - Trace]: [32mEntering Moving[0m
[INFO] [1788884845.546003151] [GSL - Trace]: [32mEntering StopAndMeasure[0m
[INFO] [1788884847.526966740] [GSL]: 10 gas measurements, 10 wind measurements over 1.98 seconds
[INFO] [1788884847.527390776] [GSL]: avg_gas=1.5;  avg_windSpeed=0.14;  avg_wind_dir=-1.1
[INFO] [1788884847.527997836] [GSL]: [33mGAS HIT[0m
[INFO] [1788884847.528012219] [GSL]: [DEBUG-WIND] useGroundTruth=false gmrf_req_size=626 gaden_req_size=-1
[INFO] [1788884847.528020621] [GSL]: [DEBUG-WIND] Taking GMRF path
[INFO] [1788884847.597421446] [GSL - Trace]: [32mEntering StopAndMeasure[0m
[INFO] [1788884849.538712034] [GSL]: 10 gas measurements, 10 wind measurements over 1.94 seconds
[INFO] [1788884849.538774163] [GSL]: avg_gas=1.5;  avg_windSpeed=0.16;  avg_wind_dir=-1.1
[INFO] [1788884849.539238545] [GSL]: [33mGAS HIT[0m
[INFO] [1788884849.539248734] [GSL]: [DEBUG-WIND] useGroundTruth=false gmrf_req_size=626 gaden_req_size=-1
[INFO] [1788884849.539255473] [GSL]: [DEBUG-WIND] Taking GMRF path
[INFO] [1788884849.597321098] [GSL - Trace]: [32mEntering StopAndMeasure[0m
[INFO] [1788884851.538730333] [GSL]: 10 gas measurements, 10 wind measurements over 1.94 seconds
[INFO] [1788884851.538794620] [GSL]: avg_gas=1.4;  avg_windSpeed=0.14;  avg_wind_dir=-1.1
[INFO] [1788884851.539527000] [GSL]: [33mGAS HIT[0m
[INFO] [1788884851.539542770] [GSL]: [DEBUG-WIND] useGroundTruth=false gmrf_req_size=626 gaden_req_size=-1
[INFO] [1788884851.539549863] [GSL]: [DEBUG-WIND] Taking GMRF path
[INFO] [1788884851.597485194] [GSL - Trace]: [32mEntering StopAndMeasure[0m
[INFO] [1788884853.538781693] [GSL]: 10 gas measurements, 10 wind measurements over 1.94 seconds
[INFO] [1788884853.538875406] [GSL]: avg_gas=1.4;  avg_windSpeed=0.16;  avg_wind_dir=-1.1
[INFO] [1788884853.539344971] [GSL]: [33mGAS HIT[0m
[INFO] [1788884853.539355009] [GSL]: [DEBUG-WIND] useGroundTruth=false gmrf_req_size=626 gaden_req_size=-1
[INFO] [1788884853.539361810] [GSL]: [DEBUG-WIND] Taking GMRF path
[INFO] [1788884853.598004831] [GSL - Trace]: [32mEntering StopAndMeasure[0m
[INFO] [1788884855.538625867] [GSL]: 10 gas measurements, 10 wind measurements over 1.94 seconds
[INFO] [1788884855.538676092] [GSL]: avg_gas=1.4;  avg_windSpeed=0.14;  avg_wind_dir=-1.1
[INFO] [1788884855.539752014] [GSL]: [33mGAS HIT[0m
[INFO] [1788884855.539774435] [GSL]: [DEBUG-WIND] useGroundTruth=false gmrf_req_size=626 gaden_req_size=-1
[INFO] [1788884855.539781513] [GSL]: [DEBUG-WIND] Taking GMRF path
[INFO] [1788884855.597518989] [GSL - Trace]: [32mEntering StopAndMeasure[0m
[INFO] [1788884857.539189359] [GSL]: 10 gas measurements, 10 wind measurements over 1.94 seconds
[INFO] [1788884857.539318613] [GSL]: avg_gas=1.4;  avg_windSpeed=0.16;  avg_wind_dir=-1.1
[INFO] [1788884857.540720256] [GSL]: [33mGAS HIT[0m
[INFO] [1788884857.540774230] [GSL]: [DEBUG-WIND] useGroundTruth=false gmrf_req_size=626 gaden_req_size=-1
[INFO] [1788884857.540787388] [GSL]: [DEBUG-WIND] Taking GMRF path
[INFO] [1788884857.597731221] [GSL - Trace]: [32mEntering StopAndMeasure[0m
[INFO] [1788884859.538751173] [GSL]: 10 gas measurements, 10 wind measurements over 1.94 seconds
[INFO] [1788884859.538819129] [GSL]: avg_gas=1.5;  avg_windSpeed=0.14;  avg_wind_dir=-1.1
[INFO] [1788884859.539360944] [GSL]: [33mGAS HIT[0m
[INFO] [1788884859.539543109] [GSL]: [DEBUG-WIND] useGroundTruth=false gmrf_req_size=626 gaden_req_size=-1
[INFO] [1788884859.539557909] [GSL]: [DEBUG-WIND] Taking GMRF path
[INFO] [1788884859.597942176] [GSL - Trace]: [32mEntering StopAndMeasure[0m
[INFO] [1788884861.538760177] [GSL]: 10 gas measurements, 10 wind measurements over 1.94 seconds
[INFO] [1788884861.538900516] [GSL]: avg_gas=1.4;  avg_windSpeed=0.16;  avg_wind_dir=-1.1
[INFO] [1788884861.539575154] [GSL]: [33mGAS HIT[0m
[INFO] [1788884861.539590058] [GSL]: [DEBUG-WIND] useGroundTruth=false gmrf_req_size=626 gaden_req_size=-1
[INFO] [1788884861.539600236] [GSL]: [DEBUG-WIND] Taking GMRF path
[INFO] [1788884861.597717487] [GSL]: [33mStarted simulations. Might take a while![0m
[INFO] [1788884861.985727443] [GSL]: CER contrastive context initialized: events=24, candidates=85, transport_members=3, fixed_ratio_weight=1, context_within_member=true, centered_log_odds=true
[INFO] [1788884861.987465647] [GSL - Trace]: [32mFirst simulation level done[0m
[INFO] [1788884861.988778991] [GSL]: [RC2-DIAG] scores_size=85 refineFraction=0.25 refine_product=21.25 valid_first_level=85 sum_sourceProbInternal_before_norm=151.83136901442842 min_sourceProbInternal_before_norm=0 max_sourceProbInternal_before_norm=0.999200279944007 finite_sourceProbInternal=1242 finite_varianceOfHitProb=1242
[INFO] [1788884862.349045619] [GSL - Trace]: [32mSimulation level 2 done[0m
[INFO] [1788884862.624381855] [GSL - Trace]: [32mSimulation level 3 done[0m
[INFO] [1788884862.784894785] [GSL - Trace]: [32mSimulation level 4 done[0m
[INFO] [1788884862.795889672] [GSL - Trace]: [32mSimulation level 5 done[0m
[INFO] [1788884862.795950176] [GSL]: Number of levels in the simulation: 5
[INFO] [1788884862.795958092] [GSL]: Total number of simulations: 245
[INFO] [1788884862.801849007] [GSL]: CORE sequential event-time commit: window_start=16, new_events=8, committed_total=24
[INFO] [1788884862.801869887] [GSL]: [RC2-DIAG] normalized_finite_count=1242 normalized_sum=1
[INFO] [1788884862.802194624] [GSL]: Time ellapsed in simulation = 1.204391371 s
[INFO] [1788884862.807016787] [GSL]: Max mutual info: 4.665
[INFO] [1788884862.807193145] [GSL]: MutualInformation - Ellapsed: 0.005s
[INFO] [1788884862.837104138] [GSL]: Sending goal (5.00, -0.81)
[INFO] [1788884862.837640940] [GSL]: Variance: 2.56
[INFO] [1788884862.837666815] [GSL - Trace]: [32mEntering Moving[0m
[INFO] [1788884863.346443617] [GSL - Trace]: [32mEntering StopAndMeasure[0m
[INFO] [1788884865.324442031] [GSL]: 10 gas measurements, 10 wind measurements over 1.98 seconds
[INFO] [1788884865.324502887] [GSL]: avg_gas=1.1;  avg_windSpeed=0.059;  avg_wind_dir=-0.46
[INFO] [1788884865.325025106] [GSL]: [33mGAS HIT[0m
[INFO] [1788884865.325035987] [GSL]: [DEBUG-WIND] useGroundTruth=false gmrf_req_size=626 gaden_req_size=-1
[INFO] [1788884865.325042484] [GSL]: [DEBUG-WIND] Taking GMRF path
[INFO] [1788884865.397624303] [GSL - Trace]: [32mEntering StopAndMeasure[0m
[INFO] [1788884867.338955812] [GSL]: 10 gas measurements, 10 wind measurements over 1.94 seconds
[INFO] [1788884867.339526632] [GSL]: avg_gas=1.2;  avg_windSpeed=0.084;  avg_wind_dir=-0.63
[INFO] [1788884867.340479776] [GSL]: [33mGAS HIT[0m
[INFO] [1788884867.340498303] [GSL]: [DEBUG-WIND] useGroundTruth=false gmrf_req_size=626 gaden_req_size=-1
[INFO] [1788884867.340510727] [GSL]: [DEBUG-WIND] Taking GMRF path
[INFO] [1788884867.397807002] [GSL - Trace]: [32mEntering StopAndMeasure[0m
[INFO] [1788884869.338775170] [GSL]: 10 gas measurements, 10 wind measurements over 1.94 seconds
[INFO] [1788884869.338893044] [GSL]: avg_gas=1.3;  avg_windSpeed=0.059;  avg_wind_dir=-0.46
[INFO] [1788884869.339410793] [GSL]: [33mGAS HIT[0m
[INFO] [1788884869.339420021] [GSL]: [DEBUG-WIND] useGroundTruth=false gmrf_req_size=626 gaden_req_size=-1
[INFO] [1788884869.339426720] [GSL]: [DEBUG-WIND] Taking GMRF path
[INFO] [1788884869.397385036] [GSL - Trace]: [32mEntering StopAndMeasure[0m
[INFO] [1788884871.338779273] [GSL]: 10 gas measurements, 10 wind measurements over 1.94 seconds
[INFO] [1788884871.339175144] [GSL]: avg_gas=1.3;  avg_windSpeed=0.084;  avg_wind_dir=-0.63
[INFO] [1788884871.339686321] [GSL]: [33mGAS HIT[0m
[INFO] [1788884871.339696573] [GSL]: [DEBUG-WIND] useGroundTruth=false gmrf_req_size=626 gaden_req_size=-1
[INFO] [1788884871.339703227] [GSL]: [DEBUG-WIND] Taking GMRF path
[INFO] [1788884871.397458032] [GSL - Trace]: [32mEntering StopAndMeasure[0m
[INFO] [1788884873.338988867] [GSL]: 10 gas measurements, 10 wind measurements over 1.94 seconds
[INFO] [1788884873.339068353] [GSL]: avg_gas=1.2;  avg_windSpeed=0.059;  avg_wind_dir=-0.46
[INFO] [1788884873.339893309] [GSL]: [33mGAS HIT[0m
[INFO] [1788884873.339908611] [GSL]: [DEBUG-WIND] useGroundTruth=false gmrf_req_size=626 gaden_req_size=-1
[INFO] [1788884873.339919766] [GSL]: [DEBUG-WIND] Taking GMRF path
[INFO] [1788884873.397498787] [GSL - Trace]: [32mEntering StopAndMeasure[0m
[INFO] [1788884875.339134457] [GSL]: 10 gas measurements, 10 wind measurements over 1.94 seconds
[INFO] [1788884875.339899926] [GSL]: avg_gas=1.2;  avg_windSpeed=0.084;  avg_wind_dir=-0.63
[INFO] [1788884875.340936122] [GSL]: [33mGAS HIT[0m
[INFO] [1788884875.340977976] [GSL]: [DEBUG-WIND] useGroundTruth=false gmrf_req_size=626 gaden_req_size=-1
[INFO] [1788884875.340990736] [GSL]: [DEBUG-WIND] Taking GMRF path
[INFO] [1788884875.398243549] [GSL - Trace]: [32mEntering StopAndMeasure[0m
[INFO] [1788884877.339029741] [GSL]: 10 gas measurements, 10 wind measurements over 1.94 seconds
[INFO] [1788884877.339970595] [GSL]: avg_gas=1.1;  avg_windSpeed=0.059;  avg_wind_dir=-0.46
[INFO] [1788884877.341032312] [GSL]: [33mGAS HIT[0m
[INFO] [1788884877.341052768] [GSL]: [DEBUG-WIND] useGroundTruth=false gmrf_req_size=626 gaden_req_size=-1
[INFO] [1788884877.341065438] [GSL]: [DEBUG-WIND] Taking GMRF path
[INFO] [1788884877.397945354] [GSL - Trace]: [32mEntering StopAndMeasure[0m
[INFO] [1788884879.338802072] [GSL]: 10 gas measurements, 10 wind measurements over 1.94 seconds
[INFO] [1788884879.338925262] [GSL]: avg_gas=0.91;  avg_windSpeed=0.084;  avg_wind_dir=-0.63
[INFO] [1788884879.340358320] [GSL]: [33mGAS HIT[0m
[INFO] [1788884879.340391225] [GSL]: [DEBUG-WIND] useGroundTruth=false gmrf_req_size=626 gaden_req_size=-1
[INFO] [1788884879.340400900] [GSL]: [DEBUG-WIND] Taking GMRF path
[INFO] [1788884879.397642058] [GSL]: [33mStarted simulations. Might take a while![0m
[INFO] [1788884879.778335321] [GSL]: CER contrastive context initialized: events=32, candidates=85, transport_members=3, fixed_ratio_weight=1, context_within_member=true, centered_log_odds=true
[INFO] [1788884879.779833426] [GSL - Trace]: [32mFirst simulation level done[0m
[INFO] [1788884879.779895536] [GSL]: [RC2-DIAG] scores_size=85 refineFraction=0.25 refine_product=21.25 valid_first_level=85 sum_sourceProbInternal_before_norm=132.5873252552686 min_sourceProbInternal_before_norm=0 max_sourceProbInternal_before_norm=0.999200279944007 finite_sourceProbInternal=1242 finite_varianceOfHitProb=1242
[INFO] [1788884880.133491344] [GSL - Trace]: [32mSimulation level 2 done[0m
[INFO] [1788884880.405512313] [GSL - Trace]: [32mSimulation level 3 done[0m
[INFO] [1788884880.562632075] [GSL - Trace]: [32mSimulation level 4 done[0m
[INFO] [1788884880.563623628] [GSL - Trace]: [32mSimulation level 5 done[0m
[INFO] [1788884880.563641084] [GSL]: Number of levels in the simulation: 5
[INFO] [1788884880.563648422] [GSL]: Total number of simulations: 245
[INFO] [1788884880.563813833] [GSL]: CORE sequential event-time commit: window_start=24, new_events=8, committed_total=32
[INFO] [1788884880.563829181] [GSL]: [RC2-DIAG] normalized_finite_count=1242 normalized_sum=1
[INFO] [1788884880.563979340] [GSL]: Time ellapsed in simulation = 1.16626703 s
[INFO] [1788884880.568309362] [GSL]: Max mutual info: 3.672
[INFO] [1788884880.568428106] [GSL]: MutualInformation - Ellapsed: 0.004s
[INFO] [1788884880.598312430] [GSL]: Sending goal (4.70, -0.21)
[INFO] [1788884880.598775255] [GSL]: Variance: 2.10
[INFO] [1788884880.598800082] [GSL - Trace]: [32mEntering Moving[0m
[INFO] [1788884881.211407014] [GSL - Trace]: [32mEntering StopAndMeasure[0m
[INFO] [1788884883.141365797] [GSL]: 10 gas measurements, 10 wind measurements over 1.93 seconds
[INFO] [1788884883.141451640] [GSL]: avg_gas=1.3;  avg_windSpeed=0.1;  avg_wind_dir=-1.4
[INFO] [1788884883.142115934] [GSL]: [33mGAS HIT[0m
[INFO] [1788884883.142151120] [GSL]: [DEBUG-WIND] useGroundTruth=false gmrf_req_size=626 gaden_req_size=-1
[INFO] [1788884883.142160819] [GSL]: [DEBUG-WIND] Taking GMRF path
[INFO] [1788884883.198415018] [GSL - Trace]: [32mEntering StopAndMeasure[0m
[INFO] [1788884885.150308161] [GSL]: 10 gas measurements, 10 wind measurements over 1.95 seconds
[INFO] [1788884885.150658552] [GSL]: avg_gas=1.7;  avg_windSpeed=0.08;  avg_wind_dir=-1.3
[INFO] [1788884885.151279433] [GSL]: [33mGAS HIT[0m
[INFO] [1788884885.151292513] [GSL]: [DEBUG-WIND] useGroundTruth=false gmrf_req_size=626 gaden_req_size=-1
[INFO] [1788884885.151300979] [GSL]: [DEBUG-WIND] Taking GMRF path
[INFO] [1788884885.197713043] [GSL - Trace]: [32mEntering StopAndMeasure[0m
[INFO] [1788884887.150167797] [GSL]: 10 gas measurements, 10 wind measurements over 1.95 seconds
[INFO] [1788884887.150255304] [GSL]: avg_gas=1.5;  avg_windSpeed=0.1;  avg_wind_dir=-1.4
[INFO] [1788884887.150924589] [GSL]: [33mGAS HIT[0m
[INFO] [1788884887.150939168] [GSL]: [DEBUG-WIND] useGroundTruth=false gmrf_req_size=626 gaden_req_size=-1
[INFO] [1788884887.150948485] [GSL]: [DEBUG-WIND] Taking GMRF path
[INFO] [1788884887.197683293] [GSL - Trace]: [32mEntering StopAndMeasure[0m
[INFO] [1788884889.150174440] [GSL]: 10 gas measurements, 10 wind measurements over 1.95 seconds
[INFO] [1788884889.150245720] [GSL]: avg_gas=1.7;  avg_windSpeed=0.08;  avg_wind_dir=-1.3
[INFO] [1788884889.150697043] [GSL]: [33mGAS HIT[0m
[INFO] [1788884889.150706341] [GSL]: [DEBUG-WIND] useGroundTruth=false gmrf_req_size=626 gaden_req_size=-1
[INFO] [1788884889.150712824] [GSL]: [DEBUG-WIND] Taking GMRF path
[INFO] [1788884889.197341009] [GSL - Trace]: [32mEntering StopAndMeasure[0m
[INFO] [1788884891.150093519] [GSL]: 10 gas measurements, 10 wind measurements over 1.95 seconds
[INFO] [1788884891.150176800] [GSL]: avg_gas=1.8;  avg_windSpeed=0.1;  avg_wind_dir=-1.4
[INFO] [1788884891.150700974] [GSL]: [33mGAS HIT[0m
[INFO] [1788884891.150712297] [GSL]: [DEBUG-WIND] useGroundTruth=false gmrf_req_size=626 gaden_req_size=-1
[INFO] [1788884891.150718960] [GSL]: [DEBUG-WIND] Taking GMRF path
[INFO] [1788884891.197344525] [GSL - Trace]: [32mEntering StopAndMeasure[0m
[INFO] [1788884893.150133977] [GSL]: 10 gas measurements, 10 wind measurements over 1.95 seconds
[INFO] [1788884893.150212560] [GSL]: avg_gas=1.7;  avg_windSpeed=0.08;  avg_wind_dir=-1.3
[INFO] [1788884893.150665245] [GSL]: [33mGAS HIT[0m
[INFO] [1788884893.150674419] [GSL]: [DEBUG-WIND] useGroundTruth=false gmrf_req_size=626 gaden_req_size=-1
[INFO] [1788884893.150680865] [GSL]: [DEBUG-WIND] Taking GMRF path
[INFO] [1788884893.197949409] [GSL - Trace]: [32mEntering StopAndMeasure[0m
[INFO] [1788884895.150111817] [GSL]: 10 gas measurements, 10 wind measurements over 1.95 seconds
[INFO] [1788884895.150927657] [GSL]: avg_gas=1.5;  avg_windSpeed=0.1;  avg_wind_dir=-1.4
[INFO] [1788884895.151397292] [GSL]: [33mGAS HIT[0m
[INFO] [1788884895.151406809] [GSL]: [DEBUG-WIND] useGroundTruth=false gmrf_req_size=626 gaden_req_size=-1
[INFO] [1788884895.151413637] [GSL]: [DEBUG-WIND] Taking GMRF path
[INFO] [1788884895.197517500] [GSL - Trace]: [32mEntering StopAndMeasure[0m
[INFO] [1788884897.150222140] [GSL]: 10 gas measurements, 10 wind measurements over 1.95 seconds
[INFO] [1788884897.150290394] [GSL]: avg_gas=1.4;  avg_windSpeed=0.08;  avg_wind_dir=-1.3
[INFO] [1788884897.150767007] [GSL]: [33mGAS HIT[0m
[INFO] [1788884897.150776485] [GSL]: [DEBUG-WIND] useGroundTruth=false gmrf_req_size=626 gaden_req_size=-1
[INFO] [1788884897.150782964] [GSL]: [DEBUG-WIND] Taking GMRF path
[INFO] [1788884897.197917857] [GSL]: [33mStarted simulations. Might take a while![0m
[INFO] [1788884897.585586520] [GSL]: CER contrastive context initialized: events=40, candidates=85, transport_members=3, fixed_ratio_weight=1, context_within_member=true, centered_log_odds=true
[INFO] [1788884897.588149692] [GSL - Trace]: [32mFirst simulation level done[0m
[INFO] [1788884897.588795299] [GSL]: [RC2-DIAG] scores_size=85 refineFraction=0.25 refine_product=21.25 valid_first_level=85 sum_sourceProbInternal_before_norm=133.3995751512739 min_sourceProbInternal_before_norm=0 max_sourceProbInternal_before_norm=0.999200279944007 finite_sourceProbInternal=1242 finite_varianceOfHitProb=1242
[INFO] [1788884897.954499842] [GSL - Trace]: [32mSimulation level 2 done[0m
[INFO] [1788884898.234568988] [GSL - Trace]: [32mSimulation level 3 done[0m
[INFO] [1788884898.395471914] [GSL - Trace]: [32mSimulation level 4 done[0m
[INFO] [1788884898.396230682] [GSL - Trace]: [32mSimulation level 5 done[0m
[INFO] [1788884898.396247140] [GSL]: Number of levels in the simulation: 5
[INFO] [1788884898.396255152] [GSL]: Total number of simulations: 243
[INFO] [1788884898.396711820] [GSL]: CORE sequential event-time commit: window_start=32, new_events=8, committed_total=40
[INFO] [1788884898.397150649] [GSL]: [RC2-DIAG] normalized_finite_count=1242 normalized_sum=1
[INFO] [1788884898.397173925] [GSL]: Time ellapsed in simulation = 1.198877763 s
[INFO] [1788884898.401577906] [GSL]: Max mutual info: 2.475
[INFO] [1788884898.402206457] [GSL]: MutualInformation - Ellapsed: 0.005s
[INFO] [1788884898.432432911] [GSL]: Sending goal (8.00, 0.09)
[INFO] [1788884898.432954636] [GSL]: Variance: 1.92
[INFO] [1788884898.432981154] [GSL - Trace]: [32mEntering Moving[0m
[INFO] [1788884900.769056723] [GSL - Trace]: [32mEntering StopAndMeasure[0m
[INFO] [1788884902.734003276] [GSL]: 10 gas measurements, 10 wind measurements over 1.96 seconds
[INFO] [1788884902.734060125] [GSL]: avg_gas=1.4;  avg_windSpeed=0.31;  avg_wind_dir=1.2
[INFO] [1788884902.734619331] [GSL]: [33mGAS HIT[0m
[INFO] [1788884902.734629376] [GSL]: [DEBUG-WIND] useGroundTruth=false gmrf_req_size=626 gaden_req_size=-1
[INFO] [1788884902.734636192] [GSL]: [DEBUG-WIND] Taking GMRF path
[INFO] [1788884902.797343501] [GSL - Trace]: [32mEntering StopAndMeasure[0m
[INFO] [1788884904.734203994] [GSL]: 10 gas measurements, 10 wind measurements over 1.94 seconds
[INFO] [1788884904.734459192] [GSL]: avg_gas=1.3;  avg_windSpeed=0.3;  avg_wind_dir=1.3
[INFO] [1788884904.735400785] [GSL]: [33mGAS HIT[0m
[INFO] [1788884904.735416145] [GSL]: [DEBUG-WIND] useGroundTruth=false gmrf_req_size=626 gaden_req_size=-1
[INFO] [1788884904.735426849] [GSL]: [DEBUG-WIND] Taking GMRF path
[INFO] [1788884904.797482693] [GSL - Trace]: [32mEntering StopAndMeasure[0m
[INFO] [1788884906.734016360] [GSL]: 10 gas measurements, 10 wind measurements over 1.94 seconds
[INFO] [1788884906.734081341] [GSL]: avg_gas=1.2;  avg_windSpeed=0.31;  avg_wind_dir=1.2
[INFO] [1788884906.734730745] [GSL]: [33mGAS HIT[0m
[INFO] [1788884906.734741192] [GSL]: [DEBUG-WIND] useGroundTruth=false gmrf_req_size=626 gaden_req_size=-1
[INFO] [1788884906.734748414] [GSL]: [DEBUG-WIND] Taking GMRF path
[INFO] [1788884906.797728920] [GSL - Trace]: [32mEntering StopAndMeasure[0m
[INFO] [1788884908.734069471] [GSL]: 10 gas measurements, 10 wind measurements over 1.94 seconds
[INFO] [1788884908.734134614] [GSL]: avg_gas=1;  avg_windSpeed=0.3;  avg_wind_dir=1.3
[INFO] [1788884908.734740998] [GSL]: [33mGAS HIT[0m
[INFO] [1788884908.734751654] [GSL]: [DEBUG-WIND] useGroundTruth=false gmrf_req_size=626 gaden_req_size=-1
[INFO] [1788884908.734758946] [GSL]: [DEBUG-WIND] Taking GMRF path
[INFO] [1788884908.798384777] [GSL - Trace]: [32mEntering StopAndMeasure[0m
[INFO] [1788884910.734201779] [GSL]: 10 gas measurements, 10 wind measurements over 1.94 seconds
[INFO] [1788884910.734283821] [GSL]: avg_gas=1;  avg_windSpeed=0.31;  avg_wind_dir=1.2
[INFO] [1788884910.735175631] [GSL]: [33mGAS HIT[0m
[INFO] [1788884910.735189966] [GSL]: [DEBUG-WIND] useGroundTruth=false gmrf_req_size=626 gaden_req_size=-1
[INFO] [1788884910.735199691] [GSL]: [DEBUG-WIND] Taking GMRF path
[INFO] [1788884910.798031376] [GSL - Trace]: [32mEntering StopAndMeasure[0m
[INFO] [1788884912.734176365] [GSL]: 10 gas measurements, 10 wind measurements over 1.94 seconds
[INFO] [1788884912.734285402] [GSL]: avg_gas=1;  avg_windSpeed=0.3;  avg_wind_dir=1.3
[INFO] [1788884912.735343669] [GSL]: [33mGAS HIT[0m
[INFO] [1788884912.735361436] [GSL]: [DEBUG-WIND] useGroundTruth=false gmrf_req_size=626 gaden_req_size=-1
[INFO] [1788884912.735373751] [GSL]: [DEBUG-WIND] Taking GMRF path
[INFO] [1788884912.797510999] [GSL - Trace]: [32mEntering StopAndMeasure[0m
[INFO] [1788884914.734042839] [GSL]: 10 gas measurements, 10 wind measurements over 1.94 seconds
[INFO] [1788884914.734099046] [GSL]: avg_gas=1.2;  avg_windSpeed=0.31;  avg_wind_dir=1.2
[INFO] [1788884914.734659479] [GSL]: [33mGAS HIT[0m
[INFO] [1788884914.734669290] [GSL]: [DEBUG-WIND] useGroundTruth=false gmrf_req_size=626 gaden_req_size=-1
[INFO] [1788884914.734675944] [GSL]: [DEBUG-WIND] Taking GMRF path
[INFO] [1788884914.797784390] [GSL - Trace]: [32mEntering StopAndMeasure[0m
[INFO] [1788884916.734024625] [GSL]: 10 gas measurements, 10 wind measurements over 1.94 seconds
[INFO] [1788884916.734079268] [GSL]: avg_gas=1.3;  avg_windSpeed=0.3;  avg_wind_dir=1.3
[INFO] [1788884916.734634402] [GSL]: [33mGAS HIT[0m
[INFO] [1788884916.734643669] [GSL]: [DEBUG-WIND] useGroundTruth=false gmrf_req_size=626 gaden_req_size=-1
[INFO] [1788884916.734650179] [GSL]: [DEBUG-WIND] Taking GMRF path
[INFO] [1788884916.797459721] [GSL]: [33mStarted simulations. Might take a while![0m
[INFO] [1788884917.170481330] [GSL]: CER contrastive context initialized: events=48, candidates=85, transport_members=3, fixed_ratio_weight=1, context_within_member=true, centered_log_odds=true
[INFO] [1788884917.171748047] [GSL - Trace]: [32mFirst simulation level done[0m
[INFO] [1788884917.171777550] [GSL]: [RC2-DIAG] scores_size=85 refineFraction=0.25 refine_product=21.25 valid_first_level=85 sum_sourceProbInternal_before_norm=229.70342977833133 min_sourceProbInternal_before_norm=0 max_sourceProbInternal_before_norm=0.999200279944007 finite_sourceProbInternal=1242 finite_varianceOfHitProb=1242
[INFO] [1788884917.538685219] [GSL - Trace]: [32mSimulation level 2 done[0m
[INFO] [1788884917.801550536] [GSL - Trace]: [32mSimulation level 3 done[0m
[INFO] [1788884917.960405026] [GSL - Trace]: [32mSimulation level 4 done[0m
[INFO] [1788884917.961526016] [GSL - Trace]: [32mSimulation level 5 done[0m
[INFO] [1788884917.961571508] [GSL]: Number of levels in the simulation: 5
[INFO] [1788884917.961579906] [GSL]: Total number of simulations: 239
[INFO] [1788884917.961604039] [GSL]: CORE sequential event-time commit: window_start=40, new_events=8, committed_total=48
[INFO] [1788884917.961622211] [GSL]: [RC2-DIAG] normalized_finite_count=1242 normalized_sum=1
[INFO] [1788884917.961630951] [GSL]: Time ellapsed in simulation = 1.163827556 s
[INFO] [1788884917.965408797] [GSL]: Max mutual info: 4.771
[INFO] [1788884917.965531656] [GSL]: MutualInformation - Ellapsed: 0.004s
[INFO] [1788884917.992314647] [GSL]: Sending goal (8.00, -0.51)
[INFO] [1788884917.994716924] [GSL]: Variance: 1.76
[INFO] [1788884917.994739620] [GSL - Trace]: [32mEntering Moving[0m
[INFO] [1788884918.557795328] [GSL - Trace]: [32mEntering StopAndMeasure[0m
[INFO] [1788884920.542354186] [GSL]: 10 gas measurements, 10 wind measurements over 1.98 seconds
[INFO] [1788884920.542496572] [GSL]: avg_gas=1;  avg_windSpeed=0.36;  avg_wind_dir=0.86
[INFO] [1788884920.543775956] [GSL]: [33mGAS HIT[0m
[INFO] [1788884920.543800439] [GSL]: [DEBUG-WIND] useGroundTruth=false gmrf_req_size=626 gaden_req_size=-1
[INFO] [1788884920.543815378] [GSL]: [DEBUG-WIND] Taking GMRF path
[INFO] [1788884920.597509484] [GSL - Trace]: [32mEntering StopAndMeasure[0m
[INFO] [1788884922.546153619] [GSL]: 10 gas measurements, 10 wind measurements over 1.95 seconds
[INFO] [1788884922.546276822] [GSL]: avg_gas=0.94;  avg_windSpeed=0.48;  avg_wind_dir=0.77
[INFO] [1788884922.547314229] [GSL]: [33mGAS HIT[0m
[INFO] [1788884922.547332943] [GSL]: [DEBUG-WIND] useGroundTruth=false gmrf_req_size=626 gaden_req_size=-1
[INFO] [1788884922.548430927] [GSL]: [DEBUG-WIND] Taking GMRF path
[INFO] [1788884922.598207054] [GSL - Trace]: [32mEntering StopAndMeasure[0m
[INFO] [1788884924.545945445] [GSL]: 10 gas measurements, 10 wind measurements over 1.95 seconds
[INFO] [1788884924.546014495] [GSL]: avg_gas=0.92;  avg_windSpeed=0.36;  avg_wind_dir=0.86
[INFO] [1788884924.546676533] [GSL]: [33mGAS HIT[0m
[INFO] [1788884924.546687421] [GSL]: [DEBUG-WIND] useGroundTruth=false gmrf_req_size=626 gaden_req_size=-1
[INFO] [1788884924.546695538] [GSL]: [DEBUG-WIND] Taking GMRF path
[INFO] [1788884924.597810800] [GSL - Trace]: [32mEntering StopAndMeasure[0m
[INFO] [1788884926.546235668] [GSL]: 10 gas measurements, 10 wind measurements over 1.95 seconds
[INFO] [1788884926.546339885] [GSL]: avg_gas=1.1;  avg_windSpeed=0.48;  avg_wind_dir=0.77
[INFO] [1788884926.547299353] [GSL]: [33mGAS HIT[0m
[INFO] [1788884926.547315403] [GSL]: [DEBUG-WIND] useGroundTruth=false gmrf_req_size=626 gaden_req_size=-1
[INFO] [1788884926.547327511] [GSL]: [DEBUG-WIND] Taking GMRF path
[INFO] [1788884926.597660074] [GSL - Trace]: [32mEntering StopAndMeasure[0m
[INFO] [1788884928.545955271] [GSL]: 10 gas measurements, 10 wind measurements over 1.95 seconds
[INFO] [1788884928.546012755] [GSL]: avg_gas=0.94;  avg_windSpeed=0.36;  avg_wind_dir=0.86
[INFO] [1788884928.546546674] [GSL]: [33mGAS HIT[0m
[INFO] [1788884928.546555956] [GSL]: [DEBUG-WIND] useGroundTruth=false gmrf_req_size=626 gaden_req_size=-1
[INFO] [1788884928.546562508] [GSL]: [DEBUG-WIND] Taking GMRF path
[INFO] [1788884928.597434006] [GSL - Trace]: [32mEntering StopAndMeasure[0m
[INFO] [1788884930.546050659] [GSL]: 10 gas measurements, 10 wind measurements over 1.95 seconds
[INFO] [1788884930.546144596] [GSL]: avg_gas=0.87;  avg_windSpeed=0.48;  avg_wind_dir=0.77
[INFO] [1788884930.547097889] [GSL]: [33mGAS HIT[0m
[INFO] [1788884930.547114472] [GSL]: [DEBUG-WIND] useGroundTruth=false gmrf_req_size=626 gaden_req_size=-1
[INFO] [1788884930.547126426] [GSL]: [DEBUG-WIND] Taking GMRF path
[INFO] [1788884930.597572096] [GSL - Trace]: [32mEntering StopAndMeasure[0m
[INFO] [1788884932.546166199] [GSL]: 10 gas measurements, 10 wind measurements over 1.95 seconds
[INFO] [1788884932.546233524] [GSL]: avg_gas=0.97;  avg_windSpeed=0.36;  avg_wind_dir=0.86
[INFO] [1788884932.546749291] [GSL]: [33mGAS HIT[0m
[INFO] [1788884932.546758353] [GSL]: [DEBUG-WIND] useGroundTruth=false gmrf_req_size=626 gaden_req_size=-1
[INFO] [1788884932.546764630] [GSL]: [DEBUG-WIND] Taking GMRF path
[INFO] [1788884932.597438840] [GSL - Trace]: [32mEntering StopAndMeasure[0m
[INFO] [1788884934.546048428] [GSL]: 10 gas measurements, 10 wind measurements over 1.95 seconds
[INFO] [1788884934.546141799] [GSL]: avg_gas=1;  avg_windSpeed=0.48;  avg_wind_dir=0.77
[INFO] [1788884934.547625128] [GSL]: [33mGAS HIT[0m
[INFO] [1788884934.547660653] [GSL]: [DEBUG-WIND] useGroundTruth=false gmrf_req_size=626 gaden_req_size=-1
[INFO] [1788884934.547669518] [GSL]: [DEBUG-WIND] Taking GMRF path
[INFO] [1788884934.597605343] [GSL]: [33mStarted simulations. Might take a while![0m
[INFO] [1788884934.969517509] [GSL]: CER contrastive context initialized: events=56, candidates=85, transport_members=3, fixed_ratio_weight=1, context_within_member=true, centered_log_odds=true
[INFO] [1788884934.971122820] [GSL - Trace]: [32mFirst simulation level done[0m
[INFO] [1788884934.971335697] [GSL]: [RC2-DIAG] scores_size=85 refineFraction=0.25 refine_product=21.25 valid_first_level=85 sum_sourceProbInternal_before_norm=220.26995662500312 min_sourceProbInternal_before_norm=0 max_sourceProbInternal_before_norm=0.999200279944007 finite_sourceProbInternal=1242 finite_varianceOfHitProb=1242
[INFO] [1788884935.329018591] [GSL - Trace]: [32mSimulation level 2 done[0m
[INFO] [1788884935.594684921] [GSL - Trace]: [32mSimulation level 3 done[0m
[INFO] [1788884935.752913253] [GSL - Trace]: [32mSimulation level 4 done[0m
[INFO] [1788884935.756855611] [GSL - Trace]: [32mSimulation level 5 done[0m
[INFO] [1788884935.756870729] [GSL]: Number of levels in the simulation: 5
[INFO] [1788884935.757117049] [GSL]: Total number of simulations: 239
[INFO] [1788884935.765870261] [GSL]: CORE sequential event-time commit: window_start=48, new_events=8, committed_total=56
[INFO] [1788884935.765905368] [GSL]: [RC2-DIAG] normalized_finite_count=1242 normalized_sum=1
[INFO] [1788884935.765914531] [GSL]: Time ellapsed in simulation = 1.167882609 s
[INFO] [1788884935.773583943] [GSL]: Max mutual info: 3.532
[INFO] [1788884935.773742893] [GSL]: MutualInformation - Ellapsed: 0.008s
[INFO] [1788884935.802830035] [GSL]: Sending goal (9.20, -0.21)
[INFO] [1788884935.803304803] [GSL]: Variance: 1.58
[INFO] [1788884935.803332225] [GSL - Trace]: [32mEntering Moving[0m
[INFO] [1788884936.769829351] [GSL - Trace]: [32mEntering StopAndMeasure[0m
[INFO] [1788884938.744829721] [GSL]: 10 gas measurements, 10 wind measurements over 1.97 seconds
[INFO] [1788884938.744943121] [GSL]: avg_gas=0.96;  avg_windSpeed=0.27;  avg_wind_dir=2.3
[INFO] [1788884938.745822794] [GSL]: [33mGAS HIT[0m
[INFO] [1788884938.746261755] [GSL]: [DEBUG-WIND] useGroundTruth=false gmrf_req_size=626 gaden_req_size=-1
[INFO] [1788884938.746283306] [GSL]: [DEBUG-WIND] Taking GMRF path
[INFO] [1788884938.797430468] [GSL - Trace]: [32mEntering StopAndMeasure[0m
[INFO] [1788884940.754788380] [GSL]: 10 gas measurements, 10 wind measurements over 1.96 seconds
[INFO] [1788884940.754944659] [GSL]: avg_gas=0.88;  avg_windSpeed=0.26;  avg_wind_dir=2.3
[INFO] [1788884940.755831366] [GSL]: [33mGAS HIT[0m
[INFO] [1788884940.755887100] [GSL]: [DEBUG-WIND] useGroundTruth=false gmrf_req_size=626 gaden_req_size=-1
[INFO] [1788884940.755899238] [GSL]: [DEBUG-WIND] Taking GMRF path
[INFO] [1788884940.797968704] [GSL - Trace]: [32mEntering StopAndMeasure[0m
[INFO] [1788884942.704620555] [GSL]: 10 gas measurements, 10 wind measurements over 1.91 seconds
[INFO] [1788884942.704681137] [GSL]: avg_gas=0.68;  avg_windSpeed=0.27;  avg_wind_dir=2.3
[INFO] [1788884942.705199616] [GSL]: [33mGAS HIT[0m
[INFO] [1788884942.705210162] [GSL]: [DEBUG-WIND] useGroundTruth=false gmrf_req_size=626 gaden_req_size=-1
[INFO] [1788884942.705476919] [GSL]: [DEBUG-WIND] Taking GMRF path
[INFO] [1788884942.797645319] [GSL - Trace]: [32mEntering StopAndMeasure[0m
[INFO] [1788884944.704755299] [GSL]: 10 gas measurements, 10 wind measurements over 1.91 seconds
[INFO] [1788884944.704820823] [GSL]: avg_gas=0.82;  avg_windSpeed=0.26;  avg_wind_dir=2.3
[INFO] [1788884944.705322474] [GSL]: [33mGAS HIT[0m
[INFO] [1788884944.705331562] [GSL]: [DEBUG-WIND] useGroundTruth=false gmrf_req_size=626 gaden_req_size=-1
[INFO] [1788884944.705337883] [GSL]: [DEBUG-WIND] Taking GMRF path
[INFO] [1788884944.797558360] [GSL - Trace]: [32mEntering StopAndMeasure[0m
[INFO] [1788884946.754806518] [GSL]: 10 gas measurements, 10 wind measurements over 1.96 seconds
[INFO] [1788884946.754962672] [GSL]: avg_gas=0.91;  avg_windSpeed=0.27;  avg_wind_dir=2.3
[INFO] [1788884946.755895488] [GSL]: [33mGAS HIT[0m
[INFO] [1788884946.755914519] [GSL]: [DEBUG-WIND] useGroundTruth=false gmrf_req_size=626 gaden_req_size=-1
[INFO] [1788884946.756436626] [GSL]: [DEBUG-WIND] Taking GMRF path
[INFO] [1788884946.798242480] [GSL - Trace]: [32mEntering StopAndMeasure[0m
[INFO] [1788884948.754975404] [GSL]: 10 gas measurements, 10 wind measurements over 1.96 seconds
[INFO] [1788884948.755082261] [GSL]: avg_gas=1;  avg_windSpeed=0.26;  avg_wind_dir=2.3
[INFO] [1788884948.756141135] [GSL]: [33mGAS HIT[0m
[INFO] [1788884948.756161314] [GSL]: [DEBUG-WIND] useGroundTruth=false gmrf_req_size=626 gaden_req_size=-1
[INFO] [1788884948.756174728] [GSL]: [DEBUG-WIND] Taking GMRF path
[INFO] [1788884948.797870547] [GSL - Trace]: [32mEntering StopAndMeasure[0m
[INFO] [1788884950.754794366] [GSL]: 10 gas measurements, 10 wind measurements over 1.96 seconds
[INFO] [1788884950.755000057] [GSL]: avg_gas=0.92;  avg_windSpeed=0.27;  avg_wind_dir=2.3
[INFO] [1788884950.755932094] [GSL]: [33mGAS HIT[0m
[INFO] [1788884950.755949165] [GSL]: [DEBUG-WIND] useGroundTruth=false gmrf_req_size=626 gaden_req_size=-1
[INFO] [1788884950.756456252] [GSL]: [DEBUG-WIND] Taking GMRF path
[INFO] [1788884950.797538742] [GSL - Trace]: [32mEntering StopAndMeasure[0m
[INFO] [1788884952.755093126] [GSL]: 10 gas measurements, 10 wind measurements over 1.96 seconds
[INFO] [1788884952.755206679] [GSL]: avg_gas=0.79;  avg_windSpeed=0.26;  avg_wind_dir=2.3
[INFO] [1788884952.756242883] [GSL]: [33mGAS HIT[0m
[INFO] [1788884952.756261482] [GSL]: [DEBUG-WIND] useGroundTruth=false gmrf_req_size=626 gaden_req_size=-1
[INFO] [1788884952.756275088] [GSL]: [DEBUG-WIND] Taking GMRF path
[INFO] [1788884952.797393893] [GSL]: [33mStarted simulations. Might take a while![0m
[INFO] [1788884953.183120302] [GSL]: CER contrastive context initialized: events=64, candidates=85, transport_members=3, fixed_ratio_weight=1, context_within_member=true, centered_log_odds=true
[INFO] [1788884953.184770072] [GSL - Trace]: [32mFirst simulation level done[0m
[INFO] [1788884953.184999646] [GSL]: [RC2-DIAG] scores_size=85 refineFraction=0.25 refine_product=21.25 valid_first_level=85 sum_sourceProbInternal_before_norm=210.55471148292102 min_sourceProbInternal_before_norm=0 max_sourceProbInternal_before_norm=0.999200279944007 finite_sourceProbInternal=1242 finite_varianceOfHitProb=1242
[INFO] [1788884953.541926388] [GSL - Trace]: [32mSimulation level 2 done[0m
[INFO] [1788884953.776353993] [GSL - Trace]: [32mSimulation level 3 done[0m
[INFO] [1788884953.885468836] [GSL - Trace]: [32mSimulation level 4 done[0m
[INFO] [1788884953.886353947] [GSL - Trace]: [32mSimulation level 5 done[0m
[INFO] [1788884953.886554678] [GSL]: Number of levels in the simulation: 5
[INFO] [1788884953.886563617] [GSL]: Total number of simulations: 225
[INFO] [1788884953.887265762] [GSL]: CORE sequential event-time commit: window_start=56, new_events=8, committed_total=64
[INFO] [1788884953.887300307] [GSL]: [RC2-DIAG] normalized_finite_count=1242 normalized_sum=1
[INFO] [1788884953.887309382] [GSL]: Time ellapsed in simulation = 1.089852958 s
[INFO] [1788884953.890154551] [GSL]: Max mutual info: 4.071
[INFO] [1788884953.891364059] [GSL]: MutualInformation - Ellapsed: 0.004s
[INFO] [1788884953.936334148] [GSL]: Sending goal (8.60, -0.21)
[INFO] [1788884953.936724746] [GSL]: Variance: 1.25
[INFO] [1788884953.936748489] [GSL - Trace]: [32mEntering Moving[0m
[INFO] [1788884954.546152012] [GSL - Trace]: [32mEntering StopAndMeasure[0m
[INFO] [1788884956.530157836] [GSL]: 10 gas measurements, 10 wind measurements over 1.98 seconds
[INFO] [1788884956.530253541] [GSL]: avg_gas=0.72;  avg_windSpeed=0.4;  avg_wind_dir=1.2
[INFO] [1788884956.531252827] [GSL]: [33mGAS HIT[0m
[INFO] [1788884956.531268884] [GSL]: [DEBUG-WIND] useGroundTruth=false gmrf_req_size=626 gaden_req_size=-1
[INFO] [1788884956.531280614] [GSL]: [DEBUG-WIND] Taking GMRF path
[INFO] [1788884956.597689649] [GSL - Trace]: [32mEntering StopAndMeasure[0m
[INFO] [1788884958.537976621] [GSL]: 10 gas measurements, 10 wind measurements over 1.94 seconds
[INFO] [1788884958.538079494] [GSL]: avg_gas=0.65;  avg_windSpeed=0.45;  avg_wind_dir=1
[INFO] [1788884958.539919257] [GSL]: [33mGAS HIT[0m
[INFO] [1788884958.539947000] [GSL]: [DEBUG-WIND] useGroundTruth=false gmrf_req_size=626 gaden_req_size=-1
[INFO] [1788884958.539960818] [GSL]: [DEBUG-WIND] Taking GMRF path
[INFO] [1788884958.597605109] [GSL - Trace]: [32mEntering StopAndMeasure[0m
[INFO] [1788884960.537706438] [GSL]: 10 gas measurements, 10 wind measurements over 1.94 seconds
[INFO] [1788884960.537806132] [GSL]: avg_gas=0.27;  avg_windSpeed=0.38;  avg_wind_dir=1.2
[INFO] [1788884960.538589153] [GSL]: [33mGAS HIT[0m
[INFO] [1788884960.538602665] [GSL]: [DEBUG-WIND] useGroundTruth=false gmrf_req_size=626 gaden_req_size=-1
[INFO] [1788884960.538611411] [GSL]: [DEBUG-WIND] Taking GMRF path
[INFO] [1788884960.597748215] [GSL - Trace]: [32mEntering StopAndMeasure[0m
[INFO] [1788884962.537760074] [GSL]: 10 gas measurements, 10 wind measurements over 1.94 seconds
[INFO] [1788884962.537893814] [GSL]: avg_gas=0.051;  avg_windSpeed=0.51;  avg_wind_dir=1.1
[INFO] [1788884962.538738586] [GSL]: [33mNOTHING [0m
[INFO] [1788884962.539445188] [GSL]: [DEBUG-WIND] useGroundTruth=false gmrf_req_size=626 gaden_req_size=-1
[INFO] [1788884962.539471388] [GSL]: [DEBUG-WIND] Taking GMRF path
[INFO] [1788884962.597618191] [GSL - Trace]: [32mEntering StopAndMeasure[0m
[INFO] [1788884964.537793487] [GSL]: 10 gas measurements, 10 wind measurements over 1.94 seconds
[INFO] [1788884964.537960017] [GSL]: avg_gas=0.0096;  avg_windSpeed=0.42;  avg_wind_dir=1.2
[INFO] [1788884964.538747242] [GSL]: [33mNOTHING [0m
[INFO] [1788884964.538761868] [GSL]: [DEBUG-WIND] useGroundTruth=false gmrf_req_size=626 gaden_req_size=-1
[INFO] [1788884964.538772142] [GSL]: [DEBUG-WIND] Taking GMRF path
[INFO] [1788884964.597506550] [GSL - Trace]: [32mEntering StopAndMeasure[0m
[INFO] [1788884966.537828417] [GSL]: 10 gas measurements, 10 wind measurements over 1.94 seconds
[INFO] [1788884966.538036433] [GSL]: avg_gas=0.0018;  avg_windSpeed=0.5;  avg_wind_dir=1.2
[INFO] [1788884966.538979755] [GSL]: [33mNOTHING [0m
[INFO] [1788884966.539298918] [GSL]: [DEBUG-WIND] useGroundTruth=false gmrf_req_size=626 gaden_req_size=-1
[INFO] [1788884966.539331552] [GSL]: [DEBUG-WIND] Taking GMRF path
[INFO] [1788884966.597593617] [GSL - Trace]: [32mEntering StopAndMeasure[0m
[INFO] [1788884968.537669538] [GSL]: 10 gas measurements, 10 wind measurements over 1.94 seconds
[INFO] [1788884968.537730079] [GSL]: avg_gas=0.0017;  avg_windSpeed=0.42;  avg_wind_dir=1.2
[INFO] [1788884968.538267256] [GSL]: [33mNOTHING [0m
[INFO] [1788884968.538276827] [GSL]: [DEBUG-WIND] useGroundTruth=false gmrf_req_size=626 gaden_req_size=-1
[INFO] [1788884968.538283507] [GSL]: [DEBUG-WIND] Taking GMRF path
[INFO] [1788884968.597526087] [GSL - Trace]: [32mEntering StopAndMeasure[0m
[INFO] [1788884970.537814204] [GSL]: 10 gas measurements, 10 wind measurements over 1.94 seconds
[INFO] [1788884970.537989105] [GSL]: avg_gas=0.00032;  avg_windSpeed=0.5;  avg_wind_dir=1.2
[INFO] [1788884970.538915669] [GSL]: [33mNOTHING [0m
[INFO] [1788884970.538933085] [GSL]: [DEBUG-WIND] useGroundTruth=false gmrf_req_size=626 gaden_req_size=-1
[INFO] [1788884970.539622892] [GSL]: [DEBUG-WIND] Taking GMRF path
[INFO] [1788884970.598175983] [GSL]: [33mStarted simulations. Might take a while![0m
[INFO] [1788884970.987771371] [GSL]: CER contrastive context initialized: events=72, candidates=85, transport_members=3, fixed_ratio_weight=1, context_within_member=true, centered_log_odds=true
[INFO] [1788884970.989405075] [GSL - Trace]: [32mFirst simulation level done[0m
[INFO] [1788884970.989631337] [GSL]: [RC2-DIAG] scores_size=85 refineFraction=0.25 refine_product=21.25 valid_first_level=85 sum_sourceProbInternal_before_norm=0.48088147553249927 min_sourceProbInternal_before_norm=0 max_sourceProbInternal_before_norm=0.0012129515149792716 finite_sourceProbInternal=1242 finite_varianceOfHitProb=1242
[INFO] [1788884971.345889061] [GSL - Trace]: [32mSimulation level 2 done[0m
[INFO] [1788884971.574902177] [GSL - Trace]: [32mSimulation level 3 done[0m
[INFO] [1788884971.628768664] [GSL - Trace]: [32mSimulation level 4 done[0m
[INFO] [1788884971.632848405] [GSL - Trace]: [32mSimulation level 5 done[0m
[INFO] [1788884971.633056363] [GSL]: Number of levels in the simulation: 5
[INFO] [1788884971.633065350] [GSL]: Total number of simulations: 211
[INFO] [1788884971.638870449] [GSL]: CORE sequential event-time commit: window_start=64, new_events=8, committed_total=72
[INFO] [1788884971.639210531] [GSL]: [RC2-DIAG] normalized_finite_count=1242 normalized_sum=1
[INFO] [1788884971.639224817] [GSL]: Time ellapsed in simulation = 1.040943416 s
[INFO] [1788884971.646041489] [GSL]: Max mutual info: 2.643
[INFO] [1788884971.646432810] [GSL]: MutualInformation - Ellapsed: 0.007s
[INFO] [1788884971.676265814] [GSL]: Sending goal (7.10, -0.51)
[INFO] [1788884971.676738196] [GSL]: Variance: 0.84
[INFO] [1788884971.676763359] [GSL - Trace]: [32mEntering Moving[0m
[INFO] [1788884972.747397327] [GSL - Trace]: [32mEntering StopAndMeasure[0m
[INFO] [1788884974.727818986] [GSL]: 10 gas measurements, 10 wind measurements over 1.98 seconds
[INFO] [1788884974.728205054] [GSL]: avg_gas=0.019;  avg_windSpeed=0.14;  avg_wind_dir=0.7
[INFO] [1788884974.728736661] [GSL]: [33mNOTHING [0m
[INFO] [1788884974.728746188] [GSL]: [DEBUG-WIND] useGroundTruth=false gmrf_req_size=626 gaden_req_size=-1
[INFO] [1788884974.728752878] [GSL]: [DEBUG-WIND] Taking GMRF path
[INFO] [1788884974.797450071] [GSL - Trace]: [32mEntering StopAndMeasure[0m
[INFO] [1788884976.727793061] [GSL]: 10 gas measurements, 10 wind measurements over 1.93 seconds
[INFO] [1788884976.727894246] [GSL]: avg_gas=0.0035;  avg_windSpeed=0.14;  avg_wind_dir=0.36
[INFO] [1788884976.728416385] [GSL]: [33mNOTHING [0m
[INFO] [1788884976.728426597] [GSL]: [DEBUG-WIND] useGroundTruth=false gmrf_req_size=626 gaden_req_size=-1
[INFO] [1788884976.728433372] [GSL]: [DEBUG-WIND] Taking GMRF path
[INFO] [1788884976.797473083] [GSL - Trace]: [32mEntering StopAndMeasure[0m
[INFO] [1788884978.727705450] [GSL]: 10 gas measurements, 10 wind measurements over 1.93 seconds
[INFO] [1788884978.728107542] [GSL]: avg_gas=0.00067;  avg_windSpeed=0.14;  avg_wind_dir=0.7
[INFO] [1788884978.728631339] [GSL]: [33mNOTHING [0m
[INFO] [1788884978.728640535] [GSL]: [DEBUG-WIND] useGroundTruth=false gmrf_req_size=626 gaden_req_size=-1
[INFO] [1788884978.728646898] [GSL]: [DEBUG-WIND] Taking GMRF path
[INFO] [1788884978.798181595] [GSL - Trace]: [32mEntering StopAndMeasure[0m
[INFO] [1788884980.728424858] [GSL]: 10 gas measurements, 10 wind measurements over 1.93 seconds
[INFO] [1788884980.728502766] [GSL]: avg_gas=0.00013;  avg_windSpeed=0.14;  avg_wind_dir=0.36
[INFO] [1788884980.729530360] [GSL]: [33mNOTHING [0m
[INFO] [1788884980.729568023] [GSL]: [DEBUG-WIND] useGroundTruth=false gmrf_req_size=626 gaden_req_size=-1
[INFO] [1788884980.729578698] [GSL]: [DEBUG-WIND] Taking GMRF path
[INFO] [1788884980.797688461] [GSL - Trace]: [32mEntering StopAndMeasure[0m
[INFO] [1788884982.727758262] [GSL]: 10 gas measurements, 10 wind measurements over 1.93 seconds
[INFO] [1788884982.727823956] [GSL]: avg_gas=2.4e-05;  avg_windSpeed=0.14;  avg_wind_dir=0.7
[INFO] [1788884982.728752500] [GSL]: [33mNOTHING [0m
[INFO] [1788884982.728773716] [GSL]: [DEBUG-WIND] useGroundTruth=false gmrf_req_size=626 gaden_req_size=-1
[INFO] [1788884982.728780830] [GSL]: [DEBUG-WIND] Taking GMRF path
[INFO] [1788884982.797724468] [GSL - Trace]: [32mEntering StopAndMeasure[0m
[INFO] [1788884984.727772750] [GSL]: 10 gas measurements, 10 wind measurements over 1.93 seconds
[INFO] [1788884984.727871323] [GSL]: avg_gas=4.5e-06;  avg_windSpeed=0.14;  avg_wind_dir=0.36
[INFO] [1788884984.728395551] [GSL]: [33mNOTHING [0m
[INFO] [1788884984.728406104] [GSL]: [DEBUG-WIND] useGroundTruth=false gmrf_req_size=626 gaden_req_size=-1
[INFO] [1788884984.728453066] [GSL]: [DEBUG-WIND] Taking GMRF path
[INFO] [1788884984.798794000] [GSL - Trace]: [32mEntering StopAndMeasure[0m
[INFO] [1788884986.727793873] [GSL]: 10 gas measurements, 10 wind measurements over 1.93 seconds
[INFO] [1788884986.727892281] [GSL]: avg_gas=8.5e-07;  avg_windSpeed=0.15;  avg_wind_dir=0.69
[INFO] [1788884986.728828684] [GSL]: [33mNOTHING [0m
[INFO] [1788884986.728934419] [GSL]: [DEBUG-WIND] useGroundTruth=false gmrf_req_size=626 gaden_req_size=-1
[INFO] [1788884986.728942564] [GSL]: [DEBUG-WIND] Taking GMRF path
[INFO] [1788884986.797302272] [GSL - Trace]: [32mEntering StopAndMeasure[0m
[INFO] [1788884988.727884649] [GSL]: 10 gas measurements, 10 wind measurements over 1.93 seconds
[INFO] [1788884988.727941563] [GSL]: avg_gas=1.6e-07;  avg_windSpeed=0.15;  avg_wind_dir=0.3
[INFO] [1788884988.728423303] [GSL]: [33mNOTHING [0m
[INFO] [1788884988.728432380] [GSL]: [DEBUG-WIND] useGroundTruth=false gmrf_req_size=626 gaden_req_size=-1
[INFO] [1788884988.728438509] [GSL]: [DEBUG-WIND] Taking GMRF path
[INFO] [1788884988.797377775] [GSL]: [33mStarted simulations. Might take a while![0m
[INFO] [1788884989.192919737] [GSL]: CER contrastive context initialized: events=80, candidates=85, transport_members=3, fixed_ratio_weight=1, context_within_member=true, centered_log_odds=true
[INFO] [1788884989.194921029] [GSL - Trace]: [32mFirst simulation level done[0m
[INFO] [1788884989.194969114] [GSL]: [RC2-DIAG] scores_size=85 refineFraction=0.25 refine_product=21.25 valid_first_level=85 sum_sourceProbInternal_before_norm=242.3289447930755 min_sourceProbInternal_before_norm=0 max_sourceProbInternal_before_norm=0.6018482822587543 finite_sourceProbInternal=1242 finite_varianceOfHitProb=1242
[INFO] [1788884989.506173651] [GSL - Trace]: [32mSimulation level 2 done[0m
[INFO] [1788884989.706245962] [GSL - Trace]: [32mSimulation level 3 done[0m
[INFO] [1788884989.765508612] [GSL - Trace]: [32mSimulation level 4 done[0m
[INFO] [1788884989.766431937] [GSL - Trace]: [32mSimulation level 5 done[0m
[INFO] [1788884989.766670074] [GSL]: Number of levels in the simulation: 5
[INFO] [1788884989.766682530] [GSL]: Total number of simulations: 197
[INFO] [1788884989.767443828] [GSL]: CORE sequential event-time commit: window_start=72, new_events=8, committed_total=80
[INFO] [1788884989.768471036] [GSL]: [RC2-DIAG] normalized_finite_count=1242 normalized_sum=1
[INFO] [1788884989.768496909] [GSL]: Time ellapsed in simulation = 0.971064381 s
[INFO] [1788884989.773504715] [GSL]: Max mutual info: 0.896
[INFO] [1788884989.774441983] [GSL]: MutualInformation - Ellapsed: 0.006s
[INFO] [1788884989.803253181] [GSL]: Sending goal (5.60, -0.81)
[INFO] [1788884989.804245857] [GSL]: Variance: 4.04
[INFO] [1788884989.804271181] [GSL - Trace]: [32mEntering Moving[0m
[INFO] [1788884990.972128250] [GSL - Trace]: [32mEntering StopAndMeasure[0m
[INFO] [1788884992.953560675] [GSL]: 10 gas measurements, 10 wind measurements over 1.98 seconds
[INFO] [1788884992.953653035] [GSL]: avg_gas=0.094;  avg_windSpeed=0.15;  avg_wind_dir=-0.33
[INFO] [1788884992.954691002] [GSL]: [33mNOTHING [0m
[INFO] [1788884992.954739791] [GSL]: [DEBUG-WIND] useGroundTruth=false gmrf_req_size=626 gaden_req_size=-1
[INFO] [1788884992.954751332] [GSL]: [DEBUG-WIND] Taking GMRF path
[INFO] [1788884992.997270779] [GSL - Trace]: [32mEntering StopAndMeasure[0m
[INFO] [1788884994.955676970] [GSL]: 10 gas measurements, 10 wind measurements over 1.96 seconds
[INFO] [1788884994.955771366] [GSL]: avg_gas=0.1;  avg_windSpeed=0.16;  avg_wind_dir=-0.33
[INFO] [1788884994.956749722] [GSL]: [33mGAS HIT[0m
[INFO] [1788884994.956768842] [GSL]: [DEBUG-WIND] useGroundTruth=false gmrf_req_size=626 gaden_req_size=-1
[INFO] [1788884994.956781027] [GSL]: [DEBUG-WIND] Taking GMRF path
[INFO] [1788884994.997680161] [GSL - Trace]: [32mEntering StopAndMeasure[0m
[INFO] [1788884996.955832289] [GSL]: 10 gas measurements, 10 wind measurements over 1.96 seconds
[INFO] [1788884996.956058619] [GSL]: avg_gas=0.15;  avg_windSpeed=0.15;  avg_wind_dir=-0.34
[INFO] [1788884996.957459631] [GSL]: [33mGAS HIT[0m
[INFO] [1788884996.957504718] [GSL]: [DEBUG-WIND] useGroundTruth=false gmrf_req_size=626 gaden_req_size=-1
[INFO] [1788884996.957519432] [GSL]: [DEBUG-WIND] Taking GMRF path
[INFO] [1788884996.997665332] [GSL - Trace]: [32mEntering StopAndMeasure[0m
[INFO] [1788884998.905489147] [GSL]: 10 gas measurements, 10 wind measurements over 1.91 seconds
[INFO] [1788884998.905523452] [GSL]: avg_gas=0.058;  avg_windSpeed=0.15;  avg_wind_dir=-0.31
[INFO] [1788884998.906029237] [GSL]: [33mNOTHING [0m
[INFO] [1788884998.906038983] [GSL]: [DEBUG-WIND] useGroundTruth=false gmrf_req_size=626 gaden_req_size=-1
[INFO] [1788884998.906045622] [GSL]: [DEBUG-WIND] Taking GMRF path
[INFO] [1788884998.997271409] [GSL - Trace]: [32mEntering StopAndMeasure[0m
[INFO] [1788885000.955502143] [GSL]: 10 gas measurements, 10 wind measurements over 1.96 seconds
[INFO] [1788885000.955571617] [GSL]: avg_gas=0.022;  avg_windSpeed=0.16;  avg_wind_dir=-0.36
[INFO] [1788885000.956074484] [GSL]: [33mNOTHING [0m
[INFO] [1788885000.956085169] [GSL]: [DEBUG-WIND] useGroundTruth=false gmrf_req_size=626 gaden_req_size=-1
[INFO] [1788885000.956091657] [GSL]: [DEBUG-WIND] Taking GMRF path
[INFO] [1788885000.997360401] [GSL - Trace]: [32mEntering StopAndMeasure[0m
[INFO] [1788885002.955571931] [GSL]: 10 gas measurements, 10 wind measurements over 1.96 seconds
[INFO] [1788885002.956038536] [GSL]: avg_gas=0.12;  avg_windSpeed=0.14;  avg_wind_dir=-0.28
[INFO] [1788885002.957320417] [GSL]: [33mGAS HIT[0m
[INFO] [1788885002.957370830] [GSL]: [DEBUG-WIND] useGroundTruth=false gmrf_req_size=626 gaden_req_size=-1
[INFO] [1788885002.957381302] [GSL]: [DEBUG-WIND] Taking GMRF path
[INFO] [1788885002.997572805] [GSL - Trace]: [32mEntering StopAndMeasure[0m
[INFO] [1788885004.905599488] [GSL]: 10 gas measurements, 10 wind measurements over 1.91 seconds
[INFO] [1788885004.905639472] [GSL]: avg_gas=0.28;  avg_windSpeed=0.16;  avg_wind_dir=-0.3
[INFO] [1788885004.906177607] [GSL]: [33mGAS HIT[0m
[INFO] [1788885004.906188035] [GSL]: [DEBUG-WIND] useGroundTruth=false gmrf_req_size=626 gaden_req_size=-1
[INFO] [1788885004.906194671] [GSL]: [DEBUG-WIND] Taking GMRF path
[INFO] [1788885004.997401754] [GSL - Trace]: [32mEntering StopAndMeasure[0m
[INFO] [1788885006.955729958] [GSL]: 10 gas measurements, 10 wind measurements over 1.96 seconds
[INFO] [1788885006.956446542] [GSL]: avg_gas=0.42;  avg_windSpeed=0.14;  avg_wind_dir=-0.34
[INFO] [1788885006.957312446] [GSL]: [33mGAS HIT[0m
[INFO] [1788885006.957329511] [GSL]: [DEBUG-WIND] useGroundTruth=false gmrf_req_size=626 gaden_req_size=-1
[INFO] [1788885006.957340599] [GSL]: [DEBUG-WIND] Taking GMRF path
[INFO] [1788885006.997541883] [GSL]: [33mStarted simulations. Might take a while![0m
[INFO] [1788885007.376514590] [GSL]: CER contrastive context initialized: events=88, candidates=85, transport_members=3, fixed_ratio_weight=1, context_within_member=true, centered_log_odds=true
[INFO] [1788885007.378179069] [GSL - Trace]: [32mFirst simulation level done[0m
[INFO] [1788885007.378413070] [GSL]: [RC2-DIAG] scores_size=85 refineFraction=0.25 refine_product=21.25 valid_first_level=85 sum_sourceProbInternal_before_norm=0.014487700538197677 min_sourceProbInternal_before_norm=0 max_sourceProbInternal_before_norm=0.000601214560599082 finite_sourceProbInternal=1242 finite_varianceOfHitProb=1242
[INFO] [1788885007.671885059] [GSL - Trace]: [32mSimulation level 2 done[0m
[INFO] [1788885007.871731240] [GSL - Trace]: [32mSimulation level 3 done[0m
[INFO] [1788885007.923744963] [GSL - Trace]: [32mSimulation level 4 done[0m
[INFO] [1788885007.924020282] [GSL - Trace]: [32mSimulation level 5 done[0m
[INFO] [1788885007.924030345] [GSL]: Number of levels in the simulation: 5
[INFO] [1788885007.924036772] [GSL]: Total number of simulations: 195
[INFO] [1788885007.924081310] [GSL]: CORE sequential event-time commit: window_start=80, new_events=8, committed_total=88
[INFO] [1788885007.924094492] [GSL]: [RC2-DIAG] normalized_finite_count=1242 normalized_sum=1
[INFO] [1788885007.924101429] [GSL]: Time ellapsed in simulation = 0.9264948420000001 s
[INFO] [1788885007.927150370] [GSL]: Max mutual info: 1.356
[INFO] [1788885007.927257905] [GSL]: MutualInformation - Ellapsed: 0.003s
[INFO] [1788885007.952506022] [GSL]: Sending goal (9.20, 0.39)
[INFO] [1788885007.953039767] [GSL]: Variance: 0.09
[INFO] [1788885007.953276589] [GSL - Trace]: [32mEntering Moving[0m
[INFO] [1788885010.754831771] [GSL - Trace]: [32mEntering StopAndMeasure[0m
[INFO] [1788885012.104136318] [GSL]: Could not find the source. Sorry!
[INFO] [1788885013.120943029] [GSL]: [34mDONE, CLOSING[0m
