[INFO] [1788890442.106749820] [vgr_uav_sim]: Loading VGR data from /mnt/hgfs/workspace/GADEN_files/scenarios/House01, config=2,4-1_fast
[INFO] [1788890442.167354346] [vgr_uav_sim]: Occupancy: 87x114 slice z_idx=13 (z=0.3m), free=6866, obstacle=3052, input_sha256=846003ffbbc8e99aa322cf189356399412763710e937bb5e5316186afccf17cb
[INFO] [1788890442.477271368] [vgr_uav_sim]: Gas backend=raw_house1_snapshot exec=/home/zyc/CSTAR_CONTROLLED_ASSETS_20260907/tools/cstar_numeric_wind_raw_query env_root=/mnt/hgfs/workspace/GADEN_files/scenarios/House01 gas_results=/mnt/hgfs/workspace/GADEN_files/scenarios/House01/gas_simulations/2,4-1_fast/FilamentSimulation_gasType_10_sourcePosition_-0.40_-2.90_-0.30 max_iteration=1999
[INFO] [1788890442.479905980] [vgr_uav_sim]: Navigation grid: coarse 29x38 cell=0.3000 free=626 obstacle=476 (reduce_scale=3)
[INFO] [1788890442.521845829] [vgr_uav_sim]: UAV Sim v3 ready. Start=(-3.17,-1.75), sim_dt=0.200s, realtime_factor=1.00, sensor=asymmetric, vertical_motion=False, open_loop_profile=hover
[WARN] [1788890470.306745840] [vgr_uav_sim]: PLAN_CB: called with goal=(-4.10,-1.13)
[WARN] [1788890470.308401292] [vgr_uav_sim]: PLAN_CB: returning 5 poses
[WARN] [1788890470.318370517] [vgr_uav_sim]: PLAN_CB: called with goal=(-4.10,-1.13)
[WARN] [1788890470.319537215] [vgr_uav_sim]: PLAN_CB: returning 5 poses
[INFO] [1788890470.333272455] [vgr_uav_sim]: Prepared 5 collision-free navigation waypoints to (-4.10, -1.13)
[INFO] [1788890470.334389030] [vgr_uav_sim]: UAV navigating in audited 2-D mode to (-4.10, -1.13, 0.30)
[WARN] [1788890487.284246016] [vgr_uav_sim]: PLAN_CB: called with goal=(-5.00,-0.83)
[WARN] [1788890487.286889936] [vgr_uav_sim]: PLAN_CB: returning 5 poses
[WARN] [1788890487.297866646] [vgr_uav_sim]: PLAN_CB: called with goal=(-5.00,-0.83)
[WARN] [1788890487.300100619] [vgr_uav_sim]: PLAN_CB: returning 5 poses
[INFO] [1788890487.310766800] [vgr_uav_sim]: Prepared 5 collision-free navigation waypoints to (-5.00, -0.83)
[INFO] [1788890487.311988384] [vgr_uav_sim]: UAV navigating in audited 2-D mode to (-5.00, -0.83, 0.30)
[WARN] [1788890504.288166417] [vgr_uav_sim]: PLAN_CB: called with goal=(-5.90,-0.83)
[WARN] [1788890504.289414950] [vgr_uav_sim]: PLAN_CB: returning 5 poses
[WARN] [1788890504.296901502] [vgr_uav_sim]: PLAN_CB: called with goal=(-5.90,-0.83)
[WARN] [1788890504.297846845] [vgr_uav_sim]: PLAN_CB: returning 5 poses
[INFO] [1788890504.310103259] [vgr_uav_sim]: Prepared 5 collision-free navigation waypoints to (-5.90, -0.83)
[INFO] [1788890504.311153250] [vgr_uav_sim]: UAV navigating in audited 2-D mode to (-5.90, -0.83, 0.30)
[WARN] [1788890521.277871695] [vgr_uav_sim]: PLAN_CB: called with goal=(-5.90,0.07)
[WARN] [1788890521.279778762] [vgr_uav_sim]: PLAN_CB: returning 5 poses
[WARN] [1788890521.291809309] [vgr_uav_sim]: PLAN_CB: called with goal=(-5.90,0.07)
[WARN] [1788890521.293052661] [vgr_uav_sim]: PLAN_CB: returning 5 poses
[INFO] [1788890521.304101105] [vgr_uav_sim]: Prepared 5 collision-free navigation waypoints to (-5.90, 0.07)
[INFO] [1788890521.305009243] [vgr_uav_sim]: UAV navigating in audited 2-D mode to (-5.90, 0.07, 0.30)
[WARN] [1788890538.292690621] [vgr_uav_sim]: PLAN_CB: called with goal=(-5.90,1.87)
[WARN] [1788890538.295687268] [vgr_uav_sim]: PLAN_CB: returning 8 poses
[WARN] [1788890538.305376902] [vgr_uav_sim]: PLAN_CB: called with goal=(-5.90,1.87)
[WARN] [1788890538.307235456] [vgr_uav_sim]: PLAN_CB: returning 8 poses
[INFO] [1788890538.318794790] [vgr_uav_sim]: Prepared 8 collision-free navigation waypoints to (-5.90, 1.87)
[INFO] [1788890538.320419197] [vgr_uav_sim]: UAV navigating in audited 2-D mode to (-5.90, 1.87, 0.30)
[WARN] [1788890555.983291207] [vgr_uav_sim]: PLAN_CB: called with goal=(-6.50,2.17)
[WARN] [1788890555.984654278] [vgr_uav_sim]: PLAN_CB: returning 4 poses
[WARN] [1788890555.996261323] [vgr_uav_sim]: PLAN_CB: called with goal=(-6.50,2.17)
[WARN] [1788890555.997150167] [vgr_uav_sim]: PLAN_CB: returning 4 poses
[INFO] [1788890556.009776001] [vgr_uav_sim]: Prepared 4 collision-free navigation waypoints to (-6.50, 2.17)
[INFO] [1788890556.010736191] [vgr_uav_sim]: UAV navigating in audited 2-D mode to (-6.50, 2.17, 0.30)
[WARN] [1788890572.906636803] [vgr_uav_sim]: PLAN_CB: called with goal=(-5.60,2.47)
[WARN] [1788890572.907625712] [vgr_uav_sim]: PLAN_CB: returning 5 poses
[WARN] [1788890572.935727495] [vgr_uav_sim]: PLAN_CB: called with goal=(-5.60,2.47)
[WARN] [1788890572.936701570] [vgr_uav_sim]: PLAN_CB: returning 5 poses
[INFO] [1788890572.945140473] [vgr_uav_sim]: Prepared 5 collision-free navigation waypoints to (-5.60, 2.47)
[INFO] [1788890572.946175103] [vgr_uav_sim]: UAV navigating in audited 2-D mode to (-5.60, 2.47, 0.30)
[WARN] [1788890590.074881960] [vgr_uav_sim]: PLAN_CB: called with goal=(-6.50,-0.23)
[WARN] [1788890590.079316982] [vgr_uav_sim]: PLAN_CB: returning 11 poses
[WARN] [1788890590.091752108] [vgr_uav_sim]: PLAN_CB: called with goal=(-6.50,-0.23)
[WARN] [1788890590.093087956] [vgr_uav_sim]: PLAN_CB: returning 11 poses
[INFO] [1788890590.103966527] [vgr_uav_sim]: Prepared 11 collision-free navigation waypoints to (-6.50, -0.23)
[INFO] [1788890590.105323838] [vgr_uav_sim]: UAV navigating in audited 2-D mode to (-6.50, -0.23, 0.30)
[WARN] [1788890608.488865926] [vgr_uav_sim]: PLAN_CB: called with goal=(-6.50,-1.43)
[WARN] [1788890608.493297330] [vgr_uav_sim]: PLAN_CB: returning 6 poses
[WARN] [1788890608.502205285] [vgr_uav_sim]: PLAN_CB: called with goal=(-6.50,-1.43)
[WARN] [1788890608.503312760] [vgr_uav_sim]: PLAN_CB: returning 6 poses
[INFO] [1788890608.515004835] [vgr_uav_sim]: Prepared 6 collision-free navigation waypoints to (-6.50, -1.43)
[INFO] [1788890608.516064992] [vgr_uav_sim]: UAV navigating in audited 2-D mode to (-6.50, -1.43, 0.30)
[WARN] [1788890625.695469069] [vgr_uav_sim]: PLAN_CB: called with goal=(-4.40,0.07)
[WARN] [1788890625.698324641] [vgr_uav_sim]: PLAN_CB: returning 9 poses
[WARN] [1788890625.706397935] [vgr_uav_sim]: PLAN_CB: called with goal=(-4.40,0.07)
[WARN] [1788890625.707889270] [vgr_uav_sim]: PLAN_CB: returning 9 poses
[INFO] [1788890625.719227130] [vgr_uav_sim]: Prepared 9 collision-free navigation waypoints to (-4.40, 0.07)
[INFO] [1788890625.720768250] [vgr_uav_sim]: UAV navigating in audited 2-D mode to (-4.40, 0.07, 0.30)
[WARN] [1788890643.999689678] [vgr_uav_sim]: PLAN_CB: called with goal=(-6.50,1.57)
[WARN] [1788890644.005389473] [vgr_uav_sim]: PLAN_CB: returning 12 poses
[WARN] [1788890644.015573676] [vgr_uav_sim]: PLAN_CB: called with goal=(-6.50,1.57)
[WARN] [1788890644.017767965] [vgr_uav_sim]: PLAN_CB: returning 12 poses
[INFO] [1788890644.028826961] [vgr_uav_sim]: Prepared 12 collision-free navigation waypoints to (-6.50, 1.57)
[INFO] [1788890644.029885763] [vgr_uav_sim]: UAV navigating in audited 2-D mode to (-6.50, 1.57, 0.30)
[WARN] [1788890662.605679419] [vgr_uav_sim]: PLAN_CB: called with goal=(-6.20,2.77)
[WARN] [1788890662.606829182] [vgr_uav_sim]: PLAN_CB: returning 6 poses
[WARN] [1788890662.616871565] [vgr_uav_sim]: PLAN_CB: called with goal=(-6.20,2.77)
[WARN] [1788890662.618143259] [vgr_uav_sim]: PLAN_CB: returning 6 poses
[INFO] [1788890662.629974266] [vgr_uav_sim]: Prepared 6 collision-free navigation waypoints to (-6.20, 2.77)
[INFO] [1788890662.632085072] [vgr_uav_sim]: UAV navigating in audited 2-D mode to (-6.20, 2.77, 0.30)
[WARN] [1788890679.977917393] [vgr_uav_sim]: PLAN_CB: called with goal=(-6.80,2.77)
[WARN] [1788890679.978812657] [vgr_uav_sim]: PLAN_CB: returning 4 poses
[WARN] [1788890679.991361825] [vgr_uav_sim]: PLAN_CB: called with goal=(-6.80,2.77)
[WARN] [1788890679.992384350] [vgr_uav_sim]: PLAN_CB: returning 4 poses
[INFO] [1788890680.003995319] [vgr_uav_sim]: Prepared 4 collision-free navigation waypoints to (-6.80, 2.77)
[INFO] [1788890680.005232959] [vgr_uav_sim]: UAV navigating in audited 2-D mode to (-6.80, 2.77, 0.30)
