[INFO] [1788882220.296566873] [vgr_uav_sim]: Loading VGR data from /mnt/hgfs/workspace/GADEN_files/scenarios/House01, config=2,4-1_fast
[INFO] [1788882220.356952623] [vgr_uav_sim]: Occupancy: 87x114 slice z_idx=13 (z=0.3m), free=6866, obstacle=3052, input_sha256=846003ffbbc8e99aa322cf189356399412763710e937bb5e5316186afccf17cb
[INFO] [1788882220.618006150] [vgr_uav_sim]: Gas backend=raw_house1_snapshot exec=/home/zyc/CSTAR_CONTROLLED_ASSETS_20260907/tools/cstar_numeric_wind_raw_query env_root=/mnt/hgfs/workspace/GADEN_files/scenarios/House01 gas_results=/mnt/hgfs/workspace/GADEN_files/scenarios/House01/gas_simulations/2,4-1_fast/FilamentSimulation_gasType_10_sourcePosition_-0.40_-2.90_-0.30 max_iteration=1999
[INFO] [1788882220.620957477] [vgr_uav_sim]: Navigation grid: coarse 29x38 cell=0.3000 free=626 obstacle=476 (reduce_scale=3)
[INFO] [1788882220.658044266] [vgr_uav_sim]: UAV Sim v3 ready. Start=(-3.17,-1.75), sim_dt=0.200s, realtime_factor=1.00, sensor=asymmetric, vertical_motion=False, open_loop_profile=hover
[WARN] [1788882248.241183269] [vgr_uav_sim]: PLAN_CB: called with goal=(-4.10,-1.13)
[WARN] [1788882248.242372286] [vgr_uav_sim]: PLAN_CB: returning 5 poses
[WARN] [1788882248.252643972] [vgr_uav_sim]: PLAN_CB: called with goal=(-4.10,-1.13)
[WARN] [1788882248.254313493] [vgr_uav_sim]: PLAN_CB: returning 5 poses
[INFO] [1788882248.270970697] [vgr_uav_sim]: Prepared 5 collision-free navigation waypoints to (-4.10, -1.13)
[INFO] [1788882248.272062872] [vgr_uav_sim]: UAV navigating in audited 2-D mode to (-4.10, -1.13, 0.30)
[WARN] [1788882265.213709579] [vgr_uav_sim]: PLAN_CB: called with goal=(-5.00,-0.83)
[WARN] [1788882265.220004492] [vgr_uav_sim]: PLAN_CB: returning 5 poses
[WARN] [1788882265.229161509] [vgr_uav_sim]: PLAN_CB: called with goal=(-5.00,-0.83)
[WARN] [1788882265.230360031] [vgr_uav_sim]: PLAN_CB: returning 5 poses
[INFO] [1788882265.241103155] [vgr_uav_sim]: Prepared 5 collision-free navigation waypoints to (-5.00, -0.83)
[INFO] [1788882265.242395640] [vgr_uav_sim]: UAV navigating in audited 2-D mode to (-5.00, -0.83, 0.30)
[WARN] [1788882282.224396182] [vgr_uav_sim]: PLAN_CB: called with goal=(-5.90,-0.83)
[WARN] [1788882282.229775222] [vgr_uav_sim]: PLAN_CB: returning 5 poses
[WARN] [1788882282.239931516] [vgr_uav_sim]: PLAN_CB: called with goal=(-5.90,-0.83)
[WARN] [1788882282.240894485] [vgr_uav_sim]: PLAN_CB: returning 5 poses
[INFO] [1788882282.252187486] [vgr_uav_sim]: Prepared 5 collision-free navigation waypoints to (-5.90, -0.83)
[INFO] [1788882282.253740017] [vgr_uav_sim]: UAV navigating in audited 2-D mode to (-5.90, -0.83, 0.30)
[WARN] [1788882299.274773641] [vgr_uav_sim]: PLAN_CB: called with goal=(-5.90,0.37)
[WARN] [1788882299.281701512] [vgr_uav_sim]: PLAN_CB: returning 6 poses
[WARN] [1788882299.290442968] [vgr_uav_sim]: PLAN_CB: called with goal=(-5.90,0.37)
[WARN] [1788882299.292096093] [vgr_uav_sim]: PLAN_CB: returning 6 poses
[INFO] [1788882299.302979590] [vgr_uav_sim]: Prepared 6 collision-free navigation waypoints to (-5.90, 0.37)
[INFO] [1788882299.304252624] [vgr_uav_sim]: UAV navigating in audited 2-D mode to (-5.90, 0.37, 0.30)
[WARN] [1788882316.737607616] [vgr_uav_sim]: PLAN_CB: called with goal=(-5.30,0.07)
[WARN] [1788882316.738626604] [vgr_uav_sim]: PLAN_CB: returning 4 poses
[WARN] [1788882316.750653668] [vgr_uav_sim]: PLAN_CB: called with goal=(-5.30,0.07)
[WARN] [1788882316.751588316] [vgr_uav_sim]: PLAN_CB: returning 4 poses
[INFO] [1788882316.763041752] [vgr_uav_sim]: Prepared 4 collision-free navigation waypoints to (-5.30, 0.07)
[INFO] [1788882316.764313858] [vgr_uav_sim]: UAV navigating in audited 2-D mode to (-5.30, 0.07, 0.30)
[WARN] [1788882333.739645342] [vgr_uav_sim]: PLAN_CB: called with goal=(-6.20,2.47)
[WARN] [1788882333.751819921] [vgr_uav_sim]: PLAN_CB: returning 10 poses
[WARN] [1788882333.763636329] [vgr_uav_sim]: PLAN_CB: called with goal=(-6.20,2.47)
[WARN] [1788882333.765754819] [vgr_uav_sim]: PLAN_CB: returning 10 poses
[INFO] [1788882333.778138327] [vgr_uav_sim]: Prepared 10 collision-free navigation waypoints to (-6.20, 2.47)
[INFO] [1788882333.779198845] [vgr_uav_sim]: UAV navigating in audited 2-D mode to (-6.20, 2.47, 0.30)
[WARN] [1788882352.139795146] [vgr_uav_sim]: PLAN_CB: called with goal=(-6.50,-0.23)
[WARN] [1788882352.144338311] [vgr_uav_sim]: PLAN_CB: returning 11 poses
[WARN] [1788882352.156656316] [vgr_uav_sim]: PLAN_CB: called with goal=(-6.50,-0.23)
[WARN] [1788882352.158021010] [vgr_uav_sim]: PLAN_CB: returning 11 poses
[INFO] [1788882352.168798308] [vgr_uav_sim]: Prepared 11 collision-free navigation waypoints to (-6.50, -0.23)
[INFO] [1788882352.169951377] [vgr_uav_sim]: UAV navigating in audited 2-D mode to (-6.50, -0.23, 0.30)
[WARN] [1788882370.723608661] [vgr_uav_sim]: PLAN_CB: called with goal=(-4.40,0.37)
[WARN] [1788882370.728427972] [vgr_uav_sim]: PLAN_CB: returning 9 poses
[WARN] [1788882370.739700669] [vgr_uav_sim]: PLAN_CB: called with goal=(-4.40,0.37)
[WARN] [1788882370.741364685] [vgr_uav_sim]: PLAN_CB: returning 9 poses
[INFO] [1788882370.751713204] [vgr_uav_sim]: Prepared 9 collision-free navigation waypoints to (-4.40, 0.37)
[INFO] [1788882370.753218043] [vgr_uav_sim]: UAV navigating in audited 2-D mode to (-4.40, 0.37, 0.30)
[WARN] [1788882388.740514873] [vgr_uav_sim]: PLAN_CB: called with goal=(-4.40,-0.53)
[WARN] [1788882388.742307093] [vgr_uav_sim]: PLAN_CB: returning 5 poses
[WARN] [1788882388.753510831] [vgr_uav_sim]: PLAN_CB: called with goal=(-4.40,-0.53)
[WARN] [1788882388.754694756] [vgr_uav_sim]: PLAN_CB: returning 5 poses
[INFO] [1788882388.763372669] [vgr_uav_sim]: Prepared 5 collision-free navigation waypoints to (-4.40, -0.53)
[INFO] [1788882388.764629302] [vgr_uav_sim]: UAV navigating in audited 2-D mode to (-4.40, -0.53, 0.30)
[WARN] [1788882405.920207870] [vgr_uav_sim]: PLAN_CB: called with goal=(-3.80,0.37)
[WARN] [1788882405.921558658] [vgr_uav_sim]: PLAN_CB: returning 5 poses
[WARN] [1788882405.929382923] [vgr_uav_sim]: PLAN_CB: called with goal=(-3.80,0.37)
[WARN] [1788882405.930641177] [vgr_uav_sim]: PLAN_CB: returning 5 poses
[INFO] [1788882405.939196592] [vgr_uav_sim]: Prepared 5 collision-free navigation waypoints to (-3.80, 0.37)
[INFO] [1788882405.940925780] [vgr_uav_sim]: UAV navigating in audited 2-D mode to (-3.80, 0.37, 0.30)
[WARN] [1788882423.205433214] [vgr_uav_sim]: PLAN_CB: called with goal=(-5.60,2.77)
[WARN] [1788882423.210996362] [vgr_uav_sim]: PLAN_CB: returning 16 poses
[WARN] [1788882423.222020073] [vgr_uav_sim]: PLAN_CB: called with goal=(-5.60,2.77)
[WARN] [1788882423.225273560] [vgr_uav_sim]: PLAN_CB: returning 16 poses
[INFO] [1788882423.235459206] [vgr_uav_sim]: Prepared 16 collision-free navigation waypoints to (-5.60, 2.77)
[INFO] [1788882423.236539296] [vgr_uav_sim]: UAV navigating in audited 2-D mode to (-5.60, 2.77, 0.30)
[WARN] [1788882442.522136186] [vgr_uav_sim]: PLAN_CB: called with goal=(-5.90,3.07)
[WARN] [1788882442.523919764] [vgr_uav_sim]: PLAN_CB: returning 3 poses
[WARN] [1788882442.535159966] [vgr_uav_sim]: PLAN_CB: called with goal=(-5.90,3.07)
[WARN] [1788882442.535967991] [vgr_uav_sim]: PLAN_CB: returning 3 poses
[INFO] [1788882442.544939708] [vgr_uav_sim]: Prepared 3 collision-free navigation waypoints to (-5.90, 3.07)
[INFO] [1788882442.546938370] [vgr_uav_sim]: UAV navigating in audited 2-D mode to (-5.90, 3.07, 0.30)
[WARN] [1788882459.199044487] [vgr_uav_sim]: PLAN_CB: called with goal=(-6.20,1.87)
[WARN] [1788882459.200149738] [vgr_uav_sim]: PLAN_CB: returning 6 poses
[WARN] [1788882459.212034840] [vgr_uav_sim]: PLAN_CB: called with goal=(-6.20,1.87)
[WARN] [1788882459.212960610] [vgr_uav_sim]: PLAN_CB: returning 6 poses
[INFO] [1788882459.224226836] [vgr_uav_sim]: Prepared 6 collision-free navigation waypoints to (-6.20, 1.87)
[INFO] [1788882459.225336287] [vgr_uav_sim]: UAV navigating in audited 2-D mode to (-6.20, 1.87, 0.30)
