[INFO] [1788883194.691043060] [vgr_uav_sim]: Loading VGR data from /mnt/hgfs/workspace/GADEN_files/scenarios/House01, config=2,4-1_fast
[INFO] [1788883194.751183337] [vgr_uav_sim]: Occupancy: 87x114 slice z_idx=13 (z=0.3m), free=6866, obstacle=3052, input_sha256=846003ffbbc8e99aa322cf189356399412763710e937bb5e5316186afccf17cb
[INFO] [1788883195.012104186] [vgr_uav_sim]: Gas backend=raw_house1_snapshot exec=/home/zyc/CSTAR_CONTROLLED_ASSETS_20260907/tools/cstar_numeric_wind_raw_query env_root=/mnt/hgfs/workspace/GADEN_files/scenarios/House01 gas_results=/mnt/hgfs/workspace/GADEN_files/scenarios/House01/gas_simulations/2,4-1_fast/FilamentSimulation_gasType_10_sourcePosition_-0.40_-2.90_-0.30 max_iteration=1999
[INFO] [1788883195.014686504] [vgr_uav_sim]: Navigation grid: coarse 29x38 cell=0.3000 free=626 obstacle=476 (reduce_scale=3)
[INFO] [1788883195.044453411] [vgr_uav_sim]: UAV Sim v3 ready. Start=(-3.17,-1.75), sim_dt=0.200s, realtime_factor=1.00, sensor=asymmetric, vertical_motion=False, open_loop_profile=hover
[WARN] [1788883222.386347340] [vgr_uav_sim]: PLAN_CB: called with goal=(-4.10,-1.13)
[WARN] [1788883222.387520005] [vgr_uav_sim]: PLAN_CB: returning 5 poses
[WARN] [1788883222.397828657] [vgr_uav_sim]: PLAN_CB: called with goal=(-4.10,-1.13)
[WARN] [1788883222.398767047] [vgr_uav_sim]: PLAN_CB: returning 5 poses
[INFO] [1788883222.409380441] [vgr_uav_sim]: Prepared 5 collision-free navigation waypoints to (-4.10, -1.13)
[INFO] [1788883222.410371786] [vgr_uav_sim]: UAV navigating in audited 2-D mode to (-4.10, -1.13, 0.30)
[WARN] [1788883239.169879421] [vgr_uav_sim]: PLAN_CB: called with goal=(-5.00,-0.83)
[WARN] [1788883239.171158000] [vgr_uav_sim]: PLAN_CB: returning 5 poses
[WARN] [1788883239.179591326] [vgr_uav_sim]: PLAN_CB: called with goal=(-5.00,-0.83)
[WARN] [1788883239.180960458] [vgr_uav_sim]: PLAN_CB: returning 5 poses
[INFO] [1788883239.192323257] [vgr_uav_sim]: Prepared 5 collision-free navigation waypoints to (-5.00, -0.83)
[INFO] [1788883239.193494937] [vgr_uav_sim]: UAV navigating in audited 2-D mode to (-5.00, -0.83, 0.30)
[WARN] [1788883256.262065065] [vgr_uav_sim]: PLAN_CB: called with goal=(-5.90,-0.83)
[WARN] [1788883256.263751953] [vgr_uav_sim]: PLAN_CB: returning 5 poses
[WARN] [1788883256.276677410] [vgr_uav_sim]: PLAN_CB: called with goal=(-5.90,-0.83)
[WARN] [1788883256.277892999] [vgr_uav_sim]: PLAN_CB: returning 5 poses
[INFO] [1788883256.287735100] [vgr_uav_sim]: Prepared 5 collision-free navigation waypoints to (-5.90, -0.83)
[INFO] [1788883256.288830942] [vgr_uav_sim]: UAV navigating in audited 2-D mode to (-5.90, -0.83, 0.30)
[WARN] [1788883273.424347495] [vgr_uav_sim]: PLAN_CB: called with goal=(-5.90,0.37)
[WARN] [1788883273.432809461] [vgr_uav_sim]: PLAN_CB: returning 6 poses
[WARN] [1788883273.440669043] [vgr_uav_sim]: PLAN_CB: called with goal=(-5.90,0.37)
[WARN] [1788883273.443457794] [vgr_uav_sim]: PLAN_CB: returning 6 poses
[INFO] [1788883273.458504677] [vgr_uav_sim]: Prepared 6 collision-free navigation waypoints to (-5.90, 0.37)
[INFO] [1788883273.459594429] [vgr_uav_sim]: UAV navigating in audited 2-D mode to (-5.90, 0.37, 0.30)
[WARN] [1788883290.888177974] [vgr_uav_sim]: PLAN_CB: called with goal=(-5.30,0.07)
[WARN] [1788883290.889173746] [vgr_uav_sim]: PLAN_CB: returning 4 poses
[WARN] [1788883290.899729471] [vgr_uav_sim]: PLAN_CB: called with goal=(-5.30,0.07)
[WARN] [1788883290.900672477] [vgr_uav_sim]: PLAN_CB: returning 4 poses
[INFO] [1788883290.911739505] [vgr_uav_sim]: Prepared 4 collision-free navigation waypoints to (-5.30, 0.07)
[INFO] [1788883290.912880992] [vgr_uav_sim]: UAV navigating in audited 2-D mode to (-5.30, 0.07, 0.30)
[WARN] [1788883307.877423169] [vgr_uav_sim]: PLAN_CB: called with goal=(-5.90,2.17)
[WARN] [1788883307.882001970] [vgr_uav_sim]: PLAN_CB: returning 9 poses
[WARN] [1788883307.898475256] [vgr_uav_sim]: PLAN_CB: called with goal=(-5.90,2.17)
[WARN] [1788883307.901119317] [vgr_uav_sim]: PLAN_CB: returning 9 poses
[INFO] [1788883307.911264119] [vgr_uav_sim]: Prepared 9 collision-free navigation waypoints to (-5.90, 2.17)
[INFO] [1788883307.912272643] [vgr_uav_sim]: UAV navigating in audited 2-D mode to (-5.90, 2.17, 0.30)
[WARN] [1788883325.883701787] [vgr_uav_sim]: PLAN_CB: called with goal=(-5.90,2.77)
[WARN] [1788883325.884703416] [vgr_uav_sim]: PLAN_CB: returning 4 poses
[WARN] [1788883325.900331457] [vgr_uav_sim]: PLAN_CB: called with goal=(-5.90,2.77)
[WARN] [1788883325.901260028] [vgr_uav_sim]: PLAN_CB: returning 4 poses
[INFO] [1788883325.912258669] [vgr_uav_sim]: Prepared 4 collision-free navigation waypoints to (-5.90, 2.77)
[INFO] [1788883325.913384160] [vgr_uav_sim]: UAV navigating in audited 2-D mode to (-5.90, 2.77, 0.30)
[WARN] [1788883342.866544179] [vgr_uav_sim]: PLAN_CB: called with goal=(-6.80,1.87)
[WARN] [1788883342.870292448] [vgr_uav_sim]: PLAN_CB: returning 5 poses
[WARN] [1788883342.877328456] [vgr_uav_sim]: PLAN_CB: called with goal=(-6.80,1.87)
[WARN] [1788883342.878314318] [vgr_uav_sim]: PLAN_CB: returning 5 poses
[INFO] [1788883342.889374030] [vgr_uav_sim]: Prepared 5 collision-free navigation waypoints to (-6.80, 1.87)
[INFO] [1788883342.890995244] [vgr_uav_sim]: UAV navigating in audited 2-D mode to (-6.80, 1.87, 0.30)
[WARN] [1788883360.267869053] [vgr_uav_sim]: PLAN_CB: called with goal=(-3.50,-0.23)
[WARN] [1788883360.270501092] [vgr_uav_sim]: PLAN_CB: returning 16 poses
[WARN] [1788883360.280973512] [vgr_uav_sim]: PLAN_CB: called with goal=(-3.50,-0.23)
[WARN] [1788883360.283141790] [vgr_uav_sim]: PLAN_CB: returning 16 poses
[INFO] [1788883360.293787556] [vgr_uav_sim]: Prepared 16 collision-free navigation waypoints to (-3.50, -0.23)
[INFO] [1788883360.294871105] [vgr_uav_sim]: UAV navigating in audited 2-D mode to (-3.50, -0.23, 0.30)
[WARN] [1788883379.865881321] [vgr_uav_sim]: PLAN_CB: called with goal=(-6.50,2.77)
[WARN] [1788883379.874598177] [vgr_uav_sim]: PLAN_CB: returning 17 poses
[WARN] [1788883379.884821336] [vgr_uav_sim]: PLAN_CB: called with goal=(-6.50,2.77)
[WARN] [1788883379.887847920] [vgr_uav_sim]: PLAN_CB: returning 17 poses
[INFO] [1788883379.898931911] [vgr_uav_sim]: Prepared 17 collision-free navigation waypoints to (-6.50, 2.77)
[INFO] [1788883379.900368424] [vgr_uav_sim]: UAV navigating in audited 2-D mode to (-6.50, 2.77, 0.30)
[WARN] [1788883399.866224716] [vgr_uav_sim]: PLAN_CB: called with goal=(-4.40,-0.53)
[WARN] [1788883399.869653767] [vgr_uav_sim]: PLAN_CB: returning 14 poses
[WARN] [1788883399.879502062] [vgr_uav_sim]: PLAN_CB: called with goal=(-4.40,-0.53)
[WARN] [1788883399.881916033] [vgr_uav_sim]: PLAN_CB: returning 14 poses
[INFO] [1788883399.893769009] [vgr_uav_sim]: Prepared 14 collision-free navigation waypoints to (-4.40, -0.53)
[INFO] [1788883399.895078222] [vgr_uav_sim]: UAV navigating in audited 2-D mode to (-4.40, -0.53, 0.30)
[WARN] [1788883419.299193544] [vgr_uav_sim]: PLAN_CB: called with goal=(-4.70,-1.13)
[WARN] [1788883419.301132183] [vgr_uav_sim]: PLAN_CB: returning 4 poses
[WARN] [1788883419.311721464] [vgr_uav_sim]: PLAN_CB: called with goal=(-4.70,-1.13)
[WARN] [1788883419.312598933] [vgr_uav_sim]: PLAN_CB: returning 4 poses
[INFO] [1788883419.322996979] [vgr_uav_sim]: Prepared 4 collision-free navigation waypoints to (-4.70, -1.13)
[INFO] [1788883419.324512488] [vgr_uav_sim]: UAV navigating in audited 2-D mode to (-4.70, -1.13, 0.30)
[WARN] [1788883436.287905837] [vgr_uav_sim]: PLAN_CB: called with goal=(-4.40,0.07)
[WARN] [1788883436.289994286] [vgr_uav_sim]: PLAN_CB: returning 6 poses
[WARN] [1788883436.302108276] [vgr_uav_sim]: PLAN_CB: called with goal=(-4.40,0.07)
[WARN] [1788883436.303429852] [vgr_uav_sim]: PLAN_CB: returning 6 poses
[INFO] [1788883436.314334681] [vgr_uav_sim]: Prepared 6 collision-free navigation waypoints to (-4.40, 0.07)
[INFO] [1788883436.315599866] [vgr_uav_sim]: UAV navigating in audited 2-D mode to (-4.40, 0.07, 0.30)
