{
  "status": "PASS_EIGHT_INPUT_ONLY_HEIGHT_FORWARDS_NO_RERUN",
  "entered_calls": 8,
  "completed_calls": 8,
  "wall_seconds": 2.5571085909978137,
  "peak_RSS_bytes": 139644928,
  "records": [
    {
      "job": "SOURCE_PLANE_T_C7",
      "wall_seconds": 0.4177557799994247,
      "RSS_bytes": 135839744,
      "exit_code": 0,
      "resource_stop": null
    },
    {
      "job": "SOURCE_PLANE_T_K2",
      "wall_seconds": 0.2727128229998925,
      "RSS_bytes": 135954432,
      "exit_code": 0,
      "resource_stop": null
    },
    {
      "job": "SOURCE_PLANE_W_C7",
      "wall_seconds": 0.40813459800119745,
      "RSS_bytes": 135921664,
      "exit_code": 0,
      "resource_stop": null
    },
    {
      "job": "SOURCE_PLANE_W_K2",
      "wall_seconds": 0.2937748139993346,
      "RSS_bytes": 135913472,
      "exit_code": 0,
      "resource_stop": null
    },
    {
      "job": "COLUMN_FREE_UNIFORM_MEAN_T_C7",
      "wall_seconds": 0.3073080709982605,
      "RSS_bytes": 135667712,
      "exit_code": 0,
      "resource_stop": null
    },
    {
      "job": "COLUMN_FREE_UNIFORM_MEAN_T_K2",
      "wall_seconds": 0.2855131610012904,
      "RSS_bytes": 139644928,
      "exit_code": 0,
      "resource_stop": null
    },
    {
      "job": "COLUMN_FREE_UNIFORM_MEAN_W_C7",
      "wall_seconds": 0.28461779300050694,
      "RSS_bytes": 136843264,
      "exit_code": 0,
      "resource_stop": null
    },
    {
      "job": "COLUMN_FREE_UNIFORM_MEAN_W_K2",
      "wall_seconds": 0.2872915509979066,
      "RSS_bytes": 136851456,
      "exit_code": 0,
      "resource_stop": null
    }
  ],
  "new_GADEN": 0,
  "new_CFD": 0,
  "ROS_init": 0,
  "new_navigation": 0,
  "baseline_reruns": 0
}
