[WARN] [1788740377.668406260] [GadenPlayer]: 
--- Deprecation notice ---
You are using ROS parameters to specify the Gaden configuration. This is now considered deprecated (though, for now, still valid).
You should update your configuration to use a gaden project (see test_env for examples).
You can easily configure a gaden project with 'ros2 run gaden_common gaden_gui
----
[INFO] [1788740377.668466341] [GadenPlayer]: num_simulators: 1
[INFO] [1788740377.668495510] [GadenPlayer]: simulation_data_0: /mnt/hgfs/workspace/GADEN_files/scenarios/House03/gas_simulations/1-2,5_fast/FilamentSimulation_gasType_10_sourcePosition_-0.45_1.90_-0.10
[INFO] [1788740377.678913380] [GadenPlayer]: Looking for wind files in:
	-'/mnt/hgfs/workspace/GADEN_files/scenarios/House03/wind'
	-'/mnt/hgfs/workspace/GADEN_files/scenarios/House03/gas_simulations/1-2,5_fast/FilamentSimulation_gasType_10_sourcePosition_-0.45_1.90_-0.10/wind'
[INFO] [1788740377.680088893] [GadenPlayer]: Found wind files at '/mnt/hgfs/workspace/GADEN_files/scenarios/House03/gas_simulations/1-2,5_fast/FilamentSimulation_gasType_10_sourcePosition_-0.45_1.90_-0.10/wind'
[INFO] [1788740377.937154835] [GadenPlayer]: Loaded environment: min=(-0.85,-1.86,-0.95) max=(12.90,6.39,1.55) dimensions=(138,83,25) cell_size=0.1
[INFO] [1788740377.939069820] [GadenPlayer]: player_freq 1.00 Hz
[WARN] [1788740377.942104905] [GADEN]: You are reading a log file that was generated with an old version of gaden. While it should work correctly, if you experience any bugs, this is likely the cause. You can just re-run the filament simulator node to generate an updated version of the simulation
[INFO] [1788740377.942124710] [GADEN]: Legacy V1 coordinate format=NATIVE_DOUBLE double_score=5.474090585266822e-07 float_slot_score=1.4222739657895211e+35
[INFO] [1788740378.273236943] [GADEN]: Legacy V1 coordinate format=NATIVE_DOUBLE double_score=5.474090585266822e-07 float_slot_score=1.4222739657895211e+35
[INFO] [1788740379.523781729] [GADEN]: Legacy V1 coordinate format=NATIVE_DOUBLE double_score=5.474090585266822e-07 float_slot_score=1.4222739657895211e+35
[INFO] [1788740379.711715713] [GADEN]: Legacy V1 coordinate format=NATIVE_DOUBLE double_score=5.474090585266822e-07 float_slot_score=1.4222739657895211e+35
[INFO] [1788740379.916310717] [GADEN]: Legacy V1 coordinate format=NATIVE_DOUBLE double_score=5.474090585266822e-07 float_slot_score=1.4222739657895211e+35
[INFO] [1788740380.116048578] [GADEN]: Legacy V1 coordinate format=NATIVE_DOUBLE double_score=5.474090585266822e-07 float_slot_score=1.4222739657895211e+35
[INFO] [1788740380.333187189] [GADEN]: Legacy V1 coordinate format=NATIVE_DOUBLE double_score=5.474090585266822e-07 float_slot_score=1.4222739657895211e+35
[INFO] [1788740380.516123632] [GADEN]: Legacy V1 coordinate format=NATIVE_DOUBLE double_score=5.474090585266822e-07 float_slot_score=1.4222739657895211e+35
[INFO] [1788740380.713271782] [GADEN]: Legacy V1 coordinate format=NATIVE_DOUBLE double_score=5.474090585266822e-07 float_slot_score=1.4222739657895211e+35
[INFO] [1788740380.913345250] [GADEN]: Legacy V1 coordinate format=NATIVE_DOUBLE double_score=5.474090585266822e-07 float_slot_score=1.4222739657895211e+35
[INFO] [1788740381.085957068] [rclcpp]: signal_handler(signum=15)
