[INFO] [1788892015.416007882] [GSL]: Starting GSL server
[INFO] [1788892020.788787672] [GSL]: GSL action server is ready for action!
[INFO] [1788892021.789667130] [GSL]: [33mRequest received: PMFS[0m
[INFO] [1788892022.801043573] [GSL]: Waiting to hear from localization topic: /amcl_pose
[INFO] [1788892022.803793970] [GSL]: Gas sensor topic: '/PID/Sensor_reading'
[INFO] [1788892022.805095583] [GSL]: Wind sensor topic: '/Anemometer/WindSensor_reading'
[INFO] [1788892022.805163795] [GSL]: [34mINITIALIZATON COMPLETED[0m
[INFO] [1788892022.830350993] [GSL - Trace]: [32mEntering WaitForMap[0m
[INFO] [1788892022.830389464] [GSL - Trace]: [32mNeed occupancy map and costmap[0m
[INFO] [1788892022.882592837] [GSL - Trace]: [32mGot occupancy map[0m
[INFO] [1788892022.882765602] [GSL]: 
--------------GSL---------------
Occupancy Map dimensions:
x_min:-0.85 x_max:13   -   y_min:-1.9 y_max:6.4
--------------------------------
[INFO] [1788892022.883071756] [GSL]: [MAP-DEBUG] 138x83 res=0.1000 free=7258 obs=4196 unk=0 origin=(-0.85,-1.86)
[INFO] [1788892022.886479478] [GSL - Trace]: [32mCreated grid[0m
[INFO] [1788892022.886529061] [GSL]: [DEBUG] After reduceOccupancyMap: free=641 obstacle=601 total=1242
[INFO] [1788892022.888114356] [GSL - Trace]: [32mPruned unreachable cells[0m
[INFO] [1788892022.888162728] [GSL]: [DEBUG] After PruneUnreachable: free=626 obstacle=616 total=1242
[INFO] [1788892022.888178135] [GSL]: [DEBUG] Grid dims: 46x27 scale=3 cellSize=0.3
[INFO] [1788892022.888190452] [GSL]: [DEBUG] Start pos: (2, 0)
[INFO] [1788892022.895754623] [GSL - Trace]: [32mCreated visibility map[0m
[INFO] [1788892022.937085493] [GSL]: Number of cells after fusing quadtree: 85
[INFO] [1788892022.938341150] [GSL]: [DEBUG-WIND] useGroundTruth=false gmrf_req_size=626 gaden_req_size=-1
[INFO] [1788892022.938366970] [GSL]: [DEBUG-WIND] Taking GMRF path
[INFO] [1788892022.999136099] [GSL - Trace]: [32mEntering StopAndMeasure[0m
[INFO] [1788892023.355256529] [GSL - Trace]: [32mGot cost map[0m
[INFO] [1788892024.929500410] [GSL]: 10 gas measurements, 10 wind measurements over 1.93 seconds
[INFO] [1788892024.930274681] [GSL]: avg_gas=0.06;  avg_windSpeed=0.23;  avg_wind_dir=-0.23
[INFO] [1788892024.930893951] [GSL]: [33mNOTHING [0m
[INFO] [1788892024.930912083] [GSL]: [DEBUG-WIND] useGroundTruth=false gmrf_req_size=626 gaden_req_size=-1
[INFO] [1788892024.930918626] [GSL]: [DEBUG-WIND] Taking GMRF path
[INFO] [1788892024.998994112] [GSL - Trace]: [32mEntering StopAndMeasure[0m
[INFO] [1788892026.950534607] [GSL]: 10 gas measurements, 10 wind measurements over 1.95 seconds
[INFO] [1788892026.950633069] [GSL]: avg_gas=0.083;  avg_windSpeed=0.15;  avg_wind_dir=-0.26
[INFO] [1788892026.951867357] [GSL]: [33mNOTHING [0m
[INFO] [1788892026.951912648] [GSL]: [DEBUG-WIND] useGroundTruth=false gmrf_req_size=626 gaden_req_size=-1
[INFO] [1788892026.951925556] [GSL]: [DEBUG-WIND] Taking GMRF path
[INFO] [1788892026.999276676] [GSL - Trace]: [32mEntering StopAndMeasure[0m
[INFO] [1788892028.950538304] [GSL]: 10 gas measurements, 10 wind measurements over 1.95 seconds
[INFO] [1788892028.951203463] [GSL]: avg_gas=0.085;  avg_windSpeed=0.23;  avg_wind_dir=-0.23
[INFO] [1788892028.952449285] [GSL]: [33mNOTHING [0m
[INFO] [1788892028.952505013] [GSL]: [DEBUG-WIND] useGroundTruth=false gmrf_req_size=626 gaden_req_size=-1
[INFO] [1788892028.952518521] [GSL]: [DEBUG-WIND] Taking GMRF path
[INFO] [1788892028.999629676] [GSL - Trace]: [32mEntering StopAndMeasure[0m
[INFO] [1788892030.950549307] [GSL]: 10 gas measurements, 10 wind measurements over 1.95 seconds
[INFO] [1788892030.950651415] [GSL]: avg_gas=0.094;  avg_windSpeed=0.15;  avg_wind_dir=-0.26
[INFO] [1788892030.951541557] [GSL]: [33mNOTHING [0m
[INFO] [1788892030.951559461] [GSL]: [DEBUG-WIND] useGroundTruth=false gmrf_req_size=626 gaden_req_size=-1
[INFO] [1788892030.951571437] [GSL]: [DEBUG-WIND] Taking GMRF path
[INFO] [1788892030.999280441] [GSL - Trace]: [32mEntering StopAndMeasure[0m
[INFO] [1788892032.950578281] [GSL]: 10 gas measurements, 10 wind measurements over 1.95 seconds
[INFO] [1788892032.951183743] [GSL]: avg_gas=0.049;  avg_windSpeed=0.23;  avg_wind_dir=-0.23
[INFO] [1788892032.952113097] [GSL]: [33mNOTHING [0m
[INFO] [1788892032.952130876] [GSL]: [DEBUG-WIND] useGroundTruth=false gmrf_req_size=626 gaden_req_size=-1
[INFO] [1788892032.952143201] [GSL]: [DEBUG-WIND] Taking GMRF path
[INFO] [1788892032.999278566] [GSL - Trace]: [32mEntering StopAndMeasure[0m
[INFO] [1788892034.950444790] [GSL]: 10 gas measurements, 10 wind measurements over 1.95 seconds
[INFO] [1788892034.950512774] [GSL]: avg_gas=0.077;  avg_windSpeed=0.15;  avg_wind_dir=-0.26
[INFO] [1788892034.951021537] [GSL]: [33mNOTHING [0m
[INFO] [1788892034.951032118] [GSL]: [DEBUG-WIND] useGroundTruth=false gmrf_req_size=626 gaden_req_size=-1
[INFO] [1788892034.951038666] [GSL]: [DEBUG-WIND] Taking GMRF path
[INFO] [1788892034.998758567] [GSL - Trace]: [32mEntering StopAndMeasure[0m
[INFO] [1788892036.950581950] [GSL]: 10 gas measurements, 10 wind measurements over 1.95 seconds
[INFO] [1788892036.950702481] [GSL]: avg_gas=0.13;  avg_windSpeed=0.23;  avg_wind_dir=-0.23
[INFO] [1788892036.952402889] [GSL]: [33mGAS HIT[0m
[INFO] [1788892036.952438752] [GSL]: [DEBUG-WIND] useGroundTruth=false gmrf_req_size=626 gaden_req_size=-1
[INFO] [1788892036.952451101] [GSL]: [DEBUG-WIND] Taking GMRF path
[INFO] [1788892036.999179119] [GSL - Trace]: [32mEntering StopAndMeasure[0m
[INFO] [1788892038.951163301] [GSL]: 10 gas measurements, 10 wind measurements over 1.95 seconds
[INFO] [1788892038.951246253] [GSL]: avg_gas=0.098;  avg_windSpeed=0.15;  avg_wind_dir=-0.26
[INFO] [1788892038.952254884] [GSL]: [33mNOTHING [0m
[INFO] [1788892038.952274873] [GSL]: [DEBUG-WIND] useGroundTruth=false gmrf_req_size=626 gaden_req_size=-1
[INFO] [1788892038.952287936] [GSL]: [DEBUG-WIND] Taking GMRF path
[INFO] [1788892039.012964985] [GSL]: Max mutual info: 6.439
[WARN] [1788892039.013426015] [rcl.logging_rosout]: Publisher already registered for provided node name. If this is due to multiple nodes with the same name then all logs for that logger name will go out over the existing publisher. As soon as any node with that name is destructed it will unregister the publisher, preventing any further logs for that name from being published on the rosout topic.
[INFO] [1788892039.026735694] [GSL]: MutualInformation - Ellapsed: 0.028s
[INFO] [1788892039.055108432] [GSL]: Sending goal (1.10, 0.39)
[INFO] [1788892039.055711460] [GSL]: Variance: 18.45
[INFO] [1788892039.055728593] [GSL - Trace]: [32mEntering Moving[0m
[INFO] [1788892039.767347724] [GSL - Trace]: [32mEntering StopAndMeasure[0m
[INFO] [1788892041.757096962] [GSL]: 10 gas measurements, 10 wind measurements over 1.99 seconds
[INFO] [1788892041.757222900] [GSL]: avg_gas=0.039;  avg_windSpeed=0.2;  avg_wind_dir=-1.3
[INFO] [1788892041.758360261] [GSL]: [33mNOTHING [0m
[INFO] [1788892041.758420377] [GSL]: [DEBUG-WIND] useGroundTruth=false gmrf_req_size=626 gaden_req_size=-1
[INFO] [1788892041.758441080] [GSL]: [DEBUG-WIND] Taking GMRF path
[INFO] [1788892041.799962490] [GSL - Trace]: [32mEntering StopAndMeasure[0m
[INFO] [1788892043.757053914] [GSL]: 10 gas measurements, 10 wind measurements over 1.96 seconds
[INFO] [1788892043.757137280] [GSL]: avg_gas=0.054;  avg_windSpeed=0.24;  avg_wind_dir=-1.1
[INFO] [1788892043.757817459] [GSL]: [33mNOTHING [0m
[INFO] [1788892043.757834456] [GSL]: [DEBUG-WIND] useGroundTruth=false gmrf_req_size=626 gaden_req_size=-1
[INFO] [1788892043.757858157] [GSL]: [DEBUG-WIND] Taking GMRF path
[INFO] [1788892043.799387683] [GSL - Trace]: [32mEntering StopAndMeasure[0m
[INFO] [1788892045.757082439] [GSL]: 10 gas measurements, 10 wind measurements over 1.96 seconds
[INFO] [1788892045.757152038] [GSL]: avg_gas=0.034;  avg_windSpeed=0.2;  avg_wind_dir=-1.3
[INFO] [1788892045.757552237] [GSL]: [33mNOTHING [0m
[INFO] [1788892045.757561267] [GSL]: [DEBUG-WIND] useGroundTruth=false gmrf_req_size=626 gaden_req_size=-1
[INFO] [1788892045.757567739] [GSL]: [DEBUG-WIND] Taking GMRF path
[INFO] [1788892045.799068589] [GSL - Trace]: [32mEntering StopAndMeasure[0m
[INFO] [1788892047.757010365] [GSL]: 10 gas measurements, 10 wind measurements over 1.96 seconds
[INFO] [1788892047.757068055] [GSL]: avg_gas=0.04;  avg_windSpeed=0.24;  avg_wind_dir=-1.1
[INFO] [1788892047.757531310] [GSL]: [33mNOTHING [0m
[INFO] [1788892047.757541729] [GSL]: [DEBUG-WIND] useGroundTruth=false gmrf_req_size=626 gaden_req_size=-1
[INFO] [1788892047.757548219] [GSL]: [DEBUG-WIND] Taking GMRF path
[INFO] [1788892047.799325666] [GSL - Trace]: [32mEntering StopAndMeasure[0m
[INFO] [1788892049.757135202] [GSL]: 10 gas measurements, 10 wind measurements over 1.96 seconds
[INFO] [1788892049.757224278] [GSL]: avg_gas=0.057;  avg_windSpeed=0.2;  avg_wind_dir=-1.3
[INFO] [1788892049.757956623] [GSL]: [33mNOTHING [0m
[INFO] [1788892049.757971868] [GSL]: [DEBUG-WIND] useGroundTruth=false gmrf_req_size=626 gaden_req_size=-1
[INFO] [1788892049.757983545] [GSL]: [DEBUG-WIND] Taking GMRF path
[INFO] [1788892049.800005966] [GSL - Trace]: [32mEntering StopAndMeasure[0m
[INFO] [1788892051.757120150] [GSL]: 10 gas measurements, 10 wind measurements over 1.96 seconds
[INFO] [1788892051.757780002] [GSL]: avg_gas=0.024;  avg_windSpeed=0.24;  avg_wind_dir=-1.1
[INFO] [1788892051.758589722] [GSL]: [33mNOTHING [0m
[INFO] [1788892051.758632448] [GSL]: [DEBUG-WIND] useGroundTruth=false gmrf_req_size=626 gaden_req_size=-1
[INFO] [1788892051.758644051] [GSL]: [DEBUG-WIND] Taking GMRF path
[INFO] [1788892051.798720720] [GSL - Trace]: [32mEntering StopAndMeasure[0m
[INFO] [1788892053.757033122] [GSL]: 10 gas measurements, 10 wind measurements over 1.96 seconds
[INFO] [1788892053.757115054] [GSL]: avg_gas=0.027;  avg_windSpeed=0.2;  avg_wind_dir=-1.3
[INFO] [1788892053.758001779] [GSL]: [33mNOTHING [0m
[INFO] [1788892053.758052327] [GSL]: [DEBUG-WIND] useGroundTruth=false gmrf_req_size=626 gaden_req_size=-1
[INFO] [1788892053.758065085] [GSL]: [DEBUG-WIND] Taking GMRF path
[INFO] [1788892053.799041394] [GSL - Trace]: [32mEntering StopAndMeasure[0m
[INFO] [1788892055.756902922] [GSL]: 10 gas measurements, 10 wind measurements over 1.96 seconds
[INFO] [1788892055.757251801] [GSL]: avg_gas=0.045;  avg_windSpeed=0.24;  avg_wind_dir=-1.1
[INFO] [1788892055.757651609] [GSL]: [33mNOTHING [0m
[INFO] [1788892055.757660714] [GSL]: [DEBUG-WIND] useGroundTruth=false gmrf_req_size=626 gaden_req_size=-1
[INFO] [1788892055.757667264] [GSL]: [DEBUG-WIND] Taking GMRF path
[INFO] [1788892055.804300964] [GSL]: Max mutual info: 6.439
[INFO] [1788892055.804540514] [GSL]: MutualInformation - Ellapsed: 0.005s
[INFO] [1788892055.840910465] [GSL]: Sending goal (0.20, 0.39)
[INFO] [1788892055.841373671] [GSL]: Variance: 18.45
[INFO] [1788892055.841397967] [GSL - Trace]: [32mEntering Moving[0m
[INFO] [1788892056.557992393] [GSL - Trace]: [32mEntering StopAndMeasure[0m
[INFO] [1788892058.557093777] [GSL]: 10 gas measurements, 10 wind measurements over 2.00 seconds
[INFO] [1788892058.557189731] [GSL]: avg_gas=0.073;  avg_windSpeed=0.56;  avg_wind_dir=-1.3
[INFO] [1788892058.557935138] [GSL]: [33mNOTHING [0m
[INFO] [1788892058.557952286] [GSL]: [DEBUG-WIND] useGroundTruth=false gmrf_req_size=626 gaden_req_size=-1
[INFO] [1788892058.558492800] [GSL]: [DEBUG-WIND] Taking GMRF path
[INFO] [1788892058.598731311] [GSL - Trace]: [32mEntering StopAndMeasure[0m
[INFO] [1788892060.557112574] [GSL]: 10 gas measurements, 10 wind measurements over 1.96 seconds
[INFO] [1788892060.557207458] [GSL]: avg_gas=0.045;  avg_windSpeed=0.55;  avg_wind_dir=-1.3
[INFO] [1788892060.557989411] [GSL]: [33mNOTHING [0m
[INFO] [1788892060.558005539] [GSL]: [DEBUG-WIND] useGroundTruth=false gmrf_req_size=626 gaden_req_size=-1
[INFO] [1788892060.558017415] [GSL]: [DEBUG-WIND] Taking GMRF path
[INFO] [1788892060.598637249] [GSL - Trace]: [32mEntering StopAndMeasure[0m
[INFO] [1788892062.557370320] [GSL]: 10 gas measurements, 10 wind measurements over 1.96 seconds
[INFO] [1788892062.557649779] [GSL]: avg_gas=0.062;  avg_windSpeed=0.56;  avg_wind_dir=-1.3
[INFO] [1788892062.558680817] [GSL]: [33mNOTHING [0m
[INFO] [1788892062.558703310] [GSL]: [DEBUG-WIND] useGroundTruth=false gmrf_req_size=626 gaden_req_size=-1
[INFO] [1788892062.559680116] [GSL]: [DEBUG-WIND] Taking GMRF path
[INFO] [1788892062.599685385] [GSL - Trace]: [32mEntering StopAndMeasure[0m
[INFO] [1788892064.556966531] [GSL]: 10 gas measurements, 10 wind measurements over 1.96 seconds
[INFO] [1788892064.557025197] [GSL]: avg_gas=0.05;  avg_windSpeed=0.55;  avg_wind_dir=-1.3
[INFO] [1788892064.557419518] [GSL]: [33mNOTHING [0m
[INFO] [1788892064.557428082] [GSL]: [DEBUG-WIND] useGroundTruth=false gmrf_req_size=626 gaden_req_size=-1
[INFO] [1788892064.557434375] [GSL]: [DEBUG-WIND] Taking GMRF path
[INFO] [1788892064.598646028] [GSL - Trace]: [32mEntering StopAndMeasure[0m
[INFO] [1788892066.556945257] [GSL]: 10 gas measurements, 10 wind measurements over 1.96 seconds
[INFO] [1788892066.557003784] [GSL]: avg_gas=0.048;  avg_windSpeed=0.56;  avg_wind_dir=-1.3
[INFO] [1788892066.557396484] [GSL]: [33mNOTHING [0m
[INFO] [1788892066.557404838] [GSL]: [DEBUG-WIND] useGroundTruth=false gmrf_req_size=626 gaden_req_size=-1
[INFO] [1788892066.557859110] [GSL]: [DEBUG-WIND] Taking GMRF path
[INFO] [1788892066.598567109] [GSL - Trace]: [32mEntering StopAndMeasure[0m
[INFO] [1788892068.557140960] [GSL]: 10 gas measurements, 10 wind measurements over 1.96 seconds
[INFO] [1788892068.557245660] [GSL]: avg_gas=0.099;  avg_windSpeed=0.55;  avg_wind_dir=-1.3
[INFO] [1788892068.558047444] [GSL]: [33mNOTHING [0m
[INFO] [1788892068.558065296] [GSL]: [DEBUG-WIND] useGroundTruth=false gmrf_req_size=626 gaden_req_size=-1
[INFO] [1788892068.558077928] [GSL]: [DEBUG-WIND] Taking GMRF path
[INFO] [1788892068.598509165] [GSL - Trace]: [32mEntering StopAndMeasure[0m
[INFO] [1788892070.557045429] [GSL]: 10 gas measurements, 10 wind measurements over 1.96 seconds
[INFO] [1788892070.557142098] [GSL]: avg_gas=0.14;  avg_windSpeed=0.56;  avg_wind_dir=-1.3
[INFO] [1788892070.557909781] [GSL]: [33mGAS HIT[0m
[INFO] [1788892070.558021601] [GSL]: [DEBUG-WIND] useGroundTruth=false gmrf_req_size=626 gaden_req_size=-1
[INFO] [1788892070.558076420] [GSL]: [DEBUG-WIND] Taking GMRF path
[INFO] [1788892070.598757622] [GSL - Trace]: [32mEntering StopAndMeasure[0m
[INFO] [1788892072.557438959] [GSL]: 10 gas measurements, 10 wind measurements over 1.96 seconds
[INFO] [1788892072.557541393] [GSL]: avg_gas=0.12;  avg_windSpeed=0.55;  avg_wind_dir=-1.3
[INFO] [1788892072.558341356] [GSL]: [33mGAS HIT[0m
[INFO] [1788892072.558380881] [GSL]: [DEBUG-WIND] useGroundTruth=false gmrf_req_size=626 gaden_req_size=-1
[INFO] [1788892072.558392240] [GSL]: [DEBUG-WIND] Taking GMRF path
[INFO] [1788892072.599369372] [GSL]: [33mStarted simulations. Might take a while![0m
[INFO] [1788892072.988802532] [GSL]: CER contrastive context initialized: events=8, candidates=85, transport_members=3, fixed_ratio_weight=1, context_within_member=true, centered_log_odds=true, transport_pool=robust_log_variance
[INFO] [1788892072.990279193] [GSL - Trace]: [32mFirst simulation level done[0m
[INFO] [1788892072.990476833] [GSL]: [RC2-DIAG] scores_size=85 refineFraction=0.25 refine_product=21.25 valid_first_level=85 sum_sourceProbInternal_before_norm=6.47580400715987 min_sourceProbInternal_before_norm=0 max_sourceProbInternal_before_norm=0.01259884048085577 finite_sourceProbInternal=1242 finite_varianceOfHitProb=1242
[INFO] [1788892073.290581779] [GSL - Trace]: [32mSimulation level 2 done[0m
[INFO] [1788892073.459536692] [GSL - Trace]: [32mSimulation level 3 done[0m
[INFO] [1788892073.514805801] [GSL - Trace]: [32mSimulation level 4 done[0m
[INFO] [1788892073.519852506] [GSL - Trace]: [32mSimulation level 5 done[0m
[INFO] [1788892073.520065625] [GSL]: Number of levels in the simulation: 5
[INFO] [1788892073.520074623] [GSL]: Total number of simulations: 191
[INFO] [1788892073.525861887] [GSL]: CORE sequential event-time commit: window_start=0, new_events=8, committed_total=8
[INFO] [1788892073.526503753] [GSL]: [RC2-DIAG] normalized_finite_count=1242 normalized_sum=1
[INFO] [1788892073.526995893] [GSL]: Time ellapsed in simulation = 0.9275183760000001 s
[INFO] [1788892073.534344102] [GSL]: Max mutual info: 2.111
[INFO] [1788892073.535514838] [GSL]: MutualInformation - Ellapsed: 0.008s
[INFO] [1788892073.565481203] [GSL]: Sending goal (5.90, -0.21)
[INFO] [1788892073.566288799] [GSL]: Variance: 13.97
[INFO] [1788892073.566328897] [GSL - Trace]: [32mEntering Moving[0m
[INFO] [1788892078.568182514] [GSL - Trace]: [32mEntering StopAndMeasure[0m
[INFO] [1788892080.567799245] [GSL]: 10 gas measurements, 10 wind measurements over 2.00 seconds
[INFO] [1788892080.567975984] [GSL]: avg_gas=1.4;  avg_windSpeed=0.08;  avg_wind_dir=0.58
[INFO] [1788892080.569075668] [GSL]: [33mGAS HIT[0m
[INFO] [1788892080.569125446] [GSL]: [DEBUG-WIND] useGroundTruth=false gmrf_req_size=626 gaden_req_size=-1
[INFO] [1788892080.569138599] [GSL]: [DEBUG-WIND] Taking GMRF path
[INFO] [1788892080.599752834] [GSL - Trace]: [32mEntering StopAndMeasure[0m
[INFO] [1788892082.568117204] [GSL]: 10 gas measurements, 10 wind measurements over 1.97 seconds
[INFO] [1788892082.568230710] [GSL]: avg_gas=1.5;  avg_windSpeed=0.09;  avg_wind_dir=0.15
[INFO] [1788892082.570401832] [GSL]: [33mGAS HIT[0m
[INFO] [1788892082.570447417] [GSL]: [DEBUG-WIND] useGroundTruth=false gmrf_req_size=626 gaden_req_size=-1
[INFO] [1788892082.570461742] [GSL]: [DEBUG-WIND] Taking GMRF path
[INFO] [1788892082.598491278] [GSL - Trace]: [32mEntering StopAndMeasure[0m
[INFO] [1788892084.568094067] [GSL]: 10 gas measurements, 10 wind measurements over 1.97 seconds
[INFO] [1788892084.568202614] [GSL]: avg_gas=1.4;  avg_windSpeed=0.08;  avg_wind_dir=0.58
[INFO] [1788892084.569224590] [GSL]: [33mGAS HIT[0m
[INFO] [1788892084.569240939] [GSL]: [DEBUG-WIND] useGroundTruth=false gmrf_req_size=626 gaden_req_size=-1
[INFO] [1788892084.569253230] [GSL]: [DEBUG-WIND] Taking GMRF path
[INFO] [1788892084.599062803] [GSL - Trace]: [32mEntering StopAndMeasure[0m
[INFO] [1788892086.568059339] [GSL]: 10 gas measurements, 10 wind measurements over 1.97 seconds
[INFO] [1788892086.568133319] [GSL]: avg_gas=1.4;  avg_windSpeed=0.09;  avg_wind_dir=0.15
[INFO] [1788892086.569490388] [GSL]: [33mGAS HIT[0m
[INFO] [1788892086.569524275] [GSL]: [DEBUG-WIND] useGroundTruth=false gmrf_req_size=626 gaden_req_size=-1
[INFO] [1788892086.569534500] [GSL]: [DEBUG-WIND] Taking GMRF path
[INFO] [1788892086.599227050] [GSL - Trace]: [32mEntering StopAndMeasure[0m
[INFO] [1788892088.567790216] [GSL]: 10 gas measurements, 10 wind measurements over 1.97 seconds
[INFO] [1788892088.567886577] [GSL]: avg_gas=1.4;  avg_windSpeed=0.08;  avg_wind_dir=0.58
[INFO] [1788892088.568404217] [GSL]: [33mGAS HIT[0m
[INFO] [1788892088.568413431] [GSL]: [DEBUG-WIND] useGroundTruth=false gmrf_req_size=626 gaden_req_size=-1
[INFO] [1788892088.568419929] [GSL]: [DEBUG-WIND] Taking GMRF path
[INFO] [1788892088.598605326] [GSL - Trace]: [32mEntering StopAndMeasure[0m
[INFO] [1788892090.567624267] [GSL]: 10 gas measurements, 10 wind measurements over 1.97 seconds
[INFO] [1788892090.567686737] [GSL]: avg_gas=1.5;  avg_windSpeed=0.09;  avg_wind_dir=0.15
[INFO] [1788892090.568206076] [GSL]: [33mGAS HIT[0m
[INFO] [1788892090.568575816] [GSL]: [DEBUG-WIND] useGroundTruth=false gmrf_req_size=626 gaden_req_size=-1
[INFO] [1788892090.568596703] [GSL]: [DEBUG-WIND] Taking GMRF path
[INFO] [1788892090.598646035] [GSL - Trace]: [32mEntering StopAndMeasure[0m
[INFO] [1788892092.567695536] [GSL]: 10 gas measurements, 10 wind measurements over 1.97 seconds
[INFO] [1788892092.567764097] [GSL]: avg_gas=1.6;  avg_windSpeed=0.08;  avg_wind_dir=0.58
[INFO] [1788892092.568329523] [GSL]: [33mGAS HIT[0m
[INFO] [1788892092.568339964] [GSL]: [DEBUG-WIND] useGroundTruth=false gmrf_req_size=626 gaden_req_size=-1
[INFO] [1788892092.568346821] [GSL]: [DEBUG-WIND] Taking GMRF path
[INFO] [1788892092.598626204] [GSL - Trace]: [32mEntering StopAndMeasure[0m
[INFO] [1788892094.567571645] [GSL]: 10 gas measurements, 10 wind measurements over 1.97 seconds
[INFO] [1788892094.567638692] [GSL]: avg_gas=1.6;  avg_windSpeed=0.09;  avg_wind_dir=0.15
[INFO] [1788892094.568177636] [GSL]: [33mGAS HIT[0m
[INFO] [1788892094.568187764] [GSL]: [DEBUG-WIND] useGroundTruth=false gmrf_req_size=626 gaden_req_size=-1
[INFO] [1788892094.568499799] [GSL]: [DEBUG-WIND] Taking GMRF path
[INFO] [1788892094.598549268] [GSL]: [33mStarted simulations. Might take a while![0m
[INFO] [1788892094.982483812] [GSL]: CER contrastive context initialized: events=16, candidates=85, transport_members=3, fixed_ratio_weight=1, context_within_member=true, centered_log_odds=true, transport_pool=robust_log_variance
[INFO] [1788892094.983965830] [GSL - Trace]: [32mFirst simulation level done[0m
[INFO] [1788892094.984185303] [GSL]: [RC2-DIAG] scores_size=85 refineFraction=0.25 refine_product=21.25 valid_first_level=85 sum_sourceProbInternal_before_norm=156.48370765492535 min_sourceProbInternal_before_norm=0 max_sourceProbInternal_before_norm=0.999200279944007 finite_sourceProbInternal=1242 finite_varianceOfHitProb=1242
[INFO] [1788892095.341930896] [GSL - Trace]: [32mSimulation level 2 done[0m
[INFO] [1788892095.633104181] [GSL - Trace]: [32mSimulation level 3 done[0m
[INFO] [1788892095.796387323] [GSL - Trace]: [32mSimulation level 4 done[0m
[INFO] [1788892095.797377697] [GSL - Trace]: [32mSimulation level 5 done[0m
[INFO] [1788892095.797604074] [GSL]: Number of levels in the simulation: 5
[INFO] [1788892095.797616377] [GSL]: Total number of simulations: 255
[INFO] [1788892095.800956612] [GSL]: CORE sequential event-time commit: window_start=8, new_events=8, committed_total=16
[INFO] [1788892095.800993995] [GSL]: [RC2-DIAG] normalized_finite_count=1242 normalized_sum=1
[INFO] [1788892095.801003753] [GSL]: Time ellapsed in simulation = 1.202397637 s
[INFO] [1788892095.806319999] [GSL]: Max mutual info: 2.453
[INFO] [1788892095.806462447] [GSL]: MutualInformation - Ellapsed: 0.005s
[INFO] [1788892095.835806665] [GSL]: Sending goal (5.30, -0.51)
[INFO] [1788892095.836690168] [GSL]: Variance: 2.51
[INFO] [1788892095.836712359] [GSL - Trace]: [32mEntering Moving[0m
[INFO] [1788892096.396671988] [GSL - Trace]: [32mEntering StopAndMeasure[0m
[INFO] [1788892098.379226447] [GSL]: 10 gas measurements, 10 wind measurements over 1.98 seconds
[INFO] [1788892098.379814696] [GSL]: avg_gas=1.5;  avg_windSpeed=0.15;  avg_wind_dir=-0.71
[INFO] [1788892098.380751733] [GSL]: [33mGAS HIT[0m
[INFO] [1788892098.380772231] [GSL]: [DEBUG-WIND] useGroundTruth=false gmrf_req_size=626 gaden_req_size=-1
[INFO] [1788892098.380784734] [GSL]: [DEBUG-WIND] Taking GMRF path
[INFO] [1788892098.399104675] [GSL - Trace]: [32mEntering StopAndMeasure[0m
[INFO] [1788892100.388080177] [GSL]: 10 gas measurements, 10 wind measurements over 1.99 seconds
[INFO] [1788892100.388184231] [GSL]: avg_gas=1.5;  avg_windSpeed=0.19;  avg_wind_dir=-0.74
[INFO] [1788892100.389175568] [GSL]: [33mGAS HIT[0m
[INFO] [1788892100.389192248] [GSL]: [DEBUG-WIND] useGroundTruth=false gmrf_req_size=626 gaden_req_size=-1
[INFO] [1788892100.389204647] [GSL]: [DEBUG-WIND] Taking GMRF path
[INFO] [1788892100.398914444] [GSL - Trace]: [32mEntering StopAndMeasure[0m
[INFO] [1788892102.388028573] [GSL]: 10 gas measurements, 10 wind measurements over 1.99 seconds
[INFO] [1788892102.388982392] [GSL]: avg_gas=1.4;  avg_windSpeed=0.15;  avg_wind_dir=-0.71
[INFO] [1788892102.390313792] [GSL]: [33mGAS HIT[0m
[INFO] [1788892102.390338418] [GSL]: [DEBUG-WIND] useGroundTruth=false gmrf_req_size=626 gaden_req_size=-1
[INFO] [1788892102.390355772] [GSL]: [DEBUG-WIND] Taking GMRF path
[INFO] [1788892102.399192845] [GSL - Trace]: [32mEntering StopAndMeasure[0m
[INFO] [1788892104.388130936] [GSL]: 10 gas measurements, 10 wind measurements over 1.99 seconds
[INFO] [1788892104.388221540] [GSL]: avg_gas=1.4;  avg_windSpeed=0.19;  avg_wind_dir=-0.74
[INFO] [1788892104.389102797] [GSL]: [33mGAS HIT[0m
[INFO] [1788892104.389118229] [GSL]: [DEBUG-WIND] useGroundTruth=false gmrf_req_size=626 gaden_req_size=-1
[INFO] [1788892104.389129865] [GSL]: [DEBUG-WIND] Taking GMRF path
[INFO] [1788892104.399122768] [GSL - Trace]: [32mEntering StopAndMeasure[0m
[INFO] [1788892106.387684458] [GSL]: 10 gas measurements, 10 wind measurements over 1.99 seconds
[INFO] [1788892106.388134314] [GSL]: avg_gas=1.5;  avg_windSpeed=0.15;  avg_wind_dir=-0.71
[INFO] [1788892106.388666928] [GSL]: [33mGAS HIT[0m
[INFO] [1788892106.388677204] [GSL]: [DEBUG-WIND] useGroundTruth=false gmrf_req_size=626 gaden_req_size=-1
[INFO] [1788892106.388684126] [GSL]: [DEBUG-WIND] Taking GMRF path
[INFO] [1788892106.399062697] [GSL - Trace]: [32mEntering StopAndMeasure[0m
[INFO] [1788892108.388036656] [GSL]: 10 gas measurements, 10 wind measurements over 1.99 seconds
[INFO] [1788892108.388130830] [GSL]: avg_gas=1.4;  avg_windSpeed=0.19;  avg_wind_dir=-0.74
[INFO] [1788892108.389177302] [GSL]: [33mGAS HIT[0m
[INFO] [1788892108.389239306] [GSL]: [DEBUG-WIND] useGroundTruth=false gmrf_req_size=626 gaden_req_size=-1
[INFO] [1788892108.389252155] [GSL]: [DEBUG-WIND] Taking GMRF path
[INFO] [1788892108.398959664] [GSL - Trace]: [32mEntering StopAndMeasure[0m
[INFO] [1788892110.388024245] [GSL]: 10 gas measurements, 10 wind measurements over 1.99 seconds
[INFO] [1788892110.388117206] [GSL]: avg_gas=1.5;  avg_windSpeed=0.15;  avg_wind_dir=-0.71
[INFO] [1788892110.390377757] [GSL]: [33mGAS HIT[0m
[INFO] [1788892110.390480460] [GSL]: [DEBUG-WIND] useGroundTruth=false gmrf_req_size=626 gaden_req_size=-1
[INFO] [1788892110.390492746] [GSL]: [DEBUG-WIND] Taking GMRF path
[INFO] [1788892110.398984177] [GSL - Trace]: [32mEntering StopAndMeasure[0m
[INFO] [1788892112.387984053] [GSL]: 10 gas measurements, 10 wind measurements over 1.99 seconds
[INFO] [1788892112.388081866] [GSL]: avg_gas=1.3;  avg_windSpeed=0.19;  avg_wind_dir=-0.74
[INFO] [1788892112.388823109] [GSL]: [33mGAS HIT[0m
[INFO] [1788892112.388836647] [GSL]: [DEBUG-WIND] useGroundTruth=false gmrf_req_size=626 gaden_req_size=-1
[INFO] [1788892112.388857068] [GSL]: [DEBUG-WIND] Taking GMRF path
[INFO] [1788892112.399074268] [GSL]: [33mStarted simulations. Might take a while![0m
[INFO] [1788892112.780950061] [GSL]: CER contrastive context initialized: events=24, candidates=85, transport_members=3, fixed_ratio_weight=1, context_within_member=true, centered_log_odds=true, transport_pool=robust_log_variance
[INFO] [1788892112.783891660] [GSL - Trace]: [32mFirst simulation level done[0m
[INFO] [1788892112.783943392] [GSL]: [RC2-DIAG] scores_size=85 refineFraction=0.25 refine_product=21.25 valid_first_level=85 sum_sourceProbInternal_before_norm=150.6661639473715 min_sourceProbInternal_before_norm=0 max_sourceProbInternal_before_norm=0.999200279944007 finite_sourceProbInternal=1242 finite_varianceOfHitProb=1242
[INFO] [1788892113.144452299] [GSL - Trace]: [32mSimulation level 2 done[0m
[INFO] [1788892113.431796035] [GSL - Trace]: [32mSimulation level 3 done[0m
[INFO] [1788892113.595935510] [GSL - Trace]: [32mSimulation level 4 done[0m
[INFO] [1788892113.596682998] [GSL - Trace]: [32mSimulation level 5 done[0m
[INFO] [1788892113.596830571] [GSL]: Number of levels in the simulation: 5
[INFO] [1788892113.596846562] [GSL]: Total number of simulations: 253
[INFO] [1788892113.597180351] [GSL]: CORE sequential event-time commit: window_start=16, new_events=8, committed_total=24
[INFO] [1788892113.597800122] [GSL]: [RC2-DIAG] normalized_finite_count=1242 normalized_sum=1
[INFO] [1788892113.597822464] [GSL]: Time ellapsed in simulation = 1.198688699 s
[INFO] [1788892113.601177597] [GSL]: Max mutual info: 2.431
[INFO] [1788892113.601347190] [GSL]: MutualInformation - Ellapsed: 0.003s
[INFO] [1788892113.627591567] [GSL]: Sending goal (4.70, -0.51)
[INFO] [1788892113.628067770] [GSL]: Variance: 2.02
[INFO] [1788892113.628090908] [GSL - Trace]: [32mEntering Moving[0m
[INFO] [1788892114.189576622] [GSL - Trace]: [32mEntering StopAndMeasure[0m
[INFO] [1788892116.172201128] [GSL]: 10 gas measurements, 10 wind measurements over 1.98 seconds
[INFO] [1788892116.172271976] [GSL]: avg_gas=1.4;  avg_windSpeed=0.063;  avg_wind_dir=-0.61
[INFO] [1788892116.172815614] [GSL]: [33mGAS HIT[0m
[INFO] [1788892116.172826698] [GSL]: [DEBUG-WIND] useGroundTruth=false gmrf_req_size=626 gaden_req_size=-1
[INFO] [1788892116.172834356] [GSL]: [DEBUG-WIND] Taking GMRF path
[INFO] [1788892116.198896066] [GSL - Trace]: [32mEntering StopAndMeasure[0m
[INFO] [1788892118.129030884] [GSL]: 10 gas measurements, 10 wind measurements over 1.93 seconds
[INFO] [1788892118.129080941] [GSL]: avg_gas=1.7;  avg_windSpeed=0.087;  avg_wind_dir=-0.87
[INFO] [1788892118.129539696] [GSL]: [33mGAS HIT[0m
[INFO] [1788892118.129548824] [GSL]: [DEBUG-WIND] useGroundTruth=false gmrf_req_size=626 gaden_req_size=-1
[INFO] [1788892118.129555567] [GSL]: [DEBUG-WIND] Taking GMRF path
[INFO] [1788892118.198931977] [GSL - Trace]: [32mEntering StopAndMeasure[0m
[INFO] [1788892120.129076487] [GSL]: 10 gas measurements, 10 wind measurements over 1.93 seconds
[INFO] [1788892120.129126367] [GSL]: avg_gas=1.8;  avg_windSpeed=0.063;  avg_wind_dir=-0.61
[INFO] [1788892120.129622719] [GSL]: [33mGAS HIT[0m
[INFO] [1788892120.129631562] [GSL]: [DEBUG-WIND] useGroundTruth=false gmrf_req_size=626 gaden_req_size=-1
[INFO] [1788892120.129640037] [GSL]: [DEBUG-WIND] Taking GMRF path
[INFO] [1788892120.198788247] [GSL - Trace]: [32mEntering StopAndMeasure[0m
[INFO] [1788892122.129015830] [GSL]: 10 gas measurements, 10 wind measurements over 1.93 seconds
[INFO] [1788892122.129067286] [GSL]: avg_gas=1.7;  avg_windSpeed=0.087;  avg_wind_dir=-0.87
[INFO] [1788892122.129537523] [GSL]: [33mGAS HIT[0m
[INFO] [1788892122.129547912] [GSL]: [DEBUG-WIND] useGroundTruth=false gmrf_req_size=626 gaden_req_size=-1
[INFO] [1788892122.129554529] [GSL]: [DEBUG-WIND] Taking GMRF path
[INFO] [1788892122.198987271] [GSL - Trace]: [32mEntering StopAndMeasure[0m
[INFO] [1788892124.129054781] [GSL]: 10 gas measurements, 10 wind measurements over 1.93 seconds
[INFO] [1788892124.129103862] [GSL]: avg_gas=1.5;  avg_windSpeed=0.063;  avg_wind_dir=-0.61
[INFO] [1788892124.129603747] [GSL]: [33mGAS HIT[0m
[INFO] [1788892124.129613034] [GSL]: [DEBUG-WIND] useGroundTruth=false gmrf_req_size=626 gaden_req_size=-1
[INFO] [1788892124.129619475] [GSL]: [DEBUG-WIND] Taking GMRF path
[INFO] [1788892124.198735393] [GSL - Trace]: [32mEntering StopAndMeasure[0m
[INFO] [1788892126.129038500] [GSL]: 10 gas measurements, 10 wind measurements over 1.93 seconds
[INFO] [1788892126.129101612] [GSL]: avg_gas=1.5;  avg_windSpeed=0.087;  avg_wind_dir=-0.87
[INFO] [1788892126.129636499] [GSL]: [33mGAS HIT[0m
[INFO] [1788892126.129645842] [GSL]: [DEBUG-WIND] useGroundTruth=false gmrf_req_size=626 gaden_req_size=-1
[INFO] [1788892126.129652581] [GSL]: [DEBUG-WIND] Taking GMRF path
[INFO] [1788892126.198597739] [GSL - Trace]: [32mEntering StopAndMeasure[0m
[INFO] [1788892128.129114286] [GSL]: 10 gas measurements, 10 wind measurements over 1.93 seconds
[INFO] [1788892128.129178942] [GSL]: avg_gas=1.5;  avg_windSpeed=0.063;  avg_wind_dir=-0.61
[INFO] [1788892128.129680924] [GSL]: [33mGAS HIT[0m
[INFO] [1788892128.129690706] [GSL]: [DEBUG-WIND] useGroundTruth=false gmrf_req_size=626 gaden_req_size=-1
[INFO] [1788892128.129697154] [GSL]: [DEBUG-WIND] Taking GMRF path
[INFO] [1788892128.198772719] [GSL - Trace]: [32mEntering StopAndMeasure[0m
[INFO] [1788892130.129044419] [GSL]: 10 gas measurements, 10 wind measurements over 1.93 seconds
[INFO] [1788892130.129436644] [GSL]: avg_gas=1.2;  avg_windSpeed=0.087;  avg_wind_dir=-0.87
[INFO] [1788892130.129980372] [GSL]: [33mGAS HIT[0m
[INFO] [1788892130.130002181] [GSL]: [DEBUG-WIND] useGroundTruth=false gmrf_req_size=626 gaden_req_size=-1
[INFO] [1788892130.130008897] [GSL]: [DEBUG-WIND] Taking GMRF path
[INFO] [1788892130.198667867] [GSL]: [33mStarted simulations. Might take a while![0m
[INFO] [1788892130.577425175] [GSL]: CER contrastive context initialized: events=32, candidates=85, transport_members=3, fixed_ratio_weight=1, context_within_member=true, centered_log_odds=true, transport_pool=robust_log_variance
[INFO] [1788892130.578811792] [GSL - Trace]: [32mFirst simulation level done[0m
[INFO] [1788892130.579551191] [GSL]: [RC2-DIAG] scores_size=85 refineFraction=0.25 refine_product=21.25 valid_first_level=85 sum_sourceProbInternal_before_norm=116.1466663055285 min_sourceProbInternal_before_norm=0 max_sourceProbInternal_before_norm=0.999200279944007 finite_sourceProbInternal=1242 finite_varianceOfHitProb=1242
[INFO] [1788892130.934741140] [GSL - Trace]: [32mSimulation level 2 done[0m
[INFO] [1788892131.207312941] [GSL - Trace]: [32mSimulation level 3 done[0m
[INFO] [1788892131.368716040] [GSL - Trace]: [32mSimulation level 4 done[0m
[INFO] [1788892131.369447131] [GSL - Trace]: [32mSimulation level 5 done[0m
[INFO] [1788892131.369471615] [GSL]: Number of levels in the simulation: 5
[INFO] [1788892131.369479624] [GSL]: Total number of simulations: 247
[INFO] [1788892131.370177551] [GSL]: CORE sequential event-time commit: window_start=24, new_events=8, committed_total=32
[INFO] [1788892131.370202789] [GSL]: [RC2-DIAG] normalized_finite_count=1242 normalized_sum=1
[INFO] [1788892131.370213216] [GSL]: Time ellapsed in simulation = 1.17149122 s
[INFO] [1788892131.375405976] [GSL]: Max mutual info: 4.589
[INFO] [1788892131.375546365] [GSL]: MutualInformation - Ellapsed: 0.005s
[INFO] [1788892131.407004958] [GSL]: Sending goal (8.00, -0.51)
[INFO] [1788892131.407807952] [GSL]: Variance: 1.53
[INFO] [1788892131.407825393] [GSL - Trace]: [32mEntering Moving[0m
[INFO] [1788892133.794209280] [GSL - Trace]: [32mEntering StopAndMeasure[0m
[INFO] [1788892135.759278356] [GSL]: 10 gas measurements, 10 wind measurements over 1.96 seconds
[INFO] [1788892135.759391768] [GSL]: avg_gas=1.3;  avg_windSpeed=0.46;  avg_wind_dir=0.76
[INFO] [1788892135.760553536] [GSL]: [33mGAS HIT[0m
[INFO] [1788892135.760581466] [GSL]: [DEBUG-WIND] useGroundTruth=false gmrf_req_size=626 gaden_req_size=-1
[INFO] [1788892135.760594438] [GSL]: [DEBUG-WIND] Taking GMRF path
[INFO] [1788892135.799057931] [GSL - Trace]: [32mEntering StopAndMeasure[0m
[INFO] [1788892137.759057338] [GSL]: 10 gas measurements, 10 wind measurements over 1.96 seconds
[INFO] [1788892137.759136517] [GSL]: avg_gas=1.2;  avg_windSpeed=0.38;  avg_wind_dir=0.87
[INFO] [1788892137.759983114] [GSL]: [33mGAS HIT[0m
[INFO] [1788892137.759997825] [GSL]: [DEBUG-WIND] useGroundTruth=false gmrf_req_size=626 gaden_req_size=-1
[INFO] [1788892137.760293506] [GSL]: [DEBUG-WIND] Taking GMRF path
[INFO] [1788892137.799438630] [GSL - Trace]: [32mEntering StopAndMeasure[0m
[INFO] [1788892139.759145282] [GSL]: 10 gas measurements, 10 wind measurements over 1.96 seconds
[INFO] [1788892139.759235956] [GSL]: avg_gas=0.99;  avg_windSpeed=0.46;  avg_wind_dir=0.76
[INFO] [1788892139.760186067] [GSL]: [33mGAS HIT[0m
[INFO] [1788892139.760201967] [GSL]: [DEBUG-WIND] useGroundTruth=false gmrf_req_size=626 gaden_req_size=-1
[INFO] [1788892139.760213666] [GSL]: [DEBUG-WIND] Taking GMRF path
[INFO] [1788892139.798804163] [GSL - Trace]: [32mEntering StopAndMeasure[0m
[INFO] [1788892141.759067475] [GSL]: 10 gas measurements, 10 wind measurements over 1.96 seconds
[INFO] [1788892141.759129102] [GSL]: avg_gas=1.1;  avg_windSpeed=0.38;  avg_wind_dir=0.87
[INFO] [1788892141.759821030] [GSL]: [33mGAS HIT[0m
[INFO] [1788892141.759833013] [GSL]: [DEBUG-WIND] useGroundTruth=false gmrf_req_size=626 gaden_req_size=-1
[INFO] [1788892141.760597770] [GSL]: [DEBUG-WIND] Taking GMRF path
[INFO] [1788892141.799259977] [GSL - Trace]: [32mEntering StopAndMeasure[0m
[INFO] [1788892143.759242439] [GSL]: 10 gas measurements, 10 wind measurements over 1.96 seconds
[INFO] [1788892143.759355049] [GSL]: avg_gas=1.3;  avg_windSpeed=0.46;  avg_wind_dir=0.76
[INFO] [1788892143.760502599] [GSL]: [33mGAS HIT[0m
[INFO] [1788892143.760550116] [GSL]: [DEBUG-WIND] useGroundTruth=false gmrf_req_size=626 gaden_req_size=-1
[INFO] [1788892143.760563324] [GSL]: [DEBUG-WIND] Taking GMRF path
[INFO] [1788892143.799062370] [GSL - Trace]: [32mEntering StopAndMeasure[0m
[INFO] [1788892145.759294301] [GSL]: 10 gas measurements, 10 wind measurements over 1.96 seconds
[INFO] [1788892145.759717442] [GSL]: avg_gas=1.3;  avg_windSpeed=0.38;  avg_wind_dir=0.87
[INFO] [1788892145.761109649] [GSL]: [33mGAS HIT[0m
[INFO] [1788892145.761132342] [GSL]: [DEBUG-WIND] useGroundTruth=false gmrf_req_size=626 gaden_req_size=-1
[INFO] [1788892145.761144475] [GSL]: [DEBUG-WIND] Taking GMRF path
[INFO] [1788892145.799191760] [GSL - Trace]: [32mEntering StopAndMeasure[0m
[INFO] [1788892147.759230761] [GSL]: 10 gas measurements, 10 wind measurements over 1.96 seconds
[INFO] [1788892147.759354064] [GSL]: avg_gas=1.3;  avg_windSpeed=0.46;  avg_wind_dir=0.76
[INFO] [1788892147.760376371] [GSL]: [33mGAS HIT[0m
[INFO] [1788892147.760393441] [GSL]: [DEBUG-WIND] useGroundTruth=false gmrf_req_size=626 gaden_req_size=-1
[INFO] [1788892147.760406084] [GSL]: [DEBUG-WIND] Taking GMRF path
[INFO] [1788892147.799389510] [GSL - Trace]: [32mEntering StopAndMeasure[0m
[INFO] [1788892149.759245945] [GSL]: 10 gas measurements, 10 wind measurements over 1.96 seconds
[INFO] [1788892149.759361351] [GSL]: avg_gas=1.2;  avg_windSpeed=0.38;  avg_wind_dir=0.87
[INFO] [1788892149.760499188] [GSL]: [33mGAS HIT[0m
[INFO] [1788892149.760518600] [GSL]: [DEBUG-WIND] useGroundTruth=false gmrf_req_size=626 gaden_req_size=-1
[INFO] [1788892149.760531302] [GSL]: [DEBUG-WIND] Taking GMRF path
[INFO] [1788892149.799587639] [GSL]: [33mStarted simulations. Might take a while![0m
[INFO] [1788892150.178691401] [GSL]: CER contrastive context initialized: events=40, candidates=85, transport_members=3, fixed_ratio_weight=1, context_within_member=true, centered_log_odds=true, transport_pool=robust_log_variance
[INFO] [1788892150.180202279] [GSL - Trace]: [32mFirst simulation level done[0m
[INFO] [1788892150.180238798] [GSL]: [RC2-DIAG] scores_size=85 refineFraction=0.25 refine_product=21.25 valid_first_level=85 sum_sourceProbInternal_before_norm=212.61234202722426 min_sourceProbInternal_before_norm=0 max_sourceProbInternal_before_norm=0.999200279944007 finite_sourceProbInternal=1242 finite_varianceOfHitProb=1242
[INFO] [1788892150.551041304] [GSL - Trace]: [32mSimulation level 2 done[0m
[INFO] [1788892150.820309980] [GSL - Trace]: [32mSimulation level 3 done[0m
[INFO] [1788892150.983248562] [GSL - Trace]: [32mSimulation level 4 done[0m
[INFO] [1788892150.984138958] [GSL - Trace]: [32mSimulation level 5 done[0m
[INFO] [1788892150.984453646] [GSL]: Number of levels in the simulation: 5
[INFO] [1788892150.984479039] [GSL]: Total number of simulations: 247
[INFO] [1788892150.984707487] [GSL]: CORE sequential event-time commit: window_start=32, new_events=8, committed_total=40
[INFO] [1788892150.984722457] [GSL]: [RC2-DIAG] normalized_finite_count=1242 normalized_sum=1
[INFO] [1788892150.984730133] [GSL]: Time ellapsed in simulation = 1.184915838 s
[INFO] [1788892150.989127533] [GSL]: Max mutual info: 2.497
[INFO] [1788892150.989235777] [GSL]: MutualInformation - Ellapsed: 0.004s
[INFO] [1788892151.015147195] [GSL]: Sending goal (8.00, 0.09)
[INFO] [1788892151.015719230] [GSL]: Variance: 1.31
[INFO] [1788892151.015744386] [GSL - Trace]: [32mEntering Moving[0m
[INFO] [1788892151.574439432] [GSL - Trace]: [32mEntering StopAndMeasure[0m
[INFO] [1788892153.556578404] [GSL]: 10 gas measurements, 10 wind measurements over 1.98 seconds
[INFO] [1788892153.556654682] [GSL]: avg_gas=1.3;  avg_windSpeed=0.3;  avg_wind_dir=1.4
[INFO] [1788892153.557637837] [GSL]: [33mGAS HIT[0m
[INFO] [1788892153.557652585] [GSL]: [DEBUG-WIND] useGroundTruth=false gmrf_req_size=626 gaden_req_size=-1
[INFO] [1788892153.557661024] [GSL]: [DEBUG-WIND] Taking GMRF path
[INFO] [1788892153.599297746] [GSL - Trace]: [32mEntering StopAndMeasure[0m
[INFO] [1788892155.566770489] [GSL]: 10 gas measurements, 10 wind measurements over 1.97 seconds
[INFO] [1788892155.566832558] [GSL]: avg_gas=1.2;  avg_windSpeed=0.31;  avg_wind_dir=1.1
[INFO] [1788892155.567419916] [GSL]: [33mGAS HIT[0m
[INFO] [1788892155.567429220] [GSL]: [DEBUG-WIND] useGroundTruth=false gmrf_req_size=626 gaden_req_size=-1
[INFO] [1788892155.567435678] [GSL]: [DEBUG-WIND] Taking GMRF path
[INFO] [1788892155.599187042] [GSL - Trace]: [32mEntering StopAndMeasure[0m
[INFO] [1788892157.566991976] [GSL]: 10 gas measurements, 10 wind measurements over 1.97 seconds
[INFO] [1788892157.567085574] [GSL]: avg_gas=1.1;  avg_windSpeed=0.3;  avg_wind_dir=1.4
[INFO] [1788892157.568011164] [GSL]: [33mGAS HIT[0m
[INFO] [1788892157.568262888] [GSL]: [DEBUG-WIND] useGroundTruth=false gmrf_req_size=626 gaden_req_size=-1
[INFO] [1788892157.568293580] [GSL]: [DEBUG-WIND] Taking GMRF path
[INFO] [1788892157.599265410] [GSL - Trace]: [32mEntering StopAndMeasure[0m
[INFO] [1788892159.567023036] [GSL]: 10 gas measurements, 10 wind measurements over 1.97 seconds
[INFO] [1788892159.567108348] [GSL]: avg_gas=1;  avg_windSpeed=0.31;  avg_wind_dir=1.1
[INFO] [1788892159.568021797] [GSL]: [33mGAS HIT[0m
[INFO] [1788892159.568036165] [GSL]: [DEBUG-WIND] useGroundTruth=false gmrf_req_size=626 gaden_req_size=-1
[INFO] [1788892159.568046303] [GSL]: [DEBUG-WIND] Taking GMRF path
[INFO] [1788892159.599174410] [GSL - Trace]: [32mEntering StopAndMeasure[0m
[INFO] [1788892161.566786481] [GSL]: 10 gas measurements, 10 wind measurements over 1.97 seconds
[INFO] [1788892161.566881656] [GSL]: avg_gas=1;  avg_windSpeed=0.3;  avg_wind_dir=1.4
[INFO] [1788892161.567453621] [GSL]: [33mGAS HIT[0m
[INFO] [1788892161.567463468] [GSL]: [DEBUG-WIND] useGroundTruth=false gmrf_req_size=626 gaden_req_size=-1
[INFO] [1788892161.567788834] [GSL]: [DEBUG-WIND] Taking GMRF path
[INFO] [1788892161.598581782] [GSL - Trace]: [32mEntering StopAndMeasure[0m
[INFO] [1788892163.566835442] [GSL]: 10 gas measurements, 10 wind measurements over 1.97 seconds
[INFO] [1788892163.566963456] [GSL]: avg_gas=1.1;  avg_windSpeed=0.31;  avg_wind_dir=1.1
[INFO] [1788892163.567608710] [GSL]: [33mGAS HIT[0m
[INFO] [1788892163.567619884] [GSL]: [DEBUG-WIND] useGroundTruth=false gmrf_req_size=626 gaden_req_size=-1
[INFO] [1788892163.567627304] [GSL]: [DEBUG-WIND] Taking GMRF path
[INFO] [1788892163.598637814] [GSL - Trace]: [32mEntering StopAndMeasure[0m
[INFO] [1788892165.566780196] [GSL]: 10 gas measurements, 10 wind measurements over 1.97 seconds
[INFO] [1788892165.566885064] [GSL]: avg_gas=1.2;  avg_windSpeed=0.3;  avg_wind_dir=1.4
[INFO] [1788892165.567443823] [GSL]: [33mGAS HIT[0m
[INFO] [1788892165.567453158] [GSL]: [DEBUG-WIND] useGroundTruth=false gmrf_req_size=626 gaden_req_size=-1
[INFO] [1788892165.567663283] [GSL]: [DEBUG-WIND] Taking GMRF path
[INFO] [1788892165.598610910] [GSL - Trace]: [32mEntering StopAndMeasure[0m
[INFO] [1788892167.567251613] [GSL]: 10 gas measurements, 10 wind measurements over 1.97 seconds
[INFO] [1788892167.567537480] [GSL]: avg_gas=1.3;  avg_windSpeed=0.31;  avg_wind_dir=1.1
[INFO] [1788892167.569367885] [GSL]: [33mGAS HIT[0m
[INFO] [1788892167.569530453] [GSL]: [DEBUG-WIND] useGroundTruth=false gmrf_req_size=626 gaden_req_size=-1
[INFO] [1788892167.569571837] [GSL]: [DEBUG-WIND] Taking GMRF path
[INFO] [1788892167.598994343] [GSL]: [33mStarted simulations. Might take a while![0m
[INFO] [1788892167.986220430] [GSL]: CER contrastive context initialized: events=48, candidates=85, transport_members=3, fixed_ratio_weight=1, context_within_member=true, centered_log_odds=true, transport_pool=robust_log_variance
[INFO] [1788892167.987445004] [GSL - Trace]: [32mFirst simulation level done[0m
[INFO] [1788892167.987638610] [GSL]: [RC2-DIAG] scores_size=85 refineFraction=0.25 refine_product=21.25 valid_first_level=85 sum_sourceProbInternal_before_norm=215.67063547867255 min_sourceProbInternal_before_norm=0 max_sourceProbInternal_before_norm=0.999200279944007 finite_sourceProbInternal=1242 finite_varianceOfHitProb=1242
[INFO] [1788892168.367954619] [GSL - Trace]: [32mSimulation level 2 done[0m
[INFO] [1788892168.648300203] [GSL - Trace]: [32mSimulation level 3 done[0m
[INFO] [1788892168.817598245] [GSL - Trace]: [32mSimulation level 4 done[0m
[INFO] [1788892168.821644763] [GSL - Trace]: [32mSimulation level 5 done[0m
[INFO] [1788892168.821844439] [GSL]: Number of levels in the simulation: 5
[INFO] [1788892168.821858190] [GSL]: Total number of simulations: 247
[INFO] [1788892168.826875348] [GSL]: CORE sequential event-time commit: window_start=40, new_events=8, committed_total=48
[INFO] [1788892168.827039378] [GSL]: [RC2-DIAG] normalized_finite_count=1242 normalized_sum=1
[INFO] [1788892168.827050104] [GSL]: Time ellapsed in simulation = 1.227958557 s
[INFO] [1788892168.834442450] [GSL]: Max mutual info: 2.520
[INFO] [1788892168.834830352] [GSL]: MutualInformation - Ellapsed: 0.007s
[INFO] [1788892168.862265371] [GSL]: Sending goal (8.00, 0.69)
[INFO] [1788892168.862722373] [GSL]: Variance: 1.21
[INFO] [1788892168.862738810] [GSL - Trace]: [32mEntering Moving[0m
[INFO] [1788892169.426379664] [GSL - Trace]: [32mEntering StopAndMeasure[0m
[INFO] [1788892171.364281144] [GSL]: 10 gas measurements, 10 wind measurements over 1.94 seconds
[INFO] [1788892171.364393341] [GSL]: avg_gas=1.2;  avg_windSpeed=0.37;  avg_wind_dir=1.8
[INFO] [1788892171.365326599] [GSL]: [33mGAS HIT[0m
[INFO] [1788892171.365344424] [GSL]: [DEBUG-WIND] useGroundTruth=false gmrf_req_size=626 gaden_req_size=-1
[INFO] [1788892171.365356105] [GSL]: [DEBUG-WIND] Taking GMRF path
[INFO] [1788892171.399515830] [GSL - Trace]: [32mEntering StopAndMeasure[0m
[INFO] [1788892173.364041745] [GSL]: 10 gas measurements, 10 wind measurements over 1.96 seconds
[INFO] [1788892173.364385393] [GSL]: avg_gas=1.6;  avg_windSpeed=0.31;  avg_wind_dir=1.8
[INFO] [1788892173.364924074] [GSL]: [33mGAS HIT[0m
[INFO] [1788892173.364933995] [GSL]: [DEBUG-WIND] useGroundTruth=false gmrf_req_size=626 gaden_req_size=-1
[INFO] [1788892173.364940688] [GSL]: [DEBUG-WIND] Taking GMRF path
[INFO] [1788892173.398710129] [GSL - Trace]: [32mEntering StopAndMeasure[0m
[INFO] [1788892175.364048264] [GSL]: 10 gas measurements, 10 wind measurements over 1.97 seconds
[INFO] [1788892175.364257412] [GSL]: avg_gas=1.4;  avg_windSpeed=0.37;  avg_wind_dir=1.8
[INFO] [1788892175.365583603] [GSL]: [33mGAS HIT[0m
[INFO] [1788892175.365628888] [GSL]: [DEBUG-WIND] useGroundTruth=false gmrf_req_size=626 gaden_req_size=-1
[INFO] [1788892175.365642647] [GSL]: [DEBUG-WIND] Taking GMRF path
[INFO] [1788892175.399473782] [GSL - Trace]: [32mEntering StopAndMeasure[0m
[INFO] [1788892177.363891443] [GSL]: 10 gas measurements, 10 wind measurements over 1.96 seconds
[INFO] [1788892177.363961940] [GSL]: avg_gas=1.6;  avg_windSpeed=0.31;  avg_wind_dir=1.8
[INFO] [1788892177.365129804] [GSL]: [33mGAS HIT[0m
[INFO] [1788892177.365164864] [GSL]: [DEBUG-WIND] useGroundTruth=false gmrf_req_size=626 gaden_req_size=-1
[INFO] [1788892177.365175513] [GSL]: [DEBUG-WIND] Taking GMRF path
[INFO] [1788892177.399362318] [GSL - Trace]: [32mEntering StopAndMeasure[0m
[INFO] [1788892179.363805456] [GSL]: 10 gas measurements, 10 wind measurements over 1.96 seconds
[INFO] [1788892179.363901047] [GSL]: avg_gas=1.7;  avg_windSpeed=0.37;  avg_wind_dir=1.8
[INFO] [1788892179.364379331] [GSL]: [33mGAS HIT[0m
[INFO] [1788892179.364388409] [GSL]: [DEBUG-WIND] useGroundTruth=false gmrf_req_size=626 gaden_req_size=-1
[INFO] [1788892179.364394630] [GSL]: [DEBUG-WIND] Taking GMRF path
[INFO] [1788892179.398833347] [GSL - Trace]: [32mEntering StopAndMeasure[0m
[INFO] [1788892181.363815560] [GSL]: 10 gas measurements, 10 wind measurements over 1.96 seconds
[INFO] [1788892181.363913154] [GSL]: avg_gas=2;  avg_windSpeed=0.31;  avg_wind_dir=1.8
[INFO] [1788892181.364924176] [GSL]: [33mGAS HIT[0m
[INFO] [1788892181.364982485] [GSL]: [DEBUG-WIND] useGroundTruth=false gmrf_req_size=626 gaden_req_size=-1
[INFO] [1788892181.364996748] [GSL]: [DEBUG-WIND] Taking GMRF path
[INFO] [1788892181.398664282] [GSL - Trace]: [32mEntering StopAndMeasure[0m
[INFO] [1788892183.363782836] [GSL]: 10 gas measurements, 10 wind measurements over 1.97 seconds
[INFO] [1788892183.363902231] [GSL]: avg_gas=2;  avg_windSpeed=0.37;  avg_wind_dir=1.8
[INFO] [1788892183.364481973] [GSL]: [33mGAS HIT[0m
[INFO] [1788892183.364492540] [GSL]: [DEBUG-WIND] useGroundTruth=false gmrf_req_size=626 gaden_req_size=-1
[INFO] [1788892183.364500129] [GSL]: [DEBUG-WIND] Taking GMRF path
[INFO] [1788892183.398883062] [GSL - Trace]: [32mEntering StopAndMeasure[0m
[INFO] [1788892185.363911710] [GSL]: 10 gas measurements, 10 wind measurements over 1.96 seconds
[INFO] [1788892185.363966514] [GSL]: avg_gas=1.9;  avg_windSpeed=0.31;  avg_wind_dir=1.8
[INFO] [1788892185.364444562] [GSL]: [33mGAS HIT[0m
[INFO] [1788892185.364699775] [GSL]: [DEBUG-WIND] useGroundTruth=false gmrf_req_size=626 gaden_req_size=-1
[INFO] [1788892185.364715766] [GSL]: [DEBUG-WIND] Taking GMRF path
[INFO] [1788892185.399262552] [GSL]: [33mStarted simulations. Might take a while![0m
[INFO] [1788892185.782744772] [GSL]: CER contrastive context initialized: events=56, candidates=85, transport_members=3, fixed_ratio_weight=1, context_within_member=true, centered_log_odds=true, transport_pool=robust_log_variance
[INFO] [1788892185.784494371] [GSL - Trace]: [32mFirst simulation level done[0m
[INFO] [1788892185.784692971] [GSL]: [RC2-DIAG] scores_size=85 refineFraction=0.25 refine_product=21.25 valid_first_level=85 sum_sourceProbInternal_before_norm=214.00152903514464 min_sourceProbInternal_before_norm=0 max_sourceProbInternal_before_norm=0.999200279944007 finite_sourceProbInternal=1242 finite_varianceOfHitProb=1242
[INFO] [1788892186.158741492] [GSL - Trace]: [32mSimulation level 2 done[0m
[INFO] [1788892186.424347004] [GSL - Trace]: [32mSimulation level 3 done[0m
[INFO] [1788892186.547742222] [GSL - Trace]: [32mSimulation level 4 done[0m
[INFO] [1788892186.548783442] [GSL - Trace]: [32mSimulation level 5 done[0m
[INFO] [1788892186.548977371] [GSL]: Number of levels in the simulation: 5
[INFO] [1788892186.548986988] [GSL]: Total number of simulations: 239
[INFO] [1788892186.549657419] [GSL]: CORE sequential event-time commit: window_start=48, new_events=8, committed_total=56
[INFO] [1788892186.549673549] [GSL]: [RC2-DIAG] normalized_finite_count=1242 normalized_sum=1
[INFO] [1788892186.549682146] [GSL]: Time ellapsed in simulation = 1.15034674 s
[INFO] [1788892186.554342537] [GSL]: Max mutual info: 3.565
[INFO] [1788892186.554765885] [GSL]: MutualInformation - Ellapsed: 0.005s
[INFO] [1788892186.577250512] [GSL]: Sending goal (9.20, 0.09)
[INFO] [1788892186.577797644] [GSL]: Variance: 1.05
[INFO] [1788892186.577817800] [GSL - Trace]: [32mEntering Moving[0m
[INFO] [1788892187.591493827] [GSL - Trace]: [32mEntering StopAndMeasure[0m
[INFO] [1788892189.569254332] [GSL]: 10 gas measurements, 10 wind measurements over 1.98 seconds
[INFO] [1788892189.569308621] [GSL]: avg_gas=1.1;  avg_windSpeed=0.29;  avg_wind_dir=2.2
[INFO] [1788892189.569816003] [GSL]: [33mGAS HIT[0m
[INFO] [1788892189.569825036] [GSL]: [DEBUG-WIND] useGroundTruth=false gmrf_req_size=626 gaden_req_size=-1
[INFO] [1788892189.569831257] [GSL]: [DEBUG-WIND] Taking GMRF path
[INFO] [1788892189.598971812] [GSL - Trace]: [32mEntering StopAndMeasure[0m
[INFO] [1788892191.529141698] [GSL]: 10 gas measurements, 10 wind measurements over 1.93 seconds
[INFO] [1788892191.529200420] [GSL]: avg_gas=0.86;  avg_windSpeed=0.32;  avg_wind_dir=2.1
[INFO] [1788892191.529739997] [GSL]: [33mGAS HIT[0m
[INFO] [1788892191.529748853] [GSL]: [DEBUG-WIND] useGroundTruth=false gmrf_req_size=626 gaden_req_size=-1
[INFO] [1788892191.529755325] [GSL]: [DEBUG-WIND] Taking GMRF path
[INFO] [1788892191.599857025] [GSL - Trace]: [32mEntering StopAndMeasure[0m
[INFO] [1788892193.529155919] [GSL]: 10 gas measurements, 10 wind measurements over 1.93 seconds
[INFO] [1788892193.529216789] [GSL]: avg_gas=0.61;  avg_windSpeed=0.29;  avg_wind_dir=2.2
[INFO] [1788892193.529761564] [GSL]: [33mGAS HIT[0m
[INFO] [1788892193.529771631] [GSL]: [DEBUG-WIND] useGroundTruth=false gmrf_req_size=626 gaden_req_size=-1
[INFO] [1788892193.529778383] [GSL]: [DEBUG-WIND] Taking GMRF path
[INFO] [1788892193.598720254] [GSL - Trace]: [32mEntering StopAndMeasure[0m
[INFO] [1788892195.529254582] [GSL]: 10 gas measurements, 10 wind measurements over 1.93 seconds
[INFO] [1788892195.529322649] [GSL]: avg_gas=0.74;  avg_windSpeed=0.32;  avg_wind_dir=2.1
[INFO] [1788892195.529891649] [GSL]: [33mGAS HIT[0m
[INFO] [1788892195.529901547] [GSL]: [DEBUG-WIND] useGroundTruth=false gmrf_req_size=626 gaden_req_size=-1
[INFO] [1788892195.529908313] [GSL]: [DEBUG-WIND] Taking GMRF path
[INFO] [1788892195.598504513] [GSL - Trace]: [32mEntering StopAndMeasure[0m
[INFO] [1788892197.529157253] [GSL]: 10 gas measurements, 10 wind measurements over 1.93 seconds
[INFO] [1788892197.529553826] [GSL]: avg_gas=0.86;  avg_windSpeed=0.29;  avg_wind_dir=2.2
[INFO] [1788892197.530450099] [GSL]: [33mGAS HIT[0m
[INFO] [1788892197.530481657] [GSL]: [DEBUG-WIND] useGroundTruth=false gmrf_req_size=626 gaden_req_size=-1
[INFO] [1788892197.530490831] [GSL]: [DEBUG-WIND] Taking GMRF path
[INFO] [1788892197.598951329] [GSL - Trace]: [32mEntering StopAndMeasure[0m
[INFO] [1788892199.529139156] [GSL]: 10 gas measurements, 10 wind measurements over 1.93 seconds
[INFO] [1788892199.529201153] [GSL]: avg_gas=0.99;  avg_windSpeed=0.32;  avg_wind_dir=2.1
[INFO] [1788892199.530157807] [GSL]: [33mGAS HIT[0m
[INFO] [1788892199.530191232] [GSL]: [DEBUG-WIND] useGroundTruth=false gmrf_req_size=626 gaden_req_size=-1
[INFO] [1788892199.530199825] [GSL]: [DEBUG-WIND] Taking GMRF path
[INFO] [1788892199.599136321] [GSL - Trace]: [32mEntering StopAndMeasure[0m
[INFO] [1788892201.529275990] [GSL]: 10 gas measurements, 10 wind measurements over 1.93 seconds
[INFO] [1788892201.529617754] [GSL]: avg_gas=0.78;  avg_windSpeed=0.29;  avg_wind_dir=2.2
[INFO] [1788892201.530159935] [GSL]: [33mGAS HIT[0m
[INFO] [1788892201.530169574] [GSL]: [DEBUG-WIND] useGroundTruth=false gmrf_req_size=626 gaden_req_size=-1
[INFO] [1788892201.530176262] [GSL]: [DEBUG-WIND] Taking GMRF path
[INFO] [1788892201.599999850] [GSL - Trace]: [32mEntering StopAndMeasure[0m
[INFO] [1788892203.529166342] [GSL]: 10 gas measurements, 10 wind measurements over 1.93 seconds
[INFO] [1788892203.529223713] [GSL]: avg_gas=0.77;  avg_windSpeed=0.32;  avg_wind_dir=2.1
[INFO] [1788892203.529792871] [GSL]: [33mGAS HIT[0m
[INFO] [1788892203.529821174] [GSL]: [DEBUG-WIND] useGroundTruth=false gmrf_req_size=626 gaden_req_size=-1
[INFO] [1788892203.529828061] [GSL]: [DEBUG-WIND] Taking GMRF path
[INFO] [1788892203.599352443] [GSL]: [33mStarted simulations. Might take a while![0m
[INFO] [1788892203.981127289] [GSL]: CER contrastive context initialized: events=64, candidates=85, transport_members=3, fixed_ratio_weight=1, context_within_member=true, centered_log_odds=true, transport_pool=robust_log_variance
[INFO] [1788892203.983307259] [GSL - Trace]: [32mFirst simulation level done[0m
[INFO] [1788892203.983354672] [GSL]: [RC2-DIAG] scores_size=85 refineFraction=0.25 refine_product=21.25 valid_first_level=85 sum_sourceProbInternal_before_norm=191.3827838275607 min_sourceProbInternal_before_norm=0 max_sourceProbInternal_before_norm=0.999200279944007 finite_sourceProbInternal=1242 finite_varianceOfHitProb=1242
[INFO] [1788892204.366577041] [GSL - Trace]: [32mSimulation level 2 done[0m
[INFO] [1788892204.590699836] [GSL - Trace]: [32mSimulation level 3 done[0m
[INFO] [1788892204.691916071] [GSL - Trace]: [32mSimulation level 4 done[0m
[INFO] [1788892204.692261673] [GSL - Trace]: [32mSimulation level 5 done[0m
[INFO] [1788892204.692273729] [GSL]: Number of levels in the simulation: 5
[INFO] [1788892204.692280745] [GSL]: Total number of simulations: 223
[INFO] [1788892204.692964517] [GSL]: CORE sequential event-time commit: window_start=56, new_events=8, committed_total=64
[INFO] [1788892204.693263528] [GSL]: [RC2-DIAG] normalized_finite_count=1242 normalized_sum=1
[INFO] [1788892204.693280720] [GSL]: Time ellapsed in simulation = 1.093829868 s
[INFO] [1788892204.698421330] [GSL]: Max mutual info: 2.222
[INFO] [1788892204.698532824] [GSL]: MutualInformation - Ellapsed: 0.005s
[INFO] [1788892204.731640156] [GSL]: Sending goal (7.70, -1.11)
[INFO] [1788892204.732129067] [GSL]: Variance: 0.85
[INFO] [1788892204.732146082] [GSL - Trace]: [32mEntering Moving[0m
[INFO] [1788892206.208475532] [GSL - Trace]: [32mEntering StopAndMeasure[0m
[INFO] [1788892208.133169297] [GSL]: 10 gas measurements, 10 wind measurements over 1.92 seconds
[INFO] [1788892208.133231111] [GSL]: avg_gas=0.95;  avg_windSpeed=0.81;  avg_wind_dir=0.33
[INFO] [1788892208.133738493] [GSL]: [33mGAS HIT[0m
[INFO] [1788892208.133747293] [GSL]: [DEBUG-WIND] useGroundTruth=false gmrf_req_size=626 gaden_req_size=-1
[INFO] [1788892208.133753739] [GSL]: [DEBUG-WIND] Taking GMRF path
[INFO] [1788892208.199223116] [GSL - Trace]: [32mEntering StopAndMeasure[0m
[INFO] [1788892210.133163099] [GSL]: 10 gas measurements, 10 wind measurements over 1.93 seconds
[INFO] [1788892210.133240250] [GSL]: avg_gas=0.82;  avg_windSpeed=0.58;  avg_wind_dir=0.26
[INFO] [1788892210.133994404] [GSL]: [33mGAS HIT[0m
[INFO] [1788892210.134008142] [GSL]: [DEBUG-WIND] useGroundTruth=false gmrf_req_size=626 gaden_req_size=-1
[INFO] [1788892210.134017372] [GSL]: [DEBUG-WIND] Taking GMRF path
[INFO] [1788892210.199019570] [GSL - Trace]: [32mEntering StopAndMeasure[0m
[INFO] [1788892212.133194039] [GSL]: 10 gas measurements, 10 wind measurements over 1.93 seconds
[INFO] [1788892212.133249531] [GSL]: avg_gas=0.17;  avg_windSpeed=0.81;  avg_wind_dir=0.32
[INFO] [1788892212.133748549] [GSL]: [33mGAS HIT[0m
[INFO] [1788892212.133757896] [GSL]: [DEBUG-WIND] useGroundTruth=false gmrf_req_size=626 gaden_req_size=-1
[INFO] [1788892212.133764354] [GSL]: [DEBUG-WIND] Taking GMRF path
[INFO] [1788892212.198904692] [GSL - Trace]: [32mEntering StopAndMeasure[0m
[INFO] [1788892214.133795220] [GSL]: 10 gas measurements, 10 wind measurements over 1.93 seconds
[INFO] [1788892214.133943774] [GSL]: avg_gas=0.032;  avg_windSpeed=0.74;  avg_wind_dir=0.29
[INFO] [1788892214.134755541] [GSL]: [33mNOTHING [0m
[INFO] [1788892214.134770813] [GSL]: [DEBUG-WIND] useGroundTruth=false gmrf_req_size=626 gaden_req_size=-1
[INFO] [1788892214.134780987] [GSL]: [DEBUG-WIND] Taking GMRF path
[INFO] [1788892214.198649174] [GSL - Trace]: [32mEntering StopAndMeasure[0m
[INFO] [1788892216.133067597] [GSL]: 10 gas measurements, 10 wind measurements over 1.93 seconds
[INFO] [1788892216.133125728] [GSL]: avg_gas=0.02;  avg_windSpeed=0.81;  avg_wind_dir=0.32
[INFO] [1788892216.133642393] [GSL]: [33mNOTHING [0m
[INFO] [1788892216.133652443] [GSL]: [DEBUG-WIND] useGroundTruth=false gmrf_req_size=626 gaden_req_size=-1
[INFO] [1788892216.133659190] [GSL]: [DEBUG-WIND] Taking GMRF path
[INFO] [1788892216.198693814] [GSL - Trace]: [32mEntering StopAndMeasure[0m
[INFO] [1788892218.133194310] [GSL]: 10 gas measurements, 10 wind measurements over 1.93 seconds
[INFO] [1788892218.133250928] [GSL]: avg_gas=0.17;  avg_windSpeed=0.74;  avg_wind_dir=0.29
[INFO] [1788892218.133757162] [GSL]: [33mGAS HIT[0m
[INFO] [1788892218.133766666] [GSL]: [DEBUG-WIND] useGroundTruth=false gmrf_req_size=626 gaden_req_size=-1
[INFO] [1788892218.133772942] [GSL]: [DEBUG-WIND] Taking GMRF path
[INFO] [1788892218.198653255] [GSL - Trace]: [32mEntering StopAndMeasure[0m
[INFO] [1788892220.133139382] [GSL]: 10 gas measurements, 10 wind measurements over 1.93 seconds
[INFO] [1788892220.133209000] [GSL]: avg_gas=0.11;  avg_windSpeed=0.81;  avg_wind_dir=0.32
[INFO] [1788892220.133874439] [GSL]: [33mGAS HIT[0m
[INFO] [1788892220.133886530] [GSL]: [DEBUG-WIND] useGroundTruth=false gmrf_req_size=626 gaden_req_size=-1
[INFO] [1788892220.133894741] [GSL]: [DEBUG-WIND] Taking GMRF path
[INFO] [1788892220.199256315] [GSL - Trace]: [32mEntering StopAndMeasure[0m
[INFO] [1788892222.133109571] [GSL]: 10 gas measurements, 10 wind measurements over 1.93 seconds
[INFO] [1788892222.133186744] [GSL]: avg_gas=0.18;  avg_windSpeed=0.74;  avg_wind_dir=0.29
[INFO] [1788892222.133866299] [GSL]: [33mGAS HIT[0m
[INFO] [1788892222.133878230] [GSL]: [DEBUG-WIND] useGroundTruth=false gmrf_req_size=626 gaden_req_size=-1
[INFO] [1788892222.133886509] [GSL]: [DEBUG-WIND] Taking GMRF path
[INFO] [1788892222.199094440] [GSL]: [33mStarted simulations. Might take a while![0m
[INFO] [1788892222.602144500] [GSL]: CER contrastive context initialized: events=72, candidates=85, transport_members=3, fixed_ratio_weight=1, context_within_member=true, centered_log_odds=true, transport_pool=robust_log_variance
[INFO] [1788892222.603243126] [GSL - Trace]: [32mFirst simulation level done[0m
[INFO] [1788892222.603276104] [GSL]: [RC2-DIAG] scores_size=85 refineFraction=0.25 refine_product=21.25 valid_first_level=85 sum_sourceProbInternal_before_norm=0.012897637461023967 min_sourceProbInternal_before_norm=0 max_sourceProbInternal_before_norm=0.0007757594986388953 finite_sourceProbInternal=1242 finite_varianceOfHitProb=1242
[INFO] [1788892222.977694128] [GSL - Trace]: [32mSimulation level 2 done[0m
[INFO] [1788892223.184292287] [GSL - Trace]: [32mSimulation level 3 done[0m
[INFO] [1788892223.237133651] [GSL - Trace]: [32mSimulation level 4 done[0m
[INFO] [1788892223.237196232] [GSL - Trace]: [32mSimulation level 5 done[0m
[INFO] [1788892223.237207300] [GSL]: Number of levels in the simulation: 5
[INFO] [1788892223.237213934] [GSL]: Total number of simulations: 207
[INFO] [1788892223.237235814] [GSL]: CORE sequential event-time commit: window_start=64, new_events=8, committed_total=72
[INFO] [1788892223.237250163] [GSL]: [RC2-DIAG] normalized_finite_count=1242 normalized_sum=1
[INFO] [1788892223.237257723] [GSL]: Time ellapsed in simulation = 1.038067394 s
[INFO] [1788892223.241155728] [GSL]: Max mutual info: 1.976
[INFO] [1788892223.241531598] [GSL]: MutualInformation - Ellapsed: 0.004s
[INFO] [1788892223.268250738] [GSL]: Sending goal (5.00, 0.39)
[INFO] [1788892223.269998705] [GSL]: Variance: 0.37
[INFO] [1788892223.270023015] [GSL - Trace]: [32mEntering Moving[0m
[INFO] [1788892225.601469172] [GSL - Trace]: [32mEntering StopAndMeasure[0m
[INFO] [1788892227.521428405] [GSL]: 10 gas measurements, 10 wind measurements over 1.92 seconds
[INFO] [1788892227.521484071] [GSL]: avg_gas=0.023;  avg_windSpeed=0.24;  avg_wind_dir=-2
[INFO] [1788892227.522012411] [GSL]: [33mNOTHING [0m
[INFO] [1788892227.522023344] [GSL]: [DEBUG-WIND] useGroundTruth=false gmrf_req_size=626 gaden_req_size=-1
[INFO] [1788892227.522030235] [GSL]: [DEBUG-WIND] Taking GMRF path
[INFO] [1788892227.599090634] [GSL - Trace]: [32mEntering StopAndMeasure[0m
[INFO] [1788892229.521398213] [GSL]: 10 gas measurements, 10 wind measurements over 1.92 seconds
[INFO] [1788892229.521453566] [GSL]: avg_gas=0.0044;  avg_windSpeed=0.26;  avg_wind_dir=-1.9
[INFO] [1788892229.521936372] [GSL]: [33mNOTHING [0m
[INFO] [1788892229.521946250] [GSL]: [DEBUG-WIND] useGroundTruth=false gmrf_req_size=626 gaden_req_size=-1
[INFO] [1788892229.522081110] [GSL]: [DEBUG-WIND] Taking GMRF path
[INFO] [1788892229.599695329] [GSL - Trace]: [32mEntering StopAndMeasure[0m
[INFO] [1788892231.521406687] [GSL]: 10 gas measurements, 10 wind measurements over 1.92 seconds
[INFO] [1788892231.521460789] [GSL]: avg_gas=0.011;  avg_windSpeed=0.24;  avg_wind_dir=-2
[INFO] [1788892231.521949710] [GSL]: [33mNOTHING [0m
[INFO] [1788892231.521959817] [GSL]: [DEBUG-WIND] useGroundTruth=false gmrf_req_size=626 gaden_req_size=-1
[INFO] [1788892231.521966366] [GSL]: [DEBUG-WIND] Taking GMRF path
[INFO] [1788892231.599233235] [GSL - Trace]: [32mEntering StopAndMeasure[0m
[INFO] [1788892233.572567454] [GSL]: 10 gas measurements, 10 wind measurements over 1.97 seconds
[INFO] [1788892233.572736554] [GSL]: avg_gas=0.021;  avg_windSpeed=0.26;  avg_wind_dir=-1.9
[INFO] [1788892233.573720712] [GSL]: [33mNOTHING [0m
[INFO] [1788892233.573762967] [GSL]: [DEBUG-WIND] useGroundTruth=false gmrf_req_size=626 gaden_req_size=-1
[INFO] [1788892233.574378134] [GSL]: [DEBUG-WIND] Taking GMRF path
[INFO] [1788892233.599187092] [GSL - Trace]: [32mEntering StopAndMeasure[0m
[INFO] [1788892235.521492130] [GSL]: 10 gas measurements, 10 wind measurements over 1.92 seconds
[INFO] [1788892235.521544785] [GSL]: avg_gas=0.03;  avg_windSpeed=0.24;  avg_wind_dir=-2
[INFO] [1788892235.522015542] [GSL]: [33mNOTHING [0m
[INFO] [1788892235.522025653] [GSL]: [DEBUG-WIND] useGroundTruth=false gmrf_req_size=626 gaden_req_size=-1
[INFO] [1788892235.522032117] [GSL]: [DEBUG-WIND] Taking GMRF path
[INFO] [1788892235.599806336] [GSL - Trace]: [32mEntering StopAndMeasure[0m
[INFO] [1788892237.521428183] [GSL]: 10 gas measurements, 10 wind measurements over 1.92 seconds
[INFO] [1788892237.521489365] [GSL]: avg_gas=0.15;  avg_windSpeed=0.27;  avg_wind_dir=-1.9
[INFO] [1788892237.521974782] [GSL]: [33mGAS HIT[0m
[INFO] [1788892237.521984718] [GSL]: [DEBUG-WIND] useGroundTruth=false gmrf_req_size=626 gaden_req_size=-1
[INFO] [1788892237.522223418] [GSL]: [DEBUG-WIND] Taking GMRF path
[INFO] [1788892237.599916382] [GSL - Trace]: [32mEntering StopAndMeasure[0m
[INFO] [1788892239.521388912] [GSL]: 10 gas measurements, 10 wind measurements over 1.92 seconds
[INFO] [1788892239.521440309] [GSL]: avg_gas=0.069;  avg_windSpeed=0.23;  avg_wind_dir=-2
[INFO] [1788892239.522146654] [GSL]: [33mNOTHING [0m
[INFO] [1788892239.522174759] [GSL]: [DEBUG-WIND] useGroundTruth=false gmrf_req_size=626 gaden_req_size=-1
[INFO] [1788892239.522182548] [GSL]: [DEBUG-WIND] Taking GMRF path
[INFO] [1788892239.599516257] [GSL - Trace]: [32mEntering StopAndMeasure[0m
[INFO] [1788892241.572203052] [GSL]: 10 gas measurements, 10 wind measurements over 1.97 seconds
[INFO] [1788892241.572317824] [GSL]: avg_gas=0.032;  avg_windSpeed=0.26;  avg_wind_dir=-1.9
[INFO] [1788892241.573660587] [GSL]: [33mNOTHING [0m
[INFO] [1788892241.573716824] [GSL]: [DEBUG-WIND] useGroundTruth=false gmrf_req_size=626 gaden_req_size=-1
[INFO] [1788892241.574522311] [GSL]: [DEBUG-WIND] Taking GMRF path
[INFO] [1788892241.599215299] [GSL]: [33mStarted simulations. Might take a while![0m
[INFO] [1788892241.989429638] [GSL]: CER contrastive context initialized: events=80, candidates=85, transport_members=3, fixed_ratio_weight=1, context_within_member=true, centered_log_odds=true, transport_pool=robust_log_variance
[INFO] [1788892241.991148080] [GSL - Trace]: [32mFirst simulation level done[0m
[INFO] [1788892241.991794329] [GSL]: [RC2-DIAG] scores_size=85 refineFraction=0.25 refine_product=21.25 valid_first_level=85 sum_sourceProbInternal_before_norm=21.52566060642726 min_sourceProbInternal_before_norm=0 max_sourceProbInternal_before_norm=0.04503276277495242 finite_sourceProbInternal=1242 finite_varianceOfHitProb=1242
[INFO] [1788892242.371732596] [GSL - Trace]: [32mSimulation level 2 done[0m
[INFO] [1788892242.601910349] [GSL - Trace]: [32mSimulation level 3 done[0m
[INFO] [1788892242.660138832] [GSL - Trace]: [32mSimulation level 4 done[0m
[INFO] [1788892242.665902574] [GSL - Trace]: [32mSimulation level 5 done[0m
[INFO] [1788892242.666512530] [GSL]: Number of levels in the simulation: 5
[INFO] [1788892242.666955690] [GSL]: Total number of simulations: 219
[INFO] [1788892242.671956480] [GSL]: CORE sequential event-time commit: window_start=72, new_events=8, committed_total=80
[INFO] [1788892242.672978667] [GSL]: [RC2-DIAG] normalized_finite_count=1242 normalized_sum=1
[INFO] [1788892242.673201922] [GSL]: Time ellapsed in simulation = 1.0738652210000001 s
[INFO] [1788892242.678103130] [GSL]: Max mutual info: 1.136
[INFO] [1788892242.678630591] [GSL]: MutualInformation - Ellapsed: 0.005s
[INFO] [1788892242.712702933] [GSL]: Sending goal (8.60, 0.99)
[INFO] [1788892242.713239506] [GSL]: Variance: 0.11
[INFO] [1788892242.713255304] [GSL - Trace]: [32mEntering Moving[0m
[INFO] [1788892245.403313779] [GSL - Trace]: [32mEntering StopAndMeasure[0m
[INFO] [1788892247.365259358] [GSL]: 10 gas measurements, 10 wind measurements over 1.96 seconds
[INFO] [1788892247.365758503] [GSL]: avg_gas=0.18;  avg_windSpeed=0.43;  avg_wind_dir=1.2
[INFO] [1788892247.366944566] [GSL]: [33mGAS HIT[0m
[INFO] [1788892247.366980769] [GSL]: [DEBUG-WIND] useGroundTruth=false gmrf_req_size=626 gaden_req_size=-1
[INFO] [1788892247.366992908] [GSL]: [DEBUG-WIND] Taking GMRF path
[INFO] [1788892247.399205705] [GSL - Trace]: [32mEntering StopAndMeasure[0m
[INFO] [1788892249.364966743] [GSL]: 10 gas measurements, 10 wind measurements over 1.97 seconds
[INFO] [1788892249.365015627] [GSL]: avg_gas=0.28;  avg_windSpeed=0.53;  avg_wind_dir=1.1
[INFO] [1788892249.365551942] [GSL]: [33mGAS HIT[0m
[INFO] [1788892249.365560976] [GSL]: [DEBUG-WIND] useGroundTruth=false gmrf_req_size=626 gaden_req_size=-1
[INFO] [1788892249.365567441] [GSL]: [DEBUG-WIND] Taking GMRF path
[INFO] [1788892249.399033000] [GSL - Trace]: [32mEntering StopAndMeasure[0m
[INFO] [1788892251.364924834] [GSL]: 10 gas measurements, 10 wind measurements over 1.97 seconds
[INFO] [1788892251.364978907] [GSL]: avg_gas=0.46;  avg_windSpeed=0.47;  avg_wind_dir=1.1
[INFO] [1788892251.365863141] [GSL]: [33mGAS HIT[0m
[INFO] [1788892251.365873681] [GSL]: [DEBUG-WIND] useGroundTruth=false gmrf_req_size=626 gaden_req_size=-1
[INFO] [1788892251.365884271] [GSL]: [DEBUG-WIND] Taking GMRF path
[INFO] [1788892251.399155628] [GSL - Trace]: [32mEntering StopAndMeasure[0m
[INFO] [1788892253.365469947] [GSL]: 10 gas measurements, 10 wind measurements over 1.97 seconds
[INFO] [1788892253.365596395] [GSL]: avg_gas=0.46;  avg_windSpeed=0.49;  avg_wind_dir=1.1
[INFO] [1788892253.367040146] [GSL]: [33mGAS HIT[0m
[INFO] [1788892253.367097849] [GSL]: [DEBUG-WIND] useGroundTruth=false gmrf_req_size=626 gaden_req_size=-1
[INFO] [1788892253.367113366] [GSL]: [DEBUG-WIND] Taking GMRF path
[INFO] [1788892253.399448632] [GSL - Trace]: [32mEntering StopAndMeasure[0m
[INFO] [1788892255.364890822] [GSL]: 10 gas measurements, 10 wind measurements over 1.97 seconds
[INFO] [1788892255.364943990] [GSL]: avg_gas=0.35;  avg_windSpeed=0.51;  avg_wind_dir=1.1
[INFO] [1788892255.365773329] [GSL]: [33mGAS HIT[0m
[INFO] [1788892255.365790695] [GSL]: [DEBUG-WIND] useGroundTruth=false gmrf_req_size=626 gaden_req_size=-1
[INFO] [1788892255.365797800] [GSL]: [DEBUG-WIND] Taking GMRF path
[INFO] [1788892255.398655544] [GSL - Trace]: [32mEntering StopAndMeasure[0m
[INFO] [1788892257.364961036] [GSL]: 10 gas measurements, 10 wind measurements over 1.97 seconds
[INFO] [1788892257.365021573] [GSL]: avg_gas=0.51;  avg_windSpeed=0.45;  avg_wind_dir=1.2
[INFO] [1788892257.365626069] [GSL]: [33mGAS HIT[0m
[INFO] [1788892257.365635893] [GSL]: [DEBUG-WIND] useGroundTruth=false gmrf_req_size=626 gaden_req_size=-1
[INFO] [1788892257.365643261] [GSL]: [DEBUG-WIND] Taking GMRF path
[INFO] [1788892257.398737369] [GSL - Trace]: [32mEntering StopAndMeasure[0m
[INFO] [1788892259.364915310] [GSL]: 10 gas measurements, 10 wind measurements over 1.97 seconds
[INFO] [1788892259.364974968] [GSL]: avg_gas=0.79;  avg_windSpeed=0.54;  avg_wind_dir=1.1
[INFO] [1788892259.365641450] [GSL]: [33mGAS HIT[0m
[INFO] [1788892259.366471312] [GSL]: [DEBUG-WIND] useGroundTruth=false gmrf_req_size=626 gaden_req_size=-1
[INFO] [1788892259.366497396] [GSL]: [DEBUG-WIND] Taking GMRF path
[INFO] [1788892259.398774845] [GSL - Trace]: [32mEntering StopAndMeasure[0m
[INFO] [1788892261.365014590] [GSL]: 10 gas measurements, 10 wind measurements over 1.97 seconds
[INFO] [1788892261.365099849] [GSL]: avg_gas=0.76;  avg_windSpeed=0.42;  avg_wind_dir=1.2
[INFO] [1788892261.365816389] [GSL]: [33mGAS HIT[0m
[INFO] [1788892261.365828775] [GSL]: [DEBUG-WIND] useGroundTruth=false gmrf_req_size=626 gaden_req_size=-1
[INFO] [1788892261.365848175] [GSL]: [DEBUG-WIND] Taking GMRF path
[INFO] [1788892261.398712396] [GSL]: [33mStarted simulations. Might take a while![0m
[INFO] [1788892261.779317792] [GSL]: CER contrastive context initialized: events=88, candidates=85, transport_members=3, fixed_ratio_weight=1, context_within_member=true, centered_log_odds=true, transport_pool=robust_log_variance
[INFO] [1788892261.781440138] [GSL - Trace]: [32mFirst simulation level done[0m
[INFO] [1788892261.781950570] [GSL]: [RC2-DIAG] scores_size=85 refineFraction=0.25 refine_product=21.25 valid_first_level=85 sum_sourceProbInternal_before_norm=182.48345242152698 min_sourceProbInternal_before_norm=0 max_sourceProbInternal_before_norm=0.999200279944007 finite_sourceProbInternal=1242 finite_varianceOfHitProb=1242
[INFO] [1788892262.162438456] [GSL - Trace]: [32mSimulation level 2 done[0m
[INFO] [1788892262.384293225] [GSL - Trace]: [32mSimulation level 3 done[0m
[INFO] [1788892262.438331672] [GSL - Trace]: [32mSimulation level 4 done[0m
[INFO] [1788892262.442443813] [GSL - Trace]: [32mSimulation level 5 done[0m
[INFO] [1788892262.442466786] [GSL]: Number of levels in the simulation: 5
[INFO] [1788892262.442474840] [GSL]: Total number of simulations: 215
[INFO] [1788892262.447869884] [GSL]: CORE sequential event-time commit: window_start=80, new_events=8, committed_total=88
[INFO] [1788892262.448241566] [GSL]: [RC2-DIAG] normalized_finite_count=1242 normalized_sum=1
[INFO] [1788892262.448753324] [GSL]: Time ellapsed in simulation = 1.049985404 s
[INFO] [1788892262.460621843] [GSL]: Max mutual info: 1.137
[INFO] [1788892262.461087338] [GSL]: MutualInformation - Ellapsed: 0.012s
[INFO] [1788892262.495142644] [GSL]: Sending goal (10.40, 0.39)
[INFO] [1788892262.495608561] [GSL]: Variance: 0.10
[INFO] [1788892262.495621043] [GSL - Trace]: [32mEntering Moving[0m
[INFO] [1788892262.852647032] [GSL]: Could not find the source. Sorry!
[INFO] [1788892263.871944399] [GSL]: [34mDONE, CLOSING[0m
