[INFO] [1789220798.626691539] [vgr_uav_sim]: Loading VGR data from /mnt/hgfs/workspace/GADEN_files/scenarios/House01, config=2,4-1_fast
[INFO] [1789220798.686908730] [vgr_uav_sim]: Occupancy: 87x114 slice z_idx=13 (z=0.3m), free=6866, obstacle=3052, input_sha256=846003ffbbc8e99aa322cf189356399412763710e937bb5e5316186afccf17cb
[INFO] [1789220798.852359486] [vgr_uav_sim]: Gas backend=raw_house1_snapshot exec=/home/zyc/CSTAR_CONTROLLED_ASSETS_20260907/tools/cstar_numeric_wind_raw_query env_root=/mnt/hgfs/workspace/GADEN_files/scenarios/House01 gas_results=/mnt/hgfs/workspace/GADEN_files/scenarios/House01/gas_simulations/2,4-1_fast/FilamentSimulation_gasType_10_sourcePosition_-0.40_-2.90_-0.30 max_iteration=1999
[INFO] [1789220798.854604122] [vgr_uav_sim]: Navigation grid: coarse 29x38 cell=0.3000 free=626 obstacle=476 (reduce_scale=3)
[INFO] [1789220798.935615120] [vgr_uav_sim]: UAV Sim v3 ready. Start=(-3.17,-1.75), sim_dt=0.200s, realtime_factor=1.00, sensor=asymmetric, vertical_motion=False, open_loop_profile=hover
[WARN] [1789220827.457662369] [vgr_uav_sim]: PLAN_CB: called with goal=(-4.10,-1.13)
[WARN] [1789220827.459475708] [vgr_uav_sim]: PLAN_CB: returning 5 poses
[WARN] [1789220827.469099501] [vgr_uav_sim]: PLAN_CB: called with goal=(-4.10,-1.13)
[WARN] [1789220827.470232824] [vgr_uav_sim]: PLAN_CB: returning 5 poses
[INFO] [1789220827.483674029] [vgr_uav_sim]: Prepared 5 collision-free navigation waypoints to (-4.10, -1.13)
[INFO] [1789220827.485153893] [vgr_uav_sim]: UAV navigating in audited 2-D mode to (-4.10, -1.13, 0.30)
[WARN] [1789220844.226550155] [vgr_uav_sim]: PLAN_CB: called with goal=(-5.00,-0.83)
[WARN] [1789220844.227605796] [vgr_uav_sim]: PLAN_CB: returning 5 poses
[WARN] [1789220844.236107086] [vgr_uav_sim]: PLAN_CB: called with goal=(-5.00,-0.83)
[WARN] [1789220844.237514911] [vgr_uav_sim]: PLAN_CB: returning 5 poses
[INFO] [1789220844.248534199] [vgr_uav_sim]: Prepared 5 collision-free navigation waypoints to (-5.00, -0.83)
[INFO] [1789220844.249881651] [vgr_uav_sim]: UAV navigating in audited 2-D mode to (-5.00, -0.83, 0.30)
[WARN] [1789220861.037970774] [vgr_uav_sim]: PLAN_CB: called with goal=(-5.90,-0.83)
[WARN] [1789220861.044891946] [vgr_uav_sim]: PLAN_CB: returning 5 poses
[WARN] [1789220861.056532121] [vgr_uav_sim]: PLAN_CB: called with goal=(-5.90,-0.83)
[WARN] [1789220861.058181324] [vgr_uav_sim]: PLAN_CB: returning 5 poses
[INFO] [1789220861.068278042] [vgr_uav_sim]: Prepared 5 collision-free navigation waypoints to (-5.90, -0.83)
[INFO] [1789220861.069390320] [vgr_uav_sim]: UAV navigating in audited 2-D mode to (-5.90, -0.83, 0.30)
[WARN] [1789220878.279184630] [vgr_uav_sim]: PLAN_CB: called with goal=(-3.20,-0.23)
[WARN] [1789220878.285885964] [vgr_uav_sim]: PLAN_CB: returning 11 poses
[WARN] [1789220878.296200389] [vgr_uav_sim]: PLAN_CB: called with goal=(-3.20,-0.23)
[WARN] [1789220878.298466351] [vgr_uav_sim]: PLAN_CB: returning 11 poses
[INFO] [1789220878.308701197] [vgr_uav_sim]: Prepared 11 collision-free navigation waypoints to (-3.20, -0.23)
[INFO] [1789220878.309690461] [vgr_uav_sim]: UAV navigating in audited 2-D mode to (-3.20, -0.23, 0.30)
[WARN] [1789220896.238382587] [vgr_uav_sim]: PLAN_CB: called with goal=(0.10,0.37)
[WARN] [1789220896.242411320] [vgr_uav_sim]: PLAN_CB: returning 13 poses
[WARN] [1789220896.262078024] [vgr_uav_sim]: PLAN_CB: called with goal=(0.10,0.37)
[WARN] [1789220896.265066295] [vgr_uav_sim]: PLAN_CB: returning 13 poses
[INFO] [1789220896.276738612] [vgr_uav_sim]: Prepared 13 collision-free navigation waypoints to (0.10, 0.37)
[INFO] [1789220896.277842408] [vgr_uav_sim]: UAV navigating in audited 2-D mode to (0.10, 0.37, 0.30)
[WARN] [1789220914.641696830] [vgr_uav_sim]: PLAN_CB: called with goal=(-2.00,1.57)
[WARN] [1789220914.644276931] [vgr_uav_sim]: PLAN_CB: returning 12 poses
[WARN] [1789220914.661038955] [vgr_uav_sim]: PLAN_CB: called with goal=(-2.00,1.57)
[WARN] [1789220914.662810348] [vgr_uav_sim]: PLAN_CB: returning 12 poses
[INFO] [1789220914.673245131] [vgr_uav_sim]: Prepared 12 collision-free navigation waypoints to (-2.00, 1.57)
[INFO] [1789220914.674655126] [vgr_uav_sim]: UAV navigating in audited 2-D mode to (-2.00, 1.57, 0.30)
[WARN] [1789220933.289959541] [vgr_uav_sim]: PLAN_CB: called with goal=(-1.40,2.17)
[WARN] [1789220933.291382891] [vgr_uav_sim]: PLAN_CB: returning 4 poses
[WARN] [1789220933.302995962] [vgr_uav_sim]: PLAN_CB: called with goal=(-1.40,2.17)
[WARN] [1789220933.303886132] [vgr_uav_sim]: PLAN_CB: returning 4 poses
[INFO] [1789220933.315284096] [vgr_uav_sim]: Prepared 4 collision-free navigation waypoints to (-1.40, 2.17)
[INFO] [1789220933.316461117] [vgr_uav_sim]: UAV navigating in audited 2-D mode to (-1.40, 2.17, 0.30)
[WARN] [1789220949.830804428] [vgr_uav_sim]: PLAN_CB: called with goal=(-2.60,1.87)
[WARN] [1789220949.831927681] [vgr_uav_sim]: PLAN_CB: returning 6 poses
[WARN] [1789220949.843069668] [vgr_uav_sim]: PLAN_CB: called with goal=(-2.60,1.87)
[WARN] [1789220949.844407052] [vgr_uav_sim]: PLAN_CB: returning 6 poses
[INFO] [1789220949.855294220] [vgr_uav_sim]: Prepared 6 collision-free navigation waypoints to (-2.60, 1.87)
[INFO] [1789220949.856697419] [vgr_uav_sim]: UAV navigating in audited 2-D mode to (-2.60, 1.87, 0.30)
[WARN] [1789220966.936446184] [vgr_uav_sim]: PLAN_CB: called with goal=(-2.00,2.47)
[WARN] [1789220966.939086462] [vgr_uav_sim]: PLAN_CB: returning 4 poses
[WARN] [1789220966.984202691] [vgr_uav_sim]: PLAN_CB: called with goal=(-2.00,2.47)
[WARN] [1789220966.985118342] [vgr_uav_sim]: PLAN_CB: returning 4 poses
[INFO] [1789220966.995897513] [vgr_uav_sim]: Prepared 4 collision-free navigation waypoints to (-2.00, 2.47)
[INFO] [1789220966.996885743] [vgr_uav_sim]: UAV navigating in audited 2-D mode to (-2.00, 2.47, 0.30)
[WARN] [1789220984.081403999] [vgr_uav_sim]: PLAN_CB: called with goal=(-1.70,2.77)
[WARN] [1789220984.082226243] [vgr_uav_sim]: PLAN_CB: returning 3 poses
[WARN] [1789220984.092841155] [vgr_uav_sim]: PLAN_CB: called with goal=(-1.70,2.77)
[WARN] [1789220984.093639533] [vgr_uav_sim]: PLAN_CB: returning 3 poses
[INFO] [1789220984.105695691] [vgr_uav_sim]: Prepared 3 collision-free navigation waypoints to (-1.70, 2.77)
[INFO] [1789220984.106832903] [vgr_uav_sim]: UAV navigating in audited 2-D mode to (-1.70, 2.77, 0.30)
[WARN] [1789221000.730497412] [vgr_uav_sim]: PLAN_CB: called with goal=(-1.10,2.77)
[WARN] [1789221000.734947732] [vgr_uav_sim]: PLAN_CB: returning 4 poses
[WARN] [1789221000.769761964] [vgr_uav_sim]: PLAN_CB: called with goal=(-1.10,2.77)
[WARN] [1789221000.770663441] [vgr_uav_sim]: PLAN_CB: returning 4 poses
[INFO] [1789221000.781662038] [vgr_uav_sim]: Prepared 4 collision-free navigation waypoints to (-1.10, 2.77)
[INFO] [1789221000.782645629] [vgr_uav_sim]: UAV navigating in audited 2-D mode to (-1.10, 2.77, 0.30)
[WARN] [1789221017.438987394] [vgr_uav_sim]: PLAN_CB: called with goal=(-0.80,2.17)
[WARN] [1789221017.440000910] [vgr_uav_sim]: PLAN_CB: returning 4 poses
[WARN] [1789221017.451701526] [vgr_uav_sim]: PLAN_CB: called with goal=(-0.80,2.17)
[WARN] [1789221017.452851328] [vgr_uav_sim]: PLAN_CB: returning 4 poses
[INFO] [1789221017.463573069] [vgr_uav_sim]: Prepared 4 collision-free navigation waypoints to (-0.80, 2.17)
[INFO] [1789221017.465024845] [vgr_uav_sim]: UAV navigating in audited 2-D mode to (-0.80, 2.17, 0.30)
[WARN] [1789221034.536364519] [vgr_uav_sim]: PLAN_CB: called with goal=(-2.60,-1.13)
[WARN] [1789221034.543450934] [vgr_uav_sim]: PLAN_CB: returning 17 poses
[WARN] [1789221034.569020119] [vgr_uav_sim]: PLAN_CB: called with goal=(-2.60,-1.13)
[WARN] [1789221034.571646119] [vgr_uav_sim]: PLAN_CB: returning 17 poses
[INFO] [1789221034.582217842] [vgr_uav_sim]: Prepared 17 collision-free navigation waypoints to (-2.60, -1.13)
[INFO] [1789221034.583314245] [vgr_uav_sim]: UAV navigating in audited 2-D mode to (-2.60, -1.13, 0.30)
