[INFO] [1791601558.769478104] [GMRF_wind]: [gmrf-wind] MAIN LOOP....
[INFO] [1791601559.674871129] [GMRF_wind]: [GMRF-node] Using OccupancyMap from topic '/PioneerP3DX/map'

=================================================================
=	        GMRF Wind-Distribution Mapping ROS2 Node              =
=================================================================
[GMRF_MAP] Generating GMRF for 2D WIND estimation...
[CGMRF] Initialization Complete: 10820 factors for a map size of 2N=3220 nodes
[INFO] [1791601559.683136327] [GMRF_wind]: [GMRF-node] GMRF Initialized
--> MAP did not converge after 1 iterations.
[GMRF] MAP Mean value estimated in 9 milliseconds
--> MAP did not converge after 1 iterations.
[GMRF] MAP Mean value estimated in 8.5 milliseconds
--> MAP did not converge after 1 iterations.
[GMRF] MAP Mean value estimated in 7.66667 milliseconds
--> MAP did not converge after 1 iterations.
[GMRF] MAP Mean value estimated in 7 milliseconds
--> MAP did not converge after 1 iterations.
[GMRF] MAP Mean value estimated in 6.6 milliseconds
--> MAP did not converge after 1 iterations.
[GMRF] MAP Mean value estimated in 6.5 milliseconds
--> MAP did not converge after 1 iterations.
[GMRF] MAP Mean value estimated in 6.28571 milliseconds
--> MAP did not converge after 1 iterations.
[GMRF] MAP Mean value estimated in 6.125 milliseconds
--> MAP did not converge after 1 iterations.
[GMRF] MAP Mean value estimated in 6 milliseconds
--> MAP did not converge after 1 iterations.
[GMRF] MAP Mean value estimated in 5.9 milliseconds
--> MAP did not converge after 1 iterations.
[GMRF] MAP Mean value estimated in 5.81818 milliseconds
--> MAP did not converge after 1 iterations.
[GMRF] MAP Mean value estimated in 5.83333 milliseconds
--> MAP did not converge after 1 iterations.
[GMRF] MAP Mean value estimated in 5.76923 milliseconds
--> MAP did not converge after 1 iterations.
[GMRF] MAP Mean value estimated in 5.71429 milliseconds
--> MAP did not converge after 1 iterations.
[GMRF] MAP Mean value estimated in 5.66667 milliseconds
--> MAP did not converge after 1 iterations.
[GMRF] MAP Mean value estimated in 5.625 milliseconds
--> MAP did not converge after 1 iterations.
[GMRF] MAP Mean value estimated in 5.58824 milliseconds
--> MAP did not converge after 1 iterations.
[GMRF] MAP Mean value estimated in 5.61111 milliseconds
--> MAP did not converge after 1 iterations.
[GMRF] MAP Mean value estimated in 5.57895 milliseconds
--> MAP did not converge after 1 iterations.
[GMRF] MAP Mean value estimated in 5.55 milliseconds
--> MAP did not converge after 1 iterations.
[GMRF] MAP Mean value estimated in 5.52381 milliseconds
--> MAP did not converge after 1 iterations.
[GMRF] MAP Mean value estimated in 5.5 milliseconds
--> MAP did not converge after 1 iterations.
[GMRF] MAP Mean value estimated in 5.47826 milliseconds
--> MAP did not converge after 1 iterations.
[GMRF] MAP Mean value estimated in 5.45833 milliseconds
--> MAP did not converge after 1 iterations.
[GMRF] MAP Mean value estimated in 5.44 milliseconds
--> MAP did not converge after 1 iterations.
[GMRF] MAP Mean value estimated in 5.42308 milliseconds
--> MAP did not converge after 1 iterations.
[GMRF] MAP Mean value estimated in 5.40741 milliseconds
--> MAP did not converge after 1 iterations.
[GMRF] MAP Mean value estimated in 5.57143 milliseconds
--> MAP did not converge after 1 iterations.
[GMRF] MAP Mean value estimated in 5.62069 milliseconds
--> MAP did not converge after 1 iterations.
[GMRF] MAP Mean value estimated in 5.73333 milliseconds
--> MAP did not converge after 1 iterations.
[GMRF] MAP Mean value estimated in 5.70968 milliseconds
--> MAP did not converge after 1 iterations.
[GMRF] MAP Mean value estimated in 5.6875 milliseconds
--> MAP did not converge after 1 iterations.
[GMRF] MAP Mean value estimated in 5.75758 milliseconds
--> MAP did not converge after 1 iterations.
[GMRF] MAP Mean value estimated in 5.73529 milliseconds
--> MAP did not converge after 1 iterations.
[GMRF] MAP Mean value estimated in 5.71429 milliseconds
--> MAP did not converge after 1 iterations.
[GMRF] MAP Mean value estimated in 5.80556 milliseconds
--> MAP did not converge after 1 iterations.
[GMRF] MAP Mean value estimated in 5.78378 milliseconds
--> MAP did not converge after 1 iterations.
[GMRF] MAP Mean value estimated in 5.76316 milliseconds
--> MAP did not converge after 1 iterations.
[GMRF] MAP Mean value estimated in 5.87179 milliseconds
--> MAP did not converge after 1 iterations.
[GMRF] MAP Mean value estimated in 5.95 milliseconds
--> MAP did not converge after 1 iterations.
[GMRF] MAP Mean value estimated in 6 milliseconds
--> MAP did not converge after 1 iterations.
[GMRF] MAP Mean value estimated in 5.97619 milliseconds
--> MAP did not converge after 1 iterations.
[GMRF] MAP Mean value estimated in 5.95349 milliseconds
--> MAP did not converge after 1 iterations.
[GMRF] MAP Mean value estimated in 5.95455 milliseconds
--> MAP did not converge after 1 iterations.
[GMRF] MAP Mean value estimated in 5.93333 milliseconds
--> MAP did not converge after 1 iterations.
[GMRF] MAP Mean value estimated in 5.93478 milliseconds
--> MAP did not converge after 1 iterations.
[GMRF] MAP Mean value estimated in 5.91489 milliseconds
--> MAP did not converge after 1 iterations.
[GMRF] MAP Mean value estimated in 5.91667 milliseconds
--> MAP did not converge after 1 iterations.
[GMRF] MAP Mean value estimated in 5.89796 milliseconds
--> MAP did not converge after 1 iterations.
[GMRF] MAP Mean value estimated in 5.94 milliseconds
--> MAP did not converge after 1 iterations.
[GMRF] MAP Mean value estimated in 5.92157 milliseconds
--> MAP did not converge after 1 iterations.
[GMRF] MAP Mean value estimated in 5.94231 milliseconds
--> MAP did not converge after 1 iterations.
[GMRF] MAP Mean value estimated in 5.92453 milliseconds
--> MAP did not converge after 1 iterations.
[GMRF] MAP Mean value estimated in 5.92593 milliseconds
--> MAP did not converge after 1 iterations.
[GMRF] MAP Mean value estimated in 5.90909 milliseconds
--> MAP did not converge after 1 iterations.
[GMRF] MAP Mean value estimated in 5.89286 milliseconds
--> MAP did not converge after 1 iterations.
[GMRF] MAP Mean value estimated in 5.92982 milliseconds
--> MAP did not converge after 1 iterations.
[GMRF] MAP Mean value estimated in 6.01724 milliseconds
--> MAP did not converge after 1 iterations.
[GMRF] MAP Mean value estimated in 6.01695 milliseconds
--> MAP did not converge after 1 iterations.
[GMRF] MAP Mean value estimated in 6 milliseconds
--> MAP did not converge after 1 iterations.
[GMRF] MAP Mean value estimated in 5.98361 milliseconds
--> MAP did not converge after 1 iterations.
[GMRF] MAP Mean value estimated in 5.98387 milliseconds
--> MAP did not converge after 1 iterations.
[GMRF] MAP Mean value estimated in 5.98413 milliseconds
--> MAP did not converge after 1 iterations.
[GMRF] MAP Mean value estimated in 5.96875 milliseconds
--> MAP did not converge after 1 iterations.
[GMRF] MAP Mean value estimated in 5.98462 milliseconds
--> MAP did not converge after 1 iterations.
[GMRF] MAP Mean value estimated in 6.01515 milliseconds
--> MAP did not converge after 1 iterations.
[GMRF] MAP Mean value estimated in 6.01493 milliseconds
--> MAP did not converge after 1 iterations.
[GMRF] MAP Mean value estimated in 6 milliseconds
--> MAP did not converge after 1 iterations.
[GMRF] MAP Mean value estimated in 6.01449 milliseconds
--> MAP did not converge after 1 iterations.
[GMRF] MAP Mean value estimated in 6.04286 milliseconds
--> MAP did not converge after 1 iterations.
[GMRF] MAP Mean value estimated in 6.07042 milliseconds
--> MAP did not converge after 1 iterations.
[GMRF] MAP Mean value estimated in 6.09722 milliseconds
--> MAP did not converge after 1 iterations.
[GMRF] MAP Mean value estimated in 6.09589 milliseconds
--> MAP did not converge after 1 iterations.
[GMRF] MAP Mean value estimated in 6.12162 milliseconds
--> MAP did not converge after 1 iterations.
[GMRF] MAP Mean value estimated in 6.12 milliseconds
--> MAP did not converge after 1 iterations.
[GMRF] MAP Mean value estimated in 6.10526 milliseconds
--> MAP did not converge after 1 iterations.
[GMRF] MAP Mean value estimated in 6.09091 milliseconds
--> MAP did not converge after 1 iterations.
[GMRF] MAP Mean value estimated in 6.07692 milliseconds
--> MAP did not converge after 1 iterations.
[GMRF] MAP Mean value estimated in 6.06329 milliseconds
--> MAP did not converge after 1 iterations.
[GMRF] MAP Mean value estimated in 6.05 milliseconds
--> MAP did not converge after 1 iterations.
[GMRF] MAP Mean value estimated in 6.04938 milliseconds
--> MAP did not converge after 1 iterations.
[GMRF] MAP Mean value estimated in 6.03659 milliseconds
--> MAP did not converge after 1 iterations.
[GMRF] MAP Mean value estimated in 6.0241 milliseconds
--> MAP did not converge after 1 iterations.
[GMRF] MAP Mean value estimated in 6.02381 milliseconds
--> MAP did not converge after 1 iterations.
[GMRF] MAP Mean value estimated in 6.01176 milliseconds
--> MAP did not converge after 1 iterations.
[GMRF] MAP Mean value estimated in 6 milliseconds
--> MAP did not converge after 1 iterations.
[GMRF] MAP Mean value estimated in 5.98851 milliseconds
--> MAP did not converge after 1 iterations.
[GMRF] MAP Mean value estimated in 5.97727 milliseconds
--> MAP did not converge after 1 iterations.
[GMRF] MAP Mean value estimated in 5.96629 milliseconds
--> MAP did not converge after 1 iterations.
[GMRF] MAP Mean value estimated in 5.95556 milliseconds
--> MAP did not converge after 1 iterations.
[GMRF] MAP Mean value estimated in 5.94505 milliseconds
--> MAP did not converge after 1 iterations.
[GMRF] MAP Mean value estimated in 5.93478 milliseconds
--> MAP did not converge after 1 iterations.
[GMRF] MAP Mean value estimated in 5.94624 milliseconds
--> MAP did not converge after 1 iterations.
[GMRF] MAP Mean value estimated in 5.98936 milliseconds
--> MAP did not converge after 1 iterations.
[GMRF] MAP Mean value estimated in 5.97895 milliseconds
--> MAP did not converge after 1 iterations.
[GMRF] MAP Mean value estimated in 5.96875 milliseconds
--> MAP did not converge after 1 iterations.
[GMRF] MAP Mean value estimated in 5.95876 milliseconds
--> MAP did not converge after 1 iterations.
[GMRF] MAP Mean value estimated in 5.94898 milliseconds
--> MAP did not converge after 1 iterations.
[GMRF] MAP Mean value estimated in 5.93939 milliseconds
--> MAP did not converge after 1 iterations.
[GMRF] MAP Mean value estimated in 5.93 milliseconds
--> MAP did not converge after 1 iterations.
[GMRF] MAP Mean value estimated in 5.92079 milliseconds
--> MAP did not converge after 1 iterations.
[GMRF] MAP Mean value estimated in 5.91176 milliseconds
--> MAP did not converge after 1 iterations.
[GMRF] MAP Mean value estimated in 5.91262 milliseconds
--> MAP did not converge after 1 iterations.
[GMRF] MAP Mean value estimated in 5.90385 milliseconds
--> MAP did not converge after 1 iterations.
[GMRF] MAP Mean value estimated in 5.90476 milliseconds
--> MAP did not converge after 1 iterations.
[GMRF] MAP Mean value estimated in 5.92453 milliseconds
--> MAP did not converge after 1 iterations.
[GMRF] MAP Mean value estimated in 5.93458 milliseconds
--> MAP did not converge after 1 iterations.
[GMRF] MAP Mean value estimated in 5.92593 milliseconds
--> MAP did not converge after 1 iterations.
[GMRF] MAP Mean value estimated in 5.90826 milliseconds
--> MAP did not converge after 1 iterations.
[GMRF] MAP Mean value estimated in 5.9 milliseconds
--> MAP did not converge after 1 iterations.
[GMRF] MAP Mean value estimated in 5.89189 milliseconds
--> MAP did not converge after 1 iterations.
[GMRF] MAP Mean value estimated in 5.88393 milliseconds
--> MAP did not converge after 1 iterations.
[GMRF] MAP Mean value estimated in 5.87611 milliseconds
--> MAP did not converge after 1 iterations.
[GMRF] MAP Mean value estimated in 5.86842 milliseconds
--> MAP did not converge after 1 iterations.
[GMRF] MAP Mean value estimated in 5.86087 milliseconds
--> MAP did not converge after 1 iterations.
[GMRF] MAP Mean value estimated in 5.88793 milliseconds
--> MAP did not converge after 1 iterations.
[GMRF] MAP Mean value estimated in 5.88034 milliseconds
--> MAP did not converge after 1 iterations.
[GMRF] MAP Mean value estimated in 5.87288 milliseconds
--> MAP did not converge after 1 iterations.
[GMRF] MAP Mean value estimated in 5.88235 milliseconds
--> MAP did not converge after 1 iterations.
[GMRF] MAP Mean value estimated in 5.90833 milliseconds
--> MAP did not converge after 1 iterations.
[GMRF] MAP Mean value estimated in 5.90909 milliseconds
--> MAP did not converge after 1 iterations.
[GMRF] MAP Mean value estimated in 5.90984 milliseconds
--> MAP did not converge after 1 iterations.
[GMRF] MAP Mean value estimated in 5.90244 milliseconds
--> MAP did not converge after 1 iterations.
[GMRF] MAP Mean value estimated in 5.8871 milliseconds
--> MAP did not converge after 1 iterations.
[GMRF] MAP Mean value estimated in 5.88 milliseconds
--> MAP did not converge after 1 iterations.
[GMRF] MAP Mean value estimated in 5.87302 milliseconds
--> MAP did not converge after 1 iterations.
[GMRF] MAP Mean value estimated in 5.86614 milliseconds
--> MAP did not converge after 1 iterations.
[GMRF] MAP Mean value estimated in 5.85938 milliseconds
--> MAP did not converge after 1 iterations.
[GMRF] MAP Mean value estimated in 5.85271 milliseconds
--> MAP did not converge after 1 iterations.
[GMRF] MAP Mean value estimated in 5.84615 milliseconds
--> MAP did not converge after 1 iterations.
[GMRF] MAP Mean value estimated in 5.87023 milliseconds
--> MAP did not converge after 1 iterations.
[GMRF] MAP Mean value estimated in 5.86364 milliseconds
--> MAP did not converge after 1 iterations.
[GMRF] MAP Mean value estimated in 5.85714 milliseconds
--> MAP did not converge after 1 iterations.
[GMRF] MAP Mean value estimated in 5.85075 milliseconds
--> MAP did not converge after 1 iterations.
[GMRF] MAP Mean value estimated in 5.84444 milliseconds
--> MAP did not converge after 1 iterations.
[GMRF] MAP Mean value estimated in 5.84559 milliseconds
--> MAP did not converge after 1 iterations.
[GMRF] MAP Mean value estimated in 5.85401 milliseconds
--> MAP did not converge after 1 iterations.
[GMRF] MAP Mean value estimated in 5.87681 milliseconds
--> MAP did not converge after 1 iterations.
[GMRF] MAP Mean value estimated in 5.89928 milliseconds
--> MAP did not converge after 1 iterations.
[GMRF] MAP Mean value estimated in 5.9 milliseconds
--> MAP did not converge after 1 iterations.
[GMRF] MAP Mean value estimated in 5.89362 milliseconds
--> MAP did not converge after 1 iterations.
[GMRF] MAP Mean value estimated in 5.89437 milliseconds
--> MAP did not converge after 1 iterations.
[GMRF] MAP Mean value estimated in 5.8951 milliseconds
--> MAP did not converge after 1 iterations.
[GMRF] MAP Mean value estimated in 5.89583 milliseconds
--> MAP did not converge after 1 iterations.
[GMRF] MAP Mean value estimated in 5.88966 milliseconds
--> MAP did not converge after 1 iterations.
[GMRF] MAP Mean value estimated in 5.88356 milliseconds
--> MAP did not converge after 1 iterations.
[GMRF] MAP Mean value estimated in 5.88435 milliseconds
--> MAP did not converge after 1 iterations.
[GMRF] MAP Mean value estimated in 5.87838 milliseconds
--> MAP did not converge after 1 iterations.
[GMRF] MAP Mean value estimated in 5.86577 milliseconds
--> MAP did not converge after 1 iterations.
[GMRF] MAP Mean value estimated in 5.86 milliseconds
--> MAP did not converge after 1 iterations.
[GMRF] MAP Mean value estimated in 5.8543 milliseconds
--> MAP did not converge after 1 iterations.
[GMRF] MAP Mean value estimated in 5.86184 milliseconds
--> MAP did not converge after 1 iterations.
[GMRF] MAP Mean value estimated in 5.85621 milliseconds
--> MAP did not converge after 1 iterations.
[GMRF] MAP Mean value estimated in 5.84416 milliseconds
--> MAP did not converge after 1 iterations.
[GMRF] MAP Mean value estimated in 5.83871 milliseconds
--> MAP did not converge after 1 iterations.
[GMRF] MAP Mean value estimated in 5.83333 milliseconds
--> MAP did not converge after 1 iterations.
[GMRF] MAP Mean value estimated in 5.82803 milliseconds
--> MAP did not converge after 1 iterations.
[GMRF] MAP Mean value estimated in 5.82911 milliseconds
--> MAP did not converge after 1 iterations.
[GMRF] MAP Mean value estimated in 5.84906 milliseconds
--> MAP did not converge after 1 iterations.
[GMRF] MAP Mean value estimated in 5.875 milliseconds
--> MAP did not converge after 1 iterations.
[GMRF] MAP Mean value estimated in 5.89441 milliseconds
--> MAP did not converge after 1 iterations.
[GMRF] MAP Mean value estimated in 5.91975 milliseconds
--> MAP did not converge after 1 iterations.
[GMRF] MAP Mean value estimated in 5.92025 milliseconds
--> MAP did not converge after 1 iterations.
[GMRF] MAP Mean value estimated in 5.92073 milliseconds
--> MAP did not converge after 1 iterations.
[GMRF] MAP Mean value estimated in 5.91515 milliseconds
--> MAP did not converge after 1 iterations.
[GMRF] MAP Mean value estimated in 5.90361 milliseconds
--> MAP did not converge after 1 iterations.
[GMRF] MAP Mean value estimated in 5.92216 milliseconds
--> MAP did not converge after 1 iterations.
[GMRF] MAP Mean value estimated in 5.91667 milliseconds
--> MAP did not converge after 1 iterations.
[GMRF] MAP Mean value estimated in 5.93491 milliseconds
--> MAP did not converge after 1 iterations.
[GMRF] MAP Mean value estimated in 5.94118 milliseconds
--> MAP did not converge after 1 iterations.
[GMRF] MAP Mean value estimated in 5.96491 milliseconds
--> MAP did not converge after 1 iterations.
[GMRF] MAP Mean value estimated in 5.98837 milliseconds
--> MAP did not converge after 1 iterations.
[GMRF] MAP Mean value estimated in 6 milliseconds
--> MAP did not converge after 1 iterations.
[GMRF] MAP Mean value estimated in 6 milliseconds
--> MAP did not converge after 1 iterations.
[GMRF] MAP Mean value estimated in 5.99429 milliseconds
--> MAP did not converge after 1 iterations.
[GMRF] MAP Mean value estimated in 6.01136 milliseconds
--> MAP did not converge after 1 iterations.
[GMRF] MAP Mean value estimated in 6.0226 milliseconds
--> MAP did not converge after 1 iterations.
[GMRF] MAP Mean value estimated in 6.04494 milliseconds
--> MAP did not converge after 1 iterations.
[GMRF] MAP Mean value estimated in 6.03911 milliseconds
--> MAP did not converge after 1 iterations.
[GMRF] MAP Mean value estimated in 6.03333 milliseconds
--> MAP did not converge after 1 iterations.
[GMRF] MAP Mean value estimated in 6.04972 milliseconds
--> MAP did not converge after 1 iterations.
[GMRF] MAP Mean value estimated in 6.04945 milliseconds
--> MAP did not converge after 1 iterations.
[GMRF] MAP Mean value estimated in 6.05464 milliseconds
--> MAP did not converge after 1 iterations.
[GMRF] MAP Mean value estimated in 6.04891 milliseconds
--> MAP did not converge after 1 iterations.
[GMRF] MAP Mean value estimated in 6.04324 milliseconds
--> MAP did not converge after 1 iterations.
[GMRF] MAP Mean value estimated in 6.03763 milliseconds
--> MAP did not converge after 1 iterations.
[GMRF] MAP Mean value estimated in 6.03209 milliseconds
--> MAP did not converge after 1 iterations.
[GMRF] MAP Mean value estimated in 6.03723 milliseconds
--> MAP did not converge after 1 iterations.
[GMRF] MAP Mean value estimated in 6.03704 milliseconds
--> MAP did not converge after 1 iterations.
[GMRF] MAP Mean value estimated in 6.05263 milliseconds
--> MAP did not converge after 1 iterations.
[GMRF] MAP Mean value estimated in 6.06806 milliseconds
--> MAP did not converge after 1 iterations.
[GMRF] MAP Mean value estimated in 6.06771 milliseconds
--> MAP did not converge after 1 iterations.
[GMRF] MAP Mean value estimated in 6.06218 milliseconds
--> MAP did not converge after 1 iterations.
[GMRF] MAP Mean value estimated in 6.06186 milliseconds
--> MAP did not converge after 1 iterations.
[GMRF] MAP Mean value estimated in 6.07179 milliseconds
--> MAP did not converge after 1 iterations.
[GMRF] MAP Mean value estimated in 6.09184 milliseconds
--> MAP did not converge after 1 iterations.
[GMRF] MAP Mean value estimated in 6.10152 milliseconds
--> MAP did not converge after 1 iterations.
[GMRF] MAP Mean value estimated in 6.12626 milliseconds
--> MAP did not converge after 1 iterations.
[GMRF] MAP Mean value estimated in 6.1206 milliseconds
--> MAP did not converge after 1 iterations.
[GMRF] MAP Mean value estimated in 6.115 milliseconds
--> MAP did not converge after 1 iterations.
[GMRF] MAP Mean value estimated in 6.10945 milliseconds
--> MAP did not converge after 1 iterations.
[GMRF] MAP Mean value estimated in 6.10891 milliseconds
--> MAP did not converge after 1 iterations.
[GMRF] MAP Mean value estimated in 6.10345 milliseconds
--> MAP did not converge after 1 iterations.
[GMRF] MAP Mean value estimated in 6.09314 milliseconds
--> MAP did not converge after 1 iterations.
[GMRF] MAP Mean value estimated in 6.0878 milliseconds
--> MAP did not converge after 1 iterations.
[GMRF] MAP Mean value estimated in 6.09223 milliseconds
--> MAP did not converge after 1 iterations.
[GMRF] MAP Mean value estimated in 6.08696 milliseconds
--> MAP did not converge after 1 iterations.
[GMRF] MAP Mean value estimated in 6.10096 milliseconds
--> MAP did not converge after 1 iterations.
[GMRF] MAP Mean value estimated in 6.09569 milliseconds
--> MAP did not converge after 1 iterations.
[GMRF] MAP Mean value estimated in 6.10952 milliseconds
--> MAP did not converge after 1 iterations.
[GMRF] MAP Mean value estimated in 6.12796 milliseconds
--> MAP did not converge after 1 iterations.
[GMRF] MAP Mean value estimated in 6.15566 milliseconds
--> MAP did not converge after 1 iterations.
[GMRF] MAP Mean value estimated in 6.15962 milliseconds
--> MAP did not converge after 1 iterations.
[GMRF] MAP Mean value estimated in 6.1729 milliseconds
--> MAP did not converge after 1 iterations.
[GMRF] MAP Mean value estimated in 6.16744 milliseconds
--> MAP did not converge after 1 iterations.
[GMRF] MAP Mean value estimated in 6.1713 milliseconds
--> MAP did not converge after 1 iterations.
[GMRF] MAP Mean value estimated in 6.1659 milliseconds
--> MAP did not converge after 1 iterations.
[GMRF] MAP Mean value estimated in 6.1789 milliseconds
--> MAP did not converge after 1 iterations.
[GMRF] MAP Mean value estimated in 6.18265 milliseconds
--> MAP did not converge after 1 iterations.
[GMRF] MAP Mean value estimated in 6.17727 milliseconds
--> MAP did not converge after 1 iterations.
[GMRF] MAP Mean value estimated in 6.17195 milliseconds
--> MAP did not converge after 1 iterations.
[GMRF] MAP Mean value estimated in 6.17568 milliseconds
--> MAP did not converge after 1 iterations.
[GMRF] MAP Mean value estimated in 6.18834 milliseconds
--> MAP did not converge after 1 iterations.
[GMRF] MAP Mean value estimated in 6.19643 milliseconds
--> MAP did not converge after 1 iterations.
[GMRF] MAP Mean value estimated in 6.19111 milliseconds
--> MAP did not converge after 1 iterations.
[GMRF] MAP Mean value estimated in 6.18584 milliseconds
--> MAP did not converge after 1 iterations.
[GMRF] MAP Mean value estimated in 6.19383 milliseconds
--> MAP did not converge after 1 iterations.
[GMRF] MAP Mean value estimated in 6.20614 milliseconds
[INFO] [1791601582.402939260] [rclcpp]: signal_handler(signum=2)
