[INFO] [1788875183.840521458] [GSL]: Starting GSL server
[INFO] [1788875188.882835530] [GSL]: GSL action server is ready for action!
[INFO] [1788875189.883603872] [GSL]: [33mRequest received: PMFS[0m
[INFO] [1788875190.893990056] [GSL]: Waiting to hear from localization topic: /amcl_pose
[INFO] [1788875190.895960606] [GSL]: Gas sensor topic: '/PID/Sensor_reading'
[INFO] [1788875190.896961102] [GSL]: Wind sensor topic: '/Anemometer/WindSensor_reading'
[INFO] [1788875190.896997534] [GSL]: [34mINITIALIZATON COMPLETED[0m
[INFO] [1788875190.926372771] [GSL - Trace]: [32mEntering WaitForMap[0m
[INFO] [1788875190.926402431] [GSL - Trace]: [32mNeed occupancy map and costmap[0m
[INFO] [1788875190.978221045] [GSL - Trace]: [32mGot occupancy map[0m
[INFO] [1788875190.978287851] [GSL]: 
--------------GSL---------------
Occupancy Map dimensions:
x_min:-5.4 x_max:2.9   -   y_min:-7.5 y_max:4.4
--------------------------------
[INFO] [1788875190.978433975] [GSL]: [MAP-DEBUG] 83x119 res=0.1000 free=6811 obs=3066 unk=0 origin=(-5.39,-7.45)
[INFO] [1788875190.980564293] [GSL - Trace]: [32mCreated grid[0m
[INFO] [1788875190.980597983] [GSL]: [DEBUG] After reduceOccupancyMap: free=643 obstacle=410 total=1053
[INFO] [1788875190.981517001] [GSL - Trace]: [32mPruned unreachable cells[0m
[INFO] [1788875190.981545389] [GSL]: [DEBUG] After PruneUnreachable: free=631 obstacle=422 total=1053
[INFO] [1788875190.981555570] [GSL]: [DEBUG] Grid dims: 27x39 scale=3 cellSize=0.3
[INFO] [1788875190.981563183] [GSL]: [DEBUG] Start pos: (-0.5, -2.5)
[INFO] [1788875190.988160083] [GSL - Trace]: [32mCreated visibility map[0m
[INFO] [1788875190.993190416] [GSL]: Number of cells after fusing quadtree: 62
[INFO] [1788875190.994215089] [GSL]: [DEBUG-WIND] useGroundTruth=false gmrf_req_size=631 gaden_req_size=-1
[INFO] [1788875190.994232302] [GSL]: [DEBUG-WIND] Taking GMRF path
[INFO] [1788875191.030270262] [GSL - Trace]: [32mEntering StopAndMeasure[0m
[INFO] [1788875191.678178861] [GSL - Trace]: [32mGot cost map[0m
[INFO] [1788875192.878119044] [GSL]: 10 gas measurements, 10 wind measurements over 1.85 seconds
[INFO] [1788875192.878403281] [GSL]: avg_gas=0.35;  avg_windSpeed=0.021;  avg_wind_dir=-3.1
[INFO] [1788875192.879030874] [GSL]: [33mGAS HIT[0m
[INFO] [1788875192.879041771] [GSL]: [DEBUG-WIND] useGroundTruth=false gmrf_req_size=631 gaden_req_size=-1
[INFO] [1788875192.879051879] [GSL]: [DEBUG-WIND] Taking GMRF path
[INFO] [1788875192.930197274] [GSL - Trace]: [32mEntering StopAndMeasure[0m
[INFO] [1788875194.928343615] [GSL]: 10 gas measurements, 10 wind measurements over 2.00 seconds
[INFO] [1788875194.928484362] [GSL]: avg_gas=0.42;  avg_windSpeed=0.023;  avg_wind_dir=-3
[INFO] [1788875194.930139169] [GSL]: [33mGAS HIT[0m
[INFO] [1788875194.930200191] [GSL]: [DEBUG-WIND] useGroundTruth=false gmrf_req_size=631 gaden_req_size=-1
[INFO] [1788875194.930216394] [GSL]: [DEBUG-WIND] Taking GMRF path
[INFO] [1788875195.030712248] [GSL - Trace]: [32mEntering StopAndMeasure[0m
[INFO] [1788875196.910819389] [GSL]: 10 gas measurements, 10 wind measurements over 1.88 seconds
[INFO] [1788875196.911659457] [GSL]: avg_gas=0.44;  avg_windSpeed=0.021;  avg_wind_dir=-3.1
[INFO] [1788875196.913162403] [GSL]: [33mGAS HIT[0m
[INFO] [1788875196.913187932] [GSL]: [DEBUG-WIND] useGroundTruth=false gmrf_req_size=631 gaden_req_size=-1
[INFO] [1788875196.913204342] [GSL]: [DEBUG-WIND] Taking GMRF path
[INFO] [1788875196.930810566] [GSL - Trace]: [32mEntering StopAndMeasure[0m
[INFO] [1788875198.882758048] [GSL]: 10 gas measurements, 10 wind measurements over 1.95 seconds
[INFO] [1788875198.882812497] [GSL]: avg_gas=0.43;  avg_windSpeed=0.023;  avg_wind_dir=-3
[INFO] [1788875198.883438587] [GSL]: [33mGAS HIT[0m
[INFO] [1788875198.883449003] [GSL]: [DEBUG-WIND] useGroundTruth=false gmrf_req_size=631 gaden_req_size=-1
[INFO] [1788875198.883455682] [GSL]: [DEBUG-WIND] Taking GMRF path
[INFO] [1788875198.930970052] [GSL - Trace]: [32mEntering StopAndMeasure[0m
[INFO] [1788875200.882534352] [GSL]: 10 gas measurements, 10 wind measurements over 1.95 seconds
[INFO] [1788875200.882956831] [GSL]: avg_gas=0.42;  avg_windSpeed=0.021;  avg_wind_dir=-3.1
[INFO] [1788875200.883523709] [GSL]: [33mGAS HIT[0m
[INFO] [1788875200.883532643] [GSL]: [DEBUG-WIND] useGroundTruth=false gmrf_req_size=631 gaden_req_size=-1
[INFO] [1788875200.883539297] [GSL]: [DEBUG-WIND] Taking GMRF path
[INFO] [1788875200.930191689] [GSL - Trace]: [32mEntering StopAndMeasure[0m
[INFO] [1788875202.882593854] [GSL]: 10 gas measurements, 10 wind measurements over 1.95 seconds
[INFO] [1788875202.882648302] [GSL]: avg_gas=0.43;  avg_windSpeed=0.023;  avg_wind_dir=-3
[INFO] [1788875202.883256922] [GSL]: [33mGAS HIT[0m
[INFO] [1788875202.883266745] [GSL]: [DEBUG-WIND] useGroundTruth=false gmrf_req_size=631 gaden_req_size=-1
[INFO] [1788875202.883273512] [GSL]: [DEBUG-WIND] Taking GMRF path
[INFO] [1788875202.930384543] [GSL - Trace]: [32mEntering StopAndMeasure[0m
[INFO] [1788875204.882700282] [GSL]: 10 gas measurements, 10 wind measurements over 1.95 seconds
[INFO] [1788875204.882783584] [GSL]: avg_gas=0.48;  avg_windSpeed=0.021;  avg_wind_dir=-3.1
[INFO] [1788875204.884192578] [GSL]: [33mGAS HIT[0m
[INFO] [1788875204.884222510] [GSL]: [DEBUG-WIND] useGroundTruth=false gmrf_req_size=631 gaden_req_size=-1
[INFO] [1788875204.884232010] [GSL]: [DEBUG-WIND] Taking GMRF path
[INFO] [1788875204.930083266] [GSL - Trace]: [32mEntering StopAndMeasure[0m
[INFO] [1788875206.882576866] [GSL]: 10 gas measurements, 10 wind measurements over 1.95 seconds
[INFO] [1788875206.882628914] [GSL]: avg_gas=0.47;  avg_windSpeed=0.023;  avg_wind_dir=-3
[INFO] [1788875206.883239909] [GSL]: [33mGAS HIT[0m
[INFO] [1788875206.883249736] [GSL]: [DEBUG-WIND] useGroundTruth=false gmrf_req_size=631 gaden_req_size=-1
[INFO] [1788875206.883256331] [GSL]: [DEBUG-WIND] Taking GMRF path
[INFO] [1788875206.939136817] [GSL]: Max mutual info: 6.447
[WARN] [1788875206.940413089] [rcl.logging_rosout]: Publisher already registered for provided node name. If this is due to multiple nodes with the same name then all logs for that logger name will go out over the existing publisher. As soon as any node with that name is destructed it will unregister the publisher, preventing any further logs for that name from being published on the rosout topic.
[INFO] [1788875206.953114155] [GSL]: MutualInformation - Ellapsed: 0.023s
[INFO] [1788875206.980964942] [GSL]: Sending goal (-1.64, -2.50)
[INFO] [1788875206.981561587] [GSL]: Variance: 14.35
[INFO] [1788875206.981583015] [GSL - Trace]: [32mEntering Moving[0m
[INFO] [1788875207.932947820] [GSL - Trace]: [32mEntering StopAndMeasure[0m
[INFO] [1788875209.882666345] [GSL]: 10 gas measurements, 10 wind measurements over 1.95 seconds
[INFO] [1788875209.882723579] [GSL]: avg_gas=0.69;  avg_windSpeed=0.13;  avg_wind_dir=-1.5
[INFO] [1788875209.883283512] [GSL]: [33mGAS HIT[0m
[INFO] [1788875209.883294052] [GSL]: [DEBUG-WIND] useGroundTruth=false gmrf_req_size=631 gaden_req_size=-1
[INFO] [1788875209.883301006] [GSL]: [DEBUG-WIND] Taking GMRF path
[INFO] [1788875209.930333865] [GSL - Trace]: [32mEntering StopAndMeasure[0m
[INFO] [1788875211.882577500] [GSL]: 10 gas measurements, 10 wind measurements over 1.95 seconds
[INFO] [1788875211.882639336] [GSL]: avg_gas=0.74;  avg_windSpeed=0.14;  avg_wind_dir=-1.5
[INFO] [1788875211.883183826] [GSL]: [33mGAS HIT[0m
[INFO] [1788875211.883194560] [GSL]: [DEBUG-WIND] useGroundTruth=false gmrf_req_size=631 gaden_req_size=-1
[INFO] [1788875211.883201386] [GSL]: [DEBUG-WIND] Taking GMRF path
[INFO] [1788875211.930075138] [GSL - Trace]: [32mEntering StopAndMeasure[0m
[INFO] [1788875213.882553233] [GSL]: 10 gas measurements, 10 wind measurements over 1.95 seconds
[INFO] [1788875213.882613983] [GSL]: avg_gas=0.73;  avg_windSpeed=0.13;  avg_wind_dir=-1.5
[INFO] [1788875213.883241955] [GSL]: [33mGAS HIT[0m
[INFO] [1788875213.883253634] [GSL]: [DEBUG-WIND] useGroundTruth=false gmrf_req_size=631 gaden_req_size=-1
[INFO] [1788875213.883261511] [GSL]: [DEBUG-WIND] Taking GMRF path
[INFO] [1788875213.930362506] [GSL - Trace]: [32mEntering StopAndMeasure[0m
[INFO] [1788875215.882650083] [GSL]: 10 gas measurements, 10 wind measurements over 1.95 seconds
[INFO] [1788875215.883044722] [GSL]: avg_gas=0.76;  avg_windSpeed=0.14;  avg_wind_dir=-1.5
[INFO] [1788875215.883644588] [GSL]: [33mGAS HIT[0m
[INFO] [1788875215.883668206] [GSL]: [DEBUG-WIND] useGroundTruth=false gmrf_req_size=631 gaden_req_size=-1
[INFO] [1788875215.883675591] [GSL]: [DEBUG-WIND] Taking GMRF path
[INFO] [1788875215.930094389] [GSL - Trace]: [32mEntering StopAndMeasure[0m
[INFO] [1788875217.882586641] [GSL]: 10 gas measurements, 10 wind measurements over 1.95 seconds
[INFO] [1788875217.882643277] [GSL]: avg_gas=0.78;  avg_windSpeed=0.13;  avg_wind_dir=-1.5
[INFO] [1788875217.883215261] [GSL]: [33mGAS HIT[0m
[INFO] [1788875217.883257690] [GSL]: [DEBUG-WIND] useGroundTruth=false gmrf_req_size=631 gaden_req_size=-1
[INFO] [1788875217.883266262] [GSL]: [DEBUG-WIND] Taking GMRF path
[INFO] [1788875217.930131976] [GSL - Trace]: [32mEntering StopAndMeasure[0m
[INFO] [1788875219.882580974] [GSL]: 10 gas measurements, 10 wind measurements over 1.95 seconds
[INFO] [1788875219.883049698] [GSL]: avg_gas=0.87;  avg_windSpeed=0.14;  avg_wind_dir=-1.5
[INFO] [1788875219.883608987] [GSL]: [33mGAS HIT[0m
[INFO] [1788875219.883634150] [GSL]: [DEBUG-WIND] useGroundTruth=false gmrf_req_size=631 gaden_req_size=-1
[INFO] [1788875219.883641047] [GSL]: [DEBUG-WIND] Taking GMRF path
[INFO] [1788875219.930085355] [GSL - Trace]: [32mEntering StopAndMeasure[0m
[INFO] [1788875221.882569147] [GSL]: 10 gas measurements, 10 wind measurements over 1.95 seconds
[INFO] [1788875221.882619725] [GSL]: avg_gas=0.88;  avg_windSpeed=0.13;  avg_wind_dir=-1.5
[INFO] [1788875221.883197299] [GSL]: [33mGAS HIT[0m
[INFO] [1788875221.883222429] [GSL]: [DEBUG-WIND] useGroundTruth=false gmrf_req_size=631 gaden_req_size=-1
[INFO] [1788875221.883229865] [GSL]: [DEBUG-WIND] Taking GMRF path
[INFO] [1788875221.931078967] [GSL - Trace]: [32mEntering StopAndMeasure[0m
[INFO] [1788875223.882566392] [GSL]: 10 gas measurements, 10 wind measurements over 1.95 seconds
[INFO] [1788875223.883022665] [GSL]: avg_gas=0.87;  avg_windSpeed=0.14;  avg_wind_dir=-1.5
[INFO] [1788875223.883551962] [GSL]: [33mGAS HIT[0m
[INFO] [1788875223.883563664] [GSL]: [DEBUG-WIND] useGroundTruth=false gmrf_req_size=631 gaden_req_size=-1
[INFO] [1788875223.883570568] [GSL]: [DEBUG-WIND] Taking GMRF path
[INFO] [1788875223.937907473] [GSL]: Max mutual info: 6.447
[INFO] [1788875223.938042762] [GSL]: MutualInformation - Ellapsed: 0.008s
[INFO] [1788875223.974530545] [GSL]: Sending goal (-2.54, -2.50)
[INFO] [1788875223.975366050] [GSL]: Variance: 14.35
[INFO] [1788875223.975393030] [GSL - Trace]: [32mEntering Moving[0m
[INFO] [1788875224.733143836] [GSL - Trace]: [32mEntering StopAndMeasure[0m
[INFO] [1788875226.733108311] [GSL]: 10 gas measurements, 10 wind measurements over 2.00 seconds
[INFO] [1788875226.733360184] [GSL]: avg_gas=0.71;  avg_windSpeed=0.04;  avg_wind_dir=-0.91
[INFO] [1788875226.734316606] [GSL]: [33mGAS HIT[0m
[INFO] [1788875226.734333916] [GSL]: [DEBUG-WIND] useGroundTruth=false gmrf_req_size=631 gaden_req_size=-1
[INFO] [1788875226.734932060] [GSL]: [DEBUG-WIND] Taking GMRF path
[INFO] [1788875226.830260325] [GSL - Trace]: [32mEntering StopAndMeasure[0m
[INFO] [1788875228.733534525] [GSL]: 10 gas measurements, 10 wind measurements over 1.90 seconds
[INFO] [1788875228.733755050] [GSL]: avg_gas=0.63;  avg_windSpeed=0.047;  avg_wind_dir=-1.1
[INFO] [1788875228.734730991] [GSL]: [33mGAS HIT[0m
[INFO] [1788875228.734747979] [GSL]: [DEBUG-WIND] useGroundTruth=false gmrf_req_size=631 gaden_req_size=-1
[INFO] [1788875228.734759368] [GSL]: [DEBUG-WIND] Taking GMRF path
[INFO] [1788875228.830518428] [GSL - Trace]: [32mEntering StopAndMeasure[0m
[INFO] [1788875230.732574697] [GSL]: 10 gas measurements, 10 wind measurements over 1.90 seconds
[INFO] [1788875230.732637576] [GSL]: avg_gas=0.59;  avg_windSpeed=0.04;  avg_wind_dir=-0.91
[INFO] [1788875230.733177853] [GSL]: [33mGAS HIT[0m
[INFO] [1788875230.733188007] [GSL]: [DEBUG-WIND] useGroundTruth=false gmrf_req_size=631 gaden_req_size=-1
[INFO] [1788875230.733580400] [GSL]: [DEBUG-WIND] Taking GMRF path
[INFO] [1788875230.829992207] [GSL - Trace]: [32mEntering StopAndMeasure[0m
[INFO] [1788875232.733163538] [GSL]: 10 gas measurements, 10 wind measurements over 1.90 seconds
[INFO] [1788875232.733256332] [GSL]: avg_gas=0.57;  avg_windSpeed=0.047;  avg_wind_dir=-1.1
[INFO] [1788875232.734000034] [GSL]: [33mGAS HIT[0m
[INFO] [1788875232.734013055] [GSL]: [DEBUG-WIND] useGroundTruth=false gmrf_req_size=631 gaden_req_size=-1
[INFO] [1788875232.734022407] [GSL]: [DEBUG-WIND] Taking GMRF path
[INFO] [1788875232.830136495] [GSL - Trace]: [32mEntering StopAndMeasure[0m
[INFO] [1788875234.733437916] [GSL]: 10 gas measurements, 10 wind measurements over 1.90 seconds
[INFO] [1788875234.733531926] [GSL]: avg_gas=0.58;  avg_windSpeed=0.04;  avg_wind_dir=-0.91
[INFO] [1788875234.734454512] [GSL]: [33mGAS HIT[0m
[INFO] [1788875234.734473818] [GSL]: [DEBUG-WIND] useGroundTruth=false gmrf_req_size=631 gaden_req_size=-1
[INFO] [1788875234.734484761] [GSL]: [DEBUG-WIND] Taking GMRF path
[INFO] [1788875234.830225723] [GSL - Trace]: [32mEntering StopAndMeasure[0m
[INFO] [1788875236.732657214] [GSL]: 10 gas measurements, 10 wind measurements over 1.90 seconds
[INFO] [1788875236.732724796] [GSL]: avg_gas=0.61;  avg_windSpeed=0.047;  avg_wind_dir=-1.1
[INFO] [1788875236.733245736] [GSL]: [33mGAS HIT[0m
[INFO] [1788875236.733255336] [GSL]: [DEBUG-WIND] useGroundTruth=false gmrf_req_size=631 gaden_req_size=-1
[INFO] [1788875236.733261708] [GSL]: [DEBUG-WIND] Taking GMRF path
[INFO] [1788875236.830038409] [GSL - Trace]: [32mEntering StopAndMeasure[0m
[INFO] [1788875238.732775078] [GSL]: 10 gas measurements, 10 wind measurements over 1.90 seconds
[INFO] [1788875238.732869690] [GSL]: avg_gas=0.62;  avg_windSpeed=0.04;  avg_wind_dir=-0.91
[INFO] [1788875238.733374867] [GSL]: [33mGAS HIT[0m
[INFO] [1788875238.733383776] [GSL]: [DEBUG-WIND] useGroundTruth=false gmrf_req_size=631 gaden_req_size=-1
[INFO] [1788875238.733390275] [GSL]: [DEBUG-WIND] Taking GMRF path
[INFO] [1788875238.830055551] [GSL - Trace]: [32mEntering StopAndMeasure[0m
[INFO] [1788875240.732710275] [GSL]: 10 gas measurements, 10 wind measurements over 1.90 seconds
[INFO] [1788875240.732780127] [GSL]: avg_gas=0.61;  avg_windSpeed=0.047;  avg_wind_dir=-1.1
[INFO] [1788875240.733390165] [GSL]: [33mGAS HIT[0m
[INFO] [1788875240.733414011] [GSL]: [DEBUG-WIND] useGroundTruth=false gmrf_req_size=631 gaden_req_size=-1
[INFO] [1788875240.733421258] [GSL]: [DEBUG-WIND] Taking GMRF path
[INFO] [1788875240.837885093] [GSL]: Max mutual info: 6.447
[INFO] [1788875240.838006739] [GSL]: MutualInformation - Ellapsed: 0.008s
[INFO] [1788875240.879215282] [GSL]: Sending goal (-3.44, -2.50)
[INFO] [1788875240.879715317] [GSL]: Variance: 14.35
[INFO] [1788875240.879741545] [GSL - Trace]: [32mEntering Moving[0m
[INFO] [1788875241.745940907] [GSL - Trace]: [32mEntering StopAndMeasure[0m
[INFO] [1788875243.728913638] [GSL]: 10 gas measurements, 10 wind measurements over 1.98 seconds
[INFO] [1788875243.729031900] [GSL]: avg_gas=0.61;  avg_windSpeed=0.027;  avg_wind_dir=-0.81
[INFO] [1788875243.730525284] [GSL]: [33mGAS HIT[0m
[INFO] [1788875243.730542651] [GSL]: [DEBUG-WIND] useGroundTruth=false gmrf_req_size=631 gaden_req_size=-1
[INFO] [1788875243.730554683] [GSL]: [DEBUG-WIND] Taking GMRF path
[INFO] [1788875243.830135462] [GSL - Trace]: [32mEntering StopAndMeasure[0m
[INFO] [1788875245.707628532] [GSL]: 10 gas measurements, 10 wind measurements over 1.88 seconds
[INFO] [1788875245.707687467] [GSL]: avg_gas=0.63;  avg_windSpeed=0.04;  avg_wind_dir=-2.1
[INFO] [1788875245.708252930] [GSL]: [33mGAS HIT[0m
[INFO] [1788875245.708262381] [GSL]: [DEBUG-WIND] useGroundTruth=false gmrf_req_size=631 gaden_req_size=-1
[INFO] [1788875245.708269119] [GSL]: [DEBUG-WIND] Taking GMRF path
[INFO] [1788875245.730164747] [GSL - Trace]: [32mEntering StopAndMeasure[0m
[INFO] [1788875247.731192872] [GSL]: 10 gas measurements, 10 wind measurements over 2.00 seconds
[INFO] [1788875247.731261219] [GSL]: avg_gas=0.63;  avg_windSpeed=0.027;  avg_wind_dir=-0.81
[INFO] [1788875247.732173406] [GSL]: [33mGAS HIT[0m
[INFO] [1788875247.732199405] [GSL]: [DEBUG-WIND] useGroundTruth=false gmrf_req_size=631 gaden_req_size=-1
[INFO] [1788875247.732206579] [GSL]: [DEBUG-WIND] Taking GMRF path
[INFO] [1788875247.830149853] [GSL - Trace]: [32mEntering StopAndMeasure[0m
[INFO] [1788875249.707253600] [GSL]: 10 gas measurements, 10 wind measurements over 1.88 seconds
[INFO] [1788875249.707318997] [GSL]: avg_gas=0.63;  avg_windSpeed=0.04;  avg_wind_dir=-2.1
[INFO] [1788875249.707918389] [GSL]: [33mGAS HIT[0m
[INFO] [1788875249.707929343] [GSL]: [DEBUG-WIND] useGroundTruth=false gmrf_req_size=631 gaden_req_size=-1
[INFO] [1788875249.707936183] [GSL]: [DEBUG-WIND] Taking GMRF path
[INFO] [1788875249.730221072] [GSL - Trace]: [32mEntering StopAndMeasure[0m
[INFO] [1788875251.732142439] [GSL]: 10 gas measurements, 10 wind measurements over 2.00 seconds
[INFO] [1788875251.732261587] [GSL]: avg_gas=0.64;  avg_windSpeed=0.027;  avg_wind_dir=-0.81
[INFO] [1788875251.734088210] [GSL]: [33mGAS HIT[0m
[INFO] [1788875251.734159652] [GSL]: [DEBUG-WIND] useGroundTruth=false gmrf_req_size=631 gaden_req_size=-1
[INFO] [1788875251.734172302] [GSL]: [DEBUG-WIND] Taking GMRF path
[INFO] [1788875251.830206691] [GSL - Trace]: [32mEntering StopAndMeasure[0m
[INFO] [1788875253.732009439] [GSL]: 10 gas measurements, 10 wind measurements over 1.90 seconds
[INFO] [1788875253.732077315] [GSL]: avg_gas=0.63;  avg_windSpeed=0.04;  avg_wind_dir=-2.1
[INFO] [1788875253.732627288] [GSL]: [33mGAS HIT[0m
[INFO] [1788875253.732636782] [GSL]: [DEBUG-WIND] useGroundTruth=false gmrf_req_size=631 gaden_req_size=-1
[INFO] [1788875253.732643421] [GSL]: [DEBUG-WIND] Taking GMRF path
[INFO] [1788875253.830010106] [GSL - Trace]: [32mEntering StopAndMeasure[0m
[INFO] [1788875255.732024186] [GSL]: 10 gas measurements, 10 wind measurements over 1.90 seconds
[INFO] [1788875255.732092536] [GSL]: avg_gas=0.63;  avg_windSpeed=0.027;  avg_wind_dir=-0.81
[INFO] [1788875255.732668489] [GSL]: [33mGAS HIT[0m
[INFO] [1788875255.733021366] [GSL]: [DEBUG-WIND] useGroundTruth=false gmrf_req_size=631 gaden_req_size=-1
[INFO] [1788875255.733041284] [GSL]: [DEBUG-WIND] Taking GMRF path
[INFO] [1788875255.830097036] [GSL - Trace]: [32mEntering StopAndMeasure[0m
[INFO] [1788875257.732042294] [GSL]: 10 gas measurements, 10 wind measurements over 1.90 seconds
[INFO] [1788875257.732105732] [GSL]: avg_gas=0.65;  avg_windSpeed=0.04;  avg_wind_dir=-2.1
[INFO] [1788875257.732640841] [GSL]: [33mGAS HIT[0m
[INFO] [1788875257.732649535] [GSL]: [DEBUG-WIND] useGroundTruth=false gmrf_req_size=631 gaden_req_size=-1
[INFO] [1788875257.732655990] [GSL]: [DEBUG-WIND] Taking GMRF path
[INFO] [1788875257.829991405] [GSL]: [33mStarted simulations. Might take a while![0m
[INFO] [1788875257.930593596] [GSL]: CER contrastive context initialized: events=32, candidates=62, transport_members=1, fixed_ratio_weight=1, context_within_member=true, centered_log_odds=true
[INFO] [1788875257.933858790] [GSL - Trace]: [32mFirst simulation level done[0m
[INFO] [1788875257.934474782] [GSL]: [RC2-DIAG] scores_size=62 refineFraction=0.25 refine_product=15.5 valid_first_level=62 sum_sourceProbInternal_before_norm=133.7643732185924 min_sourceProbInternal_before_norm=0 max_sourceProbInternal_before_norm=0.9827289713129277 finite_sourceProbInternal=1053 finite_varianceOfHitProb=1053
[INFO] [1788875258.029861862] [GSL - Trace]: [32mSimulation level 2 done[0m
[INFO] [1788875258.096006305] [GSL - Trace]: [32mSimulation level 3 done[0m
[INFO] [1788875258.118341890] [GSL - Trace]: [32mSimulation level 4 done[0m
[INFO] [1788875258.119362000] [GSL - Trace]: [32mSimulation level 5 done[0m
[INFO] [1788875258.119381111] [GSL]: Number of levels in the simulation: 5
[INFO] [1788875258.119388578] [GSL]: Total number of simulations: 158
[INFO] [1788875258.119411610] [GSL]: CORE sequential event-time commit: window_start=0, new_events=32, committed_total=32
[INFO] [1788875258.119425421] [GSL]: [RC2-DIAG] normalized_finite_count=1053 normalized_sum=1
[INFO] [1788875258.120167136] [GSL]: Time ellapsed in simulation = 0.29010719700000004 s
[INFO] [1788875258.123570983] [GSL]: Max mutual info: 2.303
[INFO] [1788875258.123849975] [GSL]: MutualInformation - Ellapsed: 0.004s
[INFO] [1788875258.155490683] [GSL]: Sending goal (-1.94, -1.30)
[INFO] [1788875258.155995035] [GSL]: Variance: 2.04
[INFO] [1788875258.156026055] [GSL - Trace]: [32mEntering Moving[0m
[INFO] [1788875259.529417548] [GSL - Trace]: [32mEntering StopAndMeasure[0m
[INFO] [1788875261.506435181] [GSL]: 10 gas measurements, 10 wind measurements over 1.98 seconds
[INFO] [1788875261.506503648] [GSL]: avg_gas=0.85;  avg_windSpeed=0.056;  avg_wind_dir=-0.67
[INFO] [1788875261.507234468] [GSL]: [33mGAS HIT[0m
[INFO] [1788875261.507263440] [GSL]: [DEBUG-WIND] useGroundTruth=false gmrf_req_size=631 gaden_req_size=-1
[INFO] [1788875261.507270439] [GSL]: [DEBUG-WIND] Taking GMRF path
[INFO] [1788875261.530504875] [GSL - Trace]: [32mEntering StopAndMeasure[0m
[INFO] [1788875263.507260841] [GSL]: 10 gas measurements, 10 wind measurements over 1.98 seconds
[INFO] [1788875263.507947309] [GSL]: avg_gas=0.95;  avg_windSpeed=0.055;  avg_wind_dir=-0.67
[INFO] [1788875263.509290754] [GSL]: [33mGAS HIT[0m
[INFO] [1788875263.509333885] [GSL]: [DEBUG-WIND] useGroundTruth=false gmrf_req_size=631 gaden_req_size=-1
[INFO] [1788875263.509345336] [GSL]: [DEBUG-WIND] Taking GMRF path
[INFO] [1788875263.531039439] [GSL - Trace]: [32mEntering StopAndMeasure[0m
[INFO] [1788875265.507162011] [GSL]: 10 gas measurements, 10 wind measurements over 1.98 seconds
[INFO] [1788875265.507247891] [GSL]: avg_gas=0.95;  avg_windSpeed=0.056;  avg_wind_dir=-0.67
[INFO] [1788875265.508274648] [GSL]: [33mGAS HIT[0m
[INFO] [1788875265.508291338] [GSL]: [DEBUG-WIND] useGroundTruth=false gmrf_req_size=631 gaden_req_size=-1
[INFO] [1788875265.508302046] [GSL]: [DEBUG-WIND] Taking GMRF path
[INFO] [1788875265.531678041] [GSL - Trace]: [32mEntering StopAndMeasure[0m
[INFO] [1788875267.507271325] [GSL]: 10 gas measurements, 10 wind measurements over 1.98 seconds
[INFO] [1788875267.507887804] [GSL]: avg_gas=0.99;  avg_windSpeed=0.055;  avg_wind_dir=-0.67
[INFO] [1788875267.509127978] [GSL]: [33mGAS HIT[0m
[INFO] [1788875267.509168753] [GSL]: [DEBUG-WIND] useGroundTruth=false gmrf_req_size=631 gaden_req_size=-1
[INFO] [1788875267.509180953] [GSL]: [DEBUG-WIND] Taking GMRF path
[INFO] [1788875267.530587188] [GSL - Trace]: [32mEntering StopAndMeasure[0m
[INFO] [1788875269.507334563] [GSL]: 10 gas measurements, 10 wind measurements over 1.98 seconds
[INFO] [1788875269.507402130] [GSL]: avg_gas=0.95;  avg_windSpeed=0.056;  avg_wind_dir=-0.67
[INFO] [1788875269.508080668] [GSL]: [33mGAS HIT[0m
[INFO] [1788875269.508105606] [GSL]: [DEBUG-WIND] useGroundTruth=false gmrf_req_size=631 gaden_req_size=-1
[INFO] [1788875269.508112407] [GSL]: [DEBUG-WIND] Taking GMRF path
[INFO] [1788875269.530059053] [GSL - Trace]: [32mEntering StopAndMeasure[0m
[INFO] [1788875271.507320237] [GSL]: 10 gas measurements, 10 wind measurements over 1.98 seconds
[INFO] [1788875271.507978222] [GSL]: avg_gas=0.91;  avg_windSpeed=0.055;  avg_wind_dir=-0.67
[INFO] [1788875271.509462653] [GSL]: [33mGAS HIT[0m
[INFO] [1788875271.509501895] [GSL]: [DEBUG-WIND] useGroundTruth=false gmrf_req_size=631 gaden_req_size=-1
[INFO] [1788875271.509514095] [GSL]: [DEBUG-WIND] Taking GMRF path
[INFO] [1788875271.530434732] [GSL - Trace]: [32mEntering StopAndMeasure[0m
[INFO] [1788875273.507284797] [GSL]: 10 gas measurements, 10 wind measurements over 1.98 seconds
[INFO] [1788875273.507371061] [GSL]: avg_gas=0.88;  avg_windSpeed=0.056;  avg_wind_dir=-0.67
[INFO] [1788875273.508229293] [GSL]: [33mGAS HIT[0m
[INFO] [1788875273.508243534] [GSL]: [DEBUG-WIND] useGroundTruth=false gmrf_req_size=631 gaden_req_size=-1
[INFO] [1788875273.508263327] [GSL]: [DEBUG-WIND] Taking GMRF path
[INFO] [1788875273.530524523] [GSL - Trace]: [32mEntering StopAndMeasure[0m
[INFO] [1788875275.507333437] [GSL]: 10 gas measurements, 10 wind measurements over 1.98 seconds
[INFO] [1788875275.507431364] [GSL]: avg_gas=0.9;  avg_windSpeed=0.055;  avg_wind_dir=-0.67
[INFO] [1788875275.509031112] [GSL]: [33mGAS HIT[0m
[INFO] [1788875275.509063152] [GSL]: [DEBUG-WIND] useGroundTruth=false gmrf_req_size=631 gaden_req_size=-1
[INFO] [1788875275.509073161] [GSL]: [DEBUG-WIND] Taking GMRF path
[INFO] [1788875275.548380251] [GSL]: Max mutual info: 2.303
[INFO] [1788875275.548843335] [GSL]: MutualInformation - Ellapsed: 0.018s
[INFO] [1788875275.578524038] [GSL]: Sending goal (-2.54, -1.30)
[INFO] [1788875275.579961766] [GSL]: Variance: 2.04
[INFO] [1788875275.579989105] [GSL - Trace]: [32mEntering Moving[0m
[INFO] [1788875276.157472144] [GSL - Trace]: [32mEntering StopAndMeasure[0m
[INFO] [1788875278.107308281] [GSL]: 10 gas measurements, 10 wind measurements over 1.95 seconds
[INFO] [1788875278.107413778] [GSL]: avg_gas=0.86;  avg_windSpeed=0.058;  avg_wind_dir=-0.25
[INFO] [1788875278.108583092] [GSL]: [33mGAS HIT[0m
[INFO] [1788875278.108635169] [GSL]: [DEBUG-WIND] useGroundTruth=false gmrf_req_size=631 gaden_req_size=-1
[INFO] [1788875278.109317769] [GSL]: [DEBUG-WIND] Taking GMRF path
[INFO] [1788875278.130378288] [GSL - Trace]: [32mEntering StopAndMeasure[0m
[INFO] [1788875280.107135125] [GSL]: 10 gas measurements, 10 wind measurements over 1.98 seconds
[INFO] [1788875280.107200452] [GSL]: avg_gas=0.85;  avg_windSpeed=0.061;  avg_wind_dir=-0.24
[INFO] [1788875280.107814581] [GSL]: [33mGAS HIT[0m
[INFO] [1788875280.107897382] [GSL]: [DEBUG-WIND] useGroundTruth=false gmrf_req_size=631 gaden_req_size=-1
[INFO] [1788875280.107906223] [GSL]: [DEBUG-WIND] Taking GMRF path
[INFO] [1788875280.130085418] [GSL - Trace]: [32mEntering StopAndMeasure[0m
[INFO] [1788875282.107330462] [GSL]: 10 gas measurements, 10 wind measurements over 1.98 seconds
[INFO] [1788875282.107442463] [GSL]: avg_gas=0.87;  avg_windSpeed=0.058;  avg_wind_dir=-0.25
[INFO] [1788875282.108954931] [GSL]: [33mGAS HIT[0m
[INFO] [1788875282.109010002] [GSL]: [DEBUG-WIND] useGroundTruth=false gmrf_req_size=631 gaden_req_size=-1
[INFO] [1788875282.109024751] [GSL]: [DEBUG-WIND] Taking GMRF path
[INFO] [1788875282.130601065] [GSL - Trace]: [32mEntering StopAndMeasure[0m
[INFO] [1788875284.107310373] [GSL]: 10 gas measurements, 10 wind measurements over 1.98 seconds
[INFO] [1788875284.107443184] [GSL]: avg_gas=0.85;  avg_windSpeed=0.061;  avg_wind_dir=-0.24
[INFO] [1788875284.109492693] [GSL]: [33mGAS HIT[0m
[INFO] [1788875284.109587365] [GSL]: [DEBUG-WIND] useGroundTruth=false gmrf_req_size=631 gaden_req_size=-1
[INFO] [1788875284.109605781] [GSL]: [DEBUG-WIND] Taking GMRF path
[INFO] [1788875284.130708090] [GSL - Trace]: [32mEntering StopAndMeasure[0m
[INFO] [1788875286.107234093] [GSL]: 10 gas measurements, 10 wind measurements over 1.98 seconds
[INFO] [1788875286.107337472] [GSL]: avg_gas=0.81;  avg_windSpeed=0.058;  avg_wind_dir=-0.25
[INFO] [1788875286.108630623] [GSL]: [33mGAS HIT[0m
[INFO] [1788875286.108674904] [GSL]: [DEBUG-WIND] useGroundTruth=false gmrf_req_size=631 gaden_req_size=-1
[INFO] [1788875286.108687089] [GSL]: [DEBUG-WIND] Taking GMRF path
[INFO] [1788875286.130028370] [GSL - Trace]: [32mEntering StopAndMeasure[0m
[INFO] [1788875288.107316893] [GSL]: 10 gas measurements, 10 wind measurements over 1.98 seconds
[INFO] [1788875288.107426510] [GSL]: avg_gas=0.8;  avg_windSpeed=0.061;  avg_wind_dir=-0.24
[INFO] [1788875288.108474848] [GSL]: [33mGAS HIT[0m
[INFO] [1788875288.108490413] [GSL]: [DEBUG-WIND] useGroundTruth=false gmrf_req_size=631 gaden_req_size=-1
[INFO] [1788875288.108500750] [GSL]: [DEBUG-WIND] Taking GMRF path
[INFO] [1788875288.130182371] [GSL - Trace]: [32mEntering StopAndMeasure[0m
[INFO] [1788875290.107299140] [GSL]: 10 gas measurements, 10 wind measurements over 1.98 seconds
[INFO] [1788875290.107564301] [GSL]: avg_gas=0.8;  avg_windSpeed=0.058;  avg_wind_dir=-0.25
[INFO] [1788875290.108756607] [GSL]: [33mGAS HIT[0m
[INFO] [1788875290.108776498] [GSL]: [DEBUG-WIND] useGroundTruth=false gmrf_req_size=631 gaden_req_size=-1
[INFO] [1788875290.108789395] [GSL]: [DEBUG-WIND] Taking GMRF path
[INFO] [1788875290.130393339] [GSL - Trace]: [32mEntering StopAndMeasure[0m
[INFO] [1788875292.107362511] [GSL]: 10 gas measurements, 10 wind measurements over 1.98 seconds
[INFO] [1788875292.107477817] [GSL]: avg_gas=0.78;  avg_windSpeed=0.061;  avg_wind_dir=-0.24
[INFO] [1788875292.108908661] [GSL]: [33mGAS HIT[0m
[INFO] [1788875292.108964555] [GSL]: [DEBUG-WIND] useGroundTruth=false gmrf_req_size=631 gaden_req_size=-1
[INFO] [1788875292.108979047] [GSL]: [DEBUG-WIND] Taking GMRF path
[INFO] [1788875292.139262101] [GSL]: Max mutual info: 3.927
[INFO] [1788875292.139372017] [GSL]: MutualInformation - Ellapsed: 0.009s
[INFO] [1788875292.179397932] [GSL]: Sending goal (-3.14, -1.30)
[INFO] [1788875292.179930362] [GSL]: Variance: 2.04
[INFO] [1788875292.179951479] [GSL - Trace]: [32mEntering Moving[0m
[INFO] [1788875292.757823945] [GSL - Trace]: [32mEntering StopAndMeasure[0m
[INFO] [1788875294.707304443] [GSL]: 10 gas measurements, 10 wind measurements over 1.95 seconds
[INFO] [1788875294.707375267] [GSL]: avg_gas=0.73;  avg_windSpeed=0.045;  avg_wind_dir=-0.075
[INFO] [1788875294.708366299] [GSL]: [33mGAS HIT[0m
[INFO] [1788875294.708387066] [GSL]: [DEBUG-WIND] useGroundTruth=false gmrf_req_size=631 gaden_req_size=-1
[INFO] [1788875294.708394335] [GSL]: [DEBUG-WIND] Taking GMRF path
[INFO] [1788875294.730208278] [GSL - Trace]: [32mEntering StopAndMeasure[0m
[INFO] [1788875296.707297931] [GSL]: 10 gas measurements, 10 wind measurements over 1.98 seconds
[INFO] [1788875296.707360011] [GSL]: avg_gas=0.74;  avg_windSpeed=0.05;  avg_wind_dir=-0.33
[INFO] [1788875296.707989280] [GSL]: [33mGAS HIT[0m
[INFO] [1788875296.708003225] [GSL]: [DEBUG-WIND] useGroundTruth=false gmrf_req_size=631 gaden_req_size=-1
[INFO] [1788875296.708009835] [GSL]: [DEBUG-WIND] Taking GMRF path
[INFO] [1788875296.730396692] [GSL - Trace]: [32mEntering StopAndMeasure[0m
[INFO] [1788875298.707153263] [GSL]: 10 gas measurements, 10 wind measurements over 1.98 seconds
[INFO] [1788875298.707240449] [GSL]: avg_gas=0.78;  avg_windSpeed=0.045;  avg_wind_dir=-0.075
[INFO] [1788875298.708500083] [GSL]: [33mGAS HIT[0m
[INFO] [1788875298.708557958] [GSL]: [DEBUG-WIND] useGroundTruth=false gmrf_req_size=631 gaden_req_size=-1
[INFO] [1788875298.708568298] [GSL]: [DEBUG-WIND] Taking GMRF path
[INFO] [1788875298.730462382] [GSL - Trace]: [32mEntering StopAndMeasure[0m
[INFO] [1788875300.707084947] [GSL]: 10 gas measurements, 10 wind measurements over 1.98 seconds
[INFO] [1788875300.707148553] [GSL]: avg_gas=0.81;  avg_windSpeed=0.05;  avg_wind_dir=-0.33
[INFO] [1788875300.707755027] [GSL]: [33mGAS HIT[0m
[INFO] [1788875300.707764542] [GSL]: [DEBUG-WIND] useGroundTruth=false gmrf_req_size=631 gaden_req_size=-1
[INFO] [1788875300.707771556] [GSL]: [DEBUG-WIND] Taking GMRF path
[INFO] [1788875300.730261157] [GSL - Trace]: [32mEntering StopAndMeasure[0m
[INFO] [1788875302.707311229] [GSL]: 10 gas measurements, 10 wind measurements over 1.98 seconds
[INFO] [1788875302.707381921] [GSL]: avg_gas=0.86;  avg_windSpeed=0.045;  avg_wind_dir=-0.075
[INFO] [1788875302.708231650] [GSL]: [33mGAS HIT[0m
[INFO] [1788875302.708625672] [GSL]: [DEBUG-WIND] useGroundTruth=false gmrf_req_size=631 gaden_req_size=-1
[INFO] [1788875302.708647139] [GSL]: [DEBUG-WIND] Taking GMRF path
[INFO] [1788875302.730250092] [GSL - Trace]: [32mEntering StopAndMeasure[0m
[INFO] [1788875304.707110520] [GSL]: 10 gas measurements, 10 wind measurements over 1.98 seconds
[INFO] [1788875304.707180321] [GSL]: avg_gas=0.9;  avg_windSpeed=0.05;  avg_wind_dir=-0.33
[INFO] [1788875304.707976023] [GSL]: [33mGAS HIT[0m
[INFO] [1788875304.707989745] [GSL]: [DEBUG-WIND] useGroundTruth=false gmrf_req_size=631 gaden_req_size=-1
[INFO] [1788875304.707998433] [GSL]: [DEBUG-WIND] Taking GMRF path
[INFO] [1788875304.730285723] [GSL - Trace]: [32mEntering StopAndMeasure[0m
[INFO] [1788875306.707150416] [GSL]: 10 gas measurements, 10 wind measurements over 1.98 seconds
[INFO] [1788875306.707228075] [GSL]: avg_gas=0.92;  avg_windSpeed=0.045;  avg_wind_dir=-0.075
[INFO] [1788875306.708254338] [GSL]: [33mGAS HIT[0m
[INFO] [1788875306.708664876] [GSL]: [DEBUG-WIND] useGroundTruth=false gmrf_req_size=631 gaden_req_size=-1
[INFO] [1788875306.708689452] [GSL]: [DEBUG-WIND] Taking GMRF path
[INFO] [1788875306.730485800] [GSL - Trace]: [32mEntering StopAndMeasure[0m
[INFO] [1788875308.707221596] [GSL]: 10 gas measurements, 10 wind measurements over 1.98 seconds
[INFO] [1788875308.707290230] [GSL]: avg_gas=0.9;  avg_windSpeed=0.05;  avg_wind_dir=-0.33
[INFO] [1788875308.708054431] [GSL]: [33mGAS HIT[0m
[INFO] [1788875308.708081670] [GSL]: [DEBUG-WIND] useGroundTruth=false gmrf_req_size=631 gaden_req_size=-1
[INFO] [1788875308.708088677] [GSL]: [DEBUG-WIND] Taking GMRF path
[INFO] [1788875308.730322222] [GSL]: [33mStarted simulations. Might take a while![0m
[INFO] [1788875308.843788678] [GSL]: CER contrastive context initialized: events=56, candidates=62, transport_members=1, fixed_ratio_weight=1, context_within_member=true, centered_log_odds=true
[INFO] [1788875308.848895928] [GSL - Trace]: [32mFirst simulation level done[0m
[INFO] [1788875308.849678059] [GSL]: [RC2-DIAG] scores_size=62 refineFraction=0.25 refine_product=15.5 valid_first_level=62 sum_sourceProbInternal_before_norm=151.43751889914768 min_sourceProbInternal_before_norm=0 max_sourceProbInternal_before_norm=0.9976027579770622 finite_sourceProbInternal=1053 finite_varianceOfHitProb=1053
[INFO] [1788875308.944458298] [GSL - Trace]: [32mSimulation level 2 done[0m
[INFO] [1788875309.035935513] [GSL - Trace]: [32mSimulation level 3 done[0m
[INFO] [1788875309.078610045] [GSL - Trace]: [32mSimulation level 4 done[0m
[INFO] [1788875309.079364737] [GSL - Trace]: [32mSimulation level 5 done[0m
[INFO] [1788875309.079504619] [GSL]: Number of levels in the simulation: 5
[INFO] [1788875309.079512848] [GSL]: Total number of simulations: 192
[INFO] [1788875309.079941886] [GSL]: CORE sequential event-time commit: window_start=32, new_events=24, committed_total=56
[INFO] [1788875309.079963128] [GSL]: [RC2-DIAG] normalized_finite_count=1053 normalized_sum=1
[INFO] [1788875309.080080886] [GSL]: Time ellapsed in simulation = 0.349668191 s
[INFO] [1788875309.082796389] [GSL]: Max mutual info: 4.110
[INFO] [1788875309.082920691] [GSL]: MutualInformation - Ellapsed: 0.003s
[INFO] [1788875309.113364317] [GSL]: Sending goal (-0.44, -3.10)
[INFO] [1788875309.114165145] [GSL]: Variance: 1.80
[INFO] [1788875309.114188895] [GSL - Trace]: [32mEntering Moving[0m
[INFO] [1788875311.550232801] [GSL - Trace]: [32mEntering StopAndMeasure[0m
[INFO] [1788875313.515556000] [GSL]: 10 gas measurements, 10 wind measurements over 1.97 seconds
[INFO] [1788875313.515647849] [GSL]: avg_gas=0.86;  avg_windSpeed=0.015;  avg_wind_dir=-3.1
[INFO] [1788875313.516652964] [GSL]: [33mGAS HIT[0m
[INFO] [1788875313.516670105] [GSL]: [DEBUG-WIND] useGroundTruth=false gmrf_req_size=631 gaden_req_size=-1
[INFO] [1788875313.516681648] [GSL]: [DEBUG-WIND] Taking GMRF path
[INFO] [1788875313.530439231] [GSL - Trace]: [32mEntering StopAndMeasure[0m
[INFO] [1788875315.515596075] [GSL]: 10 gas measurements, 10 wind measurements over 1.99 seconds
[INFO] [1788875315.516401835] [GSL]: avg_gas=0.85;  avg_windSpeed=0.017;  avg_wind_dir=3.1
[INFO] [1788875315.517309576] [GSL]: [33mGAS HIT[0m
[INFO] [1788875315.517324569] [GSL]: [DEBUG-WIND] useGroundTruth=false gmrf_req_size=631 gaden_req_size=-1
[INFO] [1788875315.517334540] [GSL]: [DEBUG-WIND] Taking GMRF path
[INFO] [1788875315.530471571] [GSL - Trace]: [32mEntering StopAndMeasure[0m
[INFO] [1788875317.515574558] [GSL]: 10 gas measurements, 10 wind measurements over 1.99 seconds
[INFO] [1788875317.515673638] [GSL]: avg_gas=0.84;  avg_windSpeed=0.015;  avg_wind_dir=-3.1
[INFO] [1788875317.516659979] [GSL]: [33mGAS HIT[0m
[INFO] [1788875317.516676904] [GSL]: [DEBUG-WIND] useGroundTruth=false gmrf_req_size=631 gaden_req_size=-1
[INFO] [1788875317.516687924] [GSL]: [DEBUG-WIND] Taking GMRF path
[INFO] [1788875317.530366204] [GSL - Trace]: [32mEntering StopAndMeasure[0m
[INFO] [1788875319.515442993] [GSL]: 10 gas measurements, 10 wind measurements over 1.98 seconds
[INFO] [1788875319.515789087] [GSL]: avg_gas=0.81;  avg_windSpeed=0.017;  avg_wind_dir=3.1
[INFO] [1788875319.516364580] [GSL]: [33mGAS HIT[0m
[INFO] [1788875319.516374929] [GSL]: [DEBUG-WIND] useGroundTruth=false gmrf_req_size=631 gaden_req_size=-1
[INFO] [1788875319.516384971] [GSL]: [DEBUG-WIND] Taking GMRF path
[INFO] [1788875319.530406575] [GSL - Trace]: [32mEntering StopAndMeasure[0m
[INFO] [1788875321.515692256] [GSL]: 10 gas measurements, 10 wind measurements over 1.99 seconds
[INFO] [1788875321.515801413] [GSL]: avg_gas=0.81;  avg_windSpeed=0.015;  avg_wind_dir=-3.1
[INFO] [1788875321.516849741] [GSL]: [33mGAS HIT[0m
[INFO] [1788875321.516867165] [GSL]: [DEBUG-WIND] useGroundTruth=false gmrf_req_size=631 gaden_req_size=-1
[INFO] [1788875321.516878893] [GSL]: [DEBUG-WIND] Taking GMRF path
[INFO] [1788875321.530627560] [GSL - Trace]: [32mEntering StopAndMeasure[0m
[INFO] [1788875323.515649561] [GSL]: 10 gas measurements, 10 wind measurements over 1.98 seconds
[INFO] [1788875323.515743825] [GSL]: avg_gas=0.83;  avg_windSpeed=0.017;  avg_wind_dir=3.1
[INFO] [1788875323.517180688] [GSL]: [33mGAS HIT[0m
[INFO] [1788875323.517215337] [GSL]: [DEBUG-WIND] useGroundTruth=false gmrf_req_size=631 gaden_req_size=-1
[INFO] [1788875323.517225395] [GSL]: [DEBUG-WIND] Taking GMRF path
[INFO] [1788875323.530164799] [GSL - Trace]: [32mEntering StopAndMeasure[0m
[INFO] [1788875325.515437696] [GSL]: 10 gas measurements, 10 wind measurements over 1.99 seconds
[INFO] [1788875325.515498288] [GSL]: avg_gas=0.86;  avg_windSpeed=0.015;  avg_wind_dir=-3.1
[INFO] [1788875325.516093088] [GSL]: [33mGAS HIT[0m
[INFO] [1788875325.516104250] [GSL]: [DEBUG-WIND] useGroundTruth=false gmrf_req_size=631 gaden_req_size=-1
[INFO] [1788875325.516110921] [GSL]: [DEBUG-WIND] Taking GMRF path
[INFO] [1788875325.530293949] [GSL - Trace]: [32mEntering StopAndMeasure[0m
[INFO] [1788875327.515729140] [GSL]: 10 gas measurements, 10 wind measurements over 1.99 seconds
[INFO] [1788875327.515889310] [GSL]: avg_gas=0.88;  avg_windSpeed=0.017;  avg_wind_dir=3.1
[INFO] [1788875327.517546973] [GSL]: [33mGAS HIT[0m
[INFO] [1788875327.517696260] [GSL]: [DEBUG-WIND] useGroundTruth=false gmrf_req_size=631 gaden_req_size=-1
[INFO] [1788875327.517780792] [GSL]: [DEBUG-WIND] Taking GMRF path
[INFO] [1788875327.544685333] [GSL]: Max mutual info: 4.765
[INFO] [1788875327.545329413] [GSL]: MutualInformation - Ellapsed: 0.015s
[INFO] [1788875327.577161000] [GSL]: Sending goal (0.16, -2.80)
[INFO] [1788875327.577648267] [GSL]: Variance: 1.80
[INFO] [1788875327.577671790] [GSL - Trace]: [32mEntering Moving[0m
[INFO] [1788875328.116243026] [GSL - Trace]: [32mEntering StopAndMeasure[0m
[INFO] [1788875330.115706640] [GSL]: 10 gas measurements, 10 wind measurements over 2.00 seconds
[INFO] [1788875330.115921741] [GSL]: avg_gas=0.79;  avg_windSpeed=0.014;  avg_wind_dir=2.8
[INFO] [1788875330.117438699] [GSL]: [33mGAS HIT[0m
[INFO] [1788875330.117463258] [GSL]: [DEBUG-WIND] useGroundTruth=false gmrf_req_size=631 gaden_req_size=-1
[INFO] [1788875330.117479276] [GSL]: [DEBUG-WIND] Taking GMRF path
[INFO] [1788875330.130746249] [GSL - Trace]: [32mEntering StopAndMeasure[0m
[INFO] [1788875332.115580985] [GSL]: 10 gas measurements, 10 wind measurements over 1.98 seconds
[INFO] [1788875332.115684433] [GSL]: avg_gas=0.74;  avg_windSpeed=0.014;  avg_wind_dir=2.7
[INFO] [1788875332.116736881] [GSL]: [33mGAS HIT[0m
[INFO] [1788875332.116754141] [GSL]: [DEBUG-WIND] useGroundTruth=false gmrf_req_size=631 gaden_req_size=-1
[INFO] [1788875332.116766037] [GSL]: [DEBUG-WIND] Taking GMRF path
[INFO] [1788875332.130321102] [GSL - Trace]: [32mEntering StopAndMeasure[0m
[INFO] [1788875334.115466996] [GSL]: 10 gas measurements, 10 wind measurements over 1.98 seconds
[INFO] [1788875334.115537110] [GSL]: avg_gas=0.75;  avg_windSpeed=0.014;  avg_wind_dir=2.8
[INFO] [1788875334.116217453] [GSL]: [33mGAS HIT[0m
[INFO] [1788875334.116230112] [GSL]: [DEBUG-WIND] useGroundTruth=false gmrf_req_size=631 gaden_req_size=-1
[INFO] [1788875334.116237574] [GSL]: [DEBUG-WIND] Taking GMRF path
[INFO] [1788875334.130604931] [GSL - Trace]: [32mEntering StopAndMeasure[0m
[INFO] [1788875336.115621902] [GSL]: 10 gas measurements, 10 wind measurements over 1.98 seconds
[INFO] [1788875336.115717262] [GSL]: avg_gas=0.78;  avg_windSpeed=0.014;  avg_wind_dir=2.7
[INFO] [1788875336.116666709] [GSL]: [33mGAS HIT[0m
[INFO] [1788875336.116683243] [GSL]: [DEBUG-WIND] useGroundTruth=false gmrf_req_size=631 gaden_req_size=-1
[INFO] [1788875336.116693867] [GSL]: [DEBUG-WIND] Taking GMRF path
[INFO] [1788875336.130324538] [GSL - Trace]: [32mEntering StopAndMeasure[0m
[INFO] [1788875338.115693479] [GSL]: 10 gas measurements, 10 wind measurements over 1.99 seconds
[INFO] [1788875338.115832363] [GSL]: avg_gas=0.8;  avg_windSpeed=0.014;  avg_wind_dir=2.8
[INFO] [1788875338.117203241] [GSL]: [33mGAS HIT[0m
[INFO] [1788875338.117224319] [GSL]: [DEBUG-WIND] useGroundTruth=false gmrf_req_size=631 gaden_req_size=-1
[INFO] [1788875338.117238222] [GSL]: [DEBUG-WIND] Taking GMRF path
[INFO] [1788875338.130277695] [GSL - Trace]: [32mEntering StopAndMeasure[0m
[INFO] [1788875340.115562076] [GSL]: 10 gas measurements, 10 wind measurements over 1.98 seconds
[INFO] [1788875340.115633937] [GSL]: avg_gas=0.82;  avg_windSpeed=0.014;  avg_wind_dir=2.7
[INFO] [1788875340.116213198] [GSL]: [33mGAS HIT[0m
[INFO] [1788875340.116222594] [GSL]: [DEBUG-WIND] useGroundTruth=false gmrf_req_size=631 gaden_req_size=-1
[INFO] [1788875340.116229202] [GSL]: [DEBUG-WIND] Taking GMRF path
[INFO] [1788875340.130055963] [GSL - Trace]: [32mEntering StopAndMeasure[0m
[INFO] [1788875342.115513131] [GSL]: 10 gas measurements, 10 wind measurements over 1.99 seconds
[INFO] [1788875342.115602003] [GSL]: avg_gas=0.83;  avg_windSpeed=0.014;  avg_wind_dir=2.8
[INFO] [1788875342.116433203] [GSL]: [33mGAS HIT[0m
[INFO] [1788875342.116446657] [GSL]: [DEBUG-WIND] useGroundTruth=false gmrf_req_size=631 gaden_req_size=-1
[INFO] [1788875342.116454971] [GSL]: [DEBUG-WIND] Taking GMRF path
[INFO] [1788875342.130174466] [GSL - Trace]: [32mEntering StopAndMeasure[0m
[INFO] [1788875344.115582205] [GSL]: 10 gas measurements, 10 wind measurements over 1.99 seconds
[INFO] [1788875344.115685032] [GSL]: avg_gas=0.83;  avg_windSpeed=0.014;  avg_wind_dir=2.7
[INFO] [1788875344.116761392] [GSL]: [33mGAS HIT[0m
[INFO] [1788875344.116779390] [GSL]: [DEBUG-WIND] useGroundTruth=false gmrf_req_size=631 gaden_req_size=-1
[INFO] [1788875344.116791578] [GSL]: [DEBUG-WIND] Taking GMRF path
[INFO] [1788875344.143631698] [GSL]: Max mutual info: 4.765
[INFO] [1788875344.144016948] [GSL]: MutualInformation - Ellapsed: 0.013s
[INFO] [1788875344.178114274] [GSL]: Sending goal (0.16, -2.20)
[INFO] [1788875344.178632759] [GSL]: Variance: 1.80
[INFO] [1788875344.178654246] [GSL - Trace]: [32mEntering Moving[0m
[INFO] [1788875344.766134543] [GSL - Trace]: [32mEntering StopAndMeasure[0m
[INFO] [1788875346.715501246] [GSL]: 10 gas measurements, 10 wind measurements over 1.95 seconds
[INFO] [1788875346.715572913] [GSL]: avg_gas=0.64;  avg_windSpeed=0.026;  avg_wind_dir=2.9
[INFO] [1788875346.716520792] [GSL]: [33mGAS HIT[0m
[INFO] [1788875346.716558099] [GSL]: [DEBUG-WIND] useGroundTruth=false gmrf_req_size=631 gaden_req_size=-1
[INFO] [1788875346.716565294] [GSL]: [DEBUG-WIND] Taking GMRF path
[INFO] [1788875346.730131929] [GSL - Trace]: [32mEntering StopAndMeasure[0m
[INFO] [1788875348.715425294] [GSL]: 10 gas measurements, 10 wind measurements over 1.99 seconds
[INFO] [1788875348.715487784] [GSL]: avg_gas=0.55;  avg_windSpeed=0.018;  avg_wind_dir=2.9
[INFO] [1788875348.716116348] [GSL]: [33mGAS HIT[0m
[INFO] [1788875348.716126515] [GSL]: [DEBUG-WIND] useGroundTruth=false gmrf_req_size=631 gaden_req_size=-1
[INFO] [1788875348.716133247] [GSL]: [DEBUG-WIND] Taking GMRF path
[INFO] [1788875348.730409636] [GSL - Trace]: [32mEntering StopAndMeasure[0m
[INFO] [1788875350.715455936] [GSL]: 10 gas measurements, 10 wind measurements over 1.98 seconds
[INFO] [1788875350.715522505] [GSL]: avg_gas=0.54;  avg_windSpeed=0.026;  avg_wind_dir=2.9
[INFO] [1788875350.716196188] [GSL]: [33mGAS HIT[0m
[INFO] [1788875350.716571166] [GSL]: [DEBUG-WIND] useGroundTruth=false gmrf_req_size=631 gaden_req_size=-1
[INFO] [1788875350.716588395] [GSL]: [DEBUG-WIND] Taking GMRF path
[INFO] [1788875350.729978748] [GSL - Trace]: [32mEntering StopAndMeasure[0m
[INFO] [1788875352.715634442] [GSL]: 10 gas measurements, 10 wind measurements over 1.99 seconds
[INFO] [1788875352.715706658] [GSL]: avg_gas=0.55;  avg_windSpeed=0.018;  avg_wind_dir=2.9
[INFO] [1788875352.716452243] [GSL]: [33mGAS HIT[0m
[INFO] [1788875352.716462929] [GSL]: [DEBUG-WIND] useGroundTruth=false gmrf_req_size=631 gaden_req_size=-1
[INFO] [1788875352.716470991] [GSL]: [DEBUG-WIND] Taking GMRF path
[INFO] [1788875352.730006092] [GSL - Trace]: [32mEntering StopAndMeasure[0m
[INFO] [1788875354.715590706] [GSL]: 10 gas measurements, 10 wind measurements over 1.99 seconds
[INFO] [1788875354.715664552] [GSL]: avg_gas=0.54;  avg_windSpeed=0.026;  avg_wind_dir=2.9
[INFO] [1788875354.716532026] [GSL]: [33mGAS HIT[0m
[INFO] [1788875354.716546301] [GSL]: [DEBUG-WIND] useGroundTruth=false gmrf_req_size=631 gaden_req_size=-1
[INFO] [1788875354.716986686] [GSL]: [DEBUG-WIND] Taking GMRF path
[INFO] [1788875354.730242071] [GSL - Trace]: [32mEntering StopAndMeasure[0m
[INFO] [1788875356.715415989] [GSL]: 10 gas measurements, 10 wind measurements over 1.99 seconds
[INFO] [1788875356.715473709] [GSL]: avg_gas=0.55;  avg_windSpeed=0.018;  avg_wind_dir=2.9
[INFO] [1788875356.716106972] [GSL]: [33mGAS HIT[0m
[INFO] [1788875356.716118115] [GSL]: [DEBUG-WIND] useGroundTruth=false gmrf_req_size=631 gaden_req_size=-1
[INFO] [1788875356.716124713] [GSL]: [DEBUG-WIND] Taking GMRF path
[INFO] [1788875356.729904942] [GSL - Trace]: [32mEntering StopAndMeasure[0m
[INFO] [1788875358.715580415] [GSL]: 10 gas measurements, 10 wind measurements over 1.99 seconds
[INFO] [1788875358.715675824] [GSL]: avg_gas=0.56;  avg_windSpeed=0.026;  avg_wind_dir=2.9
[INFO] [1788875358.716857066] [GSL]: [33mGAS HIT[0m
[INFO] [1788875358.716877391] [GSL]: [DEBUG-WIND] useGroundTruth=false gmrf_req_size=631 gaden_req_size=-1
[INFO] [1788875358.717329234] [GSL]: [DEBUG-WIND] Taking GMRF path
[INFO] [1788875358.730036013] [GSL - Trace]: [32mEntering StopAndMeasure[0m
[INFO] [1788875360.715585766] [GSL]: 10 gas measurements, 10 wind measurements over 1.99 seconds
[INFO] [1788875360.715657552] [GSL]: avg_gas=0.56;  avg_windSpeed=0.018;  avg_wind_dir=2.9
[INFO] [1788875360.716271814] [GSL]: [33mGAS HIT[0m
[INFO] [1788875360.716281236] [GSL]: [DEBUG-WIND] useGroundTruth=false gmrf_req_size=631 gaden_req_size=-1
[INFO] [1788875360.716287647] [GSL]: [DEBUG-WIND] Taking GMRF path
[INFO] [1788875360.730102953] [GSL]: [33mStarted simulations. Might take a while![0m
[INFO] [1788875360.834417751] [GSL]: CER contrastive context initialized: events=80, candidates=62, transport_members=1, fixed_ratio_weight=1, context_within_member=true, centered_log_odds=true
[INFO] [1788875360.836179678] [GSL - Trace]: [32mFirst simulation level done[0m
[INFO] [1788875360.836490075] [GSL]: [RC2-DIAG] scores_size=62 refineFraction=0.25 refine_product=15.5 valid_first_level=62 sum_sourceProbInternal_before_norm=163.67896707805656 min_sourceProbInternal_before_norm=0 max_sourceProbInternal_before_norm=0.9973967370252342 finite_sourceProbInternal=1053 finite_varianceOfHitProb=1053
[INFO] [1788875360.928602154] [GSL - Trace]: [32mSimulation level 2 done[0m
[INFO] [1788875361.009431054] [GSL - Trace]: [32mSimulation level 3 done[0m
[INFO] [1788875361.056125776] [GSL - Trace]: [32mSimulation level 4 done[0m
[INFO] [1788875361.056355358] [GSL - Trace]: [32mSimulation level 5 done[0m
[INFO] [1788875361.056366827] [GSL]: Number of levels in the simulation: 5
[INFO] [1788875361.056373936] [GSL]: Total number of simulations: 176
[INFO] [1788875361.056394322] [GSL]: CORE sequential event-time commit: window_start=56, new_events=24, committed_total=80
[INFO] [1788875361.056408645] [GSL]: [RC2-DIAG] normalized_finite_count=1053 normalized_sum=1
[INFO] [1788875361.056416554] [GSL]: Time ellapsed in simulation = 0.326266694 s
[INFO] [1788875361.059949794] [GSL]: Max mutual info: 4.540
[INFO] [1788875361.060046690] [GSL]: MutualInformation - Ellapsed: 0.003s
[INFO] [1788875361.103403810] [GSL]: Sending goal (-3.14, -3.10)
[INFO] [1788875361.103862516] [GSL]: Variance: 1.33
[INFO] [1788875361.104017943] [GSL - Trace]: [32mEntering Moving[0m
[INFO] [1788875363.748338402] [GSL - Trace]: [32mEntering StopAndMeasure[0m
[INFO] [1788875365.705063837] [GSL]: 10 gas measurements, 10 wind measurements over 1.96 seconds
[INFO] [1788875365.705121004] [GSL]: avg_gas=0.9;  avg_windSpeed=0.045;  avg_wind_dir=-2.6
[INFO] [1788875365.705803740] [GSL]: [33mGAS HIT[0m
[INFO] [1788875365.705815433] [GSL]: [DEBUG-WIND] useGroundTruth=false gmrf_req_size=631 gaden_req_size=-1
[INFO] [1788875365.705822078] [GSL]: [DEBUG-WIND] Taking GMRF path
[INFO] [1788875365.730024518] [GSL - Trace]: [32mEntering StopAndMeasure[0m
[INFO] [1788875367.704989083] [GSL]: 10 gas measurements, 10 wind measurements over 1.97 seconds
[INFO] [1788875367.705052886] [GSL]: avg_gas=0.96;  avg_windSpeed=0.024;  avg_wind_dir=3.1
[INFO] [1788875367.706114047] [GSL]: [33mGAS HIT[0m
[INFO] [1788875367.706130178] [GSL]: [DEBUG-WIND] useGroundTruth=false gmrf_req_size=631 gaden_req_size=-1
[INFO] [1788875367.706137829] [GSL]: [DEBUG-WIND] Taking GMRF path
[INFO] [1788875367.730103091] [GSL - Trace]: [32mEntering StopAndMeasure[0m
[INFO] [1788875369.705217811] [GSL]: 10 gas measurements, 10 wind measurements over 1.98 seconds
[INFO] [1788875369.705298577] [GSL]: avg_gas=0.99;  avg_windSpeed=0.045;  avg_wind_dir=-2.6
[INFO] [1788875369.706214507] [GSL]: [33mGAS HIT[0m
[INFO] [1788875369.706230259] [GSL]: [DEBUG-WIND] useGroundTruth=false gmrf_req_size=631 gaden_req_size=-1
[INFO] [1788875369.706240269] [GSL]: [DEBUG-WIND] Taking GMRF path
[INFO] [1788875369.730687019] [GSL - Trace]: [32mEntering StopAndMeasure[0m
[INFO] [1788875371.704996522] [GSL]: 10 gas measurements, 10 wind measurements over 1.97 seconds
[INFO] [1788875371.705051577] [GSL]: avg_gas=1;  avg_windSpeed=0.024;  avg_wind_dir=3.1
[INFO] [1788875371.706024385] [GSL]: [33mGAS HIT[0m
[INFO] [1788875371.706043557] [GSL]: [DEBUG-WIND] useGroundTruth=false gmrf_req_size=631 gaden_req_size=-1
[INFO] [1788875371.706051555] [GSL]: [DEBUG-WIND] Taking GMRF path
[INFO] [1788875371.730272870] [GSL - Trace]: [32mEntering StopAndMeasure[0m
[INFO] [1788875373.705073681] [GSL]: 10 gas measurements, 10 wind measurements over 1.97 seconds
[INFO] [1788875373.705146966] [GSL]: avg_gas=1;  avg_windSpeed=0.045;  avg_wind_dir=-2.6
[INFO] [1788875373.705820133] [GSL]: [33mGAS HIT[0m
[INFO] [1788875373.705831036] [GSL]: [DEBUG-WIND] useGroundTruth=false gmrf_req_size=631 gaden_req_size=-1
[INFO] [1788875373.705859074] [GSL]: [DEBUG-WIND] Taking GMRF path
[INFO] [1788875373.730073297] [GSL - Trace]: [32mEntering StopAndMeasure[0m
[INFO] [1788875375.705278489] [GSL]: 10 gas measurements, 10 wind measurements over 1.98 seconds
[INFO] [1788875375.705343301] [GSL]: avg_gas=1;  avg_windSpeed=0.024;  avg_wind_dir=3.1
[INFO] [1788875375.706023301] [GSL]: [33mGAS HIT[0m
[INFO] [1788875375.706336595] [GSL]: [DEBUG-WIND] useGroundTruth=false gmrf_req_size=631 gaden_req_size=-1
[INFO] [1788875375.706357350] [GSL]: [DEBUG-WIND] Taking GMRF path
[INFO] [1788875375.730398084] [GSL - Trace]: [32mEntering StopAndMeasure[0m
[INFO] [1788875377.705065645] [GSL]: 10 gas measurements, 10 wind measurements over 1.97 seconds
[INFO] [1788875377.705121076] [GSL]: avg_gas=1;  avg_windSpeed=0.038;  avg_wind_dir=-2.8
[INFO] [1788875377.705716247] [GSL]: [33mGAS HIT[0m
[INFO] [1788875377.705726048] [GSL]: [DEBUG-WIND] useGroundTruth=false gmrf_req_size=631 gaden_req_size=-1
[INFO] [1788875377.705733219] [GSL]: [DEBUG-WIND] Taking GMRF path
[INFO] [1788875377.730391040] [GSL - Trace]: [32mEntering StopAndMeasure[0m
[INFO] [1788875379.705114182] [GSL]: 10 gas measurements, 10 wind measurements over 1.97 seconds
[INFO] [1788875379.705175556] [GSL]: avg_gas=0.46;  avg_windSpeed=0.021;  avg_wind_dir=2.7
[INFO] [1788875379.705737428] [GSL]: [33mGAS HIT[0m
[INFO] [1788875379.705906240] [GSL]: [DEBUG-WIND] useGroundTruth=false gmrf_req_size=631 gaden_req_size=-1
[INFO] [1788875379.705925522] [GSL]: [DEBUG-WIND] Taking GMRF path
[INFO] [1788875379.753158416] [GSL]: Max mutual info: 4.540
[INFO] [1788875379.753620679] [GSL]: MutualInformation - Ellapsed: 0.024s
[INFO] [1788875379.780358640] [GSL]: Sending goal (-3.74, -3.10)
[INFO] [1788875379.780905176] [GSL]: Variance: 1.33
[INFO] [1788875379.780926565] [GSL - Trace]: [32mEntering Moving[0m
[INFO] [1788875380.355360193] [GSL - Trace]: [32mEntering StopAndMeasure[0m
[INFO] [1788875382.305198679] [GSL]: 10 gas measurements, 10 wind measurements over 1.95 seconds
[INFO] [1788875382.305266787] [GSL]: avg_gas=0.052;  avg_windSpeed=0.07;  avg_wind_dir=3.1
[INFO] [1788875382.305874228] [GSL]: [33mNOTHING [0m
[INFO] [1788875382.305884093] [GSL]: [DEBUG-WIND] useGroundTruth=false gmrf_req_size=631 gaden_req_size=-1
[INFO] [1788875382.305890819] [GSL]: [DEBUG-WIND] Taking GMRF path
[INFO] [1788875382.330080524] [GSL - Trace]: [32mEntering StopAndMeasure[0m
[INFO] [1788875384.305051970] [GSL]: 10 gas measurements, 10 wind measurements over 1.97 seconds
[INFO] [1788875384.305121364] [GSL]: avg_gas=0.0099;  avg_windSpeed=0.041;  avg_wind_dir=2.9
[INFO] [1788875384.305811699] [GSL]: [33mNOTHING [0m
[INFO] [1788875384.305885780] [GSL]: [DEBUG-WIND] useGroundTruth=false gmrf_req_size=631 gaden_req_size=-1
[INFO] [1788875384.305894946] [GSL]: [DEBUG-WIND] Taking GMRF path
[INFO] [1788875384.330154848] [GSL - Trace]: [32mEntering StopAndMeasure[0m
[INFO] [1788875386.305123312] [GSL]: 10 gas measurements, 10 wind measurements over 1.97 seconds
[INFO] [1788875386.305188849] [GSL]: avg_gas=0.0019;  avg_windSpeed=0.076;  avg_wind_dir=3.1
[INFO] [1788875386.305813416] [GSL]: [33mNOTHING [0m
[INFO] [1788875386.305823822] [GSL]: [DEBUG-WIND] useGroundTruth=false gmrf_req_size=631 gaden_req_size=-1
[INFO] [1788875386.305830789] [GSL]: [DEBUG-WIND] Taking GMRF path
[INFO] [1788875386.330075304] [GSL - Trace]: [32mEntering StopAndMeasure[0m
[INFO] [1788875388.305293951] [GSL]: 10 gas measurements, 10 wind measurements over 1.97 seconds
[INFO] [1788875388.305365052] [GSL]: avg_gas=0.00035;  avg_windSpeed=0.036;  avg_wind_dir=2.6
[INFO] [1788875388.306200259] [GSL]: [33mNOTHING [0m
[INFO] [1788875388.306214170] [GSL]: [DEBUG-WIND] useGroundTruth=false gmrf_req_size=631 gaden_req_size=-1
[INFO] [1788875388.306223327] [GSL]: [DEBUG-WIND] Taking GMRF path
[INFO] [1788875388.330743666] [GSL - Trace]: [32mEntering StopAndMeasure[0m
[INFO] [1788875390.305192148] [GSL]: 10 gas measurements, 10 wind measurements over 1.97 seconds
[INFO] [1788875390.305307162] [GSL]: avg_gas=6.6e-05;  avg_windSpeed=0.076;  avg_wind_dir=3.1
[INFO] [1788875390.306421944] [GSL]: [33mNOTHING [0m
[INFO] [1788875390.306477269] [GSL]: [DEBUG-WIND] useGroundTruth=false gmrf_req_size=631 gaden_req_size=-1
[INFO] [1788875390.306489557] [GSL]: [DEBUG-WIND] Taking GMRF path
[INFO] [1788875390.331025478] [GSL - Trace]: [32mEntering StopAndMeasure[0m
[INFO] [1788875392.305236507] [GSL]: 10 gas measurements, 10 wind measurements over 1.97 seconds
[INFO] [1788875392.305913414] [GSL]: avg_gas=1.3e-05;  avg_windSpeed=0.036;  avg_wind_dir=2.6
[INFO] [1788875392.307368661] [GSL]: [33mNOTHING [0m
[INFO] [1788875392.307422333] [GSL]: [DEBUG-WIND] useGroundTruth=false gmrf_req_size=631 gaden_req_size=-1
[INFO] [1788875392.307437020] [GSL]: [DEBUG-WIND] Taking GMRF path
[INFO] [1788875392.330481585] [GSL - Trace]: [32mEntering StopAndMeasure[0m
[INFO] [1788875394.305233040] [GSL]: 10 gas measurements, 10 wind measurements over 1.97 seconds
[INFO] [1788875394.305350762] [GSL]: avg_gas=2.4e-06;  avg_windSpeed=0.076;  avg_wind_dir=3.1
[INFO] [1788875394.306594740] [GSL]: [33mNOTHING [0m
[INFO] [1788875394.306615795] [GSL]: [DEBUG-WIND] useGroundTruth=false gmrf_req_size=631 gaden_req_size=-1
[INFO] [1788875394.306628828] [GSL]: [DEBUG-WIND] Taking GMRF path
[INFO] [1788875394.330593286] [GSL - Trace]: [32mEntering StopAndMeasure[0m
[INFO] [1788875396.305096701] [GSL]: 10 gas measurements, 10 wind measurements over 1.97 seconds
[INFO] [1788875396.305528344] [GSL]: avg_gas=4.5e-07;  avg_windSpeed=0.036;  avg_wind_dir=2.6
[INFO] [1788875396.306135670] [GSL]: [33mNOTHING [0m
[INFO] [1788875396.306145569] [GSL]: [DEBUG-WIND] useGroundTruth=false gmrf_req_size=631 gaden_req_size=-1
[INFO] [1788875396.306152763] [GSL]: [DEBUG-WIND] Taking GMRF path
[INFO] [1788875396.341877343] [GSL]: Max mutual info: 4.540
[INFO] [1788875396.342021345] [GSL]: MutualInformation - Ellapsed: 0.012s
[INFO] [1788875396.372885843] [GSL]: Sending goal (-3.44, -3.70)
[INFO] [1788875396.373553787] [GSL]: Variance: 1.33
[INFO] [1788875396.373575190] [GSL - Trace]: [32mEntering Moving[0m
[INFO] [1788875396.955411614] [GSL - Trace]: [32mEntering StopAndMeasure[0m
[INFO] [1788875398.905081821] [GSL]: 10 gas measurements, 10 wind measurements over 1.95 seconds
[INFO] [1788875398.905148067] [GSL]: avg_gas=5.1e-08;  avg_windSpeed=0.048;  avg_wind_dir=3
[INFO] [1788875398.906365467] [GSL]: [33mNOTHING [0m
[INFO] [1788875398.906993560] [GSL]: [DEBUG-WIND] useGroundTruth=false gmrf_req_size=631 gaden_req_size=-1
[INFO] [1788875398.907022718] [GSL]: [DEBUG-WIND] Taking GMRF path
[INFO] [1788875398.930043426] [GSL - Trace]: [32mEntering StopAndMeasure[0m
[INFO] [1788875400.905142542] [GSL]: 10 gas measurements, 10 wind measurements over 1.98 seconds
[INFO] [1788875400.905244145] [GSL]: avg_gas=9.7e-09;  avg_windSpeed=0.064;  avg_wind_dir=-3.1
[INFO] [1788875400.906501046] [GSL]: [33mNOTHING [0m
[INFO] [1788875400.906549683] [GSL]: [DEBUG-WIND] useGroundTruth=false gmrf_req_size=631 gaden_req_size=-1
[INFO] [1788875400.906563065] [GSL]: [DEBUG-WIND] Taking GMRF path
[INFO] [1788875400.930336300] [GSL - Trace]: [32mEntering StopAndMeasure[0m
[INFO] [1788875402.905039061] [GSL]: 10 gas measurements, 10 wind measurements over 1.97 seconds
[INFO] [1788875402.905103242] [GSL]: avg_gas=1.8e-09;  avg_windSpeed=0.048;  avg_wind_dir=3
[INFO] [1788875402.905897739] [GSL]: [33mNOTHING [0m
[INFO] [1788875402.905912108] [GSL]: [DEBUG-WIND] useGroundTruth=false gmrf_req_size=631 gaden_req_size=-1
[INFO] [1788875402.906298520] [GSL]: [DEBUG-WIND] Taking GMRF path
[INFO] [1788875402.930377229] [GSL - Trace]: [32mEntering StopAndMeasure[0m
[INFO] [1788875404.905092778] [GSL]: 10 gas measurements, 10 wind measurements over 1.97 seconds
[INFO] [1788875404.905173942] [GSL]: avg_gas=3.5e-10;  avg_windSpeed=0.064;  avg_wind_dir=-3
[INFO] [1788875404.906092979] [GSL]: [33mNOTHING [0m
[INFO] [1788875404.906128060] [GSL]: [DEBUG-WIND] useGroundTruth=false gmrf_req_size=631 gaden_req_size=-1
[INFO] [1788875404.906137248] [GSL]: [DEBUG-WIND] Taking GMRF path
[INFO] [1788875404.930637419] [GSL - Trace]: [32mEntering StopAndMeasure[0m
[INFO] [1788875406.905181681] [GSL]: 10 gas measurements, 10 wind measurements over 1.97 seconds
[INFO] [1788875406.905301817] [GSL]: avg_gas=6.5e-11;  avg_windSpeed=0.046;  avg_wind_dir=3
[INFO] [1788875406.906687705] [GSL]: [33mNOTHING [0m
[INFO] [1788875406.906745890] [GSL]: [DEBUG-WIND] useGroundTruth=false gmrf_req_size=631 gaden_req_size=-1
[INFO] [1788875406.907104935] [GSL]: [DEBUG-WIND] Taking GMRF path
[INFO] [1788875406.930442863] [GSL - Trace]: [32mEntering StopAndMeasure[0m
[INFO] [1788875408.905505616] [GSL]: 10 gas measurements, 10 wind measurements over 1.97 seconds
[INFO] [1788875408.905625369] [GSL]: avg_gas=1.2e-11;  avg_windSpeed=0.06;  avg_wind_dir=3.1
[INFO] [1788875408.906814239] [GSL]: [33mNOTHING [0m
[INFO] [1788875408.906927346] [GSL]: [DEBUG-WIND] useGroundTruth=false gmrf_req_size=631 gaden_req_size=-1
[INFO] [1788875408.906942183] [GSL]: [DEBUG-WIND] Taking GMRF path
[INFO] [1788875408.930451611] [GSL - Trace]: [32mEntering StopAndMeasure[0m
[INFO] [1788875410.905038313] [GSL]: 10 gas measurements, 10 wind measurements over 1.97 seconds
[INFO] [1788875410.905093929] [GSL]: avg_gas=2.3e-12;  avg_windSpeed=0.057;  avg_wind_dir=-3
[INFO] [1788875410.905655209] [GSL]: [33mNOTHING [0m
[INFO] [1788875410.905665922] [GSL]: [DEBUG-WIND] useGroundTruth=false gmrf_req_size=631 gaden_req_size=-1
[INFO] [1788875410.905802173] [GSL]: [DEBUG-WIND] Taking GMRF path
[INFO] [1788875410.930665808] [GSL - Trace]: [32mEntering StopAndMeasure[0m
[INFO] [1788875412.905246956] [GSL]: 10 gas measurements, 10 wind measurements over 1.97 seconds
[INFO] [1788875412.905399151] [GSL]: avg_gas=4.4e-13;  avg_windSpeed=0.058;  avg_wind_dir=2.9
[INFO] [1788875412.906557820] [GSL]: [33mNOTHING [0m
[INFO] [1788875412.906577302] [GSL]: [DEBUG-WIND] useGroundTruth=false gmrf_req_size=631 gaden_req_size=-1
[INFO] [1788875412.906591156] [GSL]: [DEBUG-WIND] Taking GMRF path
[INFO] [1788875412.931002000] [GSL]: [33mStarted simulations. Might take a while![0m
[INFO] [1788875413.055658249] [GSL]: CER contrastive context initialized: events=104, candidates=62, transport_members=1, fixed_ratio_weight=1, context_within_member=true, centered_log_odds=true
[INFO] [1788875413.062960620] [GSL - Trace]: [32mFirst simulation level done[0m
[INFO] [1788875413.063019154] [GSL]: [RC2-DIAG] scores_size=62 refineFraction=0.25 refine_product=15.5 valid_first_level=62 sum_sourceProbInternal_before_norm=3.4834677766694964 min_sourceProbInternal_before_norm=0 max_sourceProbInternal_before_norm=0.2867231994908593 finite_sourceProbInternal=1053 finite_varianceOfHitProb=1053
[INFO] [1788875413.147395956] [GSL - Trace]: [32mSimulation level 2 done[0m
[INFO] [1788875413.204556752] [GSL - Trace]: [32mSimulation level 3 done[0m
[INFO] [1788875413.205377663] [GSL - Trace]: [32mSimulation level 4 done[0m
[INFO] [1788875413.205797405] [GSL]: Number of levels in the simulation: 4
[INFO] [1788875413.206157890] [GSL]: Total number of simulations: 144
[INFO] [1788875413.206548270] [GSL]: CORE sequential event-time commit: window_start=80, new_events=24, committed_total=104
[INFO] [1788875413.206681051] [GSL]: [RC2-DIAG] normalized_finite_count=1053 normalized_sum=1
[INFO] [1788875413.206689898] [GSL]: Time ellapsed in simulation = 0.27560264100000004 s
[INFO] [1788875413.210019514] [GSL]: Max mutual info: 0.053
[INFO] [1788875413.210385279] [GSL]: MutualInformation - Ellapsed: 0.004s
[INFO] [1788875413.240528169] [GSL]: Sending goal (0.76, -3.10)
[INFO] [1788875413.241007909] [GSL]: Variance: 0.01
[INFO] [1788875413.241026968] [GSL - Trace]: [32mEntering Moving[0m
[INFO] [1788875416.141242084] [GSL - Trace]: [32mEntering StopAndMeasure[0m
[INFO] [1788875418.092121900] [GSL]: 10 gas measurements, 10 wind measurements over 1.95 seconds
[INFO] [1788875418.092194202] [GSL]: avg_gas=5.8e-15;  avg_windSpeed=0.014;  avg_wind_dir=2.2
[INFO] [1788875418.092799489] [GSL]: [33mNOTHING [0m
[INFO] [1788875418.092829174] [GSL]: [DEBUG-WIND] useGroundTruth=false gmrf_req_size=631 gaden_req_size=-1
[INFO] [1788875418.092849164] [GSL]: [DEBUG-WIND] Taking GMRF path
[INFO] [1788875418.130001090] [GSL - Trace]: [32mEntering StopAndMeasure[0m
[INFO] [1788875420.092091625] [GSL]: 10 gas measurements, 10 wind measurements over 1.96 seconds
[INFO] [1788875420.092159384] [GSL]: avg_gas=1.1e-15;  avg_windSpeed=0.016;  avg_wind_dir=2.3
[INFO] [1788875420.092913676] [GSL]: [33mNOTHING [0m
[INFO] [1788875420.093396811] [GSL]: [DEBUG-WIND] useGroundTruth=false gmrf_req_size=631 gaden_req_size=-1
[INFO] [1788875420.093419638] [GSL]: [DEBUG-WIND] Taking GMRF path
[INFO] [1788875420.130445706] [GSL - Trace]: [32mEntering StopAndMeasure[0m
[INFO] [1788875422.092145953] [GSL]: 10 gas measurements, 10 wind measurements over 1.96 seconds
[INFO] [1788875422.092228927] [GSL]: avg_gas=2.1e-16;  avg_windSpeed=0.014;  avg_wind_dir=2.3
[INFO] [1788875422.093170553] [GSL]: [33mNOTHING [0m
[INFO] [1788875422.093186627] [GSL]: [DEBUG-WIND] useGroundTruth=false gmrf_req_size=631 gaden_req_size=-1
[INFO] [1788875422.093197229] [GSL]: [DEBUG-WIND] Taking GMRF path
[INFO] [1788875422.130046638] [GSL - Trace]: [32mEntering StopAndMeasure[0m
[INFO] [1788875424.092039331] [GSL]: 10 gas measurements, 10 wind measurements over 1.96 seconds
[INFO] [1788875424.092107343] [GSL]: avg_gas=3.9e-17;  avg_windSpeed=0.016;  avg_wind_dir=2.2
[INFO] [1788875424.092734162] [GSL]: [33mNOTHING [0m
[INFO] [1788875424.093021944] [GSL]: [DEBUG-WIND] useGroundTruth=false gmrf_req_size=631 gaden_req_size=-1
[INFO] [1788875424.093041721] [GSL]: [DEBUG-WIND] Taking GMRF path
[INFO] [1788875424.130304062] [GSL - Trace]: [32mEntering StopAndMeasure[0m
[INFO] [1788875426.092053106] [GSL]: 10 gas measurements, 10 wind measurements over 1.96 seconds
[INFO] [1788875426.092116848] [GSL]: avg_gas=7.3e-18;  avg_windSpeed=0.015;  avg_wind_dir=2.3
[INFO] [1788875426.092776286] [GSL]: [33mNOTHING [0m
[INFO] [1788875426.092787270] [GSL]: [DEBUG-WIND] useGroundTruth=false gmrf_req_size=631 gaden_req_size=-1
[INFO] [1788875426.092794430] [GSL]: [DEBUG-WIND] Taking GMRF path
[INFO] [1788875426.130573890] [GSL - Trace]: [32mEntering StopAndMeasure[0m
[INFO] [1788875428.092237970] [GSL]: 10 gas measurements, 10 wind measurements over 1.96 seconds
[INFO] [1788875428.092346193] [GSL]: avg_gas=1.4e-18;  avg_windSpeed=0.015;  avg_wind_dir=2.2
[INFO] [1788875428.093290541] [GSL]: [33mNOTHING [0m
[INFO] [1788875428.093304490] [GSL]: [DEBUG-WIND] useGroundTruth=false gmrf_req_size=631 gaden_req_size=-1
[INFO] [1788875428.093890421] [GSL]: [DEBUG-WIND] Taking GMRF path
[INFO] [1788875428.130363672] [GSL - Trace]: [32mEntering StopAndMeasure[0m
[INFO] [1788875430.092127830] [GSL]: 10 gas measurements, 10 wind measurements over 1.96 seconds
[INFO] [1788875430.092183197] [GSL]: avg_gas=2.6e-19;  avg_windSpeed=0.017;  avg_wind_dir=2.4
[INFO] [1788875430.092752348] [GSL]: [33mNOTHING [0m
[INFO] [1788875430.092761132] [GSL]: [DEBUG-WIND] useGroundTruth=false gmrf_req_size=631 gaden_req_size=-1
[INFO] [1788875430.092767894] [GSL]: [DEBUG-WIND] Taking GMRF path
[INFO] [1788875430.130273933] [GSL - Trace]: [32mEntering StopAndMeasure[0m
[INFO] [1788875430.941957419] [GSL]: Could not find the source. Sorry!
[INFO] [1788875431.963717838] [GSL]: [34mDONE, CLOSING[0m
