[INFO] [1791548922.809270544] [GMRF_wind]: [gmrf-wind] MAIN LOOP....
[INFO] [1791548922.859663003] [GMRF_wind]: [GMRF-node] Using OccupancyMap from topic '/r3/map'

=================================================================
=	        GMRF Wind-Distribution Mapping ROS2 Node              =
=================================================================
[GMRF_MAP] Generating GMRF for 2D WIND estimation...
[CGMRF] Initialization Complete: 5608 factors for a map size of 2N=800 nodes
[INFO] [1791548922.860213655] [GMRF_wind]: [GMRF-node] GMRF Initialized
--> MAP did not converge after 1 iterations.
[GMRF] MAP Mean value estimated in 4 milliseconds
--> MAP did not converge after 1 iterations.
[GMRF] MAP Mean value estimated in 3.5 milliseconds
--> MAP did not converge after 1 iterations.
[GMRF] MAP Mean value estimated in 3 milliseconds
--> MAP did not converge after 1 iterations.
[GMRF] MAP Mean value estimated in 3 milliseconds
--> MAP did not converge after 1 iterations.
[GMRF] MAP Mean value estimated in 2.8 milliseconds
--> MAP did not converge after 1 iterations.
[GMRF] MAP Mean value estimated in 2.83333 milliseconds
--> MAP did not converge after 1 iterations.
[GMRF] MAP Mean value estimated in 2.71429 milliseconds
--> MAP did not converge after 1 iterations.
[GMRF] MAP Mean value estimated in 2.625 milliseconds
--> MAP did not converge after 1 iterations.
[GMRF] MAP Mean value estimated in 2.55556 milliseconds
--> MAP did not converge after 1 iterations.
[GMRF] MAP Mean value estimated in 2.6 milliseconds
--> MAP did not converge after 1 iterations.
[GMRF] MAP Mean value estimated in 2.54545 milliseconds
--> MAP did not converge after 1 iterations.
[GMRF] MAP Mean value estimated in 2.58333 milliseconds
--> MAP did not converge after 1 iterations.
[GMRF] MAP Mean value estimated in 2.53846 milliseconds
--> MAP did not converge after 1 iterations.
[GMRF] MAP Mean value estimated in 2.5 milliseconds
[INFO] [1791548923.552790073] [rclcpp]: signal_handler(signum=2)
