[INFO] [1791548921.693042142] [GMRF_wind]: [gmrf-wind] MAIN LOOP....
[INFO] [1791548921.743633294] [GMRF_wind]: [GMRF-node] Using OccupancyMap from topic '/r3/map'

=================================================================
=	        GMRF Wind-Distribution Mapping ROS2 Node              =
=================================================================
[GMRF_MAP] Generating GMRF for 2D WIND estimation...
[CGMRF] Initialization Complete: 5608 factors for a map size of 2N=800 nodes
[INFO] [1791548921.744240816] [GMRF_wind]: [GMRF-node] GMRF Initialized
--> MAP did not converge after 1 iterations.
[GMRF] MAP Mean value estimated in 4 milliseconds
--> MAP did not converge after 1 iterations.
[GMRF] MAP Mean value estimated in 3.5 milliseconds
--> MAP did not converge after 1 iterations.
[GMRF] MAP Mean value estimated in 3 milliseconds
--> MAP did not converge after 1 iterations.
[GMRF] MAP Mean value estimated in 2.75 milliseconds
--> MAP did not converge after 1 iterations.
[GMRF] MAP Mean value estimated in 2.8 milliseconds
--> MAP did not converge after 1 iterations.
[GMRF] MAP Mean value estimated in 2.66667 milliseconds
--> MAP did not converge after 1 iterations.
[GMRF] MAP Mean value estimated in 2.57143 milliseconds
--> MAP did not converge after 1 iterations.
[GMRF] MAP Mean value estimated in 2.5 milliseconds
--> MAP did not converge after 1 iterations.
[GMRF] MAP Mean value estimated in 2.55556 milliseconds
--> MAP did not converge after 1 iterations.
[GMRF] MAP Mean value estimated in 2.5 milliseconds
--> MAP did not converge after 1 iterations.
[GMRF] MAP Mean value estimated in 2.45455 milliseconds
--> MAP did not converge after 1 iterations.
[GMRF] MAP Mean value estimated in 2.41667 milliseconds
--> MAP did not converge after 1 iterations.
[GMRF] MAP Mean value estimated in 2.46154 milliseconds
--> MAP did not converge after 1 iterations.
[GMRF] MAP Mean value estimated in 2.42857 milliseconds
[INFO] [1791548922.435361156] [rclcpp]: signal_handler(signum=2)
