[INFO] [1791548923.931694869] [GMRF_wind]: [gmrf-wind] MAIN LOOP....
[INFO] [1791548923.982100094] [GMRF_wind]: [GMRF-node] Using OccupancyMap from topic '/r3/map'

=================================================================
=	        GMRF Wind-Distribution Mapping ROS2 Node              =
=================================================================
[GMRF_MAP] Generating GMRF for 2D WIND estimation...
[CGMRF] Initialization Complete: 5608 factors for a map size of 2N=800 nodes
[INFO] [1791548923.982590770] [GMRF_wind]: [GMRF-node] GMRF Initialized
--> MAP did not converge after 1 iterations.
[GMRF] MAP Mean value estimated in 4 milliseconds
--> MAP did not converge after 1 iterations.
[GMRF] MAP Mean value estimated in 3.5 milliseconds
--> MAP did not converge after 1 iterations.
[GMRF] MAP Mean value estimated in 3 milliseconds
--> MAP did not converge after 1 iterations.
[GMRF] MAP Mean value estimated in 2.75 milliseconds
--> MAP did not converge after 1 iterations.
[GMRF] MAP Mean value estimated in 2.8 milliseconds
--> MAP did not converge after 1 iterations.
[GMRF] MAP Mean value estimated in 2.66667 milliseconds
--> MAP did not converge after 1 iterations.
[GMRF] MAP Mean value estimated in 2.57143 milliseconds
--> MAP did not converge after 1 iterations.
[GMRF] MAP Mean value estimated in 2.5 milliseconds
--> MAP did not converge after 1 iterations.
[GMRF] MAP Mean value estimated in 2.44444 milliseconds
--> MAP did not converge after 1 iterations.
[GMRF] MAP Mean value estimated in 2.4 milliseconds
--> MAP did not converge after 1 iterations.
[GMRF] MAP Mean value estimated in 2.36364 milliseconds
--> MAP did not converge after 1 iterations.
[GMRF] MAP Mean value estimated in 2.33333 milliseconds
--> MAP did not converge after 1 iterations.
[GMRF] MAP Mean value estimated in 2.30769 milliseconds
--> MAP did not converge after 1 iterations.
[GMRF] MAP Mean value estimated in 2.28571 milliseconds
--> MAP did not converge after 1 iterations.
[GMRF] MAP Mean value estimated in 2.26667 milliseconds
--> MAP did not converge after 1 iterations.
[GMRF] MAP Mean value estimated in 2.3125 milliseconds
--> MAP did not converge after 1 iterations.
[GMRF] MAP Mean value estimated in 2.29412 milliseconds
--> MAP did not converge after 1 iterations.
[GMRF] MAP Mean value estimated in 2.27778 milliseconds
--> MAP did not converge after 1 iterations.
[GMRF] MAP Mean value estimated in 2.26316 milliseconds
--> MAP did not converge after 1 iterations.
[GMRF] MAP Mean value estimated in 2.3 milliseconds
[INFO] [1791548924.970853696] [rclcpp]: signal_handler(signum=2)
