[INFO] [1791554712.519940389] [GMRF_wind]: [gmrf-wind] MAIN LOOP....
[INFO] [1791554712.570357444] [GMRF_wind]: [GMRF-node] Using OccupancyMap from topic '/r4/map'

=================================================================
=	        GMRF Wind-Distribution Mapping ROS2 Node              =
=================================================================
[GMRF_MAP] Generating GMRF for 2D WIND estimation...
[CGMRF] Initialization Complete: 9248 factors for a map size of 2N=2204 nodes
[INFO] [1791554712.571810015] [GMRF_wind]: [GMRF-node] GMRF Initialized
--> MAP did not converge after 1 iterations.
[GMRF] MAP Mean value estimated in 7 milliseconds
--> MAP did not converge after 1 iterations.
[GMRF] MAP Mean value estimated in 6 milliseconds
--> MAP did not converge after 1 iterations.
[GMRF] MAP Mean value estimated in 5.33333 milliseconds
--> MAP did not converge after 1 iterations.
[GMRF] MAP Mean value estimated in 5.25 milliseconds
--> MAP did not converge after 1 iterations.
[GMRF] MAP Mean value estimated in 5 milliseconds
--> MAP did not converge after 1 iterations.
[GMRF] MAP Mean value estimated in 5 milliseconds
--> MAP did not converge after 1 iterations.
[GMRF] MAP Mean value estimated in 5 milliseconds
--> MAP did not converge after 1 iterations.
[GMRF] MAP Mean value estimated in 4.875 milliseconds
--> MAP did not converge after 1 iterations.
[GMRF] MAP Mean value estimated in 4.77778 milliseconds
--> MAP did not converge after 1 iterations.
[GMRF] MAP Mean value estimated in 4.8 milliseconds
--> MAP did not converge after 1 iterations.
[GMRF] MAP Mean value estimated in 4.72727 milliseconds
--> MAP did not converge after 1 iterations.
[GMRF] MAP Mean value estimated in 4.66667 milliseconds
--> MAP did not converge after 1 iterations.
[GMRF] MAP Mean value estimated in 4.69231 milliseconds
--> MAP did not converge after 1 iterations.
[GMRF] MAP Mean value estimated in 4.71429 milliseconds
--> MAP did not converge after 1 iterations.
[GMRF] MAP Mean value estimated in 4.73333 milliseconds
--> MAP did not converge after 1 iterations.
[GMRF] MAP Mean value estimated in 4.75 milliseconds
--> MAP did not converge after 1 iterations.
[GMRF] MAP Mean value estimated in 4.76471 milliseconds
--> MAP did not converge after 1 iterations.
[GMRF] MAP Mean value estimated in 4.72222 milliseconds
--> MAP did not converge after 1 iterations.
[GMRF] MAP Mean value estimated in 4.68421 milliseconds
--> MAP did not converge after 1 iterations.
[GMRF] MAP Mean value estimated in 4.65 milliseconds
--> MAP did not converge after 1 iterations.
[GMRF] MAP Mean value estimated in 4.61905 milliseconds
--> MAP did not converge after 1 iterations.
[GMRF] MAP Mean value estimated in 4.63636 milliseconds
--> MAP did not converge after 1 iterations.
[GMRF] MAP Mean value estimated in 4.65217 milliseconds
--> MAP did not converge after 1 iterations.
[GMRF] MAP Mean value estimated in 4.625 milliseconds
--> MAP did not converge after 1 iterations.
[GMRF] MAP Mean value estimated in 4.64 milliseconds
--> MAP did not converge after 1 iterations.
[GMRF] MAP Mean value estimated in 4.61538 milliseconds
--> MAP did not converge after 1 iterations.
[GMRF] MAP Mean value estimated in 4.59259 milliseconds
--> MAP did not converge after 1 iterations.
[GMRF] MAP Mean value estimated in 4.57143 milliseconds
--> MAP did not converge after 1 iterations.
[GMRF] MAP Mean value estimated in 4.55172 milliseconds
--> MAP did not converge after 1 iterations.
[GMRF] MAP Mean value estimated in 4.53333 milliseconds
--> MAP did not converge after 1 iterations.
[GMRF] MAP Mean value estimated in 4.51613 milliseconds
--> MAP did not converge after 1 iterations.
[GMRF] MAP Mean value estimated in 4.5 milliseconds
--> MAP did not converge after 1 iterations.
[GMRF] MAP Mean value estimated in 4.48485 milliseconds
--> MAP did not converge after 1 iterations.
[GMRF] MAP Mean value estimated in 4.47059 milliseconds
--> MAP did not converge after 1 iterations.
[GMRF] MAP Mean value estimated in 4.48571 milliseconds
--> MAP did not converge after 1 iterations.
[GMRF] MAP Mean value estimated in 4.5 milliseconds
--> MAP did not converge after 1 iterations.
[GMRF] MAP Mean value estimated in 4.48649 milliseconds
--> MAP did not converge after 1 iterations.
[GMRF] MAP Mean value estimated in 4.5 milliseconds
--> MAP did not converge after 1 iterations.
[GMRF] MAP Mean value estimated in 4.51282 milliseconds
--> MAP did not converge after 1 iterations.
[GMRF] MAP Mean value estimated in 4.5 milliseconds
--> MAP did not converge after 1 iterations.
[GMRF] MAP Mean value estimated in 4.5122 milliseconds
--> MAP did not converge after 1 iterations.
[GMRF] MAP Mean value estimated in 4.52381 milliseconds
--> MAP did not converge after 1 iterations.
[GMRF] MAP Mean value estimated in 4.51163 milliseconds
--> MAP did not converge after 1 iterations.
[GMRF] MAP Mean value estimated in 4.5 milliseconds
--> MAP did not converge after 1 iterations.
[GMRF] MAP Mean value estimated in 4.48889 milliseconds
--> MAP did not converge after 1 iterations.
[GMRF] MAP Mean value estimated in 4.5 milliseconds
--> MAP did not converge after 1 iterations.
[GMRF] MAP Mean value estimated in 4.51064 milliseconds
--> MAP did not converge after 1 iterations.
[GMRF] MAP Mean value estimated in 4.5 milliseconds
--> MAP did not converge after 1 iterations.
[GMRF] MAP Mean value estimated in 4.4898 milliseconds
--> MAP did not converge after 1 iterations.
[GMRF] MAP Mean value estimated in 4.48 milliseconds
--> MAP did not converge after 1 iterations.
[GMRF] MAP Mean value estimated in 4.4902 milliseconds
--> MAP did not converge after 1 iterations.
[GMRF] MAP Mean value estimated in 4.5 milliseconds
--> MAP did not converge after 1 iterations.
[GMRF] MAP Mean value estimated in 4.49057 milliseconds
--> MAP did not converge after 1 iterations.
[GMRF] MAP Mean value estimated in 4.5 milliseconds
--> MAP did not converge after 1 iterations.
[GMRF] MAP Mean value estimated in 4.49091 milliseconds
--> MAP did not converge after 1 iterations.
[GMRF] MAP Mean value estimated in 4.48214 milliseconds
--> MAP did not converge after 1 iterations.
[GMRF] MAP Mean value estimated in 4.49123 milliseconds
--> MAP did not converge after 1 iterations.
[GMRF] MAP Mean value estimated in 4.48276 milliseconds
--> MAP did not converge after 1 iterations.
[GMRF] MAP Mean value estimated in 4.47458 milliseconds
--> MAP did not converge after 1 iterations.
[GMRF] MAP Mean value estimated in 4.46667 milliseconds
--> MAP did not converge after 1 iterations.
[GMRF] MAP Mean value estimated in 4.47541 milliseconds
--> MAP did not converge after 1 iterations.
[GMRF] MAP Mean value estimated in 4.48387 milliseconds
--> MAP did not converge after 1 iterations.
[GMRF] MAP Mean value estimated in 4.49206 milliseconds
--> MAP did not converge after 1 iterations.
[GMRF] MAP Mean value estimated in 4.5 milliseconds
--> MAP did not converge after 1 iterations.
[GMRF] MAP Mean value estimated in 4.50769 milliseconds
--> MAP did not converge after 1 iterations.
[GMRF] MAP Mean value estimated in 4.51515 milliseconds
--> MAP did not converge after 1 iterations.
[GMRF] MAP Mean value estimated in 4.52239 milliseconds
--> MAP did not converge after 1 iterations.
[GMRF] MAP Mean value estimated in 4.52941 milliseconds
--> MAP did not converge after 1 iterations.
[GMRF] MAP Mean value estimated in 4.53623 milliseconds
--> MAP did not converge after 1 iterations.
[GMRF] MAP Mean value estimated in 4.54286 milliseconds
--> MAP did not converge after 1 iterations.
[GMRF] MAP Mean value estimated in 4.5493 milliseconds
--> MAP did not converge after 1 iterations.
[GMRF] MAP Mean value estimated in 4.55556 milliseconds
--> MAP did not converge after 1 iterations.
[GMRF] MAP Mean value estimated in 4.56164 milliseconds
--> MAP did not converge after 1 iterations.
[GMRF] MAP Mean value estimated in 4.56757 milliseconds
--> MAP did not converge after 1 iterations.
[GMRF] MAP Mean value estimated in 4.57333 milliseconds
--> MAP did not converge after 1 iterations.
[GMRF] MAP Mean value estimated in 4.57895 milliseconds
--> MAP did not converge after 1 iterations.
[GMRF] MAP Mean value estimated in 4.57143 milliseconds
--> MAP did not converge after 1 iterations.
[GMRF] MAP Mean value estimated in 4.57692 milliseconds
--> MAP did not converge after 1 iterations.
[GMRF] MAP Mean value estimated in 4.58228 milliseconds
--> MAP did not converge after 1 iterations.
[GMRF] MAP Mean value estimated in 4.575 milliseconds
--> MAP did not converge after 1 iterations.
[GMRF] MAP Mean value estimated in 4.59259 milliseconds
--> MAP did not converge after 1 iterations.
[GMRF] MAP Mean value estimated in 4.58537 milliseconds
--> MAP did not converge after 1 iterations.
[GMRF] MAP Mean value estimated in 4.59036 milliseconds
--> MAP did not converge after 1 iterations.
[GMRF] MAP Mean value estimated in 4.59524 milliseconds
--> MAP did not converge after 1 iterations.
[GMRF] MAP Mean value estimated in 4.6 milliseconds
--> MAP did not converge after 1 iterations.
[GMRF] MAP Mean value estimated in 4.60465 milliseconds
--> MAP did not converge after 1 iterations.
[GMRF] MAP Mean value estimated in 4.6092 milliseconds
--> MAP did not converge after 1 iterations.
[GMRF] MAP Mean value estimated in 4.61364 milliseconds
--> MAP did not converge after 1 iterations.
[GMRF] MAP Mean value estimated in 4.60674 milliseconds
--> MAP did not converge after 1 iterations.
[GMRF] MAP Mean value estimated in 4.61111 milliseconds
--> MAP did not converge after 1 iterations.
[GMRF] MAP Mean value estimated in 4.61538 milliseconds
--> MAP did not converge after 1 iterations.
[GMRF] MAP Mean value estimated in 4.61957 milliseconds
--> MAP did not converge after 1 iterations.
[GMRF] MAP Mean value estimated in 4.6129 milliseconds
--> MAP did not converge after 1 iterations.
[GMRF] MAP Mean value estimated in 4.61702 milliseconds
--> MAP did not converge after 1 iterations.
[GMRF] MAP Mean value estimated in 4.63158 milliseconds
--> MAP did not converge after 1 iterations.
[GMRF] MAP Mean value estimated in 4.63542 milliseconds
--> MAP did not converge after 1 iterations.
[GMRF] MAP Mean value estimated in 4.63918 milliseconds
--> MAP did not converge after 1 iterations.
[GMRF] MAP Mean value estimated in 4.64286 milliseconds
--> MAP did not converge after 1 iterations.
[GMRF] MAP Mean value estimated in 4.64646 milliseconds
--> MAP did not converge after 1 iterations.
[GMRF] MAP Mean value estimated in 4.65 milliseconds
--> MAP did not converge after 1 iterations.
[GMRF] MAP Mean value estimated in 4.65347 milliseconds
--> MAP did not converge after 1 iterations.
[GMRF] MAP Mean value estimated in 4.65686 milliseconds
--> MAP did not converge after 1 iterations.
[GMRF] MAP Mean value estimated in 4.6699 milliseconds
--> MAP did not converge after 1 iterations.
[GMRF] MAP Mean value estimated in 4.67308 milliseconds
--> MAP did not converge after 1 iterations.
[GMRF] MAP Mean value estimated in 4.66667 milliseconds
--> MAP did not converge after 1 iterations.
[GMRF] MAP Mean value estimated in 4.66981 milliseconds
--> MAP did not converge after 1 iterations.
[GMRF] MAP Mean value estimated in 4.6729 milliseconds
--> MAP did not converge after 1 iterations.
[GMRF] MAP Mean value estimated in 4.67593 milliseconds
--> MAP did not converge after 1 iterations.
[GMRF] MAP Mean value estimated in 4.6789 milliseconds
--> MAP did not converge after 1 iterations.
[GMRF] MAP Mean value estimated in 4.68182 milliseconds
--> MAP did not converge after 1 iterations.
[GMRF] MAP Mean value estimated in 4.69369 milliseconds
--> MAP did not converge after 1 iterations.
[GMRF] MAP Mean value estimated in 4.70536 milliseconds
--> MAP did not converge after 1 iterations.
[GMRF] MAP Mean value estimated in 4.70796 milliseconds
--> MAP did not converge after 1 iterations.
[GMRF] MAP Mean value estimated in 4.7193 milliseconds
--> MAP did not converge after 1 iterations.
[GMRF] MAP Mean value estimated in 4.73043 milliseconds
--> MAP did not converge after 1 iterations.
[GMRF] MAP Mean value estimated in 4.73276 milliseconds
--> MAP did not converge after 1 iterations.
[GMRF] MAP Mean value estimated in 4.7265 milliseconds
--> MAP did not converge after 1 iterations.
[GMRF] MAP Mean value estimated in 4.72881 milliseconds
--> MAP did not converge after 1 iterations.
[GMRF] MAP Mean value estimated in 4.72269 milliseconds
--> MAP did not converge after 1 iterations.
[GMRF] MAP Mean value estimated in 4.725 milliseconds
--> MAP did not converge after 1 iterations.
[GMRF] MAP Mean value estimated in 4.72727 milliseconds
--> MAP did not converge after 1 iterations.
[GMRF] MAP Mean value estimated in 4.72951 milliseconds
--> MAP did not converge after 1 iterations.
[GMRF] MAP Mean value estimated in 4.74797 milliseconds
--> MAP did not converge after 1 iterations.
[GMRF] MAP Mean value estimated in 4.75 milliseconds
--> MAP did not converge after 1 iterations.
[GMRF] MAP Mean value estimated in 4.752 milliseconds
--> MAP did not converge after 1 iterations.
[GMRF] MAP Mean value estimated in 4.75397 milliseconds
--> MAP did not converge after 1 iterations.
[GMRF] MAP Mean value estimated in 4.75591 milliseconds
--> MAP did not converge after 1 iterations.
[GMRF] MAP Mean value estimated in 4.75 milliseconds
--> MAP did not converge after 1 iterations.
[GMRF] MAP Mean value estimated in 4.74419 milliseconds
--> MAP did not converge after 1 iterations.
[GMRF] MAP Mean value estimated in 4.74615 milliseconds
--> MAP did not converge after 1 iterations.
[GMRF] MAP Mean value estimated in 4.74809 milliseconds
--> MAP did not converge after 1 iterations.
[GMRF] MAP Mean value estimated in 4.75 milliseconds
--> MAP did not converge after 1 iterations.
[GMRF] MAP Mean value estimated in 4.75188 milliseconds
--> MAP did not converge after 1 iterations.
[GMRF] MAP Mean value estimated in 4.75373 milliseconds
--> MAP did not converge after 1 iterations.
[GMRF] MAP Mean value estimated in 4.75556 milliseconds
--> MAP did not converge after 1 iterations.
[GMRF] MAP Mean value estimated in 4.75735 milliseconds
--> MAP did not converge after 1 iterations.
[GMRF] MAP Mean value estimated in 4.75912 milliseconds
--> MAP did not converge after 1 iterations.
[GMRF] MAP Mean value estimated in 4.76087 milliseconds
--> MAP did not converge after 1 iterations.
[GMRF] MAP Mean value estimated in 4.7554 milliseconds
--> MAP did not converge after 1 iterations.
[GMRF] MAP Mean value estimated in 4.75714 milliseconds
--> MAP did not converge after 1 iterations.
[GMRF] MAP Mean value estimated in 4.75887 milliseconds
--> MAP did not converge after 1 iterations.
[GMRF] MAP Mean value estimated in 4.78169 milliseconds
--> MAP did not converge after 1 iterations.
[GMRF] MAP Mean value estimated in 4.77622 milliseconds
--> MAP did not converge after 1 iterations.
[GMRF] MAP Mean value estimated in 4.77778 milliseconds
--> MAP did not converge after 1 iterations.
[GMRF] MAP Mean value estimated in 4.77931 milliseconds
--> MAP did not converge after 1 iterations.
[GMRF] MAP Mean value estimated in 4.78082 milliseconds
--> MAP did not converge after 1 iterations.
[GMRF] MAP Mean value estimated in 4.77551 milliseconds
--> MAP did not converge after 1 iterations.
[GMRF] MAP Mean value estimated in 4.77027 milliseconds
--> MAP did not converge after 1 iterations.
[GMRF] MAP Mean value estimated in 4.7651 milliseconds
--> MAP did not converge after 1 iterations.
[GMRF] MAP Mean value estimated in 4.76667 milliseconds
--> MAP did not converge after 1 iterations.
[GMRF] MAP Mean value estimated in 4.76821 milliseconds
--> MAP did not converge after 1 iterations.
[GMRF] MAP Mean value estimated in 4.76316 milliseconds
--> MAP did not converge after 1 iterations.
[GMRF] MAP Mean value estimated in 4.75817 milliseconds
--> MAP did not converge after 1 iterations.
[GMRF] MAP Mean value estimated in 4.75974 milliseconds
--> MAP did not converge after 1 iterations.
[GMRF] MAP Mean value estimated in 4.76129 milliseconds
--> MAP did not converge after 1 iterations.
[GMRF] MAP Mean value estimated in 4.76282 milliseconds
--> MAP did not converge after 1 iterations.
[GMRF] MAP Mean value estimated in 4.76433 milliseconds
--> MAP did not converge after 1 iterations.
[GMRF] MAP Mean value estimated in 4.75949 milliseconds
--> MAP did not converge after 1 iterations.
[GMRF] MAP Mean value estimated in 4.76101 milliseconds
--> MAP did not converge after 1 iterations.
[GMRF] MAP Mean value estimated in 4.7625 milliseconds
--> MAP did not converge after 1 iterations.
[GMRF] MAP Mean value estimated in 4.76398 milliseconds
--> MAP did not converge after 1 iterations.
[GMRF] MAP Mean value estimated in 4.75926 milliseconds
--> MAP did not converge after 1 iterations.
[GMRF] MAP Mean value estimated in 4.7546 milliseconds
--> MAP did not converge after 1 iterations.
[GMRF] MAP Mean value estimated in 4.7622 milliseconds
--> MAP did not converge after 1 iterations.
[GMRF] MAP Mean value estimated in 4.76364 milliseconds
--> MAP did not converge after 1 iterations.
[GMRF] MAP Mean value estimated in 4.76506 milliseconds
--> MAP did not converge after 1 iterations.
[GMRF] MAP Mean value estimated in 4.76647 milliseconds
--> MAP did not converge after 1 iterations.
[GMRF] MAP Mean value estimated in 4.76786 milliseconds
--> MAP did not converge after 1 iterations.
[GMRF] MAP Mean value estimated in 4.77515 milliseconds
--> MAP did not converge after 1 iterations.
[GMRF] MAP Mean value estimated in 4.77647 milliseconds
--> MAP did not converge after 1 iterations.
[GMRF] MAP Mean value estimated in 4.77778 milliseconds
--> MAP did not converge after 1 iterations.
[GMRF] MAP Mean value estimated in 4.77326 milliseconds
--> MAP did not converge after 1 iterations.
[GMRF] MAP Mean value estimated in 4.77457 milliseconds
--> MAP did not converge after 1 iterations.
[GMRF] MAP Mean value estimated in 4.77586 milliseconds
--> MAP did not converge after 1 iterations.
[GMRF] MAP Mean value estimated in 4.77714 milliseconds
--> MAP did not converge after 1 iterations.
[GMRF] MAP Mean value estimated in 4.77841 milliseconds
--> MAP did not converge after 1 iterations.
[GMRF] MAP Mean value estimated in 4.77966 milliseconds
--> MAP did not converge after 1 iterations.
[GMRF] MAP Mean value estimated in 4.7809 milliseconds
--> MAP did not converge after 1 iterations.
[GMRF] MAP Mean value estimated in 4.78212 milliseconds
--> MAP did not converge after 1 iterations.
[GMRF] MAP Mean value estimated in 4.77778 milliseconds
--> MAP did not converge after 1 iterations.
[GMRF] MAP Mean value estimated in 4.77901 milliseconds
--> MAP did not converge after 1 iterations.
[GMRF] MAP Mean value estimated in 4.78022 milliseconds
--> MAP did not converge after 1 iterations.
[GMRF] MAP Mean value estimated in 4.78142 milliseconds
--> MAP did not converge after 1 iterations.
[GMRF] MAP Mean value estimated in 4.78261 milliseconds
--> MAP did not converge after 1 iterations.
[GMRF] MAP Mean value estimated in 4.78378 milliseconds
--> MAP did not converge after 1 iterations.
[GMRF] MAP Mean value estimated in 4.77957 milliseconds
--> MAP did not converge after 1 iterations.
[GMRF] MAP Mean value estimated in 4.78075 milliseconds
--> MAP did not converge after 1 iterations.
[GMRF] MAP Mean value estimated in 4.78191 milliseconds
--> MAP did not converge after 1 iterations.
[GMRF] MAP Mean value estimated in 4.78307 milliseconds
--> MAP did not converge after 1 iterations.
[GMRF] MAP Mean value estimated in 4.77895 milliseconds
--> MAP did not converge after 1 iterations.
[GMRF] MAP Mean value estimated in 4.7801 milliseconds
--> MAP did not converge after 1 iterations.
[GMRF] MAP Mean value estimated in 4.78125 milliseconds
--> MAP did not converge after 1 iterations.
[GMRF] MAP Mean value estimated in 4.78238 milliseconds
--> MAP did not converge after 1 iterations.
[GMRF] MAP Mean value estimated in 4.77835 milliseconds
--> MAP did not converge after 1 iterations.
[GMRF] MAP Mean value estimated in 4.77436 milliseconds
--> MAP did not converge after 1 iterations.
[GMRF] MAP Mean value estimated in 4.77041 milliseconds
--> MAP did not converge after 1 iterations.
[GMRF] MAP Mean value estimated in 4.77157 milliseconds
--> MAP did not converge after 1 iterations.
[GMRF] MAP Mean value estimated in 4.76768 milliseconds
--> MAP did not converge after 1 iterations.
[GMRF] MAP Mean value estimated in 4.79899 milliseconds
--> MAP did not converge after 1 iterations.
[GMRF] MAP Mean value estimated in 4.82 milliseconds
--> MAP did not converge after 1 iterations.
[GMRF] MAP Mean value estimated in 4.84577 milliseconds
[INFO] [1791554722.581435203] [rclcpp]: signal_handler(signum=2)
