[INFO] [1791623694.492310731] [GMRF_wind]: [gmrf-wind] MAIN LOOP....
[INFO] [1791623695.993524891] [GMRF_wind]: [GMRF-node] Using OccupancyMap from topic '/PioneerP3DX/map'

=================================================================
=	        GMRF Wind-Distribution Mapping ROS2 Node              =
=================================================================
[GMRF_MAP] Generating GMRF for 2D WIND estimation...
[CGMRF] Initialization Complete: 10820 factors for a map size of 2N=3220 nodes
[INFO] [1791623695.995279464] [GMRF_wind]: [GMRF-node] GMRF Initialized
--> MAP did not converge after 1 iterations.
[GMRF] MAP Mean value estimated in 4 milliseconds
--> MAP did not converge after 1 iterations.
[GMRF] MAP Mean value estimated in 3.5 milliseconds
--> MAP did not converge after 1 iterations.
[GMRF] MAP Mean value estimated in 3.33333 milliseconds
--> MAP did not converge after 1 iterations.
[GMRF] MAP Mean value estimated in 3.25 milliseconds
--> MAP did not converge after 1 iterations.
[GMRF] MAP Mean value estimated in 3.2 milliseconds
--> MAP did not converge after 1 iterations.
[GMRF] MAP Mean value estimated in 3.16667 milliseconds
--> MAP did not converge after 1 iterations.
[GMRF] MAP Mean value estimated in 3.14286 milliseconds
--> MAP did not converge after 1 iterations.
[GMRF] MAP Mean value estimated in 3.125 milliseconds
--> MAP did not converge after 1 iterations.
[GMRF] MAP Mean value estimated in 3.11111 milliseconds
--> MAP did not converge after 1 iterations.
[GMRF] MAP Mean value estimated in 3.1 milliseconds
--> MAP did not converge after 1 iterations.
[GMRF] MAP Mean value estimated in 3.09091 milliseconds
--> MAP did not converge after 1 iterations.
[GMRF] MAP Mean value estimated in 3.08333 milliseconds
--> MAP did not converge after 1 iterations.
[GMRF] MAP Mean value estimated in 3.07692 milliseconds
--> MAP did not converge after 1 iterations.
[GMRF] MAP Mean value estimated in 3.07143 milliseconds
--> MAP did not converge after 1 iterations.
[GMRF] MAP Mean value estimated in 3.06667 milliseconds
--> MAP did not converge after 1 iterations.
[GMRF] MAP Mean value estimated in 3.0625 milliseconds
--> MAP did not converge after 1 iterations.
[GMRF] MAP Mean value estimated in 3.05882 milliseconds
--> MAP did not converge after 1 iterations.
[GMRF] MAP Mean value estimated in 3.05556 milliseconds
--> MAP did not converge after 1 iterations.
[GMRF] MAP Mean value estimated in 3.05263 milliseconds
--> MAP did not converge after 1 iterations.
[GMRF] MAP Mean value estimated in 3.05 milliseconds
--> MAP did not converge after 1 iterations.
[GMRF] MAP Mean value estimated in 3.04762 milliseconds
--> MAP did not converge after 1 iterations.
[GMRF] MAP Mean value estimated in 3.04545 milliseconds
--> MAP did not converge after 1 iterations.
[GMRF] MAP Mean value estimated in 3.04348 milliseconds
--> MAP did not converge after 1 iterations.
[GMRF] MAP Mean value estimated in 3.04167 milliseconds
--> MAP did not converge after 1 iterations.
[GMRF] MAP Mean value estimated in 3.04 milliseconds
--> MAP did not converge after 1 iterations.
[GMRF] MAP Mean value estimated in 3.03846 milliseconds
--> MAP did not converge after 1 iterations.
[GMRF] MAP Mean value estimated in 3.03704 milliseconds
--> MAP did not converge after 1 iterations.
[GMRF] MAP Mean value estimated in 3.03571 milliseconds
--> MAP did not converge after 1 iterations.
[GMRF] MAP Mean value estimated in 3.03448 milliseconds
--> MAP did not converge after 1 iterations.
[GMRF] MAP Mean value estimated in 3.03333 milliseconds
--> MAP did not converge after 1 iterations.
[GMRF] MAP Mean value estimated in 3.03226 milliseconds
--> MAP did not converge after 1 iterations.
[GMRF] MAP Mean value estimated in 3.03125 milliseconds
--> MAP did not converge after 1 iterations.
[GMRF] MAP Mean value estimated in 3.0303 milliseconds
--> MAP did not converge after 1 iterations.
[GMRF] MAP Mean value estimated in 3.02941 milliseconds
--> MAP did not converge after 1 iterations.
[GMRF] MAP Mean value estimated in 3.02857 milliseconds
--> MAP did not converge after 1 iterations.
[GMRF] MAP Mean value estimated in 3.02778 milliseconds
--> MAP did not converge after 1 iterations.
[GMRF] MAP Mean value estimated in 3.02703 milliseconds
--> MAP did not converge after 1 iterations.
[GMRF] MAP Mean value estimated in 3.02632 milliseconds
--> MAP did not converge after 1 iterations.
[GMRF] MAP Mean value estimated in 3.02564 milliseconds
--> MAP did not converge after 1 iterations.
[GMRF] MAP Mean value estimated in 3.025 milliseconds
--> MAP did not converge after 1 iterations.
[GMRF] MAP Mean value estimated in 3.02439 milliseconds
--> MAP did not converge after 1 iterations.
[GMRF] MAP Mean value estimated in 3.02381 milliseconds
--> MAP did not converge after 1 iterations.
[GMRF] MAP Mean value estimated in 3.02326 milliseconds
--> MAP did not converge after 1 iterations.
[GMRF] MAP Mean value estimated in 3.02273 milliseconds
--> MAP did not converge after 1 iterations.
[GMRF] MAP Mean value estimated in 3.02222 milliseconds
--> MAP did not converge after 1 iterations.
[GMRF] MAP Mean value estimated in 3.02174 milliseconds
--> MAP did not converge after 1 iterations.
[GMRF] MAP Mean value estimated in 3.02128 milliseconds
--> MAP did not converge after 1 iterations.
[GMRF] MAP Mean value estimated in 3.02083 milliseconds
--> MAP did not converge after 1 iterations.
[GMRF] MAP Mean value estimated in 3.02041 milliseconds
--> MAP did not converge after 1 iterations.
[GMRF] MAP Mean value estimated in 3.02 milliseconds
--> MAP did not converge after 1 iterations.
[GMRF] MAP Mean value estimated in 3.01961 milliseconds
--> MAP did not converge after 1 iterations.
[GMRF] MAP Mean value estimated in 3.01923 milliseconds
--> MAP did not converge after 1 iterations.
[GMRF] MAP Mean value estimated in 3.01887 milliseconds
--> MAP did not converge after 1 iterations.
[GMRF] MAP Mean value estimated in 3.01852 milliseconds
--> MAP did not converge after 1 iterations.
[GMRF] MAP Mean value estimated in 3.01818 milliseconds
--> MAP did not converge after 1 iterations.
[GMRF] MAP Mean value estimated in 3.01786 milliseconds
--> MAP did not converge after 1 iterations.
[GMRF] MAP Mean value estimated in 3.01754 milliseconds
--> MAP did not converge after 1 iterations.
[GMRF] MAP Mean value estimated in 3.01724 milliseconds
--> MAP did not converge after 1 iterations.
[GMRF] MAP Mean value estimated in 3.01695 milliseconds
--> MAP did not converge after 1 iterations.
[GMRF] MAP Mean value estimated in 3.01667 milliseconds
--> MAP did not converge after 1 iterations.
[GMRF] MAP Mean value estimated in 3.01639 milliseconds
--> MAP did not converge after 1 iterations.
[GMRF] MAP Mean value estimated in 3.01613 milliseconds
--> MAP did not converge after 1 iterations.
[GMRF] MAP Mean value estimated in 3.01587 milliseconds
--> MAP did not converge after 1 iterations.
[GMRF] MAP Mean value estimated in 3.01562 milliseconds
--> MAP did not converge after 1 iterations.
[GMRF] MAP Mean value estimated in 3.01538 milliseconds
--> MAP did not converge after 1 iterations.
[GMRF] MAP Mean value estimated in 3.01515 milliseconds
--> MAP did not converge after 1 iterations.
[GMRF] MAP Mean value estimated in 3.01493 milliseconds
--> MAP did not converge after 1 iterations.
[GMRF] MAP Mean value estimated in 3.01471 milliseconds
--> MAP did not converge after 1 iterations.
[GMRF] MAP Mean value estimated in 3.01449 milliseconds
--> MAP did not converge after 1 iterations.
[GMRF] MAP Mean value estimated in 3.01429 milliseconds
--> MAP did not converge after 1 iterations.
[GMRF] MAP Mean value estimated in 11.493 milliseconds
--> MAP did not converge after 1 iterations.
[GMRF] MAP Mean value estimated in 11.375 milliseconds
--> MAP did not converge after 1 iterations.
[GMRF] MAP Mean value estimated in 11.2603 milliseconds
--> MAP did not converge after 1 iterations.
[GMRF] MAP Mean value estimated in 11.1486 milliseconds
--> MAP did not converge after 1 iterations.
[GMRF] MAP Mean value estimated in 11.04 milliseconds
--> MAP did not converge after 1 iterations.
[GMRF] MAP Mean value estimated in 10.9342 milliseconds
--> MAP did not converge after 1 iterations.
[GMRF] MAP Mean value estimated in 10.8312 milliseconds
--> MAP did not converge after 1 iterations.
[GMRF] MAP Mean value estimated in 10.7308 milliseconds
--> MAP did not converge after 1 iterations.
[GMRF] MAP Mean value estimated in 10.6329 milliseconds
--> MAP did not converge after 1 iterations.
[GMRF] MAP Mean value estimated in 10.5375 milliseconds
--> MAP did not converge after 1 iterations.
[GMRF] MAP Mean value estimated in 10.4444 milliseconds
--> MAP did not converge after 1 iterations.
[GMRF] MAP Mean value estimated in 10.3537 milliseconds
--> MAP did not converge after 1 iterations.
[GMRF] MAP Mean value estimated in 10.2651 milliseconds
--> MAP did not converge after 1 iterations.
[GMRF] MAP Mean value estimated in 10.1786 milliseconds
--> MAP did not converge after 1 iterations.
[GMRF] MAP Mean value estimated in 10.0941 milliseconds
--> MAP did not converge after 1 iterations.
[GMRF] MAP Mean value estimated in 10.0116 milliseconds
--> MAP did not converge after 1 iterations.
[GMRF] MAP Mean value estimated in 9.93103 milliseconds
--> MAP did not converge after 1 iterations.
[GMRF] MAP Mean value estimated in 9.85227 milliseconds
--> MAP did not converge after 1 iterations.
[GMRF] MAP Mean value estimated in 9.77528 milliseconds
--> MAP did not converge after 1 iterations.
[GMRF] MAP Mean value estimated in 9.7 milliseconds
--> MAP did not converge after 1 iterations.
[GMRF] MAP Mean value estimated in 9.62637 milliseconds
--> MAP did not converge after 1 iterations.
[GMRF] MAP Mean value estimated in 9.55435 milliseconds
--> MAP did not converge after 1 iterations.
[GMRF] MAP Mean value estimated in 9.48387 milliseconds
--> MAP did not converge after 1 iterations.
[GMRF] MAP Mean value estimated in 9.41489 milliseconds
--> MAP did not converge after 1 iterations.
[GMRF] MAP Mean value estimated in 9.34737 milliseconds
--> MAP did not converge after 1 iterations.
[GMRF] MAP Mean value estimated in 9.28125 milliseconds
--> MAP did not converge after 1 iterations.
[GMRF] MAP Mean value estimated in 9.21649 milliseconds
--> MAP did not converge after 1 iterations.
[GMRF] MAP Mean value estimated in 9.15306 milliseconds
--> MAP did not converge after 1 iterations.
[GMRF] MAP Mean value estimated in 9.09091 milliseconds
--> MAP did not converge after 1 iterations.
[GMRF] MAP Mean value estimated in 9.03 milliseconds
--> MAP did not converge after 1 iterations.
[GMRF] MAP Mean value estimated in 8.9703 milliseconds
--> MAP did not converge after 1 iterations.
[GMRF] MAP Mean value estimated in 8.91176 milliseconds
--> MAP did not converge after 1 iterations.
[GMRF] MAP Mean value estimated in 8.85437 milliseconds
--> MAP did not converge after 1 iterations.
[GMRF] MAP Mean value estimated in 8.79808 milliseconds
--> MAP did not converge after 1 iterations.
[GMRF] MAP Mean value estimated in 8.74286 milliseconds
--> MAP did not converge after 1 iterations.
[GMRF] MAP Mean value estimated in 8.68868 milliseconds
--> MAP did not converge after 1 iterations.
[GMRF] MAP Mean value estimated in 8.63551 milliseconds
--> MAP did not converge after 1 iterations.
[GMRF] MAP Mean value estimated in 8.58333 milliseconds
--> MAP did not converge after 1 iterations.
[GMRF] MAP Mean value estimated in 8.53211 milliseconds
--> MAP did not converge after 1 iterations.
[GMRF] MAP Mean value estimated in 8.48182 milliseconds
--> MAP did not converge after 1 iterations.
[GMRF] MAP Mean value estimated in 8.43243 milliseconds
--> MAP did not converge after 1 iterations.
[GMRF] MAP Mean value estimated in 8.375 milliseconds
--> MAP did not converge after 1 iterations.
[GMRF] MAP Mean value estimated in 8.32743 milliseconds
--> MAP did not converge after 1 iterations.
[GMRF] MAP Mean value estimated in 8.2807 milliseconds
--> MAP did not converge after 1 iterations.
[GMRF] MAP Mean value estimated in 8.23478 milliseconds
--> MAP did not converge after 1 iterations.
[GMRF] MAP Mean value estimated in 8.18966 milliseconds
--> MAP did not converge after 1 iterations.
[GMRF] MAP Mean value estimated in 8.1453 milliseconds
--> MAP did not converge after 1 iterations.
[GMRF] MAP Mean value estimated in 8.10169 milliseconds
--> MAP did not converge after 1 iterations.
[GMRF] MAP Mean value estimated in 8.05882 milliseconds
--> MAP did not converge after 1 iterations.
[GMRF] MAP Mean value estimated in 8.01667 milliseconds
--> MAP did not converge after 1 iterations.
[GMRF] MAP Mean value estimated in 7.97521 milliseconds
--> MAP did not converge after 1 iterations.
[GMRF] MAP Mean value estimated in 7.93443 milliseconds
--> MAP did not converge after 1 iterations.
[GMRF] MAP Mean value estimated in 7.89431 milliseconds
--> MAP did not converge after 1 iterations.
[GMRF] MAP Mean value estimated in 7.85484 milliseconds
--> MAP did not converge after 1 iterations.
[GMRF] MAP Mean value estimated in 7.816 milliseconds
--> MAP did not converge after 1 iterations.
[GMRF] MAP Mean value estimated in 7.77778 milliseconds
--> MAP did not converge after 1 iterations.
[GMRF] MAP Mean value estimated in 7.74016 milliseconds
--> MAP did not converge after 1 iterations.
[GMRF] MAP Mean value estimated in 7.70312 milliseconds
--> MAP did not converge after 1 iterations.
[GMRF] MAP Mean value estimated in 7.66667 milliseconds
--> MAP did not converge after 1 iterations.
[GMRF] MAP Mean value estimated in 7.62308 milliseconds
--> MAP did not converge after 1 iterations.
[GMRF] MAP Mean value estimated in 7.58779 milliseconds
--> MAP did not converge after 1 iterations.
[GMRF] MAP Mean value estimated in 7.55303 milliseconds
--> MAP did not converge after 1 iterations.
[GMRF] MAP Mean value estimated in 7.5188 milliseconds
--> MAP did not converge after 1 iterations.
[GMRF] MAP Mean value estimated in 7.48507 milliseconds
--> MAP did not converge after 1 iterations.
[GMRF] MAP Mean value estimated in 7.45185 milliseconds
--> MAP did not converge after 1 iterations.
[GMRF] MAP Mean value estimated in 7.41912 milliseconds
--> MAP did not converge after 1 iterations.
[GMRF] MAP Mean value estimated in 7.38686 milliseconds
--> MAP did not converge after 1 iterations.
[GMRF] MAP Mean value estimated in 7.35507 milliseconds
--> MAP did not converge after 1 iterations.
[GMRF] MAP Mean value estimated in 7.32374 milliseconds
--> MAP did not converge after 1 iterations.
[GMRF] MAP Mean value estimated in 7.29286 milliseconds
--> MAP did not converge after 1 iterations.
[GMRF] MAP Mean value estimated in 7.26241 milliseconds
--> MAP did not converge after 1 iterations.
[GMRF] MAP Mean value estimated in 7.23239 milliseconds
--> MAP did not converge after 1 iterations.
[GMRF] MAP Mean value estimated in 7.2028 milliseconds
--> MAP did not converge after 1 iterations.
[GMRF] MAP Mean value estimated in 7.17361 milliseconds
--> MAP did not converge after 1 iterations.
[GMRF] MAP Mean value estimated in 7.14483 milliseconds
--> MAP did not converge after 1 iterations.
[GMRF] MAP Mean value estimated in 7.11644 milliseconds
--> MAP did not converge after 1 iterations.
[GMRF] MAP Mean value estimated in 7.08844 milliseconds
--> MAP did not converge after 1 iterations.
[GMRF] MAP Mean value estimated in 7.06081 milliseconds
--> MAP did not converge after 1 iterations.
[GMRF] MAP Mean value estimated in 7.03356 milliseconds
--> MAP did not converge after 1 iterations.
[GMRF] MAP Mean value estimated in 7.00667 milliseconds
--> MAP did not converge after 1 iterations.
[GMRF] MAP Mean value estimated in 6.98013 milliseconds
--> MAP did not converge after 1 iterations.
[GMRF] MAP Mean value estimated in 6.96053 milliseconds
--> MAP did not converge after 1 iterations.
[GMRF] MAP Mean value estimated in 6.93464 milliseconds
--> MAP did not converge after 1 iterations.
[GMRF] MAP Mean value estimated in 6.90909 milliseconds
--> MAP did not converge after 1 iterations.
[GMRF] MAP Mean value estimated in 6.88387 milliseconds
--> MAP did not converge after 1 iterations.
[GMRF] MAP Mean value estimated in 6.85897 milliseconds
--> MAP did not converge after 1 iterations.
[GMRF] MAP Mean value estimated in 6.83439 milliseconds
--> MAP did not converge after 1 iterations.
[GMRF] MAP Mean value estimated in 6.81013 milliseconds
--> MAP did not converge after 1 iterations.
[GMRF] MAP Mean value estimated in 6.78616 milliseconds
--> MAP did not converge after 1 iterations.
[GMRF] MAP Mean value estimated in 6.76875 milliseconds
--> MAP did not converge after 1 iterations.
[GMRF] MAP Mean value estimated in 6.74534 milliseconds
--> MAP did not converge after 1 iterations.
[GMRF] MAP Mean value estimated in 6.72222 milliseconds
--> MAP did not converge after 1 iterations.
[GMRF] MAP Mean value estimated in 6.69939 milliseconds
--> MAP did not converge after 1 iterations.
[GMRF] MAP Mean value estimated in 6.67683 milliseconds
--> MAP did not converge after 1 iterations.
[GMRF] MAP Mean value estimated in 6.65455 milliseconds
--> MAP did not converge after 1 iterations.
[GMRF] MAP Mean value estimated in 6.63253 milliseconds
--> MAP did not converge after 1 iterations.
[GMRF] MAP Mean value estimated in 6.61078 milliseconds
--> MAP did not converge after 1 iterations.
[GMRF] MAP Mean value estimated in 6.58929 milliseconds
--> MAP did not converge after 1 iterations.
[GMRF] MAP Mean value estimated in 6.56805 milliseconds
--> MAP did not converge after 1 iterations.
[GMRF] MAP Mean value estimated in 6.56471 milliseconds
--> MAP did not converge after 1 iterations.
[GMRF] MAP Mean value estimated in 6.54386 milliseconds
--> MAP did not converge after 1 iterations.
[GMRF] MAP Mean value estimated in 6.52326 milliseconds
--> MAP did not converge after 1 iterations.
[GMRF] MAP Mean value estimated in 6.50289 milliseconds
--> MAP did not converge after 1 iterations.
[GMRF] MAP Mean value estimated in 6.48276 milliseconds
--> MAP did not converge after 1 iterations.
[GMRF] MAP Mean value estimated in 6.46286 milliseconds
--> MAP did not converge after 1 iterations.
[GMRF] MAP Mean value estimated in 6.44318 milliseconds
--> MAP did not converge after 1 iterations.
[GMRF] MAP Mean value estimated in 6.42373 milliseconds
--> MAP did not converge after 1 iterations.
[GMRF] MAP Mean value estimated in 6.40449 milliseconds
--> MAP did not converge after 1 iterations.
[GMRF] MAP Mean value estimated in 6.38547 milliseconds
--> MAP did not converge after 1 iterations.
[GMRF] MAP Mean value estimated in 6.36667 milliseconds
--> MAP did not converge after 1 iterations.
[GMRF] MAP Mean value estimated in 6.34807 milliseconds
--> MAP did not converge after 1 iterations.
[GMRF] MAP Mean value estimated in 6.32967 milliseconds
--> MAP did not converge after 1 iterations.
[GMRF] MAP Mean value estimated in 6.31148 milliseconds
--> MAP did not converge after 1 iterations.
[GMRF] MAP Mean value estimated in 6.29348 milliseconds
--> MAP did not converge after 1 iterations.
[GMRF] MAP Mean value estimated in 6.27568 milliseconds
--> MAP did not converge after 1 iterations.
[GMRF] MAP Mean value estimated in 6.25806 milliseconds
--> MAP did not converge after 1 iterations.
[GMRF] MAP Mean value estimated in 6.24064 milliseconds
--> MAP did not converge after 1 iterations.
[GMRF] MAP Mean value estimated in 6.2234 milliseconds
--> MAP did not converge after 1 iterations.
[GMRF] MAP Mean value estimated in 6.20635 milliseconds
--> MAP did not converge after 1 iterations.
[GMRF] MAP Mean value estimated in 6.18947 milliseconds
--> MAP did not converge after 1 iterations.
[GMRF] MAP Mean value estimated in 6.17277 milliseconds
--> MAP did not converge after 1 iterations.
[GMRF] MAP Mean value estimated in 6.15625 milliseconds
--> MAP did not converge after 1 iterations.
[GMRF] MAP Mean value estimated in 6.1399 milliseconds
--> MAP did not converge after 1 iterations.
[GMRF] MAP Mean value estimated in 6.12371 milliseconds
--> MAP did not converge after 1 iterations.
[GMRF] MAP Mean value estimated in 6.10769 milliseconds
--> MAP did not converge after 1 iterations.
[GMRF] MAP Mean value estimated in 6.09184 milliseconds
--> MAP did not converge after 1 iterations.
[GMRF] MAP Mean value estimated in 6.07614 milliseconds
--> MAP did not converge after 1 iterations.
[GMRF] MAP Mean value estimated in 6.06061 milliseconds
--> MAP did not converge after 1 iterations.
[GMRF] MAP Mean value estimated in 6.04523 milliseconds
--> MAP did not converge after 1 iterations.
[GMRF] MAP Mean value estimated in 6.03 milliseconds
--> MAP did not converge after 1 iterations.
[GMRF] MAP Mean value estimated in 6.01493 milliseconds
--> MAP did not converge after 1 iterations.
[GMRF] MAP Mean value estimated in 6 milliseconds
--> MAP did not converge after 1 iterations.
[GMRF] MAP Mean value estimated in 5.98522 milliseconds
--> MAP did not converge after 1 iterations.
[GMRF] MAP Mean value estimated in 5.97059 milliseconds
--> MAP did not converge after 1 iterations.
[GMRF] MAP Mean value estimated in 5.9561 milliseconds
--> MAP did not converge after 1 iterations.
[GMRF] MAP Mean value estimated in 5.94175 milliseconds
--> MAP did not converge after 1 iterations.
[GMRF] MAP Mean value estimated in 5.93237 milliseconds
--> MAP did not converge after 1 iterations.
[GMRF] MAP Mean value estimated in 5.91827 milliseconds
--> MAP did not converge after 1 iterations.
[GMRF] MAP Mean value estimated in 5.90431 milliseconds
--> MAP did not converge after 1 iterations.
[GMRF] MAP Mean value estimated in 5.9 milliseconds
--> MAP did not converge after 1 iterations.
[GMRF] MAP Mean value estimated in 5.88626 milliseconds
--> MAP did not converge after 1 iterations.
[GMRF] MAP Mean value estimated in 5.87264 milliseconds
--> MAP did not converge after 1 iterations.
[GMRF] MAP Mean value estimated in 5.85915 milliseconds
--> MAP did not converge after 1 iterations.
[GMRF] MAP Mean value estimated in 5.84579 milliseconds
--> MAP did not converge after 1 iterations.
[GMRF] MAP Mean value estimated in 5.83256 milliseconds
--> MAP did not converge after 1 iterations.
[GMRF] MAP Mean value estimated in 5.8287 milliseconds
--> MAP did not converge after 1 iterations.
[GMRF] MAP Mean value estimated in 5.81567 milliseconds
--> MAP did not converge after 1 iterations.
[GMRF] MAP Mean value estimated in 5.84862 milliseconds
--> MAP did not converge after 1 iterations.
[GMRF] MAP Mean value estimated in 5.83562 milliseconds
--> MAP did not converge after 1 iterations.
[GMRF] MAP Mean value estimated in 5.82273 milliseconds
--> MAP did not converge after 1 iterations.
[GMRF] MAP Mean value estimated in 5.80995 milliseconds
--> MAP did not converge after 1 iterations.
[GMRF] MAP Mean value estimated in 5.7973 milliseconds
--> MAP did not converge after 1 iterations.
[GMRF] MAP Mean value estimated in 5.78475 milliseconds
--> MAP did not converge after 1 iterations.
[GMRF] MAP Mean value estimated in 5.77232 milliseconds
--> MAP did not converge after 1 iterations.
[GMRF] MAP Mean value estimated in 5.76 milliseconds
--> MAP did not converge after 1 iterations.
[GMRF] MAP Mean value estimated in 5.74779 milliseconds
--> MAP did not converge after 1 iterations.
[GMRF] MAP Mean value estimated in 5.73568 milliseconds
--> MAP did not converge after 1 iterations.
[GMRF] MAP Mean value estimated in 5.72368 milliseconds
--> MAP did not converge after 1 iterations.
[GMRF] MAP Mean value estimated in 5.71179 milliseconds
--> MAP did not converge after 1 iterations.
[GMRF] MAP Mean value estimated in 5.7 milliseconds
--> MAP did not converge after 1 iterations.
[GMRF] MAP Mean value estimated in 5.68831 milliseconds
--> MAP did not converge after 1 iterations.
[GMRF] MAP Mean value estimated in 5.67672 milliseconds
--> MAP did not converge after 1 iterations.
[GMRF] MAP Mean value estimated in 5.66524 milliseconds
--> MAP did not converge after 1 iterations.
[GMRF] MAP Mean value estimated in 5.65385 milliseconds
--> MAP did not converge after 1 iterations.
[GMRF] MAP Mean value estimated in 5.64255 milliseconds
--> MAP did not converge after 1 iterations.
[GMRF] MAP Mean value estimated in 5.63136 milliseconds
--> MAP did not converge after 1 iterations.
[GMRF] MAP Mean value estimated in 5.62025 milliseconds
--> MAP did not converge after 1 iterations.
[GMRF] MAP Mean value estimated in 5.60924 milliseconds
--> MAP did not converge after 1 iterations.
[GMRF] MAP Mean value estimated in 5.59833 milliseconds
--> MAP did not converge after 1 iterations.
[GMRF] MAP Mean value estimated in 5.5875 milliseconds
--> MAP did not converge after 1 iterations.
[GMRF] MAP Mean value estimated in 5.57676 milliseconds
--> MAP did not converge after 1 iterations.
[GMRF] MAP Mean value estimated in 5.56612 milliseconds
--> MAP did not converge after 1 iterations.
[GMRF] MAP Mean value estimated in 5.55144 milliseconds
--> MAP did not converge after 1 iterations.
[GMRF] MAP Mean value estimated in 5.54098 milliseconds
--> MAP did not converge after 1 iterations.
[GMRF] MAP Mean value estimated in 5.53061 milliseconds
--> MAP did not converge after 1 iterations.
[GMRF] MAP Mean value estimated in 5.52033 milliseconds
--> MAP did not converge after 1 iterations.
[GMRF] MAP Mean value estimated in 5.51012 milliseconds
--> MAP did not converge after 1 iterations.
[GMRF] MAP Mean value estimated in 5.5 milliseconds
--> MAP did not converge after 1 iterations.
[GMRF] MAP Mean value estimated in 5.48996 milliseconds
--> MAP did not converge after 1 iterations.
[GMRF] MAP Mean value estimated in 5.48 milliseconds
--> MAP did not converge after 1 iterations.
[GMRF] MAP Mean value estimated in 5.47012 milliseconds
--> MAP did not converge after 1 iterations.
[GMRF] MAP Mean value estimated in 5.46032 milliseconds
--> MAP did not converge after 1 iterations.
[GMRF] MAP Mean value estimated in 5.45059 milliseconds
--> MAP did not converge after 1 iterations.
[GMRF] MAP Mean value estimated in 5.44094 milliseconds
--> MAP did not converge after 1 iterations.
[GMRF] MAP Mean value estimated in 5.43137 milliseconds
--> MAP did not converge after 1 iterations.
[GMRF] MAP Mean value estimated in 5.42188 milliseconds
--> MAP did not converge after 1 iterations.
[GMRF] MAP Mean value estimated in 5.41245 milliseconds
--> MAP did not converge after 1 iterations.
[GMRF] MAP Mean value estimated in 5.4031 milliseconds
--> MAP did not converge after 1 iterations.
[GMRF] MAP Mean value estimated in 5.39382 milliseconds
--> MAP did not converge after 1 iterations.
[GMRF] MAP Mean value estimated in 5.38462 milliseconds
--> MAP did not converge after 1 iterations.
[GMRF] MAP Mean value estimated in 5.37548 milliseconds
--> MAP did not converge after 1 iterations.
[GMRF] MAP Mean value estimated in 5.36641 milliseconds
--> MAP did not converge after 1 iterations.
[GMRF] MAP Mean value estimated in 5.35741 milliseconds
--> MAP did not converge after 1 iterations.
[GMRF] MAP Mean value estimated in 5.36364 milliseconds
--> MAP did not converge after 1 iterations.
[GMRF] MAP Mean value estimated in 5.35472 milliseconds
--> MAP did not converge after 1 iterations.
[GMRF] MAP Mean value estimated in 5.34586 milliseconds
--> MAP did not converge after 1 iterations.
[GMRF] MAP Mean value estimated in 5.33708 milliseconds
--> MAP did not converge after 1 iterations.
[GMRF] MAP Mean value estimated in 5.32836 milliseconds
--> MAP did not converge after 1 iterations.
[GMRF] MAP Mean value estimated in 5.3197 milliseconds
--> MAP did not converge after 1 iterations.
[GMRF] MAP Mean value estimated in 5.31111 milliseconds
--> MAP did not converge after 1 iterations.
[GMRF] MAP Mean value estimated in 5.30258 milliseconds
--> MAP did not converge after 1 iterations.
[GMRF] MAP Mean value estimated in 5.29412 milliseconds
--> MAP did not converge after 1 iterations.
[GMRF] MAP Mean value estimated in 5.28571 milliseconds
--> MAP did not converge after 1 iterations.
[GMRF] MAP Mean value estimated in 5.27737 milliseconds
--> MAP did not converge after 1 iterations.
[GMRF] MAP Mean value estimated in 5.26909 milliseconds
--> MAP did not converge after 1 iterations.
[GMRF] MAP Mean value estimated in 5.26449 milliseconds
--> MAP did not converge after 1 iterations.
[GMRF] MAP Mean value estimated in 5.25632 milliseconds
--> MAP did not converge after 1 iterations.
[GMRF] MAP Mean value estimated in 5.2482 milliseconds
--> MAP did not converge after 1 iterations.
[GMRF] MAP Mean value estimated in 5.24014 milliseconds
--> MAP did not converge after 1 iterations.
[GMRF] MAP Mean value estimated in 5.22857 milliseconds
--> MAP did not converge after 1 iterations.
[GMRF] MAP Mean value estimated in 5.22064 milliseconds
--> MAP did not converge after 1 iterations.
[GMRF] MAP Mean value estimated in 5.21277 milliseconds
--> MAP did not converge after 1 iterations.
[GMRF] MAP Mean value estimated in 5.20495 milliseconds
--> MAP did not converge after 1 iterations.
[GMRF] MAP Mean value estimated in 5.19718 milliseconds
--> MAP did not converge after 1 iterations.
[GMRF] MAP Mean value estimated in 5.18947 milliseconds
--> MAP did not converge after 1 iterations.
[GMRF] MAP Mean value estimated in 5.18182 milliseconds
--> MAP did not converge after 1 iterations.
[GMRF] MAP Mean value estimated in 5.17422 milliseconds
--> MAP did not converge after 1 iterations.
[GMRF] MAP Mean value estimated in 5.16667 milliseconds
--> MAP did not converge after 1 iterations.
[GMRF] MAP Mean value estimated in 5.15917 milliseconds
--> MAP did not converge after 1 iterations.
[GMRF] MAP Mean value estimated in 5.15172 milliseconds
--> MAP did not converge after 1 iterations.
[GMRF] MAP Mean value estimated in 5.14433 milliseconds
--> MAP did not converge after 1 iterations.
[GMRF] MAP Mean value estimated in 5.13699 milliseconds
--> MAP did not converge after 1 iterations.
[GMRF] MAP Mean value estimated in 5.12969 milliseconds
--> MAP did not converge after 1 iterations.
[GMRF] MAP Mean value estimated in 5.12245 milliseconds
--> MAP did not converge after 1 iterations.
[GMRF] MAP Mean value estimated in 5.11525 milliseconds
--> MAP did not converge after 1 iterations.
[GMRF] MAP Mean value estimated in 5.10811 milliseconds
--> MAP did not converge after 1 iterations.
[GMRF] MAP Mean value estimated in 5.10101 milliseconds
--> MAP did not converge after 1 iterations.
[GMRF] MAP Mean value estimated in 5.09396 milliseconds
--> MAP did not converge after 1 iterations.
[GMRF] MAP Mean value estimated in 5.08696 milliseconds
--> MAP did not converge after 1 iterations.
[GMRF] MAP Mean value estimated in 5.08 milliseconds
--> MAP did not converge after 1 iterations.
[GMRF] MAP Mean value estimated in 5.07309 milliseconds
--> MAP did not converge after 1 iterations.
[GMRF] MAP Mean value estimated in 5.06623 milliseconds
--> MAP did not converge after 1 iterations.
[GMRF] MAP Mean value estimated in 5.05941 milliseconds
--> MAP did not converge after 1 iterations.
[GMRF] MAP Mean value estimated in 5.05263 milliseconds
--> MAP did not converge after 1 iterations.
[GMRF] MAP Mean value estimated in 5.0459 milliseconds
--> MAP did not converge after 1 iterations.
[GMRF] MAP Mean value estimated in 5.03922 milliseconds
--> MAP did not converge after 1 iterations.
[GMRF] MAP Mean value estimated in 5.03257 milliseconds
--> MAP did not converge after 1 iterations.
[GMRF] MAP Mean value estimated in 5.02597 milliseconds
--> MAP did not converge after 1 iterations.
[GMRF] MAP Mean value estimated in 5.01942 milliseconds
--> MAP did not converge after 1 iterations.
[GMRF] MAP Mean value estimated in 5.0129 milliseconds
--> MAP did not converge after 1 iterations.
[GMRF] MAP Mean value estimated in 5.00643 milliseconds
--> MAP did not converge after 1 iterations.
[GMRF] MAP Mean value estimated in 5 milliseconds
--> MAP did not converge after 1 iterations.
[GMRF] MAP Mean value estimated in 4.99361 milliseconds
--> MAP did not converge after 1 iterations.
[GMRF] MAP Mean value estimated in 4.98726 milliseconds
--> MAP did not converge after 1 iterations.
[GMRF] MAP Mean value estimated in 4.98095 milliseconds
--> MAP did not converge after 1 iterations.
[GMRF] MAP Mean value estimated in 4.97468 milliseconds
--> MAP did not converge after 1 iterations.
[GMRF] MAP Mean value estimated in 4.96845 milliseconds
--> MAP did not converge after 1 iterations.
[GMRF] MAP Mean value estimated in 4.96226 milliseconds
--> MAP did not converge after 1 iterations.
[GMRF] MAP Mean value estimated in 4.95611 milliseconds
--> MAP did not converge after 1 iterations.
[GMRF] MAP Mean value estimated in 4.95 milliseconds
--> MAP did not converge after 1 iterations.
[GMRF] MAP Mean value estimated in 4.94393 milliseconds
--> MAP did not converge after 1 iterations.
[GMRF] MAP Mean value estimated in 4.93789 milliseconds
--> MAP did not converge after 1 iterations.
[GMRF] MAP Mean value estimated in 4.93189 milliseconds
--> MAP did not converge after 1 iterations.
[GMRF] MAP Mean value estimated in 4.92593 milliseconds
--> MAP did not converge after 1 iterations.
[GMRF] MAP Mean value estimated in 4.92 milliseconds
--> MAP did not converge after 1 iterations.
[GMRF] MAP Mean value estimated in 4.91104 milliseconds
--> MAP did not converge after 1 iterations.
[GMRF] MAP Mean value estimated in 4.9052 milliseconds
--> MAP did not converge after 1 iterations.
[GMRF] MAP Mean value estimated in 4.89939 milliseconds
--> MAP did not converge after 1 iterations.
[GMRF] MAP Mean value estimated in 4.89362 milliseconds
--> MAP did not converge after 1 iterations.
[GMRF] MAP Mean value estimated in 4.88788 milliseconds
--> MAP did not converge after 1 iterations.
[GMRF] MAP Mean value estimated in 4.88218 milliseconds
--> MAP did not converge after 1 iterations.
[GMRF] MAP Mean value estimated in 4.87651 milliseconds
--> MAP did not converge after 1 iterations.
[GMRF] MAP Mean value estimated in 4.87087 milliseconds
--> MAP did not converge after 1 iterations.
[GMRF] MAP Mean value estimated in 4.86527 milliseconds
--> MAP did not converge after 1 iterations.
[GMRF] MAP Mean value estimated in 4.8597 milliseconds
--> MAP did not converge after 1 iterations.
[GMRF] MAP Mean value estimated in 4.85417 milliseconds
--> MAP did not converge after 1 iterations.
[GMRF] MAP Mean value estimated in 4.84866 milliseconds
--> MAP did not converge after 1 iterations.
[GMRF] MAP Mean value estimated in 4.8432 milliseconds
--> MAP did not converge after 1 iterations.
[GMRF] MAP Mean value estimated in 4.83776 milliseconds
--> MAP did not converge after 1 iterations.
[GMRF] MAP Mean value estimated in 4.83235 milliseconds
--> MAP did not converge after 1 iterations.
[GMRF] MAP Mean value estimated in 4.82698 milliseconds
--> MAP did not converge after 1 iterations.
[GMRF] MAP Mean value estimated in 4.82164 milliseconds
--> MAP did not converge after 1 iterations.
[GMRF] MAP Mean value estimated in 4.81633 milliseconds
--> MAP did not converge after 1 iterations.
[GMRF] MAP Mean value estimated in 4.81105 milliseconds
--> MAP did not converge after 1 iterations.
[GMRF] MAP Mean value estimated in 4.8058 milliseconds
--> MAP did not converge after 1 iterations.
[GMRF] MAP Mean value estimated in 4.80058 milliseconds
--> MAP did not converge after 1 iterations.
[GMRF] MAP Mean value estimated in 4.79539 milliseconds
--> MAP did not converge after 1 iterations.
[GMRF] MAP Mean value estimated in 4.79023 milliseconds
--> MAP did not converge after 1 iterations.
[GMRF] MAP Mean value estimated in 4.7851 milliseconds
--> MAP did not converge after 1 iterations.
[GMRF] MAP Mean value estimated in 4.78 milliseconds
--> MAP did not converge after 1 iterations.
[GMRF] MAP Mean value estimated in 4.77493 milliseconds
--> MAP did not converge after 1 iterations.
[GMRF] MAP Mean value estimated in 4.76989 milliseconds
--> MAP did not converge after 1 iterations.
[GMRF] MAP Mean value estimated in 4.76487 milliseconds
--> MAP did not converge after 1 iterations.
[GMRF] MAP Mean value estimated in 4.75989 milliseconds
--> MAP did not converge after 1 iterations.
[GMRF] MAP Mean value estimated in 4.75493 milliseconds
--> MAP did not converge after 1 iterations.
[GMRF] MAP Mean value estimated in 4.75 milliseconds
--> MAP did not converge after 1 iterations.
[GMRF] MAP Mean value estimated in 4.7451 milliseconds
--> MAP did not converge after 1 iterations.
[GMRF] MAP Mean value estimated in 4.74022 milliseconds
--> MAP did not converge after 1 iterations.
[GMRF] MAP Mean value estimated in 4.73538 milliseconds
--> MAP did not converge after 1 iterations.
[GMRF] MAP Mean value estimated in 4.73056 milliseconds
--> MAP did not converge after 1 iterations.
[GMRF] MAP Mean value estimated in 4.72576 milliseconds
--> MAP did not converge after 1 iterations.
[GMRF] MAP Mean value estimated in 4.72099 milliseconds
--> MAP did not converge after 1 iterations.
[GMRF] MAP Mean value estimated in 4.71625 milliseconds
--> MAP did not converge after 1 iterations.
[GMRF] MAP Mean value estimated in 4.71154 milliseconds
--> MAP did not converge after 1 iterations.
[GMRF] MAP Mean value estimated in 4.70685 milliseconds
--> MAP did not converge after 1 iterations.
[GMRF] MAP Mean value estimated in 4.70219 milliseconds
--> MAP did not converge after 1 iterations.
[GMRF] MAP Mean value estimated in 4.69755 milliseconds
--> MAP did not converge after 1 iterations.
[GMRF] MAP Mean value estimated in 4.69293 milliseconds
--> MAP did not converge after 1 iterations.
[GMRF] MAP Mean value estimated in 4.68835 milliseconds
--> MAP did not converge after 1 iterations.
[GMRF] MAP Mean value estimated in 4.68378 milliseconds
--> MAP did not converge after 1 iterations.
[GMRF] MAP Mean value estimated in 4.67925 milliseconds
--> MAP did not converge after 1 iterations.
[GMRF] MAP Mean value estimated in 4.67473 milliseconds
--> MAP did not converge after 1 iterations.
[GMRF] MAP Mean value estimated in 4.67024 milliseconds
--> MAP did not converge after 1 iterations.
[GMRF] MAP Mean value estimated in 4.66578 milliseconds
--> MAP did not converge after 1 iterations.
[GMRF] MAP Mean value estimated in 4.66133 milliseconds
--> MAP did not converge after 1 iterations.
[GMRF] MAP Mean value estimated in 4.65691 milliseconds
--> MAP did not converge after 1 iterations.
[GMRF] MAP Mean value estimated in 4.65252 milliseconds
--> MAP did not converge after 1 iterations.
[GMRF] MAP Mean value estimated in 4.64815 milliseconds
--> MAP did not converge after 1 iterations.
[GMRF] MAP Mean value estimated in 4.64908 milliseconds
--> MAP did not converge after 1 iterations.
[GMRF] MAP Mean value estimated in 4.64474 milliseconds
--> MAP did not converge after 1 iterations.
[GMRF] MAP Mean value estimated in 4.64042 milliseconds
--> MAP did not converge after 1 iterations.
[GMRF] MAP Mean value estimated in 4.63613 milliseconds
--> MAP did not converge after 1 iterations.
[GMRF] MAP Mean value estimated in 4.63185 milliseconds
--> MAP did not converge after 1 iterations.
[GMRF] MAP Mean value estimated in 4.6276 milliseconds
--> MAP did not converge after 1 iterations.
[GMRF] MAP Mean value estimated in 4.62338 milliseconds
--> MAP did not converge after 1 iterations.
[GMRF] MAP Mean value estimated in 4.61917 milliseconds
--> MAP did not converge after 1 iterations.
[GMRF] MAP Mean value estimated in 4.61499 milliseconds
--> MAP did not converge after 1 iterations.
[GMRF] MAP Mean value estimated in 4.61082 milliseconds
--> MAP did not converge after 1 iterations.
[GMRF] MAP Mean value estimated in 4.60668 milliseconds
--> MAP did not converge after 1 iterations.
[GMRF] MAP Mean value estimated in 4.60256 milliseconds
--> MAP did not converge after 1 iterations.
[GMRF] MAP Mean value estimated in 4.59847 milliseconds
--> MAP did not converge after 1 iterations.
[GMRF] MAP Mean value estimated in 4.59184 milliseconds
--> MAP did not converge after 1 iterations.
[GMRF] MAP Mean value estimated in 4.58779 milliseconds
--> MAP did not converge after 1 iterations.
[GMRF] MAP Mean value estimated in 4.58376 milliseconds
--> MAP did not converge after 1 iterations.
[GMRF] MAP Mean value estimated in 4.57975 milliseconds
--> MAP did not converge after 1 iterations.
[GMRF] MAP Mean value estimated in 4.57576 milliseconds
--> MAP did not converge after 1 iterations.
[GMRF] MAP Mean value estimated in 4.57179 milliseconds
--> MAP did not converge after 1 iterations.
[GMRF] MAP Mean value estimated in 4.56784 milliseconds
--> MAP did not converge after 1 iterations.
[GMRF] MAP Mean value estimated in 4.56391 milliseconds
--> MAP did not converge after 1 iterations.
[GMRF] MAP Mean value estimated in 4.56 milliseconds
--> MAP did not converge after 1 iterations.
[GMRF] MAP Mean value estimated in 4.55611 milliseconds
--> MAP did not converge after 1 iterations.
[GMRF] MAP Mean value estimated in 4.55224 milliseconds
--> MAP did not converge after 1 iterations.
[GMRF] MAP Mean value estimated in 4.54839 milliseconds
--> MAP did not converge after 1 iterations.
[GMRF] MAP Mean value estimated in 4.54455 milliseconds
--> MAP did not converge after 1 iterations.
[GMRF] MAP Mean value estimated in 4.54074 milliseconds
--> MAP did not converge after 1 iterations.
[GMRF] MAP Mean value estimated in 4.53695 milliseconds
--> MAP did not converge after 1 iterations.
[GMRF] MAP Mean value estimated in 4.53317 milliseconds
--> MAP did not converge after 1 iterations.
[GMRF] MAP Mean value estimated in 4.52941 milliseconds
--> MAP did not converge after 1 iterations.
[GMRF] MAP Mean value estimated in 4.52567 milliseconds
--> MAP did not converge after 1 iterations.
[GMRF] MAP Mean value estimated in 4.52195 milliseconds
--> MAP did not converge after 1 iterations.
[GMRF] MAP Mean value estimated in 4.51825 milliseconds
--> MAP did not converge after 1 iterations.
[GMRF] MAP Mean value estimated in 4.51456 milliseconds
--> MAP did not converge after 1 iterations.
[GMRF] MAP Mean value estimated in 4.5109 milliseconds
--> MAP did not converge after 1 iterations.
[GMRF] MAP Mean value estimated in 4.50725 milliseconds
--> MAP did not converge after 1 iterations.
[GMRF] MAP Mean value estimated in 4.50361 milliseconds
--> MAP did not converge after 1 iterations.
[GMRF] MAP Mean value estimated in 4.5 milliseconds
--> MAP did not converge after 1 iterations.
[GMRF] MAP Mean value estimated in 4.4964 milliseconds
--> MAP did not converge after 1 iterations.
[GMRF] MAP Mean value estimated in 4.49282 milliseconds
--> MAP did not converge after 1 iterations.
[GMRF] MAP Mean value estimated in 4.49165 milliseconds
--> MAP did not converge after 1 iterations.
[GMRF] MAP Mean value estimated in 4.49048 milliseconds
--> MAP did not converge after 1 iterations.
[GMRF] MAP Mean value estimated in 4.48931 milliseconds
--> MAP did not converge after 1 iterations.
[GMRF] MAP Mean value estimated in 4.48578 milliseconds
--> MAP did not converge after 1 iterations.
[GMRF] MAP Mean value estimated in 4.48227 milliseconds
--> MAP did not converge after 1 iterations.
[GMRF] MAP Mean value estimated in 4.47877 milliseconds
--> MAP did not converge after 1 iterations.
[GMRF] MAP Mean value estimated in 4.47529 milliseconds
--> MAP did not converge after 1 iterations.
[GMRF] MAP Mean value estimated in 4.47183 milliseconds
--> MAP did not converge after 1 iterations.
[GMRF] MAP Mean value estimated in 4.46838 milliseconds
--> MAP did not converge after 1 iterations.
[GMRF] MAP Mean value estimated in 4.46495 milliseconds
--> MAP did not converge after 1 iterations.
[GMRF] MAP Mean value estimated in 4.46154 milliseconds
--> MAP did not converge after 1 iterations.
[GMRF] MAP Mean value estimated in 4.45814 milliseconds
--> MAP did not converge after 1 iterations.
[GMRF] MAP Mean value estimated in 4.45476 milliseconds
--> MAP did not converge after 1 iterations.
[GMRF] MAP Mean value estimated in 4.45139 milliseconds
--> MAP did not converge after 1 iterations.
[GMRF] MAP Mean value estimated in 4.44804 milliseconds
--> MAP did not converge after 1 iterations.
[GMRF] MAP Mean value estimated in 4.4447 milliseconds
--> MAP did not converge after 1 iterations.
[GMRF] MAP Mean value estimated in 4.44138 milliseconds
--> MAP did not converge after 1 iterations.
[GMRF] MAP Mean value estimated in 4.43807 milliseconds
--> MAP did not converge after 1 iterations.
[GMRF] MAP Mean value estimated in 4.43478 milliseconds
--> MAP did not converge after 1 iterations.
[GMRF] MAP Mean value estimated in 4.43151 milliseconds
--> MAP did not converge after 1 iterations.
[GMRF] MAP Mean value estimated in 4.42825 milliseconds
--> MAP did not converge after 1 iterations.
[GMRF] MAP Mean value estimated in 4.425 milliseconds
--> MAP did not converge after 1 iterations.
[GMRF] MAP Mean value estimated in 4.42177 milliseconds
--> MAP did not converge after 1 iterations.
[GMRF] MAP Mean value estimated in 4.41855 milliseconds
--> MAP did not converge after 1 iterations.
[GMRF] MAP Mean value estimated in 4.41535 milliseconds
--> MAP did not converge after 1 iterations.
[GMRF] MAP Mean value estimated in 4.42117 milliseconds
--> MAP did not converge after 1 iterations.
[GMRF] MAP Mean value estimated in 4.41798 milliseconds
--> MAP did not converge after 1 iterations.
[GMRF] MAP Mean value estimated in 4.4148 milliseconds
--> MAP did not converge after 1 iterations.
[GMRF] MAP Mean value estimated in 4.41163 milliseconds
--> MAP did not converge after 1 iterations.
[GMRF] MAP Mean value estimated in 4.40848 milliseconds
--> MAP did not converge after 1 iterations.
[GMRF] MAP Mean value estimated in 4.40535 milliseconds
--> MAP did not converge after 1 iterations.
[GMRF] MAP Mean value estimated in 4.40222 milliseconds
--> MAP did not converge after 1 iterations.
[GMRF] MAP Mean value estimated in 4.39911 milliseconds
--> MAP did not converge after 1 iterations.
[GMRF] MAP Mean value estimated in 4.39602 milliseconds
--> MAP did not converge after 1 iterations.
[GMRF] MAP Mean value estimated in 4.39294 milliseconds
--> MAP did not converge after 1 iterations.
[GMRF] MAP Mean value estimated in 4.38987 milliseconds
--> MAP did not converge after 1 iterations.
[GMRF] MAP Mean value estimated in 4.38681 milliseconds
--> MAP did not converge after 1 iterations.
[GMRF] MAP Mean value estimated in 4.38377 milliseconds
--> MAP did not converge after 1 iterations.
[GMRF] MAP Mean value estimated in 4.38074 milliseconds
--> MAP did not converge after 1 iterations.
[GMRF] MAP Mean value estimated in 4.37773 milliseconds
--> MAP did not converge after 1 iterations.
[GMRF] MAP Mean value estimated in 4.37473 milliseconds
--> MAP did not converge after 1 iterations.
[GMRF] MAP Mean value estimated in 4.37174 milliseconds
--> MAP did not converge after 1 iterations.
[GMRF] MAP Mean value estimated in 4.36876 milliseconds
--> MAP did not converge after 1 iterations.
[GMRF] MAP Mean value estimated in 4.3658 milliseconds
--> MAP did not converge after 1 iterations.
[GMRF] MAP Mean value estimated in 4.36285 milliseconds
--> MAP did not converge after 1 iterations.
[GMRF] MAP Mean value estimated in 4.35991 milliseconds
--> MAP did not converge after 1 iterations.
[GMRF] MAP Mean value estimated in 4.35699 milliseconds
--> MAP did not converge after 1 iterations.
[GMRF] MAP Mean value estimated in 4.35408 milliseconds
--> MAP did not converge after 1 iterations.
[GMRF] MAP Mean value estimated in 4.35118 milliseconds
--> MAP did not converge after 1 iterations.
[GMRF] MAP Mean value estimated in 4.34829 milliseconds
--> MAP did not converge after 1 iterations.
[GMRF] MAP Mean value estimated in 4.34542 milliseconds
--> MAP did not converge after 1 iterations.
[GMRF] MAP Mean value estimated in 4.34255 milliseconds
--> MAP did not converge after 1 iterations.
[GMRF] MAP Mean value estimated in 4.3397 milliseconds
--> MAP did not converge after 1 iterations.
[GMRF] MAP Mean value estimated in 4.33686 milliseconds
--> MAP did not converge after 1 iterations.
[GMRF] MAP Mean value estimated in 4.33404 milliseconds
--> MAP did not converge after 1 iterations.
[GMRF] MAP Mean value estimated in 4.33122 milliseconds
--> MAP did not converge after 1 iterations.
[GMRF] MAP Mean value estimated in 4.32842 milliseconds
--> MAP did not converge after 1 iterations.
[GMRF] MAP Mean value estimated in 4.32563 milliseconds
--> MAP did not converge after 1 iterations.
[GMRF] MAP Mean value estimated in 4.32285 milliseconds
--> MAP did not converge after 1 iterations.
[GMRF] MAP Mean value estimated in 4.32008 milliseconds
--> MAP did not converge after 1 iterations.
[GMRF] MAP Mean value estimated in 4.31733 milliseconds
--> MAP did not converge after 1 iterations.
[GMRF] MAP Mean value estimated in 4.31458 milliseconds
--> MAP did not converge after 1 iterations.
[GMRF] MAP Mean value estimated in 4.31185 milliseconds
--> MAP did not converge after 1 iterations.
[GMRF] MAP Mean value estimated in 4.30913 milliseconds
--> MAP did not converge after 1 iterations.
[GMRF] MAP Mean value estimated in 4.30642 milliseconds
--> MAP did not converge after 1 iterations.
[GMRF] MAP Mean value estimated in 4.30372 milliseconds
--> MAP did not converge after 1 iterations.
[GMRF] MAP Mean value estimated in 4.30103 milliseconds
--> MAP did not converge after 1 iterations.
[GMRF] MAP Mean value estimated in 4.3107 milliseconds
--> MAP did not converge after 1 iterations.
[GMRF] MAP Mean value estimated in 4.30801 milliseconds
--> MAP did not converge after 1 iterations.
[GMRF] MAP Mean value estimated in 4.30533 milliseconds
--> MAP did not converge after 1 iterations.
[GMRF] MAP Mean value estimated in 4.30266 milliseconds
--> MAP did not converge after 1 iterations.
[GMRF] MAP Mean value estimated in 4.3 milliseconds
--> MAP did not converge after 1 iterations.
[GMRF] MAP Mean value estimated in 4.29735 milliseconds
--> MAP did not converge after 1 iterations.
[GMRF] MAP Mean value estimated in 4.29472 milliseconds
--> MAP did not converge after 1 iterations.
[GMRF] MAP Mean value estimated in 4.29209 milliseconds
--> MAP did not converge after 1 iterations.
[GMRF] MAP Mean value estimated in 4.28947 milliseconds
--> MAP did not converge after 1 iterations.
[GMRF] MAP Mean value estimated in 4.28687 milliseconds
--> MAP did not converge after 1 iterations.
[GMRF] MAP Mean value estimated in 4.28427 milliseconds
--> MAP did not converge after 1 iterations.
[GMRF] MAP Mean value estimated in 4.2837 milliseconds
--> MAP did not converge after 1 iterations.
[GMRF] MAP Mean value estimated in 4.28112 milliseconds
--> MAP did not converge after 1 iterations.
[GMRF] MAP Mean value estimated in 4.28056 milliseconds
--> MAP did not converge after 1 iterations.
[GMRF] MAP Mean value estimated in 4.28 milliseconds
--> MAP did not converge after 1 iterations.
[GMRF] MAP Mean value estimated in 4.27745 milliseconds
--> MAP did not converge after 1 iterations.
[GMRF] MAP Mean value estimated in 4.2749 milliseconds
--> MAP did not converge after 1 iterations.
[GMRF] MAP Mean value estimated in 4.27237 milliseconds
--> MAP did not converge after 1 iterations.
[GMRF] MAP Mean value estimated in 4.26984 milliseconds
--> MAP did not converge after 1 iterations.
[GMRF] MAP Mean value estimated in 4.26733 milliseconds
--> MAP did not converge after 1 iterations.
[GMRF] MAP Mean value estimated in 4.26482 milliseconds
--> MAP did not converge after 1 iterations.
[GMRF] MAP Mean value estimated in 4.26233 milliseconds
--> MAP did not converge after 1 iterations.
[GMRF] MAP Mean value estimated in 4.25984 milliseconds
--> MAP did not converge after 1 iterations.
[GMRF] MAP Mean value estimated in 4.25737 milliseconds
--> MAP did not converge after 1 iterations.
[GMRF] MAP Mean value estimated in 4.2549 milliseconds
--> MAP did not converge after 1 iterations.
[GMRF] MAP Mean value estimated in 4.25245 milliseconds
--> MAP did not converge after 1 iterations.
[GMRF] MAP Mean value estimated in 4.25 milliseconds
--> MAP did not converge after 1 iterations.
[GMRF] MAP Mean value estimated in 4.24756 milliseconds
--> MAP did not converge after 1 iterations.
[GMRF] MAP Mean value estimated in 4.24514 milliseconds
--> MAP did not converge after 1 iterations.
[GMRF] MAP Mean value estimated in 4.24272 milliseconds
--> MAP did not converge after 1 iterations.
[GMRF] MAP Mean value estimated in 4.24031 milliseconds
--> MAP did not converge after 1 iterations.
[GMRF] MAP Mean value estimated in 4.23791 milliseconds
--> MAP did not converge after 1 iterations.
[GMRF] MAP Mean value estimated in 4.23552 milliseconds
--> MAP did not converge after 1 iterations.
[GMRF] MAP Mean value estimated in 4.23314 milliseconds
--> MAP did not converge after 1 iterations.
[GMRF] MAP Mean value estimated in 4.23077 milliseconds
--> MAP did not converge after 1 iterations.
[GMRF] MAP Mean value estimated in 4.22841 milliseconds
--> MAP did not converge after 1 iterations.
[GMRF] MAP Mean value estimated in 4.22414 milliseconds
--> MAP did not converge after 1 iterations.
[GMRF] MAP Mean value estimated in 4.2218 milliseconds
--> MAP did not converge after 1 iterations.
[GMRF] MAP Mean value estimated in 4.22328 milliseconds
--> MAP did not converge after 1 iterations.
[GMRF] MAP Mean value estimated in 4.22095 milliseconds
--> MAP did not converge after 1 iterations.
[GMRF] MAP Mean value estimated in 4.21863 milliseconds
--> MAP did not converge after 1 iterations.
[GMRF] MAP Mean value estimated in 4.21632 milliseconds
--> MAP did not converge after 1 iterations.
[GMRF] MAP Mean value estimated in 4.21402 milliseconds
--> MAP did not converge after 1 iterations.
[GMRF] MAP Mean value estimated in 4.21172 milliseconds
--> MAP did not converge after 1 iterations.
[GMRF] MAP Mean value estimated in 4.20943 milliseconds
--> MAP did not converge after 1 iterations.
[GMRF] MAP Mean value estimated in 4.20716 milliseconds
--> MAP did not converge after 1 iterations.
[GMRF] MAP Mean value estimated in 4.20489 milliseconds
--> MAP did not converge after 1 iterations.
[GMRF] MAP Mean value estimated in 4.20263 milliseconds
--> MAP did not converge after 1 iterations.
[GMRF] MAP Mean value estimated in 4.20037 milliseconds
--> MAP did not converge after 1 iterations.
[GMRF] MAP Mean value estimated in 4.19813 milliseconds
--> MAP did not converge after 1 iterations.
[GMRF] MAP Mean value estimated in 4.1959 milliseconds
--> MAP did not converge after 1 iterations.
[GMRF] MAP Mean value estimated in 4.19367 milliseconds
--> MAP did not converge after 1 iterations.
[GMRF] MAP Mean value estimated in 4.19145 milliseconds
--> MAP did not converge after 1 iterations.
[GMRF] MAP Mean value estimated in 4.18924 milliseconds
--> MAP did not converge after 1 iterations.
[GMRF] MAP Mean value estimated in 4.18704 milliseconds
--> MAP did not converge after 1 iterations.
[GMRF] MAP Mean value estimated in 4.18484 milliseconds
--> MAP did not converge after 1 iterations.
[GMRF] MAP Mean value estimated in 4.18266 milliseconds
--> MAP did not converge after 1 iterations.
[GMRF] MAP Mean value estimated in 4.18232 milliseconds
--> MAP did not converge after 1 iterations.
[GMRF] MAP Mean value estimated in 4.18015 milliseconds
--> MAP did not converge after 1 iterations.
[GMRF] MAP Mean value estimated in 4.17982 milliseconds
--> MAP did not converge after 1 iterations.
[GMRF] MAP Mean value estimated in 4.17766 milliseconds
--> MAP did not converge after 1 iterations.
[GMRF] MAP Mean value estimated in 4.1755 milliseconds
--> MAP did not converge after 1 iterations.
[GMRF] MAP Mean value estimated in 4.17518 milliseconds
--> MAP did not converge after 1 iterations.
[GMRF] MAP Mean value estimated in 4.17668 milliseconds
--> MAP did not converge after 1 iterations.
[GMRF] MAP Mean value estimated in 4.17455 milliseconds
--> MAP did not converge after 1 iterations.
[GMRF] MAP Mean value estimated in 4.17786 milliseconds
--> MAP did not converge after 1 iterations.
[GMRF] MAP Mean value estimated in 4.17572 milliseconds
--> MAP did not converge after 1 iterations.
[GMRF] MAP Mean value estimated in 4.17541 milliseconds
--> MAP did not converge after 1 iterations.
[GMRF] MAP Mean value estimated in 4.17329 milliseconds
--> MAP did not converge after 1 iterations.
[GMRF] MAP Mean value estimated in 4.17117 milliseconds
--> MAP did not converge after 1 iterations.
[GMRF] MAP Mean value estimated in 4.16906 milliseconds
--> MAP did not converge after 1 iterations.
[GMRF] MAP Mean value estimated in 4.16697 milliseconds
--> MAP did not converge after 1 iterations.
[GMRF] MAP Mean value estimated in 4.16487 milliseconds
--> MAP did not converge after 1 iterations.
[GMRF] MAP Mean value estimated in 4.16458 milliseconds
--> MAP did not converge after 1 iterations.
[GMRF] MAP Mean value estimated in 4.1625 milliseconds
[INFO] [1791623753.245262204] [rclcpp]: signal_handler(signum=2)
--> MAP did not converge after 1 iterations.
[GMRF] MAP Mean value estimated in 4.16221 milliseconds
