[INFO] [1788869996.442499970] [vgr_uav_sim]: Loading VGR data from /mnt/hgfs/workspace/GADEN_files/scenarios/House01, config=2,4-1_fast
[INFO] [1788869996.501707777] [vgr_uav_sim]: Occupancy: 87x114 slice z_idx=13 (z=0.3m), free=6866, obstacle=3052, input_sha256=846003ffbbc8e99aa322cf189356399412763710e937bb5e5316186afccf17cb
[INFO] [1788869996.765142815] [vgr_uav_sim]: Gas backend=raw_house1_snapshot exec=/home/zyc/CSTAR_CONTROLLED_ASSETS_20260907/tools/cstar_numeric_wind_raw_query env_root=/mnt/hgfs/workspace/GADEN_files/scenarios/House01 gas_results=/mnt/hgfs/workspace/GADEN_files/scenarios/House01/gas_simulations/2,4-1_fast/FilamentSimulation_gasType_10_sourcePosition_-0.40_-2.90_-0.30 max_iteration=1999
[INFO] [1788869996.767706913] [vgr_uav_sim]: Navigation grid: coarse 29x38 cell=0.3000 free=626 obstacle=476 (reduce_scale=3)
[INFO] [1788869996.810205165] [vgr_uav_sim]: UAV Sim v3 ready. Start=(-3.17,-1.75), sim_dt=0.200s, realtime_factor=1.00, sensor=asymmetric, vertical_motion=False, open_loop_profile=hover
[WARN] [1788870024.145303387] [vgr_uav_sim]: PLAN_CB: called with goal=(-4.10,-1.13)
[WARN] [1788870024.147021336] [vgr_uav_sim]: PLAN_CB: returning 5 poses
[WARN] [1788870024.159684466] [vgr_uav_sim]: PLAN_CB: called with goal=(-4.10,-1.13)
[WARN] [1788870024.160686702] [vgr_uav_sim]: PLAN_CB: returning 5 poses
[INFO] [1788870024.171694050] [vgr_uav_sim]: Prepared 5 collision-free navigation waypoints to (-4.10, -1.13)
[INFO] [1788870024.172732841] [vgr_uav_sim]: UAV navigating in audited 2-D mode to (-4.10, -1.13, 0.30)
[WARN] [1788870040.947292413] [vgr_uav_sim]: PLAN_CB: called with goal=(-5.00,-0.83)
[WARN] [1788870040.950075107] [vgr_uav_sim]: PLAN_CB: returning 5 poses
[WARN] [1788870040.960947999] [vgr_uav_sim]: PLAN_CB: called with goal=(-5.00,-0.83)
[WARN] [1788870040.962071287] [vgr_uav_sim]: PLAN_CB: returning 5 poses
[INFO] [1788870040.973726228] [vgr_uav_sim]: Prepared 5 collision-free navigation waypoints to (-5.00, -0.83)
[INFO] [1788870040.974975351] [vgr_uav_sim]: UAV navigating in audited 2-D mode to (-5.00, -0.83, 0.30)
[WARN] [1788870057.733981968] [vgr_uav_sim]: PLAN_CB: called with goal=(-5.90,-0.83)
[WARN] [1788870057.740015820] [vgr_uav_sim]: PLAN_CB: returning 5 poses
[WARN] [1788870057.750820435] [vgr_uav_sim]: PLAN_CB: called with goal=(-5.90,-0.83)
[WARN] [1788870057.752071873] [vgr_uav_sim]: PLAN_CB: returning 5 poses
[INFO] [1788870057.763301457] [vgr_uav_sim]: Prepared 5 collision-free navigation waypoints to (-5.90, -0.83)
[INFO] [1788870057.764400534] [vgr_uav_sim]: UAV navigating in audited 2-D mode to (-5.90, -0.83, 0.30)
[WARN] [1788870075.339060735] [vgr_uav_sim]: PLAN_CB: called with goal=(-6.20,2.17)
[WARN] [1788870075.342404089] [vgr_uav_sim]: PLAN_CB: returning 12 poses
[WARN] [1788870075.351814359] [vgr_uav_sim]: PLAN_CB: called with goal=(-6.20,2.17)
[WARN] [1788870075.354147151] [vgr_uav_sim]: PLAN_CB: returning 12 poses
[INFO] [1788870075.364787106] [vgr_uav_sim]: Prepared 12 collision-free navigation waypoints to (-6.20, 2.17)
[INFO] [1788870075.365760224] [vgr_uav_sim]: UAV navigating in audited 2-D mode to (-6.20, 2.17, 0.30)
[WARN] [1788870093.535167707] [vgr_uav_sim]: PLAN_CB: called with goal=(-6.20,2.77)
[WARN] [1788870093.536685930] [vgr_uav_sim]: PLAN_CB: returning 4 poses
[WARN] [1788870093.549477137] [vgr_uav_sim]: PLAN_CB: called with goal=(-6.20,2.77)
[WARN] [1788870093.551041798] [vgr_uav_sim]: PLAN_CB: returning 4 poses
[INFO] [1788870093.561362313] [vgr_uav_sim]: Prepared 4 collision-free navigation waypoints to (-6.20, 2.77)
[INFO] [1788870093.562231840] [vgr_uav_sim]: UAV navigating in audited 2-D mode to (-6.20, 2.77, 0.30)
[WARN] [1788870110.138705874] [vgr_uav_sim]: PLAN_CB: called with goal=(-6.80,2.47)
[WARN] [1788870110.144601544] [vgr_uav_sim]: PLAN_CB: returning 4 poses
[WARN] [1788870110.157694608] [vgr_uav_sim]: PLAN_CB: called with goal=(-6.80,2.47)
[WARN] [1788870110.158641598] [vgr_uav_sim]: PLAN_CB: returning 4 poses
[INFO] [1788870110.175262603] [vgr_uav_sim]: Prepared 4 collision-free navigation waypoints to (-6.80, 2.47)
[INFO] [1788870110.176500830] [vgr_uav_sim]: UAV navigating in audited 2-D mode to (-6.80, 2.47, 0.30)
[WARN] [1788870127.641650063] [vgr_uav_sim]: PLAN_CB: called with goal=(-5.90,0.67)
[WARN] [1788870127.642902050] [vgr_uav_sim]: PLAN_CB: returning 8 poses
[WARN] [1788870127.653181984] [vgr_uav_sim]: PLAN_CB: called with goal=(-5.90,0.67)
[WARN] [1788870127.654426539] [vgr_uav_sim]: PLAN_CB: returning 8 poses
[INFO] [1788870127.665669208] [vgr_uav_sim]: Prepared 8 collision-free navigation waypoints to (-5.90, 0.67)
[INFO] [1788870127.667054545] [vgr_uav_sim]: UAV navigating in audited 2-D mode to (-5.90, 0.67, 0.30)
[WARN] [1788870145.689661095] [vgr_uav_sim]: PLAN_CB: called with goal=(-5.90,1.27)
[WARN] [1788870145.697226390] [vgr_uav_sim]: PLAN_CB: returning 4 poses
[WARN] [1788870145.705728224] [vgr_uav_sim]: PLAN_CB: called with goal=(-5.90,1.27)
[WARN] [1788870145.706791653] [vgr_uav_sim]: PLAN_CB: returning 4 poses
[INFO] [1788870145.718304401] [vgr_uav_sim]: Prepared 4 collision-free navigation waypoints to (-5.90, 1.27)
[INFO] [1788870145.719847093] [vgr_uav_sim]: UAV navigating in audited 2-D mode to (-5.90, 1.27, 0.30)
[WARN] [1788870162.292136038] [vgr_uav_sim]: PLAN_CB: called with goal=(-6.50,0.67)
[WARN] [1788870162.295117240] [vgr_uav_sim]: PLAN_CB: returning 6 poses
[WARN] [1788870162.304541742] [vgr_uav_sim]: PLAN_CB: called with goal=(-6.50,0.67)
[WARN] [1788870162.305501589] [vgr_uav_sim]: PLAN_CB: returning 6 poses
[INFO] [1788870162.316996614] [vgr_uav_sim]: Prepared 6 collision-free navigation waypoints to (-6.50, 0.67)
[INFO] [1788870162.318201426] [vgr_uav_sim]: UAV navigating in audited 2-D mode to (-6.50, 0.67, 0.30)
[WARN] [1788870180.148965785] [vgr_uav_sim]: PLAN_CB: called with goal=(-5.90,0.07)
[WARN] [1788870180.151380071] [vgr_uav_sim]: PLAN_CB: returning 4 poses
[WARN] [1788870180.163184024] [vgr_uav_sim]: PLAN_CB: called with goal=(-5.90,0.07)
[WARN] [1788870180.164145129] [vgr_uav_sim]: PLAN_CB: returning 4 poses
[INFO] [1788870180.176013860] [vgr_uav_sim]: Prepared 4 collision-free navigation waypoints to (-5.90, 0.07)
[INFO] [1788870180.177547526] [vgr_uav_sim]: UAV navigating in audited 2-D mode to (-5.90, 0.07, 0.30)
[WARN] [1788870196.783325880] [vgr_uav_sim]: PLAN_CB: called with goal=(-5.30,0.07)
[WARN] [1788870196.784522246] [vgr_uav_sim]: PLAN_CB: returning 4 poses
[WARN] [1788870196.796994393] [vgr_uav_sim]: PLAN_CB: called with goal=(-5.30,0.07)
[WARN] [1788870196.797989920] [vgr_uav_sim]: PLAN_CB: returning 4 poses
[INFO] [1788870196.810293409] [vgr_uav_sim]: Prepared 4 collision-free navigation waypoints to (-5.30, 0.07)
[INFO] [1788870196.811374523] [vgr_uav_sim]: UAV navigating in audited 2-D mode to (-5.30, 0.07, 0.30)
[WARN] [1788870213.296814094] [vgr_uav_sim]: PLAN_CB: called with goal=(-6.50,1.57)
[WARN] [1788870213.299999768] [vgr_uav_sim]: PLAN_CB: returning 9 poses
[WARN] [1788870213.309029662] [vgr_uav_sim]: PLAN_CB: called with goal=(-6.50,1.57)
[WARN] [1788870213.311909521] [vgr_uav_sim]: PLAN_CB: returning 9 poses
[INFO] [1788870213.324756440] [vgr_uav_sim]: Prepared 9 collision-free navigation waypoints to (-6.50, 1.57)
[INFO] [1788870213.326414940] [vgr_uav_sim]: UAV navigating in audited 2-D mode to (-6.50, 1.57, 0.30)
[WARN] [1788870231.797640506] [vgr_uav_sim]: PLAN_CB: called with goal=(-5.60,1.87)
[WARN] [1788870231.798787910] [vgr_uav_sim]: PLAN_CB: returning 5 poses
[WARN] [1788870231.809673986] [vgr_uav_sim]: PLAN_CB: called with goal=(-5.60,1.87)
[WARN] [1788870231.810609157] [vgr_uav_sim]: PLAN_CB: returning 5 poses
[INFO] [1788870231.841764475] [vgr_uav_sim]: Prepared 5 collision-free navigation waypoints to (-5.60, 1.87)
[INFO] [1788870231.843011768] [vgr_uav_sim]: UAV navigating in audited 2-D mode to (-5.60, 1.87, 0.30)
