[WARN] [1788875477.101476773] [rcl.logging_rosout]: Publisher already registered for provided node name. If this is due to multiple nodes with the same name then all logs for that logger name will go out over the existing publisher. As soon as any node with that name is destructed it will unregister the publisher, preventing any further logs for that name from being published on the rosout topic.
[INFO] [1788875477.136153195] [vgr_uav_sim]: Loading VGR data from /mnt/hgfs/workspace/GADEN_files/scenarios/House03, config=1-2,5_fast
[INFO] [1788875477.188099569] [vgr_uav_sim]: Occupancy: 138x83 slice z_idx=12 (z=0.3m), free=7258, obstacle=4196, input_sha256=ac8c9e69e762c8941dab46cd7e804684c2aa50dc6f0912806d19b070c135c4af
[INFO] [1788875477.471997150] [vgr_uav_sim]: Gas backend=gaden_player service=/frame_query
[INFO] [1788875477.472380173] [vgr_uav_sim]: GADEN realization=FilamentSimulation_gasType_10_sourcePosition_-0.45_1.90_-0.10, max_iteration=1999
[INFO] [1788875477.486793977] [vgr_uav_sim]: Sensor-safe occupancy intersection: 138x83 min=[-0.85, -1.863] max=[12.950000000000001, 6.437000000000001]
[INFO] [1788875477.490157035] [vgr_uav_sim]: Navigation grid: coarse 46x27 cell=0.3000 free=641 obstacle=601 (reduce_scale=3)
[INFO] [1788875477.521877316] [vgr_uav_sim]: UAV Sim v3 ready. Start=(2.0,0.0), sim_dt=0.200s, realtime_factor=1.00, sensor=asymmetric, vertical_motion=False, open_loop_profile=hover
[WARN] [1788875504.716406375] [vgr_uav_sim]: PLAN_CB: called with goal=(1.10,0.39)
[WARN] [1788875504.718405860] [vgr_uav_sim]: PLAN_CB: returning 5 poses
[WARN] [1788875504.744426903] [vgr_uav_sim]: PLAN_CB: called with goal=(1.10,0.39)
[WARN] [1788875504.745814517] [vgr_uav_sim]: PLAN_CB: returning 5 poses
[INFO] [1788875504.757129152] [vgr_uav_sim]: Prepared 5 collision-free navigation waypoints to (1.10, 0.39)
[INFO] [1788875504.758216383] [vgr_uav_sim]: UAV navigating in audited 2-D mode to (1.10, 0.39, 0.30)
[WARN] [1788875521.704131802] [vgr_uav_sim]: PLAN_CB: called with goal=(0.20,0.39)
[WARN] [1788875521.706244460] [vgr_uav_sim]: PLAN_CB: returning 5 poses
[WARN] [1788875521.716272386] [vgr_uav_sim]: PLAN_CB: called with goal=(0.20,0.39)
[WARN] [1788875521.717459992] [vgr_uav_sim]: PLAN_CB: returning 5 poses
[INFO] [1788875521.742792690] [vgr_uav_sim]: Prepared 5 collision-free navigation waypoints to (0.20, 0.39)
[INFO] [1788875521.743796359] [vgr_uav_sim]: UAV navigating in audited 2-D mode to (0.20, 0.39, 0.30)
[WARN] [1788875538.695334666] [vgr_uav_sim]: PLAN_CB: called with goal=(5.90,-0.21)
[WARN] [1788875538.700636681] [vgr_uav_sim]: PLAN_CB: returning 24 poses
[WARN] [1788875538.708866011] [vgr_uav_sim]: PLAN_CB: called with goal=(5.90,-0.21)
[WARN] [1788875538.711979804] [vgr_uav_sim]: PLAN_CB: returning 24 poses
[INFO] [1788875538.724118208] [vgr_uav_sim]: Prepared 24 collision-free navigation waypoints to (5.90, -0.21)
[INFO] [1788875538.725578826] [vgr_uav_sim]: UAV navigating in audited 2-D mode to (5.90, -0.21, 0.30)
[WARN] [1788875560.039922315] [vgr_uav_sim]: PLAN_CB: called with goal=(7.40,-0.51)
[WARN] [1788875560.042624602] [vgr_uav_sim]: PLAN_CB: returning 7 poses
[WARN] [1788875560.052133182] [vgr_uav_sim]: PLAN_CB: called with goal=(7.40,-0.51)
[WARN] [1788875560.054287974] [vgr_uav_sim]: PLAN_CB: returning 7 poses
[INFO] [1788875560.066228902] [vgr_uav_sim]: Prepared 7 collision-free navigation waypoints to (7.40, -0.51)
[INFO] [1788875560.067566907] [vgr_uav_sim]: UAV navigating in audited 2-D mode to (7.40, -0.51, 0.30)
[WARN] [1788875577.201486009] [vgr_uav_sim]: PLAN_CB: called with goal=(7.40,0.09)
[WARN] [1788875577.203400565] [vgr_uav_sim]: PLAN_CB: returning 4 poses
[WARN] [1788875577.216642256] [vgr_uav_sim]: PLAN_CB: called with goal=(7.40,0.09)
[WARN] [1788875577.218233841] [vgr_uav_sim]: PLAN_CB: returning 4 poses
[INFO] [1788875577.234258524] [vgr_uav_sim]: Prepared 4 collision-free navigation waypoints to (7.40, 0.09)
[INFO] [1788875577.235305033] [vgr_uav_sim]: UAV navigating in audited 2-D mode to (7.40, 0.09, 0.30)
[WARN] [1788875593.807946785] [vgr_uav_sim]: PLAN_CB: called with goal=(6.80,-0.21)
[WARN] [1788875593.813898684] [vgr_uav_sim]: PLAN_CB: returning 4 poses
[WARN] [1788875593.822650484] [vgr_uav_sim]: PLAN_CB: called with goal=(6.80,-0.21)
[WARN] [1788875593.823748678] [vgr_uav_sim]: PLAN_CB: returning 4 poses
[INFO] [1788875593.834697909] [vgr_uav_sim]: Prepared 4 collision-free navigation waypoints to (6.80, -0.21)
[INFO] [1788875593.835721524] [vgr_uav_sim]: UAV navigating in audited 2-D mode to (6.80, -0.21, 0.30)
[WARN] [1788875610.747833569] [vgr_uav_sim]: PLAN_CB: called with goal=(6.80,-1.11)
[WARN] [1788875610.749063225] [vgr_uav_sim]: PLAN_CB: returning 5 poses
[WARN] [1788875610.761192295] [vgr_uav_sim]: PLAN_CB: called with goal=(6.80,-1.11)
[WARN] [1788875610.762283418] [vgr_uav_sim]: PLAN_CB: returning 5 poses
[INFO] [1788875610.770851075] [vgr_uav_sim]: Prepared 5 collision-free navigation waypoints to (6.80, -1.11)
[INFO] [1788875610.771785544] [vgr_uav_sim]: UAV navigating in audited 2-D mode to (6.80, -1.11, 0.30)
[WARN] [1788875627.601727022] [vgr_uav_sim]: PLAN_CB: called with goal=(6.20,-1.11)
[WARN] [1788875627.604455006] [vgr_uav_sim]: PLAN_CB: returning 4 poses
[WARN] [1788875627.614515751] [vgr_uav_sim]: PLAN_CB: called with goal=(6.20,-1.11)
[WARN] [1788875627.615383870] [vgr_uav_sim]: PLAN_CB: returning 4 poses
[INFO] [1788875627.627083034] [vgr_uav_sim]: Prepared 4 collision-free navigation waypoints to (6.20, -1.11)
[INFO] [1788875627.628163717] [vgr_uav_sim]: UAV navigating in audited 2-D mode to (6.20, -1.11, 0.30)
[WARN] [1788875644.189503416] [vgr_uav_sim]: PLAN_CB: called with goal=(8.30,-1.41)
[WARN] [1788875644.191769384] [vgr_uav_sim]: PLAN_CB: returning 9 poses
[WARN] [1788875644.203298573] [vgr_uav_sim]: PLAN_CB: called with goal=(8.30,-1.41)
[WARN] [1788875644.205853118] [vgr_uav_sim]: PLAN_CB: returning 9 poses
[INFO] [1788875644.216133220] [vgr_uav_sim]: Prepared 9 collision-free navigation waypoints to (8.30, -1.41)
[INFO] [1788875644.217116747] [vgr_uav_sim]: UAV navigating in audited 2-D mode to (8.30, -1.41, 0.30)
[WARN] [1788875662.145769277] [vgr_uav_sim]: PLAN_CB: called with goal=(7.70,-1.11)
[WARN] [1788875662.147417022] [vgr_uav_sim]: PLAN_CB: returning 4 poses
[WARN] [1788875662.157218277] [vgr_uav_sim]: PLAN_CB: called with goal=(7.70,-1.11)
[WARN] [1788875662.158586428] [vgr_uav_sim]: PLAN_CB: returning 4 poses
[INFO] [1788875662.169335720] [vgr_uav_sim]: Prepared 4 collision-free navigation waypoints to (7.70, -1.11)
[INFO] [1788875662.170594247] [vgr_uav_sim]: UAV navigating in audited 2-D mode to (7.70, -1.11, 0.30)
[WARN] [1788875678.787192474] [vgr_uav_sim]: PLAN_CB: called with goal=(8.30,-0.81)
[WARN] [1788875678.792110096] [vgr_uav_sim]: PLAN_CB: returning 4 poses
[WARN] [1788875678.801937533] [vgr_uav_sim]: PLAN_CB: called with goal=(8.30,-0.81)
[WARN] [1788875678.802894699] [vgr_uav_sim]: PLAN_CB: returning 4 poses
[INFO] [1788875678.813831962] [vgr_uav_sim]: Prepared 4 collision-free navigation waypoints to (8.30, -0.81)
[INFO] [1788875678.814799940] [vgr_uav_sim]: UAV navigating in audited 2-D mode to (8.30, -0.81, 0.30)
[WARN] [1788875695.411524977] [vgr_uav_sim]: PLAN_CB: called with goal=(5.90,0.39)
[WARN] [1788875695.415678244] [vgr_uav_sim]: PLAN_CB: returning 10 poses
[WARN] [1788875695.424514066] [vgr_uav_sim]: PLAN_CB: called with goal=(5.90,0.39)
[WARN] [1788875695.426742232] [vgr_uav_sim]: PLAN_CB: returning 10 poses
[INFO] [1788875695.437937997] [vgr_uav_sim]: Prepared 10 collision-free navigation waypoints to (5.90, 0.39)
[INFO] [1788875695.438967535] [vgr_uav_sim]: UAV navigating in audited 2-D mode to (5.90, 0.39, 0.30)
[WARN] [1788875713.718148338] [vgr_uav_sim]: PLAN_CB: called with goal=(5.60,-0.81)
[WARN] [1788875713.724960156] [vgr_uav_sim]: PLAN_CB: returning 6 poses
[WARN] [1788875713.743135668] [vgr_uav_sim]: PLAN_CB: called with goal=(5.60,-0.81)
[WARN] [1788875713.744687636] [vgr_uav_sim]: PLAN_CB: returning 6 poses
[INFO] [1788875713.755396491] [vgr_uav_sim]: Prepared 6 collision-free navigation waypoints to (5.60, -0.81)
[INFO] [1788875713.756447295] [vgr_uav_sim]: UAV navigating in audited 2-D mode to (5.60, -0.81, 0.30)
