{
  "contract": "NATIVE_RECOVERY_WIND_PARITY_V1",
  "house": "House01",
  "seed": 0,
  "service": "/wind_value",
  "service_type": "gaden_msgs/srv/WindPosition",
  "useWindGroundTruth_requested": true,
  "USE_GADEN_compiled": true,
  "successful_wind_queries": 21,
  "fallback_or_failure_queries": 0,
  "max_component_abs_diff": 1.4190673802705334e-08,
  "max_angular_diff_rad": 3.6438052020137945e-08,
  "tolerance": 1e-09,
  "source_updates": [
    {
      "source_update_id": 1,
      "query_id": 21,
      "cell_count": 626,
      "magnitude_min": 8.733642526935983e-06,
      "magnitude_median": 0.05971972956518906,
      "magnitude_max": 0.451018752721897
    }
  ],
  "parity_pass": false
}
Traceback (most recent call last):
  File "/home/zyc/native_pmfs_recovery_v1/verify_native_wind_parity_20260923.py", line 105, in <module>
    main()
  File "/home/zyc/native_pmfs_recovery_v1/verify_native_wind_parity_20260923.py", line 101, in main
    raise RuntimeError("wind parity failed")
RuntimeError: wind parity failed
