{
  "H01": {
    "geometry_identity": "H01:occupancy-846003ffbbc8e99aa322cf189356399412763710e937bb5e5316186afccf17cb:z0.3:full-slice",
    "occupancy_path": "/mnt/hgfs/workspace/GADEN_files/scenarios/House01/OccupancyGrid3D.csv",
    "occupancy_sha256": "846003ffbbc8e99aa322cf189356399412763710e937bb5e5316186afccf17cb",
    "z_index": 13,
    "map_yaml_path": "/home/zyc/CSTAR_ENV_ALIGN_20260906/evidence/cstar_environment_20260906/maps_v1/H01/navigation_slice.yaml",
    "map_yaml_sha256": "6747a9151b6a491957b398659e99d481899d91267c28f64fb1ec0f674f6a5edf",
    "map_image_path": "/home/zyc/CSTAR_ENV_ALIGN_20260906/evidence/cstar_environment_20260906/maps_v1/H01/navigation_slice.pgm",
    "map_image_sha256": "7a0eb65e47428b898be7e24ac7f3519c4afdb7a6cdc861e59896955236ac49b4",
    "navigation_height_m": 0.3,
    "resolution_m": 0.1,
    "origin_xy_m": [
      -7.55,
      -7.88
    ],
    "expected_width_px": 87,
    "expected_height_px": 114,
    "free_cell_count": 6866,
    "free_space_probe_csvs": [
      {
        "kind": "candidate",
        "path": "/home/zyc/CSTAR_ENV_ALIGN_20260906/evidence/cstar_environment_20260906/maps_v1/H01/candidate.csv",
        "sha256": "8bd88eace3278c87f52b92fbf12e277adb4cbd6f70c0f197cde0e9de19a87355"
      },
      {
        "kind": "route",
        "path": "/home/zyc/CSTAR_ENV_ALIGN_20260906/evidence/cstar_environment_20260906/maps_v1/H01/route.csv",
        "sha256": "157b92eb813b8dcf2a4dbceaf0cfa26770751a570ad42da674de68c0e879df97"
      }
    ],
    "candidate_scope": "all-free-cell centres, geometry-only frozen support for future controlled producer",
    "route_scope": "predeclared stationary R4 start endpoint + 1.6s dwell; no navigation performance claim",
    "exporter_sha256": "a23ae18253bfaa3cb54ffb0d7ecf17a32eb144cd2c7caee12a50d13d00675d5b"
  },
  "H02": {
    "geometry_identity": "H02:occupancy-9402690152be4568ced8f2256e9098d82691aaaa1f22a1887eeac55d0e5d098d:z0.3:full-slice",
    "occupancy_path": "/mnt/hgfs/workspace/GADEN_files/scenarios/House02/OccupancyGrid3D.csv",
    "occupancy_sha256": "9402690152be4568ced8f2256e9098d82691aaaa1f22a1887eeac55d0e5d098d",
    "z_index": 13,
    "map_yaml_path": "/home/zyc/CSTAR_ENV_ALIGN_20260906/evidence/cstar_environment_20260906/maps_v1/H02/navigation_slice.yaml",
    "map_yaml_sha256": "a4abd5d3bc8a748a9a52bf65ed60b57d681cd851ca86badcc2e3c0932d60436a",
    "map_image_path": "/home/zyc/CSTAR_ENV_ALIGN_20260906/evidence/cstar_environment_20260906/maps_v1/H02/navigation_slice.pgm",
    "map_image_sha256": "36d65dab59013db3e4bbdf8e63ae9633f9bc839f54e7958b2bd67fb97331697a",
    "navigation_height_m": 0.3,
    "resolution_m": 0.1,
    "origin_xy_m": [
      -5.39273,
      -7.45088
    ],
    "expected_width_px": 83,
    "expected_height_px": 119,
    "free_cell_count": 6811,
    "free_space_probe_csvs": [
      {
        "kind": "candidate",
        "path": "/home/zyc/CSTAR_ENV_ALIGN_20260906/evidence/cstar_environment_20260906/maps_v1/H02/candidate.csv",
        "sha256": "2d4d4923a80ebcda8d2d43acc420c897ff752b3411eee5f51607a2346a4bfaa7"
      },
      {
        "kind": "route",
        "path": "/home/zyc/CSTAR_ENV_ALIGN_20260906/evidence/cstar_environment_20260906/maps_v1/H02/route.csv",
        "sha256": "66b85b75ae1e8729bc8802a4f6627066e8ebd2d89150ccb701920694150bf12e"
      }
    ],
    "candidate_scope": "all-free-cell centres, geometry-only frozen support for future controlled producer",
    "route_scope": "predeclared stationary R4 start endpoint + 1.6s dwell; no navigation performance claim",
    "exporter_sha256": "a23ae18253bfaa3cb54ffb0d7ecf17a32eb144cd2c7caee12a50d13d00675d5b"
  },
  "H03": {
    "geometry_identity": "H03:occupancy-ac8c9e69e762c8941dab46cd7e804684c2aa50dc6f0912806d19b070c135c4af:z0.3:full-slice",
    "occupancy_path": "/mnt/hgfs/workspace/GADEN_files/scenarios/House03/OccupancyGrid3D.csv",
    "occupancy_sha256": "ac8c9e69e762c8941dab46cd7e804684c2aa50dc6f0912806d19b070c135c4af",
    "z_index": 12,
    "map_yaml_path": "/home/zyc/CSTAR_ENV_ALIGN_20260906/evidence/cstar_environment_20260906/maps_v1/H03/navigation_slice.yaml",
    "map_yaml_sha256": "55e99e5669f7c1cc1b8b15129e401c9ea4213525751f3c76c0c56537181b754b",
    "map_image_path": "/home/zyc/CSTAR_ENV_ALIGN_20260906/evidence/cstar_environment_20260906/maps_v1/H03/navigation_slice.pgm",
    "map_image_sha256": "588d76b4cbc6a4afa80016ff56ad3f2f3b490c99d812018593a091e431e96505",
    "navigation_height_m": 0.3,
    "resolution_m": 0.1,
    "origin_xy_m": [
      -0.85,
      -1.863
    ],
    "expected_width_px": 138,
    "expected_height_px": 83,
    "free_cell_count": 7258,
    "free_space_probe_csvs": [
      {
        "kind": "candidate",
        "path": "/home/zyc/CSTAR_ENV_ALIGN_20260906/evidence/cstar_environment_20260906/maps_v1/H03/candidate.csv",
        "sha256": "0fa52cf616f92e13462719b6667e21dd5b86856643031e0c4fedde09a3f17e74"
      },
      {
        "kind": "route",
        "path": "/home/zyc/CSTAR_ENV_ALIGN_20260906/evidence/cstar_environment_20260906/maps_v1/H03/route.csv",
        "sha256": "978c07012c3738901cc21a43539dd93e71d55c8d687943d9b9dfcf7759c14268"
      }
    ],
    "candidate_scope": "all-free-cell centres, geometry-only frozen support for future controlled producer",
    "route_scope": "predeclared stationary R4 start endpoint + 1.6s dwell; no navigation performance claim",
    "exporter_sha256": "a23ae18253bfaa3cb54ffb0d7ecf17a32eb144cd2c7caee12a50d13d00675d5b"
  }
}
