[INFO] [1788868789.933010433] [GSL]: Starting GSL server
[INFO] [1788868794.974661494] [GSL]: GSL action server is ready for action!
[INFO] [1788868795.976244333] [GSL]: [33mRequest received: PMFS[0m
[INFO] [1788868796.986019624] [GSL]: Waiting to hear from localization topic: /amcl_pose
[INFO] [1788868796.987846387] [GSL]: Gas sensor topic: '/PID/Sensor_reading'
[INFO] [1788868796.988523151] [GSL]: Wind sensor topic: '/Anemometer/WindSensor_reading'
[INFO] [1788868796.988571266] [GSL]: [34mINITIALIZATON COMPLETED[0m
[INFO] [1788868797.011711350] [GSL - Trace]: [32mEntering WaitForMap[0m
[INFO] [1788868797.011749565] [GSL - Trace]: [32mNeed occupancy map and costmap[0m
[INFO] [1788868797.063773801] [GSL - Trace]: [32mGot occupancy map[0m
[INFO] [1788868797.064174777] [GSL]: 
--------------GSL---------------
Occupancy Map dimensions:
x_min:-0.85 x_max:13   -   y_min:-1.9 y_max:6.4
--------------------------------
[INFO] [1788868797.064443160] [GSL]: [MAP-DEBUG] 138x83 res=0.1000 free=7258 obs=4196 unk=0 origin=(-0.85,-1.86)
[INFO] [1788868797.066605662] [GSL - Trace]: [32mCreated grid[0m
[INFO] [1788868797.066638630] [GSL]: [DEBUG] After reduceOccupancyMap: free=641 obstacle=601 total=1242
[INFO] [1788868797.067368781] [GSL - Trace]: [32mPruned unreachable cells[0m
[INFO] [1788868797.067400112] [GSL]: [DEBUG] After PruneUnreachable: free=626 obstacle=616 total=1242
[INFO] [1788868797.067410998] [GSL]: [DEBUG] Grid dims: 46x27 scale=3 cellSize=0.3
[INFO] [1788868797.067419910] [GSL]: [DEBUG] Start pos: (2, 0)
[INFO] [1788868797.073051861] [GSL - Trace]: [32mCreated visibility map[0m
[INFO] [1788868797.089208252] [GSL]: Number of cells after fusing quadtree: 85
[INFO] [1788868797.091350408] [GSL]: [DEBUG-WIND] useGroundTruth=false gmrf_req_size=626 gaden_req_size=-1
[INFO] [1788868797.091378297] [GSL]: [DEBUG-WIND] Taking GMRF path
[INFO] [1788868797.091649807] [GSL - Trace]: [32mGot cost map[0m
[INFO] [1788868797.091667252] [GSL - Trace]: [32mEntering StopAndMeasure[0m
[INFO] [1788868798.914041879] [GSL]: 10 gas measurements, 10 wind measurements over 1.82 seconds
[INFO] [1788868798.914862623] [GSL]: avg_gas=0.075;  avg_windSpeed=0.23;  avg_wind_dir=-0.17
[INFO] [1788868798.915954576] [GSL]: [33mNOTHING [0m
[INFO] [1788868798.915975140] [GSL]: [DEBUG-WIND] useGroundTruth=false gmrf_req_size=626 gaden_req_size=-1
[INFO] [1788868798.915988385] [GSL]: [DEBUG-WIND] Taking GMRF path
[INFO] [1788868798.925852065] [GSL - Trace]: [32mEntering StopAndMeasure[0m
[INFO] [1788868800.914733277] [GSL]: 10 gas measurements, 10 wind measurements over 1.99 seconds
[INFO] [1788868800.914822227] [GSL]: avg_gas=0.076;  avg_windSpeed=0.15;  avg_wind_dir=-0.32
[INFO] [1788868800.915552807] [GSL]: [33mNOTHING [0m
[INFO] [1788868800.915567736] [GSL]: [DEBUG-WIND] useGroundTruth=false gmrf_req_size=626 gaden_req_size=-1
[INFO] [1788868800.915577462] [GSL]: [DEBUG-WIND] Taking GMRF path
[INFO] [1788868800.926808248] [GSL - Trace]: [32mEntering StopAndMeasure[0m
[INFO] [1788868802.913770017] [GSL]: 10 gas measurements, 10 wind measurements over 1.99 seconds
[INFO] [1788868802.914361490] [GSL]: avg_gas=0.075;  avg_windSpeed=0.23;  avg_wind_dir=-0.17
[INFO] [1788868802.916122323] [GSL]: [33mNOTHING [0m
[INFO] [1788868802.916165910] [GSL]: [DEBUG-WIND] useGroundTruth=false gmrf_req_size=626 gaden_req_size=-1
[INFO] [1788868802.916177893] [GSL]: [DEBUG-WIND] Taking GMRF path
[INFO] [1788868802.925782843] [GSL - Trace]: [32mEntering StopAndMeasure[0m
[INFO] [1788868804.913959966] [GSL]: 10 gas measurements, 10 wind measurements over 1.99 seconds
[INFO] [1788868804.914050231] [GSL]: avg_gas=0.096;  avg_windSpeed=0.15;  avg_wind_dir=-0.32
[INFO] [1788868804.914798860] [GSL]: [33mNOTHING [0m
[INFO] [1788868804.914813177] [GSL]: [DEBUG-WIND] useGroundTruth=false gmrf_req_size=626 gaden_req_size=-1
[INFO] [1788868804.914822214] [GSL]: [DEBUG-WIND] Taking GMRF path
[INFO] [1788868804.925185138] [GSL - Trace]: [32mEntering StopAndMeasure[0m
[INFO] [1788868806.914026006] [GSL]: 10 gas measurements, 10 wind measurements over 1.99 seconds
[INFO] [1788868806.914914860] [GSL]: avg_gas=0.073;  avg_windSpeed=0.23;  avg_wind_dir=-0.17
[INFO] [1788868806.915920323] [GSL]: [33mNOTHING [0m
[INFO] [1788868806.915940181] [GSL]: [DEBUG-WIND] useGroundTruth=false gmrf_req_size=626 gaden_req_size=-1
[INFO] [1788868806.915952399] [GSL]: [DEBUG-WIND] Taking GMRF path
[INFO] [1788868806.925164431] [GSL - Trace]: [32mEntering StopAndMeasure[0m
[INFO] [1788868808.913794633] [GSL]: 10 gas measurements, 10 wind measurements over 1.99 seconds
[INFO] [1788868808.913904787] [GSL]: avg_gas=0.046;  avg_windSpeed=0.15;  avg_wind_dir=-0.32
[INFO] [1788868808.915016223] [GSL]: [33mNOTHING [0m
[INFO] [1788868808.915038441] [GSL]: [DEBUG-WIND] useGroundTruth=false gmrf_req_size=626 gaden_req_size=-1
[INFO] [1788868808.915051980] [GSL]: [DEBUG-WIND] Taking GMRF path
[INFO] [1788868808.925292034] [GSL - Trace]: [32mEntering StopAndMeasure[0m
[INFO] [1788868810.913757971] [GSL]: 10 gas measurements, 10 wind measurements over 1.99 seconds
[INFO] [1788868810.913854031] [GSL]: avg_gas=0.12;  avg_windSpeed=0.23;  avg_wind_dir=-0.17
[INFO] [1788868810.915377148] [GSL]: [33mGAS HIT[0m
[INFO] [1788868810.915420093] [GSL]: [DEBUG-WIND] useGroundTruth=false gmrf_req_size=626 gaden_req_size=-1
[INFO] [1788868810.915431311] [GSL]: [DEBUG-WIND] Taking GMRF path
[INFO] [1788868810.925153495] [GSL - Trace]: [32mEntering StopAndMeasure[0m
[INFO] [1788868812.913781168] [GSL]: 10 gas measurements, 10 wind measurements over 1.99 seconds
[INFO] [1788868812.913888958] [GSL]: avg_gas=0.11;  avg_windSpeed=0.15;  avg_wind_dir=-0.32
[INFO] [1788868812.915367195] [GSL]: [33mGAS HIT[0m
[INFO] [1788868812.915430682] [GSL]: [DEBUG-WIND] useGroundTruth=false gmrf_req_size=626 gaden_req_size=-1
[INFO] [1788868812.915446514] [GSL]: [DEBUG-WIND] Taking GMRF path
[INFO] [1788868812.928513270] [GSL]: Max mutual info: 6.439
[WARN] [1788868812.928785115] [rcl.logging_rosout]: Publisher already registered for provided node name. If this is due to multiple nodes with the same name then all logs for that logger name will go out over the existing publisher. As soon as any node with that name is destructed it will unregister the publisher, preventing any further logs for that name from being published on the rosout topic.
[INFO] [1788868812.946912840] [GSL]: MutualInformation - Ellapsed: 0.022s
[INFO] [1788868812.972970290] [GSL]: Sending goal (1.10, 0.39)
[INFO] [1788868812.973610142] [GSL]: Variance: 18.45
[INFO] [1788868812.973646138] [GSL - Trace]: [32mEntering Moving[0m
[INFO] [1788868813.714690098] [GSL - Trace]: [32mEntering StopAndMeasure[0m
[INFO] [1788868815.713908939] [GSL]: 10 gas measurements, 10 wind measurements over 2.00 seconds
[INFO] [1788868815.714044183] [GSL]: avg_gas=0.049;  avg_windSpeed=0.25;  avg_wind_dir=-1.1
[INFO] [1788868815.714994173] [GSL]: [33mNOTHING [0m
[INFO] [1788868815.715015445] [GSL]: [DEBUG-WIND] useGroundTruth=false gmrf_req_size=626 gaden_req_size=-1
[INFO] [1788868815.715029377] [GSL]: [DEBUG-WIND] Taking GMRF path
[INFO] [1788868815.725317348] [GSL - Trace]: [32mEntering StopAndMeasure[0m
[INFO] [1788868817.713607893] [GSL]: 10 gas measurements, 10 wind measurements over 1.99 seconds
[INFO] [1788868817.713662858] [GSL]: avg_gas=0.045;  avg_windSpeed=0.19;  avg_wind_dir=-1.2
[INFO] [1788868817.714086181] [GSL]: [33mNOTHING [0m
[INFO] [1788868817.714095971] [GSL]: [DEBUG-WIND] useGroundTruth=false gmrf_req_size=626 gaden_req_size=-1
[INFO] [1788868817.714102532] [GSL]: [DEBUG-WIND] Taking GMRF path
[INFO] [1788868817.724774674] [GSL - Trace]: [32mEntering StopAndMeasure[0m
[INFO] [1788868819.713771650] [GSL]: 10 gas measurements, 10 wind measurements over 1.99 seconds
[INFO] [1788868819.713868652] [GSL]: avg_gas=0.042;  avg_windSpeed=0.25;  avg_wind_dir=-1.1
[INFO] [1788868819.714644416] [GSL]: [33mNOTHING [0m
[INFO] [1788868819.714662776] [GSL]: [DEBUG-WIND] useGroundTruth=false gmrf_req_size=626 gaden_req_size=-1
[INFO] [1788868819.714675264] [GSL]: [DEBUG-WIND] Taking GMRF path
[INFO] [1788868819.725215461] [GSL - Trace]: [32mEntering StopAndMeasure[0m
[INFO] [1788868821.713817649] [GSL]: 10 gas measurements, 10 wind measurements over 1.99 seconds
[INFO] [1788868821.713948136] [GSL]: avg_gas=0.032;  avg_windSpeed=0.19;  avg_wind_dir=-1.2
[INFO] [1788868821.715156645] [GSL]: [33mNOTHING [0m
[INFO] [1788868821.715224727] [GSL]: [DEBUG-WIND] useGroundTruth=false gmrf_req_size=626 gaden_req_size=-1
[INFO] [1788868821.715242265] [GSL]: [DEBUG-WIND] Taking GMRF path
[INFO] [1788868821.725130323] [GSL - Trace]: [32mEntering StopAndMeasure[0m
[INFO] [1788868823.713818566] [GSL]: 10 gas measurements, 10 wind measurements over 1.99 seconds
[INFO] [1788868823.713918155] [GSL]: avg_gas=0.056;  avg_windSpeed=0.25;  avg_wind_dir=-1.1
[INFO] [1788868823.714787377] [GSL]: [33mNOTHING [0m
[INFO] [1788868823.714808041] [GSL]: [DEBUG-WIND] useGroundTruth=false gmrf_req_size=626 gaden_req_size=-1
[INFO] [1788868823.714821361] [GSL]: [DEBUG-WIND] Taking GMRF path
[INFO] [1788868823.724972741] [GSL - Trace]: [32mEntering StopAndMeasure[0m
[INFO] [1788868825.713731946] [GSL]: 10 gas measurements, 10 wind measurements over 1.99 seconds
[INFO] [1788868825.714312014] [GSL]: avg_gas=0.032;  avg_windSpeed=0.19;  avg_wind_dir=-1.2
[INFO] [1788868825.715357794] [GSL]: [33mNOTHING [0m
[INFO] [1788868825.715396261] [GSL]: [DEBUG-WIND] useGroundTruth=false gmrf_req_size=626 gaden_req_size=-1
[INFO] [1788868825.715407284] [GSL]: [DEBUG-WIND] Taking GMRF path
[INFO] [1788868825.725222818] [GSL - Trace]: [32mEntering StopAndMeasure[0m
[INFO] [1788868827.714061309] [GSL]: 10 gas measurements, 10 wind measurements over 1.99 seconds
[INFO] [1788868827.714177945] [GSL]: avg_gas=0.022;  avg_windSpeed=0.25;  avg_wind_dir=-1.1
[INFO] [1788868827.715493770] [GSL]: [33mNOTHING [0m
[INFO] [1788868827.715564445] [GSL]: [DEBUG-WIND] useGroundTruth=false gmrf_req_size=626 gaden_req_size=-1
[INFO] [1788868827.715674497] [GSL]: [DEBUG-WIND] Taking GMRF path
[INFO] [1788868827.725441961] [GSL - Trace]: [32mEntering StopAndMeasure[0m
[INFO] [1788868829.713645040] [GSL]: 10 gas measurements, 10 wind measurements over 1.99 seconds
[INFO] [1788868829.714000829] [GSL]: avg_gas=0.042;  avg_windSpeed=0.19;  avg_wind_dir=-1.2
[INFO] [1788868829.714429558] [GSL]: [33mNOTHING [0m
[INFO] [1788868829.714439263] [GSL]: [DEBUG-WIND] useGroundTruth=false gmrf_req_size=626 gaden_req_size=-1
[INFO] [1788868829.714470575] [GSL]: [DEBUG-WIND] Taking GMRF path
[INFO] [1788868829.727591235] [GSL]: Max mutual info: 6.439
[INFO] [1788868829.727702532] [GSL]: MutualInformation - Ellapsed: 0.003s
[INFO] [1788868829.758166957] [GSL]: Sending goal (0.20, 0.39)
[INFO] [1788868829.758766916] [GSL]: Variance: 18.45
[INFO] [1788868829.758792307] [GSL - Trace]: [32mEntering Moving[0m
[INFO] [1788868830.513908536] [GSL - Trace]: [32mEntering StopAndMeasure[0m
[INFO] [1788868832.514007695] [GSL]: 10 gas measurements, 10 wind measurements over 2.00 seconds
[INFO] [1788868832.514081069] [GSL]: avg_gas=0.075;  avg_windSpeed=0.56;  avg_wind_dir=-1.3
[INFO] [1788868832.514532284] [GSL]: [33mNOTHING [0m
[INFO] [1788868832.514543066] [GSL]: [DEBUG-WIND] useGroundTruth=false gmrf_req_size=626 gaden_req_size=-1
[INFO] [1788868832.515042502] [GSL]: [DEBUG-WIND] Taking GMRF path
[INFO] [1788868832.525059246] [GSL - Trace]: [32mEntering StopAndMeasure[0m
[INFO] [1788868834.514435990] [GSL]: 10 gas measurements, 10 wind measurements over 1.99 seconds
[INFO] [1788868834.514560803] [GSL]: avg_gas=0.057;  avg_windSpeed=0.55;  avg_wind_dir=-1.3
[INFO] [1788868834.515018289] [GSL]: [33mNOTHING [0m
[INFO] [1788868834.515027665] [GSL]: [DEBUG-WIND] useGroundTruth=false gmrf_req_size=626 gaden_req_size=-1
[INFO] [1788868834.515034137] [GSL]: [DEBUG-WIND] Taking GMRF path
[INFO] [1788868834.525024642] [GSL - Trace]: [32mEntering StopAndMeasure[0m
[INFO] [1788868836.514077800] [GSL]: 10 gas measurements, 10 wind measurements over 1.99 seconds
[INFO] [1788868836.514188673] [GSL]: avg_gas=0.051;  avg_windSpeed=0.56;  avg_wind_dir=-1.3
[INFO] [1788868836.515070779] [GSL]: [33mNOTHING [0m
[INFO] [1788868836.515117895] [GSL]: [DEBUG-WIND] useGroundTruth=false gmrf_req_size=626 gaden_req_size=-1
[INFO] [1788868836.515599770] [GSL]: [DEBUG-WIND] Taking GMRF path
[INFO] [1788868836.525703334] [GSL - Trace]: [32mEntering StopAndMeasure[0m
[INFO] [1788868838.513774955] [GSL]: 10 gas measurements, 10 wind measurements over 1.99 seconds
[INFO] [1788868838.513882358] [GSL]: avg_gas=0.062;  avg_windSpeed=0.55;  avg_wind_dir=-1.3
[INFO] [1788868838.514763799] [GSL]: [33mNOTHING [0m
[INFO] [1788868838.514782134] [GSL]: [DEBUG-WIND] useGroundTruth=false gmrf_req_size=626 gaden_req_size=-1
[INFO] [1788868838.514793977] [GSL]: [DEBUG-WIND] Taking GMRF path
[INFO] [1788868838.525798774] [GSL - Trace]: [32mEntering StopAndMeasure[0m
[INFO] [1788868840.513810734] [GSL]: 10 gas measurements, 10 wind measurements over 1.99 seconds
[INFO] [1788868840.513916392] [GSL]: avg_gas=0.031;  avg_windSpeed=0.56;  avg_wind_dir=-1.3
[INFO] [1788868840.514734939] [GSL]: [33mNOTHING [0m
[INFO] [1788868840.514754027] [GSL]: [DEBUG-WIND] useGroundTruth=false gmrf_req_size=626 gaden_req_size=-1
[INFO] [1788868840.515351611] [GSL]: [DEBUG-WIND] Taking GMRF path
[INFO] [1788868840.525429104] [GSL - Trace]: [32mEntering StopAndMeasure[0m
[INFO] [1788868842.513843030] [GSL]: 10 gas measurements, 10 wind measurements over 1.99 seconds
[INFO] [1788868842.513936892] [GSL]: avg_gas=0.09;  avg_windSpeed=0.55;  avg_wind_dir=-1.3
[INFO] [1788868842.514738360] [GSL]: [33mNOTHING [0m
[INFO] [1788868842.514755182] [GSL]: [DEBUG-WIND] useGroundTruth=false gmrf_req_size=626 gaden_req_size=-1
[INFO] [1788868842.514767587] [GSL]: [DEBUG-WIND] Taking GMRF path
[INFO] [1788868842.525066076] [GSL - Trace]: [32mEntering StopAndMeasure[0m
[INFO] [1788868844.514003179] [GSL]: 10 gas measurements, 10 wind measurements over 1.99 seconds
[INFO] [1788868844.514089988] [GSL]: avg_gas=0.11;  avg_windSpeed=0.56;  avg_wind_dir=-1.3
[INFO] [1788868844.514813151] [GSL]: [33mGAS HIT[0m
[INFO] [1788868844.514829324] [GSL]: [DEBUG-WIND] useGroundTruth=false gmrf_req_size=626 gaden_req_size=-1
[INFO] [1788868844.514839613] [GSL]: [DEBUG-WIND] Taking GMRF path
[INFO] [1788868844.524906446] [GSL - Trace]: [32mEntering StopAndMeasure[0m
[INFO] [1788868846.513729928] [GSL]: 10 gas measurements, 10 wind measurements over 1.99 seconds
[INFO] [1788868846.513809624] [GSL]: avg_gas=0.16;  avg_windSpeed=0.55;  avg_wind_dir=-1.3
[INFO] [1788868846.514438331] [GSL]: [33mGAS HIT[0m
[INFO] [1788868846.514462980] [GSL]: [DEBUG-WIND] useGroundTruth=false gmrf_req_size=626 gaden_req_size=-1
[INFO] [1788868846.514473447] [GSL]: [DEBUG-WIND] Taking GMRF path
[INFO] [1788868846.531509441] [GSL]: Max mutual info: 6.439
[INFO] [1788868846.531805183] [GSL]: MutualInformation - Ellapsed: 0.006s
[INFO] [1788868846.565594621] [GSL]: Sending goal (5.90, -0.21)
[INFO] [1788868846.566144711] [GSL]: Variance: 18.45
[INFO] [1788868846.566172196] [GSL - Trace]: [32mEntering Moving[0m
[INFO] [1788868851.513876312] [GSL - Trace]: [32mEntering StopAndMeasure[0m
[INFO] [1788868853.513697333] [GSL]: 10 gas measurements, 10 wind measurements over 2.00 seconds
[INFO] [1788868853.514167754] [GSL]: avg_gas=1.5;  avg_windSpeed=0.089;  avg_wind_dir=0.14
[INFO] [1788868853.514801912] [GSL]: [33mGAS HIT[0m
[INFO] [1788868853.514814067] [GSL]: [DEBUG-WIND] useGroundTruth=false gmrf_req_size=626 gaden_req_size=-1
[INFO] [1788868853.514821864] [GSL]: [DEBUG-WIND] Taking GMRF path
[INFO] [1788868853.525005815] [GSL - Trace]: [32mEntering StopAndMeasure[0m
[INFO] [1788868855.513585998] [GSL]: 10 gas measurements, 10 wind measurements over 1.99 seconds
[INFO] [1788868855.513641440] [GSL]: avg_gas=1.5;  avg_windSpeed=0.081;  avg_wind_dir=0.59
[INFO] [1788868855.514149267] [GSL]: [33mGAS HIT[0m
[INFO] [1788868855.514158857] [GSL]: [DEBUG-WIND] useGroundTruth=false gmrf_req_size=626 gaden_req_size=-1
[INFO] [1788868855.514165016] [GSL]: [DEBUG-WIND] Taking GMRF path
[INFO] [1788868855.524782843] [GSL - Trace]: [32mEntering StopAndMeasure[0m
[INFO] [1788868857.513838503] [GSL]: 10 gas measurements, 10 wind measurements over 1.99 seconds
[INFO] [1788868857.513940456] [GSL]: avg_gas=1.5;  avg_windSpeed=0.089;  avg_wind_dir=0.14
[INFO] [1788868857.515643047] [GSL]: [33mGAS HIT[0m
[INFO] [1788868857.515683676] [GSL]: [DEBUG-WIND] useGroundTruth=false gmrf_req_size=626 gaden_req_size=-1
[INFO] [1788868857.515695264] [GSL]: [DEBUG-WIND] Taking GMRF path
[INFO] [1788868857.525129795] [GSL - Trace]: [32mEntering StopAndMeasure[0m
[INFO] [1788868859.513569451] [GSL]: 10 gas measurements, 10 wind measurements over 1.99 seconds
[INFO] [1788868859.513623873] [GSL]: avg_gas=1.4;  avg_windSpeed=0.081;  avg_wind_dir=0.59
[INFO] [1788868859.514356379] [GSL]: [33mGAS HIT[0m
[INFO] [1788868859.514385649] [GSL]: [DEBUG-WIND] useGroundTruth=false gmrf_req_size=626 gaden_req_size=-1
[INFO] [1788868859.514392126] [GSL]: [DEBUG-WIND] Taking GMRF path
[INFO] [1788868859.524663039] [GSL - Trace]: [32mEntering StopAndMeasure[0m
[INFO] [1788868861.513638870] [GSL]: 10 gas measurements, 10 wind measurements over 1.99 seconds
[INFO] [1788868861.513699027] [GSL]: avg_gas=1.4;  avg_windSpeed=0.089;  avg_wind_dir=0.14
[INFO] [1788868861.515274829] [GSL]: [33mGAS HIT[0m
[INFO] [1788868861.515310692] [GSL]: [DEBUG-WIND] useGroundTruth=false gmrf_req_size=626 gaden_req_size=-1
[INFO] [1788868861.515319587] [GSL]: [DEBUG-WIND] Taking GMRF path
[INFO] [1788868861.524770565] [GSL - Trace]: [32mEntering StopAndMeasure[0m
[INFO] [1788868863.513597103] [GSL]: 10 gas measurements, 10 wind measurements over 1.99 seconds
[INFO] [1788868863.513649973] [GSL]: avg_gas=1.4;  avg_windSpeed=0.081;  avg_wind_dir=0.59
[INFO] [1788868863.514533122] [GSL]: [33mGAS HIT[0m
[INFO] [1788868863.514560939] [GSL]: [DEBUG-WIND] useGroundTruth=false gmrf_req_size=626 gaden_req_size=-1
[INFO] [1788868863.514567876] [GSL]: [DEBUG-WIND] Taking GMRF path
[INFO] [1788868863.524665539] [GSL - Trace]: [32mEntering StopAndMeasure[0m
[INFO] [1788868865.514115450] [GSL]: 10 gas measurements, 10 wind measurements over 1.99 seconds
[INFO] [1788868865.514366670] [GSL]: avg_gas=1.5;  avg_windSpeed=0.089;  avg_wind_dir=0.14
[INFO] [1788868865.516220510] [GSL]: [33mGAS HIT[0m
[INFO] [1788868865.516254899] [GSL]: [DEBUG-WIND] useGroundTruth=false gmrf_req_size=626 gaden_req_size=-1
[INFO] [1788868865.516266144] [GSL]: [DEBUG-WIND] Taking GMRF path
[INFO] [1788868865.524931590] [GSL - Trace]: [32mEntering StopAndMeasure[0m
[INFO] [1788868867.513728864] [GSL]: 10 gas measurements, 10 wind measurements over 1.99 seconds
[INFO] [1788868867.513785087] [GSL]: avg_gas=1.6;  avg_windSpeed=0.081;  avg_wind_dir=0.59
[INFO] [1788868867.514569756] [GSL]: [33mGAS HIT[0m
[INFO] [1788868867.514582225] [GSL]: [DEBUG-WIND] useGroundTruth=false gmrf_req_size=626 gaden_req_size=-1
[INFO] [1788868867.514588595] [GSL]: [DEBUG-WIND] Taking GMRF path
[INFO] [1788868867.524818851] [GSL]: [33mStarted simulations. Might take a while![0m
[INFO] [1788868867.664235545] [GSL]: CER contrastive context initialized: events=32, members=85, fixed_ratio_weight=1
[INFO] [1788868867.665962147] [GSL - Trace]: [32mFirst simulation level done[0m
[INFO] [1788868867.666158296] [GSL]: [RC2-DIAG] scores_size=85 refineFraction=0.25 refine_product=21.25 valid_first_level=85 sum_sourceProbInternal_before_norm=2.711818333766916e-09 min_sourceProbInternal_before_norm=0 max_sourceProbInternal_before_norm=5.472538608561169e-10 finite_sourceProbInternal=1242 finite_varianceOfHitProb=1242
[INFO] [1788868867.785092013] [GSL - Trace]: [32mSimulation level 2 done[0m
[INFO] [1788868867.869466204] [GSL - Trace]: [32mSimulation level 3 done[0m
[INFO] [1788868867.891186264] [GSL - Trace]: [32mSimulation level 4 done[0m
[INFO] [1788868867.891745693] [GSL - Trace]: [32mSimulation level 5 done[0m
[INFO] [1788868867.891757309] [GSL]: Number of levels in the simulation: 5
[INFO] [1788868867.891763535] [GSL]: Total number of simulations: 213
[INFO] [1788868867.891784108] [GSL]: [RC2-DIAG] normalized_finite_count=1242 normalized_sum=1
[INFO] [1788868867.891791456] [GSL]: Time ellapsed in simulation = 0.366927514 s
[INFO] [1788868867.895544566] [GSL]: Max mutual info: 0.535
[INFO] [1788868867.895723928] [GSL]: MutualInformation - Ellapsed: 0.004s
[INFO] [1788868867.921590600] [GSL]: Sending goal (7.10, -0.51)
[INFO] [1788868867.922029108] [GSL]: Variance: 0.21
[INFO] [1788868867.922048657] [GSL - Trace]: [32mEntering Moving[0m
[INFO] [1788868868.937970035] [GSL - Trace]: [32mEntering StopAndMeasure[0m
[INFO] [1788868870.921701436] [GSL]: 10 gas measurements, 10 wind measurements over 1.98 seconds
[INFO] [1788868870.921961156] [GSL]: avg_gas=1.2;  avg_windSpeed=0.14;  avg_wind_dir=0.68
[INFO] [1788868870.923216831] [GSL]: [33mGAS HIT[0m
[INFO] [1788868870.923237560] [GSL]: [DEBUG-WIND] useGroundTruth=false gmrf_req_size=626 gaden_req_size=-1
[INFO] [1788868870.923252165] [GSL]: [DEBUG-WIND] Taking GMRF path
[INFO] [1788868870.925217882] [GSL - Trace]: [32mEntering StopAndMeasure[0m
[INFO] [1788868872.923092870] [GSL]: 10 gas measurements, 10 wind measurements over 2.00 seconds
[INFO] [1788868872.923179134] [GSL]: avg_gas=0.92;  avg_windSpeed=0.15;  avg_wind_dir=0.38
[INFO] [1788868872.923902500] [GSL]: [33mGAS HIT[0m
[INFO] [1788868872.924372583] [GSL]: [DEBUG-WIND] useGroundTruth=false gmrf_req_size=626 gaden_req_size=-1
[INFO] [1788868872.924402607] [GSL]: [DEBUG-WIND] Taking GMRF path
[INFO] [1788868873.025186202] [GSL - Trace]: [32mEntering StopAndMeasure[0m
[INFO] [1788868874.903710266] [GSL]: 10 gas measurements, 10 wind measurements over 1.88 seconds
[INFO] [1788868874.903767608] [GSL]: avg_gas=1;  avg_windSpeed=0.14;  avg_wind_dir=0.68
[INFO] [1788868874.904257413] [GSL]: [33mGAS HIT[0m
[INFO] [1788868874.904266161] [GSL]: [DEBUG-WIND] useGroundTruth=false gmrf_req_size=626 gaden_req_size=-1
[INFO] [1788868874.904272346] [GSL]: [DEBUG-WIND] Taking GMRF path
[INFO] [1788868874.924716278] [GSL - Trace]: [32mEntering StopAndMeasure[0m
[INFO] [1788868876.877147750] [GSL]: 10 gas measurements, 10 wind measurements over 1.95 seconds
[INFO] [1788868876.877246485] [GSL]: avg_gas=1.1;  avg_windSpeed=0.15;  avg_wind_dir=0.38
[INFO] [1788868876.877843937] [GSL]: [33mGAS HIT[0m
[INFO] [1788868876.878175794] [GSL]: [DEBUG-WIND] useGroundTruth=false gmrf_req_size=626 gaden_req_size=-1
[INFO] [1788868876.878195155] [GSL]: [DEBUG-WIND] Taking GMRF path
[INFO] [1788868876.925368478] [GSL - Trace]: [32mEntering StopAndMeasure[0m
[INFO] [1788868879.307502692] [GSL]: 10 gas measurements, 10 wind measurements over 2.38 seconds
[INFO] [1788868879.307572001] [GSL]: avg_gas=1.1;  avg_windSpeed=0.14;  avg_wind_dir=0.68
[INFO] [1788868879.308305501] [GSL]: [33mGAS HIT[0m
[INFO] [1788868879.308334352] [GSL]: [DEBUG-WIND] useGroundTruth=false gmrf_req_size=626 gaden_req_size=-1
[INFO] [1788868879.308342628] [GSL]: [DEBUG-WIND] Taking GMRF path
[INFO] [1788868879.391963477] [GSL - Trace]: [32mEntering StopAndMeasure[0m
[INFO] [1788868881.293878421] [GSL]: 10 gas measurements, 10 wind measurements over 1.90 seconds
[INFO] [1788868881.293934552] [GSL]: avg_gas=1.1;  avg_windSpeed=0.15;  avg_wind_dir=0.38
[INFO] [1788868881.294438347] [GSL]: [33mGAS HIT[0m
[INFO] [1788868881.294448033] [GSL]: [DEBUG-WIND] useGroundTruth=false gmrf_req_size=626 gaden_req_size=-1
[INFO] [1788868881.294821760] [GSL]: [DEBUG-WIND] Taking GMRF path
[INFO] [1788868881.301756038] [GSL - Trace]: [32mEntering StopAndMeasure[0m
[INFO] [1788868883.293968335] [GSL]: 10 gas measurements, 10 wind measurements over 1.99 seconds
[INFO] [1788868883.294058092] [GSL]: avg_gas=1.1;  avg_windSpeed=0.14;  avg_wind_dir=0.68
[INFO] [1788868883.294921083] [GSL]: [33mGAS HIT[0m
[INFO] [1788868883.294937053] [GSL]: [DEBUG-WIND] useGroundTruth=false gmrf_req_size=626 gaden_req_size=-1
[INFO] [1788868883.294947044] [GSL]: [DEBUG-WIND] Taking GMRF path
[INFO] [1788868883.301914987] [GSL - Trace]: [32mEntering StopAndMeasure[0m
[INFO] [1788868885.293898434] [GSL]: 10 gas measurements, 10 wind measurements over 1.99 seconds
[INFO] [1788868885.293961806] [GSL]: avg_gas=1;  avg_windSpeed=0.15;  avg_wind_dir=0.38
[INFO] [1788868885.294503591] [GSL]: [33mGAS HIT[0m
[INFO] [1788868885.294513458] [GSL]: [DEBUG-WIND] useGroundTruth=false gmrf_req_size=626 gaden_req_size=-1
[INFO] [1788868885.294912363] [GSL]: [DEBUG-WIND] Taking GMRF path
[INFO] [1788868885.311913955] [GSL]: Max mutual info: 0.737
[INFO] [1788868885.312089050] [GSL]: MutualInformation - Ellapsed: 0.010s
[INFO] [1788868885.344730682] [GSL]: Sending goal (7.10, 0.09)
[INFO] [1788868885.345334991] [GSL]: Variance: 0.21
[INFO] [1788868885.345356247] [GSL - Trace]: [32mEntering Moving[0m
[INFO] [1788868885.947120888] [GSL - Trace]: [32mEntering StopAndMeasure[0m
[INFO] [1788868887.894219586] [GSL]: 10 gas measurements, 10 wind measurements over 1.95 seconds
[INFO] [1788868887.894369970] [GSL]: avg_gas=1.2;  avg_windSpeed=0.11;  avg_wind_dir=0.64
[INFO] [1788868887.895801381] [GSL]: [33mGAS HIT[0m
[INFO] [1788868887.895856411] [GSL]: [DEBUG-WIND] useGroundTruth=false gmrf_req_size=626 gaden_req_size=-1
[INFO] [1788868887.895873202] [GSL]: [DEBUG-WIND] Taking GMRF path
[INFO] [1788868887.902260866] [GSL - Trace]: [32mEntering StopAndMeasure[0m
[INFO] [1788868889.894026034] [GSL]: 10 gas measurements, 10 wind measurements over 1.99 seconds
[INFO] [1788868889.894642860] [GSL]: avg_gas=1.4;  avg_windSpeed=0.093;  avg_wind_dir=0.85
[INFO] [1788868889.895656331] [GSL]: [33mGAS HIT[0m
[INFO] [1788868889.895683702] [GSL]: [DEBUG-WIND] useGroundTruth=false gmrf_req_size=626 gaden_req_size=-1
[INFO] [1788868889.895695989] [GSL]: [DEBUG-WIND] Taking GMRF path
[INFO] [1788868889.901820310] [GSL - Trace]: [32mEntering StopAndMeasure[0m
[INFO] [1788868891.893908369] [GSL]: 10 gas measurements, 10 wind measurements over 1.99 seconds
[INFO] [1788868891.893965696] [GSL]: avg_gas=1.4;  avg_windSpeed=0.11;  avg_wind_dir=0.64
[INFO] [1788868891.894551951] [GSL]: [33mGAS HIT[0m
[INFO] [1788868891.894562498] [GSL]: [DEBUG-WIND] useGroundTruth=false gmrf_req_size=626 gaden_req_size=-1
[INFO] [1788868891.894569879] [GSL]: [DEBUG-WIND] Taking GMRF path
[INFO] [1788868891.901637946] [GSL - Trace]: [32mEntering StopAndMeasure[0m
[INFO] [1788868893.894300063] [GSL]: 10 gas measurements, 10 wind measurements over 1.99 seconds
[INFO] [1788868893.895049335] [GSL]: avg_gas=1.4;  avg_windSpeed=0.093;  avg_wind_dir=0.85
[INFO] [1788868893.896228615] [GSL]: [33mGAS HIT[0m
[INFO] [1788868893.896252964] [GSL]: [DEBUG-WIND] useGroundTruth=false gmrf_req_size=626 gaden_req_size=-1
[INFO] [1788868893.896268170] [GSL]: [DEBUG-WIND] Taking GMRF path
[INFO] [1788868893.901981216] [GSL - Trace]: [32mEntering StopAndMeasure[0m
[INFO] [1788868895.893981418] [GSL]: 10 gas measurements, 10 wind measurements over 1.99 seconds
[INFO] [1788868895.894074020] [GSL]: avg_gas=1.3;  avg_windSpeed=0.11;  avg_wind_dir=0.64
[INFO] [1788868895.894985912] [GSL]: [33mGAS HIT[0m
[INFO] [1788868895.895002389] [GSL]: [DEBUG-WIND] useGroundTruth=false gmrf_req_size=626 gaden_req_size=-1
[INFO] [1788868895.895013072] [GSL]: [DEBUG-WIND] Taking GMRF path
[INFO] [1788868895.901712752] [GSL - Trace]: [32mEntering StopAndMeasure[0m
[INFO] [1788868897.894042247] [GSL]: 10 gas measurements, 10 wind measurements over 1.99 seconds
[INFO] [1788868897.894166076] [GSL]: avg_gas=1.4;  avg_windSpeed=0.093;  avg_wind_dir=0.85
[INFO] [1788868897.896190045] [GSL]: [33mGAS HIT[0m
[INFO] [1788868897.896234804] [GSL]: [DEBUG-WIND] useGroundTruth=false gmrf_req_size=626 gaden_req_size=-1
[INFO] [1788868897.896248143] [GSL]: [DEBUG-WIND] Taking GMRF path
[INFO] [1788868897.901981961] [GSL - Trace]: [32mEntering StopAndMeasure[0m
[INFO] [1788868899.894014960] [GSL]: 10 gas measurements, 10 wind measurements over 1.99 seconds
[INFO] [1788868899.894102122] [GSL]: avg_gas=1.6;  avg_windSpeed=0.11;  avg_wind_dir=0.64
[INFO] [1788868899.895357704] [GSL]: [33mGAS HIT[0m
[INFO] [1788868899.895409103] [GSL]: [DEBUG-WIND] useGroundTruth=false gmrf_req_size=626 gaden_req_size=-1
[INFO] [1788868899.895422479] [GSL]: [DEBUG-WIND] Taking GMRF path
[INFO] [1788868899.901931202] [GSL - Trace]: [32mEntering StopAndMeasure[0m
[INFO] [1788868901.893894799] [GSL]: 10 gas measurements, 10 wind measurements over 1.99 seconds
[INFO] [1788868901.893951645] [GSL]: avg_gas=1.8;  avg_windSpeed=0.093;  avg_wind_dir=0.85
[INFO] [1788868901.894825641] [GSL]: [33mGAS HIT[0m
[INFO] [1788868901.894855900] [GSL]: [DEBUG-WIND] useGroundTruth=false gmrf_req_size=626 gaden_req_size=-1
[INFO] [1788868901.894862951] [GSL]: [DEBUG-WIND] Taking GMRF path
[INFO] [1788868901.907802192] [GSL]: Max mutual info: 0.737
[INFO] [1788868901.907911805] [GSL]: MutualInformation - Ellapsed: 0.006s
[INFO] [1788868901.938911056] [GSL]: Sending goal (7.70, -0.21)
[INFO] [1788868901.939354135] [GSL]: Variance: 0.21
[INFO] [1788868901.939378628] [GSL - Trace]: [32mEntering Moving[0m
[INFO] [1788868902.544283821] [GSL - Trace]: [32mEntering StopAndMeasure[0m
[INFO] [1788868904.493957433] [GSL]: 10 gas measurements, 10 wind measurements over 1.95 seconds
[INFO] [1788868904.494032626] [GSL]: avg_gas=1.6;  avg_windSpeed=0.18;  avg_wind_dir=1
[INFO] [1788868904.494823547] [GSL]: [33mGAS HIT[0m
[INFO] [1788868904.494837482] [GSL]: [DEBUG-WIND] useGroundTruth=false gmrf_req_size=626 gaden_req_size=-1
[INFO] [1788868904.494846574] [GSL]: [DEBUG-WIND] Taking GMRF path
[INFO] [1788868904.501677657] [GSL - Trace]: [32mEntering StopAndMeasure[0m
[INFO] [1788868906.493976876] [GSL]: 10 gas measurements, 10 wind measurements over 1.99 seconds
[INFO] [1788868906.494055622] [GSL]: avg_gas=1.3;  avg_windSpeed=0.19;  avg_wind_dir=0.81
[INFO] [1788868906.494834829] [GSL]: [33mGAS HIT[0m
[INFO] [1788868906.494848909] [GSL]: [DEBUG-WIND] useGroundTruth=false gmrf_req_size=626 gaden_req_size=-1
[INFO] [1788868906.494857470] [GSL]: [DEBUG-WIND] Taking GMRF path
[INFO] [1788868906.501636098] [GSL - Trace]: [32mEntering StopAndMeasure[0m
[INFO] [1788868908.493951787] [GSL]: 10 gas measurements, 10 wind measurements over 1.99 seconds
[INFO] [1788868908.494021632] [GSL]: avg_gas=1.2;  avg_windSpeed=0.18;  avg_wind_dir=1
[INFO] [1788868908.494543323] [GSL]: [33mGAS HIT[0m
[INFO] [1788868908.494553068] [GSL]: [DEBUG-WIND] useGroundTruth=false gmrf_req_size=626 gaden_req_size=-1
[INFO] [1788868908.494559417] [GSL]: [DEBUG-WIND] Taking GMRF path
[INFO] [1788868908.501755803] [GSL - Trace]: [32mEntering StopAndMeasure[0m
[INFO] [1788868910.493876945] [GSL]: 10 gas measurements, 10 wind measurements over 1.99 seconds
[INFO] [1788868910.493933125] [GSL]: avg_gas=1.3;  avg_windSpeed=0.19;  avg_wind_dir=0.81
[INFO] [1788868910.494444339] [GSL]: [33mGAS HIT[0m
[INFO] [1788868910.494453749] [GSL]: [DEBUG-WIND] useGroundTruth=false gmrf_req_size=626 gaden_req_size=-1
[INFO] [1788868910.494460101] [GSL]: [DEBUG-WIND] Taking GMRF path
[INFO] [1788868910.501754456] [GSL - Trace]: [32mEntering StopAndMeasure[0m
[INFO] [1788868912.494566851] [GSL]: 10 gas measurements, 10 wind measurements over 1.99 seconds
[INFO] [1788868912.494638701] [GSL]: avg_gas=1.3;  avg_windSpeed=0.18;  avg_wind_dir=1
[INFO] [1788868912.495224269] [GSL]: [33mGAS HIT[0m
[INFO] [1788868912.495235512] [GSL]: [DEBUG-WIND] useGroundTruth=false gmrf_req_size=626 gaden_req_size=-1
[INFO] [1788868912.495242374] [GSL]: [DEBUG-WIND] Taking GMRF path
[INFO] [1788868912.501767920] [GSL - Trace]: [32mEntering StopAndMeasure[0m
[INFO] [1788868914.494369956] [GSL]: 10 gas measurements, 10 wind measurements over 1.99 seconds
[INFO] [1788868914.494435391] [GSL]: avg_gas=1.1;  avg_windSpeed=0.19;  avg_wind_dir=0.81
[INFO] [1788868914.495048122] [GSL]: [33mGAS HIT[0m
[INFO] [1788868914.495059617] [GSL]: [DEBUG-WIND] useGroundTruth=false gmrf_req_size=626 gaden_req_size=-1
[INFO] [1788868914.495066471] [GSL]: [DEBUG-WIND] Taking GMRF path
[INFO] [1788868914.502002624] [GSL - Trace]: [32mEntering StopAndMeasure[0m
[INFO] [1788868916.494095259] [GSL]: 10 gas measurements, 10 wind measurements over 1.99 seconds
[INFO] [1788868916.494165936] [GSL]: avg_gas=1.1;  avg_windSpeed=0.18;  avg_wind_dir=1
[INFO] [1788868916.495325506] [GSL]: [33mGAS HIT[0m
[INFO] [1788868916.495361650] [GSL]: [DEBUG-WIND] useGroundTruth=false gmrf_req_size=626 gaden_req_size=-1
[INFO] [1788868916.495369892] [GSL]: [DEBUG-WIND] Taking GMRF path
[INFO] [1788868916.502076088] [GSL - Trace]: [32mEntering StopAndMeasure[0m
[INFO] [1788868918.494031895] [GSL]: 10 gas measurements, 10 wind measurements over 1.99 seconds
[INFO] [1788868918.494116312] [GSL]: avg_gas=1.2;  avg_windSpeed=0.19;  avg_wind_dir=0.81
[INFO] [1788868918.494933345] [GSL]: [33mGAS HIT[0m
[INFO] [1788868918.494949306] [GSL]: [DEBUG-WIND] useGroundTruth=false gmrf_req_size=626 gaden_req_size=-1
[INFO] [1788868918.494958501] [GSL]: [DEBUG-WIND] Taking GMRF path
[INFO] [1788868918.501763011] [GSL]: [33mStarted simulations. Might take a while![0m
[INFO] [1788868918.645976871] [GSL]: CER contrastive context initialized: events=56, members=85, fixed_ratio_weight=1
[INFO] [1788868918.649366256] [GSL - Trace]: [32mFirst simulation level done[0m
[INFO] [1788868918.649727213] [GSL]: [RC2-DIAG] scores_size=85 refineFraction=0.25 refine_product=21.25 valid_first_level=85 sum_sourceProbInternal_before_norm=2.338617828828933e-09 min_sourceProbInternal_before_norm=0 max_sourceProbInternal_before_norm=2.647775431970444e-10 finite_sourceProbInternal=1242 finite_varianceOfHitProb=1242
[INFO] [1788868918.774926016] [GSL - Trace]: [32mSimulation level 2 done[0m
[INFO] [1788868918.842554847] [GSL - Trace]: [32mSimulation level 3 done[0m
[INFO] [1788868918.864414730] [GSL - Trace]: [32mSimulation level 4 done[0m
[INFO] [1788868918.865008512] [GSL - Trace]: [32mSimulation level 5 done[0m
[INFO] [1788868918.865139298] [GSL]: Number of levels in the simulation: 5
[INFO] [1788868918.865147576] [GSL]: Total number of simulations: 209
[INFO] [1788868918.865693467] [GSL]: [RC2-DIAG] normalized_finite_count=1242 normalized_sum=1
[INFO] [1788868918.865706760] [GSL]: Time ellapsed in simulation = 0.36389271500000003 s
[INFO] [1788868918.870771301] [GSL]: Max mutual info: 2.100
[INFO] [1788868918.871216622] [GSL]: MutualInformation - Ellapsed: 0.005s
[INFO] [1788868918.903635838] [GSL]: Sending goal (8.30, -0.51)
[INFO] [1788868918.904074999] [GSL]: Variance: 1.49
[INFO] [1788868918.904104404] [GSL - Trace]: [32mEntering Moving[0m
[INFO] [1788868919.515422641] [GSL - Trace]: [32mEntering StopAndMeasure[0m
[INFO] [1788868921.501033427] [GSL]: 10 gas measurements, 10 wind measurements over 1.99 seconds
[INFO] [1788868921.501122964] [GSL]: avg_gas=1.3;  avg_windSpeed=0.55;  avg_wind_dir=0.88
[INFO] [1788868921.502046337] [GSL]: [33mGAS HIT[0m
[INFO] [1788868921.502061154] [GSL]: [DEBUG-WIND] useGroundTruth=false gmrf_req_size=626 gaden_req_size=-1
[INFO] [1788868921.502071621] [GSL]: [DEBUG-WIND] Taking GMRF path
[INFO] [1788868921.601799115] [GSL - Trace]: [32mEntering StopAndMeasure[0m
[INFO] [1788868923.505053763] [GSL]: 10 gas measurements, 10 wind measurements over 1.90 seconds
[INFO] [1788868923.505126217] [GSL]: avg_gas=1.1;  avg_windSpeed=0.65;  avg_wind_dir=0.8
[INFO] [1788868923.505656354] [GSL]: [33mGAS HIT[0m
[INFO] [1788868923.505665954] [GSL]: [DEBUG-WIND] useGroundTruth=false gmrf_req_size=626 gaden_req_size=-1
[INFO] [1788868923.505672881] [GSL]: [DEBUG-WIND] Taking GMRF path
[INFO] [1788868923.601790209] [GSL - Trace]: [32mEntering StopAndMeasure[0m
[INFO] [1788868925.505070916] [GSL]: 10 gas measurements, 10 wind measurements over 1.90 seconds
[INFO] [1788868925.505185296] [GSL]: avg_gas=1.1;  avg_windSpeed=0.55;  avg_wind_dir=0.88
[INFO] [1788868925.506242451] [GSL]: [33mGAS HIT[0m
[INFO] [1788868925.506284131] [GSL]: [DEBUG-WIND] useGroundTruth=false gmrf_req_size=626 gaden_req_size=-1
[INFO] [1788868925.506295296] [GSL]: [DEBUG-WIND] Taking GMRF path
[INFO] [1788868925.602000201] [GSL - Trace]: [32mEntering StopAndMeasure[0m
[INFO] [1788868927.505083181] [GSL]: 10 gas measurements, 10 wind measurements over 1.90 seconds
[INFO] [1788868927.505158373] [GSL]: avg_gas=1;  avg_windSpeed=0.65;  avg_wind_dir=0.8
[INFO] [1788868927.506069036] [GSL]: [33mGAS HIT[0m
[INFO] [1788868927.506082974] [GSL]: [DEBUG-WIND] useGroundTruth=false gmrf_req_size=626 gaden_req_size=-1
[INFO] [1788868927.506091497] [GSL]: [DEBUG-WIND] Taking GMRF path
[INFO] [1788868927.601889218] [GSL - Trace]: [32mEntering StopAndMeasure[0m
[INFO] [1788868929.505261375] [GSL]: 10 gas measurements, 10 wind measurements over 1.90 seconds
[INFO] [1788868929.505991937] [GSL]: avg_gas=1;  avg_windSpeed=0.55;  avg_wind_dir=0.88
[INFO] [1788868929.507144771] [GSL]: [33mGAS HIT[0m
[INFO] [1788868929.507164200] [GSL]: [DEBUG-WIND] useGroundTruth=false gmrf_req_size=626 gaden_req_size=-1
[INFO] [1788868929.507177144] [GSL]: [DEBUG-WIND] Taking GMRF path
[INFO] [1788868929.602175832] [GSL - Trace]: [32mEntering StopAndMeasure[0m
[INFO] [1788868931.505269685] [GSL]: 10 gas measurements, 10 wind measurements over 1.90 seconds
[INFO] [1788868931.505450486] [GSL]: avg_gas=0.99;  avg_windSpeed=0.65;  avg_wind_dir=0.8
[INFO] [1788868931.506833671] [GSL]: [33mGAS HIT[0m
[INFO] [1788868931.506856938] [GSL]: [DEBUG-WIND] useGroundTruth=false gmrf_req_size=626 gaden_req_size=-1
[INFO] [1788868931.506872180] [GSL]: [DEBUG-WIND] Taking GMRF path
[INFO] [1788868931.602116097] [GSL - Trace]: [32mEntering StopAndMeasure[0m
[INFO] [1788868933.505578593] [GSL]: 10 gas measurements, 10 wind measurements over 1.90 seconds
[INFO] [1788868933.506222463] [GSL]: avg_gas=0.87;  avg_windSpeed=0.55;  avg_wind_dir=0.88
[INFO] [1788868933.507008261] [GSL]: [33mGAS HIT[0m
[INFO] [1788868933.507021497] [GSL]: [DEBUG-WIND] useGroundTruth=false gmrf_req_size=626 gaden_req_size=-1
[INFO] [1788868933.507030563] [GSL]: [DEBUG-WIND] Taking GMRF path
[INFO] [1788868933.602099634] [GSL - Trace]: [32mEntering StopAndMeasure[0m
[INFO] [1788868935.505027755] [GSL]: 10 gas measurements, 10 wind measurements over 1.90 seconds
[INFO] [1788868935.505101370] [GSL]: avg_gas=0.99;  avg_windSpeed=0.65;  avg_wind_dir=0.8
[INFO] [1788868935.506055110] [GSL]: [33mGAS HIT[0m
[INFO] [1788868935.506085462] [GSL]: [DEBUG-WIND] useGroundTruth=false gmrf_req_size=626 gaden_req_size=-1
[INFO] [1788868935.506093132] [GSL]: [DEBUG-WIND] Taking GMRF path
[INFO] [1788868935.614388813] [GSL]: Max mutual info: 2.100
[INFO] [1788868935.615116698] [GSL]: MutualInformation - Ellapsed: 0.013s
[INFO] [1788868935.646508143] [GSL]: Sending goal (7.70, -0.81)
[INFO] [1788868935.648014719] [GSL]: Variance: 1.49
[INFO] [1788868935.648053494] [GSL - Trace]: [32mEntering Moving[0m
[INFO] [1788868936.158399468] [GSL - Trace]: [32mEntering StopAndMeasure[0m
[INFO] [1788868938.087910917] [GSL]: 10 gas measurements, 10 wind measurements over 1.93 seconds
[INFO] [1788868938.088113778] [GSL]: avg_gas=1;  avg_windSpeed=0.43;  avg_wind_dir=0.48
[INFO] [1788868938.088791098] [GSL]: [33mGAS HIT[0m
[INFO] [1788868938.088813995] [GSL]: [DEBUG-WIND] useGroundTruth=false gmrf_req_size=626 gaden_req_size=-1
[INFO] [1788868938.088821056] [GSL]: [DEBUG-WIND] Taking GMRF path
[INFO] [1788868938.101782527] [GSL - Trace]: [32mEntering StopAndMeasure[0m
[INFO] [1788868940.099220838] [GSL]: 10 gas measurements, 10 wind measurements over 2.00 seconds
[INFO] [1788868940.099282957] [GSL]: avg_gas=1.1;  avg_windSpeed=0.47;  avg_wind_dir=0.53
[INFO] [1788868940.100156246] [GSL]: [33mGAS HIT[0m
[INFO] [1788868940.100180099] [GSL]: [DEBUG-WIND] useGroundTruth=false gmrf_req_size=626 gaden_req_size=-1
[INFO] [1788868940.100336862] [GSL]: [DEBUG-WIND] Taking GMRF path
[INFO] [1788868940.101569112] [GSL - Trace]: [32mEntering StopAndMeasure[0m
[INFO] [1788868942.099212319] [GSL]: 10 gas measurements, 10 wind measurements over 2.00 seconds
[INFO] [1788868942.099267984] [GSL]: avg_gas=1.2;  avg_windSpeed=0.43;  avg_wind_dir=0.48
[INFO] [1788868942.099811242] [GSL]: [33mGAS HIT[0m
[INFO] [1788868942.099821034] [GSL]: [DEBUG-WIND] useGroundTruth=false gmrf_req_size=626 gaden_req_size=-1
[INFO] [1788868942.099827617] [GSL]: [DEBUG-WIND] Taking GMRF path
[INFO] [1788868942.101808691] [GSL - Trace]: [32mEntering StopAndMeasure[0m
[INFO] [1788868944.150361133] [GSL]: 10 gas measurements, 10 wind measurements over 2.05 seconds
[INFO] [1788868944.150490919] [GSL]: avg_gas=1.1;  avg_windSpeed=0.47;  avg_wind_dir=0.53
[INFO] [1788868944.151658696] [GSL]: [33mGAS HIT[0m
[INFO] [1788868944.151680461] [GSL]: [DEBUG-WIND] useGroundTruth=false gmrf_req_size=626 gaden_req_size=-1
[INFO] [1788868944.151695185] [GSL]: [DEBUG-WIND] Taking GMRF path
[INFO] [1788868944.201931291] [GSL - Trace]: [32mEntering StopAndMeasure[0m
[INFO] [1788868946.099380485] [GSL]: 10 gas measurements, 10 wind measurements over 1.90 seconds
[INFO] [1788868946.099441284] [GSL]: avg_gas=1.1;  avg_windSpeed=0.43;  avg_wind_dir=0.48
[INFO] [1788868946.099976318] [GSL]: [33mGAS HIT[0m
[INFO] [1788868946.099986285] [GSL]: [DEBUG-WIND] useGroundTruth=false gmrf_req_size=626 gaden_req_size=-1
[INFO] [1788868946.099992713] [GSL]: [DEBUG-WIND] Taking GMRF path
[INFO] [1788868946.102022125] [GSL - Trace]: [32mEntering StopAndMeasure[0m
[INFO] [1788868948.099324600] [GSL]: 10 gas measurements, 10 wind measurements over 2.00 seconds
[INFO] [1788868948.099377107] [GSL]: avg_gas=0.95;  avg_windSpeed=0.47;  avg_wind_dir=0.53
[INFO] [1788868948.099878306] [GSL]: [33mGAS HIT[0m
[INFO] [1788868948.099887465] [GSL]: [DEBUG-WIND] useGroundTruth=false gmrf_req_size=626 gaden_req_size=-1
[INFO] [1788868948.099893678] [GSL]: [DEBUG-WIND] Taking GMRF path
[INFO] [1788868948.102347817] [GSL - Trace]: [32mEntering StopAndMeasure[0m
[INFO] [1788868950.099258392] [GSL]: 10 gas measurements, 10 wind measurements over 2.00 seconds
[INFO] [1788868950.099323127] [GSL]: avg_gas=0.95;  avg_windSpeed=0.43;  avg_wind_dir=0.48
[INFO] [1788868950.099875882] [GSL]: [33mGAS HIT[0m
[INFO] [1788868950.099885931] [GSL]: [DEBUG-WIND] useGroundTruth=false gmrf_req_size=626 gaden_req_size=-1
[INFO] [1788868950.099892427] [GSL]: [DEBUG-WIND] Taking GMRF path
[INFO] [1788868950.102067235] [GSL - Trace]: [32mEntering StopAndMeasure[0m
[INFO] [1788868952.149522622] [GSL]: 10 gas measurements, 10 wind measurements over 2.05 seconds
[INFO] [1788868952.149646645] [GSL]: avg_gas=1.1;  avg_windSpeed=0.47;  avg_wind_dir=0.53
[INFO] [1788868952.150781465] [GSL]: [33mGAS HIT[0m
[INFO] [1788868952.150804401] [GSL]: [DEBUG-WIND] useGroundTruth=false gmrf_req_size=626 gaden_req_size=-1
[INFO] [1788868952.150818169] [GSL]: [DEBUG-WIND] Taking GMRF path
[INFO] [1788868952.214930374] [GSL]: Max mutual info: 2.362
[INFO] [1788868952.215479628] [GSL]: MutualInformation - Ellapsed: 0.013s
[INFO] [1788868952.248532790] [GSL]: Sending goal (8.00, 0.39)
[INFO] [1788868952.249086674] [GSL]: Variance: 1.49
[INFO] [1788868952.249110349] [GSL - Trace]: [32mEntering Moving[0m
[INFO] [1788868953.163780413] [GSL - Trace]: [32mEntering StopAndMeasure[0m
[INFO] [1788868955.142892917] [GSL]: 10 gas measurements, 10 wind measurements over 1.98 seconds
[INFO] [1788868955.142951163] [GSL]: avg_gas=0.97;  avg_windSpeed=0.34;  avg_wind_dir=1.4
[INFO] [1788868955.143714883] [GSL]: [33mGAS HIT[0m
[INFO] [1788868955.143745058] [GSL]: [DEBUG-WIND] useGroundTruth=false gmrf_req_size=626 gaden_req_size=-1
[INFO] [1788868955.143752381] [GSL]: [DEBUG-WIND] Taking GMRF path
[INFO] [1788868955.203096658] [GSL - Trace]: [32mEntering StopAndMeasure[0m
[INFO] [1788868957.150288463] [GSL]: 10 gas measurements, 10 wind measurements over 1.95 seconds
[INFO] [1788868957.150450212] [GSL]: avg_gas=1.1;  avg_windSpeed=0.32;  avg_wind_dir=1.6
[INFO] [1788868957.152315301] [GSL]: [33mGAS HIT[0m
[INFO] [1788868957.152423696] [GSL]: [DEBUG-WIND] useGroundTruth=false gmrf_req_size=626 gaden_req_size=-1
[INFO] [1788868957.152438094] [GSL]: [DEBUG-WIND] Taking GMRF path
[INFO] [1788868957.202408694] [GSL - Trace]: [32mEntering StopAndMeasure[0m
[INFO] [1788868959.100130676] [GSL]: 10 gas measurements, 10 wind measurements over 1.90 seconds
[INFO] [1788868959.100189443] [GSL]: avg_gas=1.2;  avg_windSpeed=0.34;  avg_wind_dir=1.4
[INFO] [1788868959.100729489] [GSL]: [33mGAS HIT[0m
[INFO] [1788868959.100740413] [GSL]: [DEBUG-WIND] useGroundTruth=false gmrf_req_size=626 gaden_req_size=-1
[INFO] [1788868959.100746869] [GSL]: [DEBUG-WIND] Taking GMRF path
[INFO] [1788868959.101795492] [GSL - Trace]: [32mEntering StopAndMeasure[0m
[INFO] [1788868961.100227849] [GSL]: 10 gas measurements, 10 wind measurements over 2.00 seconds
[INFO] [1788868961.100296562] [GSL]: avg_gas=1.3;  avg_windSpeed=0.32;  avg_wind_dir=1.6
[INFO] [1788868961.100830914] [GSL]: [33mGAS HIT[0m
[INFO] [1788868961.101005557] [GSL]: [DEBUG-WIND] useGroundTruth=false gmrf_req_size=626 gaden_req_size=-1
[INFO] [1788868961.101025997] [GSL]: [DEBUG-WIND] Taking GMRF path
[INFO] [1788868961.101753904] [GSL - Trace]: [32mEntering StopAndMeasure[0m
[INFO] [1788868963.100125788] [GSL]: 10 gas measurements, 10 wind measurements over 2.00 seconds
[INFO] [1788868963.100184618] [GSL]: avg_gas=1.2;  avg_windSpeed=0.34;  avg_wind_dir=1.4
[INFO] [1788868963.100689393] [GSL]: [33mGAS HIT[0m
[INFO] [1788868963.100698402] [GSL]: [DEBUG-WIND] useGroundTruth=false gmrf_req_size=626 gaden_req_size=-1
[INFO] [1788868963.100704707] [GSL]: [DEBUG-WIND] Taking GMRF path
[INFO] [1788868963.101550053] [GSL - Trace]: [32mEntering StopAndMeasure[0m
[INFO] [1788868965.100133823] [GSL]: 10 gas measurements, 10 wind measurements over 2.00 seconds
[INFO] [1788868965.100209012] [GSL]: avg_gas=1.3;  avg_windSpeed=0.32;  avg_wind_dir=1.6
[INFO] [1788868965.100709608] [GSL]: [33mGAS HIT[0m
[INFO] [1788868965.100883857] [GSL]: [DEBUG-WIND] useGroundTruth=false gmrf_req_size=626 gaden_req_size=-1
[INFO] [1788868965.100893419] [GSL]: [DEBUG-WIND] Taking GMRF path
[INFO] [1788868965.101468294] [GSL - Trace]: [32mEntering StopAndMeasure[0m
[INFO] [1788868967.100222228] [GSL]: 10 gas measurements, 10 wind measurements over 2.00 seconds
[INFO] [1788868967.100280727] [GSL]: avg_gas=1.4;  avg_windSpeed=0.34;  avg_wind_dir=1.4
[INFO] [1788868967.100767562] [GSL]: [33mGAS HIT[0m
[INFO] [1788868967.100810890] [GSL]: [DEBUG-WIND] useGroundTruth=false gmrf_req_size=626 gaden_req_size=-1
[INFO] [1788868967.100818546] [GSL]: [DEBUG-WIND] Taking GMRF path
[INFO] [1788868967.101664993] [GSL - Trace]: [32mEntering StopAndMeasure[0m
[INFO] [1788868969.100247674] [GSL]: 10 gas measurements, 10 wind measurements over 2.00 seconds
[INFO] [1788868969.100307165] [GSL]: avg_gas=1.3;  avg_windSpeed=0.32;  avg_wind_dir=1.6
[INFO] [1788868969.100863295] [GSL]: [33mGAS HIT[0m
[INFO] [1788868969.100874439] [GSL]: [DEBUG-WIND] useGroundTruth=false gmrf_req_size=626 gaden_req_size=-1
[INFO] [1788868969.101191157] [GSL]: [DEBUG-WIND] Taking GMRF path
[INFO] [1788868969.201775000] [GSL]: [33mStarted simulations. Might take a while![0m
[INFO] [1788868969.345451492] [GSL]: CER contrastive context initialized: events=80, members=85, fixed_ratio_weight=1
[INFO] [1788868969.348900838] [GSL - Trace]: [32mFirst simulation level done[0m
[INFO] [1788868969.349103900] [GSL]: [RC2-DIAG] scores_size=85 refineFraction=0.25 refine_product=21.25 valid_first_level=85 sum_sourceProbInternal_before_norm=9.802939776366685e-11 min_sourceProbInternal_before_norm=0 max_sourceProbInternal_before_norm=2.998554095175952e-12 finite_sourceProbInternal=1242 finite_varianceOfHitProb=1242
[INFO] [1788868969.480854733] [GSL - Trace]: [32mSimulation level 2 done[0m
[INFO] [1788868969.546121551] [GSL - Trace]: [32mSimulation level 3 done[0m
[INFO] [1788868969.566645993] [GSL - Trace]: [32mSimulation level 4 done[0m
[INFO] [1788868969.567459377] [GSL - Trace]: [32mSimulation level 5 done[0m
[INFO] [1788868969.568137447] [GSL]: Number of levels in the simulation: 5
[INFO] [1788868969.568160351] [GSL]: Total number of simulations: 205
[INFO] [1788868969.568183557] [GSL]: [RC2-DIAG] normalized_finite_count=1242 normalized_sum=1
[INFO] [1788868969.568191241] [GSL]: Time ellapsed in simulation = 0.366347717 s
[INFO] [1788868969.572316709] [GSL]: Max mutual info: 2.357
[INFO] [1788868969.572467158] [GSL]: MutualInformation - Ellapsed: 0.004s
[INFO] [1788868969.598927879] [GSL]: Sending goal (6.20, 0.69)
[INFO] [1788868969.599900671] [GSL]: Variance: 0.76
[INFO] [1788868969.599926145] [GSL - Trace]: [32mEntering Moving[0m
[INFO] [1788868970.923462418] [GSL - Trace]: [32mEntering StopAndMeasure[0m
[INFO] [1788868972.901370919] [GSL]: 10 gas measurements, 10 wind measurements over 1.98 seconds
[INFO] [1788868972.901556648] [GSL]: avg_gas=1.9;  avg_windSpeed=0.06;  avg_wind_dir=2.9
[INFO] [1788868972.902880835] [GSL]: [33mGAS HIT[0m
[INFO] [1788868972.902930672] [GSL]: [DEBUG-WIND] useGroundTruth=false gmrf_req_size=626 gaden_req_size=-1
[INFO] [1788868972.903518411] [GSL]: [DEBUG-WIND] Taking GMRF path
[INFO] [1788868973.001793239] [GSL - Trace]: [32mEntering StopAndMeasure[0m
[INFO] [1788868974.879370161] [GSL]: 10 gas measurements, 10 wind measurements over 1.88 seconds
[INFO] [1788868974.879453895] [GSL]: avg_gas=1.9;  avg_windSpeed=0.036;  avg_wind_dir=2.3
[INFO] [1788868974.880203608] [GSL]: [33mGAS HIT[0m
[INFO] [1788868974.880227090] [GSL]: [DEBUG-WIND] useGroundTruth=false gmrf_req_size=626 gaden_req_size=-1
[INFO] [1788868974.880234175] [GSL]: [DEBUG-WIND] Taking GMRF path
[INFO] [1788868974.901809305] [GSL - Trace]: [32mEntering StopAndMeasure[0m
[INFO] [1788868976.903217387] [GSL]: 10 gas measurements, 10 wind measurements over 2.00 seconds
[INFO] [1788868976.903285857] [GSL]: avg_gas=2;  avg_windSpeed=0.06;  avg_wind_dir=2.9
[INFO] [1788868976.903817574] [GSL]: [33mGAS HIT[0m
[INFO] [1788868976.903828332] [GSL]: [DEBUG-WIND] useGroundTruth=false gmrf_req_size=626 gaden_req_size=-1
[INFO] [1788868976.904185813] [GSL]: [DEBUG-WIND] Taking GMRF path
[INFO] [1788868977.003481082] [GSL - Trace]: [32mEntering StopAndMeasure[0m
[INFO] [1788868978.905790533] [GSL]: 10 gas measurements, 10 wind measurements over 1.90 seconds
[INFO] [1788868978.905885142] [GSL]: avg_gas=2;  avg_windSpeed=0.036;  avg_wind_dir=2.3
[INFO] [1788868978.906692462] [GSL]: [33mGAS HIT[0m
[INFO] [1788868978.906717983] [GSL]: [DEBUG-WIND] useGroundTruth=false gmrf_req_size=626 gaden_req_size=-1
[INFO] [1788868978.906728766] [GSL]: [DEBUG-WIND] Taking GMRF path
[INFO] [1788868979.003840225] [GSL - Trace]: [32mEntering StopAndMeasure[0m
[INFO] [1788868980.902226696] [GSL]: 10 gas measurements, 10 wind measurements over 1.90 seconds
[INFO] [1788868980.902289092] [GSL]: avg_gas=1.9;  avg_windSpeed=0.06;  avg_wind_dir=2.9
[INFO] [1788868980.902795771] [GSL]: [33mGAS HIT[0m
[INFO] [1788868980.902806294] [GSL]: [DEBUG-WIND] useGroundTruth=false gmrf_req_size=626 gaden_req_size=-1
[INFO] [1788868980.903323267] [GSL]: [DEBUG-WIND] Taking GMRF path
[INFO] [1788868981.002299803] [GSL - Trace]: [32mEntering StopAndMeasure[0m
[INFO] [1788868982.906467680] [GSL]: 10 gas measurements, 10 wind measurements over 1.90 seconds
[INFO] [1788868982.906566983] [GSL]: avg_gas=1.8;  avg_windSpeed=0.036;  avg_wind_dir=2.3
[INFO] [1788868982.907588525] [GSL]: [33mGAS HIT[0m
[INFO] [1788868982.907608130] [GSL]: [DEBUG-WIND] useGroundTruth=false gmrf_req_size=626 gaden_req_size=-1
[INFO] [1788868982.907620521] [GSL]: [DEBUG-WIND] Taking GMRF path
[INFO] [1788868983.002550634] [GSL - Trace]: [32mEntering StopAndMeasure[0m
[INFO] [1788868984.906306310] [GSL]: 10 gas measurements, 10 wind measurements over 1.90 seconds
[INFO] [1788868984.906583523] [GSL]: avg_gas=1.3;  avg_windSpeed=0.095;  avg_wind_dir=2.7
[INFO] [1788868984.907878881] [GSL]: [33mGAS HIT[0m
[INFO] [1788868984.907921100] [GSL]: [DEBUG-WIND] useGroundTruth=false gmrf_req_size=626 gaden_req_size=-1
[INFO] [1788868984.907933755] [GSL]: [DEBUG-WIND] Taking GMRF path
[INFO] [1788868985.002474182] [GSL - Trace]: [32mEntering StopAndMeasure[0m
[INFO] [1788868986.905900008] [GSL]: 10 gas measurements, 10 wind measurements over 1.90 seconds
[INFO] [1788868986.905963939] [GSL]: avg_gas=0.31;  avg_windSpeed=0.035;  avg_wind_dir=2.3
[INFO] [1788868986.906457694] [GSL]: [33mGAS HIT[0m
[INFO] [1788868986.906467027] [GSL]: [DEBUG-WIND] useGroundTruth=false gmrf_req_size=626 gaden_req_size=-1
[INFO] [1788868986.906473468] [GSL]: [DEBUG-WIND] Taking GMRF path
[INFO] [1788868987.019723822] [GSL]: Max mutual info: 2.357
[INFO] [1788868987.020023321] [GSL]: MutualInformation - Ellapsed: 0.018s
[INFO] [1788868987.057777105] [GSL]: Sending goal (5.60, 0.39)
[INFO] [1788868987.058262235] [GSL]: Variance: 0.76
[INFO] [1788868987.058286659] [GSL - Trace]: [32mEntering Moving[0m
[INFO] [1788868987.720325083] [GSL - Trace]: [32mEntering StopAndMeasure[0m
[INFO] [1788868989.702418415] [GSL]: 10 gas measurements, 10 wind measurements over 1.98 seconds
[INFO] [1788868989.702492925] [GSL]: avg_gas=0.03;  avg_windSpeed=0.073;  avg_wind_dir=-1.2
[INFO] [1788868989.704126964] [GSL]: [33mNOTHING [0m
[INFO] [1788868989.704159335] [GSL]: [DEBUG-WIND] useGroundTruth=false gmrf_req_size=626 gaden_req_size=-1
[INFO] [1788868989.704171994] [GSL]: [DEBUG-WIND] Taking GMRF path
[INFO] [1788868989.802207682] [GSL - Trace]: [32mEntering StopAndMeasure[0m
[INFO] [1788868991.709581133] [GSL]: 10 gas measurements, 10 wind measurements over 1.91 seconds
[INFO] [1788868991.709765484] [GSL]: avg_gas=0.0056;  avg_windSpeed=0.056;  avg_wind_dir=-0.16
[INFO] [1788868991.711039355] [GSL]: [33mNOTHING [0m
[INFO] [1788868991.711101647] [GSL]: [DEBUG-WIND] useGroundTruth=false gmrf_req_size=626 gaden_req_size=-1
[INFO] [1788868991.711116858] [GSL]: [DEBUG-WIND] Taking GMRF path
[INFO] [1788868991.802617630] [GSL - Trace]: [32mEntering StopAndMeasure[0m
[INFO] [1788868993.709459324] [GSL]: 10 gas measurements, 10 wind measurements over 1.91 seconds
[INFO] [1788868993.709522188] [GSL]: avg_gas=0.0011;  avg_windSpeed=0.072;  avg_wind_dir=-1.2
[INFO] [1788868993.710349993] [GSL]: [33mNOTHING [0m
[INFO] [1788868993.710370319] [GSL]: [DEBUG-WIND] useGroundTruth=false gmrf_req_size=626 gaden_req_size=-1
[INFO] [1788868993.710377283] [GSL]: [DEBUG-WIND] Taking GMRF path
[INFO] [1788868993.802349895] [GSL - Trace]: [32mEntering StopAndMeasure[0m
[INFO] [1788868995.709536910] [GSL]: 10 gas measurements, 10 wind measurements over 1.91 seconds
[INFO] [1788868995.709642450] [GSL]: avg_gas=0.0002;  avg_windSpeed=0.056;  avg_wind_dir=-0.16
[INFO] [1788868995.710497007] [GSL]: [33mNOTHING [0m
[INFO] [1788868995.710514288] [GSL]: [DEBUG-WIND] useGroundTruth=false gmrf_req_size=626 gaden_req_size=-1
[INFO] [1788868995.710525903] [GSL]: [DEBUG-WIND] Taking GMRF path
[INFO] [1788868995.802506929] [GSL - Trace]: [32mEntering StopAndMeasure[0m
[INFO] [1788868997.709499604] [GSL]: 10 gas measurements, 10 wind measurements over 1.91 seconds
[INFO] [1788868997.709592099] [GSL]: avg_gas=3.8e-05;  avg_windSpeed=0.072;  avg_wind_dir=-1.2
[INFO] [1788868997.711247172] [GSL]: [33mNOTHING [0m
[INFO] [1788868997.711289124] [GSL]: [DEBUG-WIND] useGroundTruth=false gmrf_req_size=626 gaden_req_size=-1
[INFO] [1788868997.711301601] [GSL]: [DEBUG-WIND] Taking GMRF path
[INFO] [1788868997.802159272] [GSL - Trace]: [32mEntering StopAndMeasure[0m
[INFO] [1788868999.709400640] [GSL]: 10 gas measurements, 10 wind measurements over 1.91 seconds
[INFO] [1788868999.709440244] [GSL]: avg_gas=7.2e-06;  avg_windSpeed=0.056;  avg_wind_dir=-0.16
[INFO] [1788868999.710025060] [GSL]: [33mNOTHING [0m
[INFO] [1788868999.710036508] [GSL]: [DEBUG-WIND] useGroundTruth=false gmrf_req_size=626 gaden_req_size=-1
[INFO] [1788868999.710042984] [GSL]: [DEBUG-WIND] Taking GMRF path
[INFO] [1788868999.801657641] [GSL - Trace]: [32mEntering StopAndMeasure[0m
[INFO] [1788869001.709995215] [GSL]: 10 gas measurements, 10 wind measurements over 1.91 seconds
[INFO] [1788869001.710211876] [GSL]: avg_gas=1.4e-06;  avg_windSpeed=0.072;  avg_wind_dir=-1.2
[INFO] [1788869001.711814942] [GSL]: [33mNOTHING [0m
[INFO] [1788869001.711856069] [GSL]: [DEBUG-WIND] useGroundTruth=false gmrf_req_size=626 gaden_req_size=-1
[INFO] [1788869001.711868918] [GSL]: [DEBUG-WIND] Taking GMRF path
[INFO] [1788869001.801971067] [GSL - Trace]: [32mEntering StopAndMeasure[0m
[INFO] [1788869003.709565829] [GSL]: 10 gas measurements, 10 wind measurements over 1.91 seconds
[INFO] [1788869003.709604393] [GSL]: avg_gas=2.6e-07;  avg_windSpeed=0.056;  avg_wind_dir=-0.16
[INFO] [1788869003.710206203] [GSL]: [33mNOTHING [0m
[INFO] [1788869003.710221543] [GSL]: [DEBUG-WIND] useGroundTruth=false gmrf_req_size=626 gaden_req_size=-1
[INFO] [1788869003.710228349] [GSL]: [DEBUG-WIND] Taking GMRF path
[INFO] [1788869003.823398910] [GSL]: Max mutual info: 2.336
[INFO] [1788869003.823543404] [GSL]: MutualInformation - Ellapsed: 0.020s
[INFO] [1788869003.862649399] [GSL]: Sending goal (5.30, -0.21)
[INFO] [1788869003.863745148] [GSL]: Variance: 0.76
[INFO] [1788869003.863769343] [GSL - Trace]: [32mEntering Moving[0m
[INFO] [1788869004.524843985] [GSL - Trace]: [32mEntering StopAndMeasure[0m
[INFO] [1788869006.503547741] [GSL]: 10 gas measurements, 10 wind measurements over 1.98 seconds
[INFO] [1788869006.503611574] [GSL]: avg_gas=2.5e-08;  avg_windSpeed=0.15;  avg_wind_dir=-1.1
[INFO] [1788869006.504283626] [GSL]: [33mNOTHING [0m
[INFO] [1788869006.504298909] [GSL]: [DEBUG-WIND] useGroundTruth=false gmrf_req_size=626 gaden_req_size=-1
[INFO] [1788869006.504307569] [GSL]: [DEBUG-WIND] Taking GMRF path
[INFO] [1788869006.602226099] [GSL - Trace]: [32mEntering StopAndMeasure[0m
[INFO] [1788869008.467095032] [GSL]: 10 gas measurements, 10 wind measurements over 1.86 seconds
[INFO] [1788869008.467152266] [GSL]: avg_gas=4.7e-09;  avg_windSpeed=0.15;  avg_wind_dir=-1.1
[INFO] [1788869008.467627281] [GSL]: [33mNOTHING [0m
[INFO] [1788869008.467637026] [GSL]: [DEBUG-WIND] useGroundTruth=false gmrf_req_size=626 gaden_req_size=-1
[INFO] [1788869008.467643570] [GSL]: [DEBUG-WIND] Taking GMRF path
[INFO] [1788869008.502478517] [GSL - Trace]: [32mEntering StopAndMeasure[0m
[INFO] [1788869010.516439941] [GSL]: 10 gas measurements, 10 wind measurements over 2.01 seconds
[INFO] [1788869010.516499079] [GSL]: avg_gas=0.00055;  avg_windSpeed=0.15;  avg_wind_dir=-1.1
[INFO] [1788869010.517033506] [GSL]: [33mNOTHING [0m
[INFO] [1788869010.517044154] [GSL]: [DEBUG-WIND] useGroundTruth=false gmrf_req_size=626 gaden_req_size=-1
[INFO] [1788869010.517050960] [GSL]: [DEBUG-WIND] Taking GMRF path
[INFO] [1788869010.603747300] [GSL - Trace]: [32mEntering StopAndMeasure[0m
[INFO] [1788869012.516522104] [GSL]: 10 gas measurements, 10 wind measurements over 1.91 seconds
[INFO] [1788869012.516585889] [GSL]: avg_gas=0.041;  avg_windSpeed=0.15;  avg_wind_dir=-1.1
[INFO] [1788869012.517413834] [GSL]: [33mNOTHING [0m
[INFO] [1788869012.517430277] [GSL]: [DEBUG-WIND] useGroundTruth=false gmrf_req_size=626 gaden_req_size=-1
[INFO] [1788869012.517440509] [GSL]: [DEBUG-WIND] Taking GMRF path
[INFO] [1788869012.603328172] [GSL - Trace]: [32mEntering StopAndMeasure[0m
[INFO] [1788869014.516406076] [GSL]: 10 gas measurements, 10 wind measurements over 1.91 seconds
[INFO] [1788869014.516462954] [GSL]: avg_gas=0.12;  avg_windSpeed=0.15;  avg_wind_dir=-1.2
[INFO] [1788869014.517183136] [GSL]: [33mGAS HIT[0m
[INFO] [1788869014.517194531] [GSL]: [DEBUG-WIND] useGroundTruth=false gmrf_req_size=626 gaden_req_size=-1
[INFO] [1788869014.517201247] [GSL]: [DEBUG-WIND] Taking GMRF path
[INFO] [1788869014.602192869] [GSL - Trace]: [32mEntering StopAndMeasure[0m
[INFO] [1788869016.516433029] [GSL]: 10 gas measurements, 10 wind measurements over 1.91 seconds
[INFO] [1788869016.516487781] [GSL]: avg_gas=0.046;  avg_windSpeed=0.16;  avg_wind_dir=-1.1
[INFO] [1788869016.517406897] [GSL]: [33mNOTHING [0m
[INFO] [1788869016.517424668] [GSL]: [DEBUG-WIND] useGroundTruth=false gmrf_req_size=626 gaden_req_size=-1
[INFO] [1788869016.517436054] [GSL]: [DEBUG-WIND] Taking GMRF path
[INFO] [1788869016.602118833] [GSL - Trace]: [32mEntering StopAndMeasure[0m
[INFO] [1788869018.466165911] [GSL]: 10 gas measurements, 10 wind measurements over 1.86 seconds
[INFO] [1788869018.466218921] [GSL]: avg_gas=0.071;  avg_windSpeed=0.15;  avg_wind_dir=-1.1
[INFO] [1788869018.466673809] [GSL]: [33mNOTHING [0m
[INFO] [1788869018.466729751] [GSL]: [DEBUG-WIND] useGroundTruth=false gmrf_req_size=626 gaden_req_size=-1
[INFO] [1788869018.466736752] [GSL]: [DEBUG-WIND] Taking GMRF path
[INFO] [1788869018.502533977] [GSL - Trace]: [32mEntering StopAndMeasure[0m
[INFO] [1788869020.516317385] [GSL]: 10 gas measurements, 10 wind measurements over 2.01 seconds
[INFO] [1788869020.516391518] [GSL]: avg_gas=0.14;  avg_windSpeed=0.15;  avg_wind_dir=-1.1
[INFO] [1788869020.517037380] [GSL]: [33mGAS HIT[0m
[INFO] [1788869020.517050328] [GSL]: [DEBUG-WIND] useGroundTruth=false gmrf_req_size=626 gaden_req_size=-1
[INFO] [1788869020.517058348] [GSL]: [DEBUG-WIND] Taking GMRF path
[INFO] [1788869020.601756308] [GSL]: [33mStarted simulations. Might take a while![0m
[INFO] [1788869020.734846096] [GSL]: CER contrastive context initialized: events=104, members=85, fixed_ratio_weight=1
[INFO] [1788869020.739868040] [GSL - Trace]: [32mFirst simulation level done[0m
[INFO] [1788869020.739913552] [GSL]: [RC2-DIAG] scores_size=85 refineFraction=0.25 refine_product=21.25 valid_first_level=85 sum_sourceProbInternal_before_norm=5.989962561791776e-16 min_sourceProbInternal_before_norm=0 max_sourceProbInternal_before_norm=5.101568691033423e-17 finite_sourceProbInternal=1242 finite_varianceOfHitProb=1242
[INFO] [1788869020.867749147] [GSL - Trace]: [32mSimulation level 2 done[0m
[INFO] [1788869020.937305721] [GSL - Trace]: [32mSimulation level 3 done[0m
[INFO] [1788869020.958008384] [GSL - Trace]: [32mSimulation level 4 done[0m
[INFO] [1788869020.958663722] [GSL - Trace]: [32mSimulation level 5 done[0m
[INFO] [1788869020.958869502] [GSL]: Number of levels in the simulation: 5
[INFO] [1788869020.958881049] [GSL]: Total number of simulations: 205
[INFO] [1788869020.959436207] [GSL]: [RC2-DIAG] normalized_finite_count=1242 normalized_sum=1
[INFO] [1788869020.959993526] [GSL]: Time ellapsed in simulation = 0.35818202600000004 s
[INFO] [1788869020.964841181] [GSL]: Max mutual info: 1.697
[INFO] [1788869020.965080304] [GSL]: MutualInformation - Ellapsed: 0.005s
[INFO] [1788869020.993199773] [GSL]: Sending goal (8.90, 1.29)
[INFO] [1788869020.993876294] [GSL]: Variance: 0.27
[INFO] [1788869020.993903362] [GSL - Trace]: [32mEntering Moving[0m
[INFO] [1788869023.935778026] [GSL - Trace]: [32mEntering StopAndMeasure[0m
[INFO] [1788869025.894874938] [GSL]: 10 gas measurements, 10 wind measurements over 1.96 seconds
[INFO] [1788869025.894929170] [GSL]: avg_gas=0.28;  avg_windSpeed=0.96;  avg_wind_dir=1.2
[INFO] [1788869025.895446181] [GSL]: [33mGAS HIT[0m
[INFO] [1788869025.895455068] [GSL]: [DEBUG-WIND] useGroundTruth=false gmrf_req_size=626 gaden_req_size=-1
[INFO] [1788869025.895461583] [GSL]: [DEBUG-WIND] Taking GMRF path
[INFO] [1788869025.901763835] [GSL - Trace]: [32mEntering StopAndMeasure[0m
[INFO] [1788869027.895019963] [GSL]: 10 gas measurements, 10 wind measurements over 1.99 seconds
[INFO] [1788869027.895095845] [GSL]: avg_gas=0.56;  avg_windSpeed=0.83;  avg_wind_dir=1.4
[INFO] [1788869027.896161625] [GSL]: [33mGAS HIT[0m
[INFO] [1788869027.896178432] [GSL]: [DEBUG-WIND] useGroundTruth=false gmrf_req_size=626 gaden_req_size=-1
[INFO] [1788869027.896188014] [GSL]: [DEBUG-WIND] Taking GMRF path
[INFO] [1788869027.901605913] [GSL - Trace]: [32mEntering StopAndMeasure[0m
[INFO] [1788869029.894893621] [GSL]: 10 gas measurements, 10 wind measurements over 1.99 seconds
[INFO] [1788869029.894948839] [GSL]: avg_gas=0.43;  avg_windSpeed=0.96;  avg_wind_dir=1.2
[INFO] [1788869029.895434242] [GSL]: [33mGAS HIT[0m
[INFO] [1788869029.895443218] [GSL]: [DEBUG-WIND] useGroundTruth=false gmrf_req_size=626 gaden_req_size=-1
[INFO] [1788869029.895449548] [GSL]: [DEBUG-WIND] Taking GMRF path
[INFO] [1788869029.901847816] [GSL - Trace]: [32mEntering StopAndMeasure[0m
[INFO] [1788869031.894914683] [GSL]: 10 gas measurements, 10 wind measurements over 1.99 seconds
[INFO] [1788869031.895317066] [GSL]: avg_gas=0.51;  avg_windSpeed=0.83;  avg_wind_dir=1.4
[INFO] [1788869031.896009080] [GSL]: [33mGAS HIT[0m
[INFO] [1788869031.896021941] [GSL]: [DEBUG-WIND] useGroundTruth=false gmrf_req_size=626 gaden_req_size=-1
[INFO] [1788869031.896029550] [GSL]: [DEBUG-WIND] Taking GMRF path
[INFO] [1788869031.901674843] [GSL - Trace]: [32mEntering StopAndMeasure[0m
[INFO] [1788869033.894960773] [GSL]: 10 gas measurements, 10 wind measurements over 1.99 seconds
[INFO] [1788869033.895034496] [GSL]: avg_gas=0.87;  avg_windSpeed=0.95;  avg_wind_dir=1.2
[INFO] [1788869033.895844480] [GSL]: [33mGAS HIT[0m
[INFO] [1788869033.895881524] [GSL]: [DEBUG-WIND] useGroundTruth=false gmrf_req_size=626 gaden_req_size=-1
[INFO] [1788869033.895890268] [GSL]: [DEBUG-WIND] Taking GMRF path
[INFO] [1788869033.901635579] [GSL - Trace]: [32mEntering StopAndMeasure[0m
[INFO] [1788869035.895020974] [GSL]: 10 gas measurements, 10 wind measurements over 1.99 seconds
[INFO] [1788869035.895883377] [GSL]: avg_gas=0.82;  avg_windSpeed=0.84;  avg_wind_dir=1.4
[INFO] [1788869035.896931898] [GSL]: [33mGAS HIT[0m
[INFO] [1788869035.896954741] [GSL]: [DEBUG-WIND] useGroundTruth=false gmrf_req_size=626 gaden_req_size=-1
[INFO] [1788869035.896965873] [GSL]: [DEBUG-WIND] Taking GMRF path
[INFO] [1788869035.901919617] [GSL - Trace]: [32mEntering StopAndMeasure[0m
[INFO] [1788869037.044807363] [GSL]: Could not find the source. Sorry!
[INFO] [1788869038.066573937] [GSL]: [34mDONE, CLOSING[0m
