shapes (3, 6, 4, 10, 30) (3, 6, 12, 10, 30)
FIXED SLOPE ONLY (not a result):
         rank      top1     delta
env                              
0    1.333333  0.666667  0.205836
1    1.708333  0.541667  2.186209
2    1.500000  0.500000 -0.150187
PAIR GEOMETRY
 env  pair    field  rho_all  rho_positive  relative_affine_residual
   0     0       mu  0.39236       0.99725                   0.91981
   0     0        u  0.98462       0.98347                   0.17469
   0     0 U_static  0.96047       0.88437                   0.27838
   0     1       mu  0.99999       0.99961                   0.00536
   0     1        u  0.99908       0.99607                   0.04293
   0     1 U_static  0.99831       0.97496                   0.05809
   0     2       mu  1.00000       0.99970                   0.00263
   0     2        u  0.99998       0.99983                   0.00551
   0     2 U_static  0.99804       0.99655                   0.06255
   1     0       mu  0.99936       0.98323                   0.03589
   1     0        u  0.99838       0.99607                   0.05684
   1     0 U_static  0.99756       0.95625                   0.06985
   1     1       mu  0.53797       0.99831                   0.84297
   1     1        u  0.96376       0.97443                   0.26676
   1     1 U_static  0.87152       0.99508                   0.49036
   1     2       mu  0.84006       0.98885                   0.54249
   1     2        u  0.96066       0.97530                   0.27774
   1     2 U_static  0.89229       0.95327                   0.45147
   2     0       mu  0.98147       0.98147                   0.19159
   2     0        u  0.93756       0.93756                   0.34782
   2     0 U_static  0.89358       0.94153                   0.44889
   2     1       mu  0.99765       0.99765                   0.06857
   2     1        u  0.92459       0.92459                   0.38097
   2     1 U_static  0.85139       0.86006                   0.52453
   2     2       mu  0.93627       0.99565                   0.35127
   2     2        u  0.99693       0.98888                   0.07827
   2     2 U_static  0.99982       0.99582                   0.01910
