[INFO] [1788859505.201653034] [vgr_uav_sim]: Loading VGR data from /mnt/hgfs/workspace/GADEN_files/scenarios/House01, config=2,4-1_fast
[INFO] [1788859505.258980976] [vgr_uav_sim]: Occupancy: 87x114 slice z_idx=13 (z=0.3m), free=6866, obstacle=3052, input_sha256=846003ffbbc8e99aa322cf189356399412763710e937bb5e5316186afccf17cb
[INFO] [1788859505.526585494] [vgr_uav_sim]: Gas backend=raw_house1_snapshot exec=/home/zyc/CSTAR_CONTROLLED_ASSETS_20260907/tools/cstar_numeric_wind_raw_query env_root=/mnt/hgfs/workspace/GADEN_files/scenarios/House01 gas_results=/mnt/hgfs/workspace/GADEN_files/scenarios/House01/gas_simulations/2,4-1_fast/FilamentSimulation_gasType_10_sourcePosition_-0.40_-2.90_-0.30 max_iteration=1999
[INFO] [1788859505.529255851] [vgr_uav_sim]: Navigation grid: coarse 29x38 cell=0.3000 free=626 obstacle=476 (reduce_scale=3)
[INFO] [1788859505.560212857] [vgr_uav_sim]: UAV Sim v3 ready. Start=(-3.17,-1.75), sim_dt=0.200s, realtime_factor=1.00, sensor=asymmetric, vertical_motion=False, open_loop_profile=hover
[WARN] [1788859532.921030628] [vgr_uav_sim]: PLAN_CB: called with goal=(-4.10,-1.13)
[WARN] [1788859532.922483216] [vgr_uav_sim]: PLAN_CB: returning 5 poses
[WARN] [1788859532.932079093] [vgr_uav_sim]: PLAN_CB: called with goal=(-4.10,-1.13)
[WARN] [1788859532.933577014] [vgr_uav_sim]: PLAN_CB: returning 5 poses
[INFO] [1788859532.944693965] [vgr_uav_sim]: Prepared 5 collision-free navigation waypoints to (-4.10, -1.13)
[INFO] [1788859532.945715092] [vgr_uav_sim]: UAV navigating in audited 2-D mode to (-4.10, -1.13, 0.30)
[WARN] [1788859549.695683056] [vgr_uav_sim]: PLAN_CB: called with goal=(-5.00,-0.83)
[WARN] [1788859549.699858293] [vgr_uav_sim]: PLAN_CB: returning 5 poses
[WARN] [1788859549.708204186] [vgr_uav_sim]: PLAN_CB: called with goal=(-5.00,-0.83)
[WARN] [1788859549.709241495] [vgr_uav_sim]: PLAN_CB: returning 5 poses
[INFO] [1788859549.720838683] [vgr_uav_sim]: Prepared 5 collision-free navigation waypoints to (-5.00, -0.83)
[INFO] [1788859549.721848885] [vgr_uav_sim]: UAV navigating in audited 2-D mode to (-5.00, -0.83, 0.30)
[WARN] [1788859566.501863680] [vgr_uav_sim]: PLAN_CB: called with goal=(-5.90,-0.83)
[WARN] [1788859566.502912504] [vgr_uav_sim]: PLAN_CB: returning 5 poses
[WARN] [1788859566.513939249] [vgr_uav_sim]: PLAN_CB: called with goal=(-5.90,-0.83)
[WARN] [1788859566.515177501] [vgr_uav_sim]: PLAN_CB: returning 5 poses
[INFO] [1788859566.527448031] [vgr_uav_sim]: Prepared 5 collision-free navigation waypoints to (-5.90, -0.83)
[INFO] [1788859566.528410141] [vgr_uav_sim]: UAV navigating in audited 2-D mode to (-5.90, -0.83, 0.30)
[WARN] [1788859584.093751068] [vgr_uav_sim]: PLAN_CB: called with goal=(-6.20,2.17)
[WARN] [1788859584.101268452] [vgr_uav_sim]: PLAN_CB: returning 12 poses
[WARN] [1788859584.110351514] [vgr_uav_sim]: PLAN_CB: called with goal=(-6.20,2.17)
[WARN] [1788859584.112766822] [vgr_uav_sim]: PLAN_CB: returning 12 poses
[INFO] [1788859584.123562299] [vgr_uav_sim]: Prepared 12 collision-free navigation waypoints to (-6.20, 2.17)
[INFO] [1788859584.124602801] [vgr_uav_sim]: UAV navigating in audited 2-D mode to (-6.20, 2.17, 0.30)
[WARN] [1788859602.302269317] [vgr_uav_sim]: PLAN_CB: called with goal=(-6.20,2.77)
[WARN] [1788859602.308285696] [vgr_uav_sim]: PLAN_CB: returning 4 poses
[WARN] [1788859602.320243427] [vgr_uav_sim]: PLAN_CB: called with goal=(-6.20,2.77)
[WARN] [1788859602.321307375] [vgr_uav_sim]: PLAN_CB: returning 4 poses
[INFO] [1788859602.331983158] [vgr_uav_sim]: Prepared 4 collision-free navigation waypoints to (-6.20, 2.77)
[INFO] [1788859602.332984562] [vgr_uav_sim]: UAV navigating in audited 2-D mode to (-6.20, 2.77, 0.30)
[WARN] [1788859618.805157244] [vgr_uav_sim]: PLAN_CB: called with goal=(-6.20,1.57)
[WARN] [1788859618.806281552] [vgr_uav_sim]: PLAN_CB: returning 6 poses
[WARN] [1788859618.818801318] [vgr_uav_sim]: PLAN_CB: called with goal=(-6.20,1.57)
[WARN] [1788859618.819942272] [vgr_uav_sim]: PLAN_CB: returning 6 poses
[INFO] [1788859618.835834344] [vgr_uav_sim]: Prepared 6 collision-free navigation waypoints to (-6.20, 1.57)
[INFO] [1788859618.836821876] [vgr_uav_sim]: UAV navigating in audited 2-D mode to (-6.20, 1.57, 0.30)
[WARN] [1788859636.751940320] [vgr_uav_sim]: PLAN_CB: called with goal=(-5.60,0.07)
[WARN] [1788859636.756879439] [vgr_uav_sim]: PLAN_CB: returning 8 poses
[WARN] [1788859636.771039930] [vgr_uav_sim]: PLAN_CB: called with goal=(-5.60,0.07)
[WARN] [1788859636.772640827] [vgr_uav_sim]: PLAN_CB: returning 8 poses
[INFO] [1788859636.783804088] [vgr_uav_sim]: Prepared 8 collision-free navigation waypoints to (-5.60, 0.07)
[INFO] [1788859636.784883284] [vgr_uav_sim]: UAV navigating in audited 2-D mode to (-5.60, 0.07, 0.30)
[WARN] [1788859654.674602247] [vgr_uav_sim]: PLAN_CB: called with goal=(-6.50,0.07)
[WARN] [1788859654.676402892] [vgr_uav_sim]: PLAN_CB: returning 5 poses
[WARN] [1788859654.685139017] [vgr_uav_sim]: PLAN_CB: called with goal=(-6.50,0.07)
[WARN] [1788859654.686269809] [vgr_uav_sim]: PLAN_CB: returning 5 poses
[INFO] [1788859654.697162472] [vgr_uav_sim]: Prepared 5 collision-free navigation waypoints to (-6.50, 0.07)
[INFO] [1788859654.698564610] [vgr_uav_sim]: UAV navigating in audited 2-D mode to (-6.50, 0.07, 0.30)
[WARN] [1788859671.490590777] [vgr_uav_sim]: PLAN_CB: called with goal=(-7.10,0.37)
[WARN] [1788859671.491765303] [vgr_uav_sim]: PLAN_CB: returning 4 poses
[WARN] [1788859671.504449120] [vgr_uav_sim]: PLAN_CB: called with goal=(-7.10,0.37)
[WARN] [1788859671.505712313] [vgr_uav_sim]: PLAN_CB: returning 4 poses
[INFO] [1788859671.516268992] [vgr_uav_sim]: Prepared 4 collision-free navigation waypoints to (-7.10, 0.37)
[INFO] [1788859671.517245570] [vgr_uav_sim]: UAV navigating in audited 2-D mode to (-7.10, 0.37, 0.30)
[WARN] [1788859688.975752663] [vgr_uav_sim]: PLAN_CB: called with goal=(-5.90,-0.23)
[WARN] [1788859688.976924302] [vgr_uav_sim]: PLAN_CB: returning 6 poses
[WARN] [1788859688.987269074] [vgr_uav_sim]: PLAN_CB: called with goal=(-5.90,-0.23)
[WARN] [1788859688.988584289] [vgr_uav_sim]: PLAN_CB: returning 6 poses
[INFO] [1788859688.998855323] [vgr_uav_sim]: Prepared 6 collision-free navigation waypoints to (-5.90, -0.23)
[INFO] [1788859689.000166717] [vgr_uav_sim]: UAV navigating in audited 2-D mode to (-5.90, -0.23, 0.30)
[WARN] [1788859706.079699259] [vgr_uav_sim]: PLAN_CB: called with goal=(-6.50,-0.53)
[WARN] [1788859706.083783927] [vgr_uav_sim]: PLAN_CB: returning 4 poses
[WARN] [1788859706.093384258] [vgr_uav_sim]: PLAN_CB: called with goal=(-6.50,-0.53)
[WARN] [1788859706.094359627] [vgr_uav_sim]: PLAN_CB: returning 4 poses
[INFO] [1788859706.106420688] [vgr_uav_sim]: Prepared 4 collision-free navigation waypoints to (-6.50, -0.53)
[INFO] [1788859706.107332710] [vgr_uav_sim]: UAV navigating in audited 2-D mode to (-6.50, -0.53, 0.30)
[WARN] [1788859722.690541149] [vgr_uav_sim]: PLAN_CB: called with goal=(-5.00,-0.23)
[WARN] [1788859722.695447836] [vgr_uav_sim]: PLAN_CB: returning 7 poses
[WARN] [1788859722.705160098] [vgr_uav_sim]: PLAN_CB: called with goal=(-5.00,-0.23)
[WARN] [1788859722.707053260] [vgr_uav_sim]: PLAN_CB: returning 7 poses
[INFO] [1788859722.717982314] [vgr_uav_sim]: Prepared 7 collision-free navigation waypoints to (-5.00, -0.23)
[INFO] [1788859722.719316140] [vgr_uav_sim]: UAV navigating in audited 2-D mode to (-5.00, -0.23, 0.30)
[WARN] [1788859740.751381034] [vgr_uav_sim]: PLAN_CB: called with goal=(-5.00,0.37)
[WARN] [1788859740.752397125] [vgr_uav_sim]: PLAN_CB: returning 4 poses
[WARN] [1788859740.769726522] [vgr_uav_sim]: PLAN_CB: called with goal=(-5.00,0.37)
[WARN] [1788859740.770709869] [vgr_uav_sim]: PLAN_CB: returning 4 poses
[INFO] [1788859740.782070534] [vgr_uav_sim]: Prepared 4 collision-free navigation waypoints to (-5.00, 0.37)
[INFO] [1788859740.783137520] [vgr_uav_sim]: UAV navigating in audited 2-D mode to (-5.00, 0.37, 0.30)
