/usr/lib/python3/dist-packages/scipy/__init__.py:146: UserWarning: A NumPy version >=1.17.3 and <1.25.0 is required for this version of SciPy (detected version 1.26.4
  warnings.warn(f"A NumPy version >={np_minversion} and <{np_maxversion}"
{
  "verdict": "M0_STOP",
  "pair_reports": {
    "A": {
      "1": {
        "intersection_seed_ids": {
          "S0": [],
          "S1": []
        },
        "material_source_seed_ids": {
          "S0": {
            "HIT_FORWARD": [],
            "LOG_GAUSSIAN": []
          },
          "S1": {
            "HIT_FORWARD": [],
            "LOG_GAUSSIAN": []
          }
        }
      },
      "-1": {
        "intersection_seed_ids": {
          "S0": [],
          "S1": []
        },
        "material_source_seed_ids": {
          "S0": {
            "HIT_FORWARD": [],
            "LOG_GAUSSIAN": []
          },
          "S1": {
            "HIT_FORWARD": [],
            "LOG_GAUSSIAN": []
          }
        }
      }
    },
    "B": {
      "1": {
        "intersection_seed_ids": {
          "S0": [],
          "S1": []
        },
        "material_source_seed_ids": {
          "S0": {
            "HIT_FORWARD": [],
            "LOG_GAUSSIAN": []
          },
          "S1": {
            "HIT_FORWARD": [],
            "LOG_GAUSSIAN": []
          }
        }
      },
      "-1": {
        "intersection_seed_ids": {
          "S0": [],
          "S1": []
        },
        "material_source_seed_ids": {
          "S0": {
            "HIT_FORWARD": [],
            "LOG_GAUSSIAN": []
          },
          "S1": {
            "HIT_FORWARD": [],
            "LOG_GAUSSIAN": []
          }
        }
      }
    }
  },
  "meaning": "null for the frozen qualified mechanism box; stop this route",
  "all40_runs_coverage_complete": true,
  "new_E3_runs": 28,
  "total_scientific_runs": 40,
  "no_extra_runs": true,
  "R0_E1_E2_unchanged": true,
  "BMA_not_used_in_primary_gate": true,
  "science_claim_limit": "Frozen prescribed-flow box only; not PRIMARY_GO, native PMFS or lakeshore confirmation.",
  "STOP_now": true
}
