/usr/lib/python3/dist-packages/scipy/__init__.py:146: UserWarning: A NumPy version >=1.17.3 and <1.25.0 is required for this version of SciPy (detected version 1.26.4
  warnings.warn(f"A NumPy version >={np_minversion} and <{np_maxversion}"
{
  "status": "INDEPENDENT_FINAL_VERIFICATION_PASS",
  "independent_verdict": "M0_STOP",
  "primary_verdict": "M0_STOP",
  "native_files_verified": 14779,
  "R0_frozen_files_verified": 39,
  "qualified_runs": 40,
  "additional_runs_after_E3": 0,
  "native_parity_queries": 102000,
  "max_margin_difference_m": 0.0,
  "max_likelihood_difference": 3.410605131648481e-13,
  "max_posterior_difference": 1.3322676295501878e-15,
  "max_forward_metric_difference": 5.551115123125783e-17,
  "max_BMA_weight_difference": 2.3314683517128287e-15,
  "wind_errors_independently_recomputed": {
    "U0": {
      "Free_RMSE": 0.0,
      "ROI_RMSE": 0.0
    },
    "A_on": {
      "Free_RMSE": 0.0009048415321811261,
      "ROI_RMSE": 0.00420284627753083
    },
    "A_off": {
      "Free_RMSE": 0.0009048415321811261,
      "ROI_RMSE": 0.00420284627753083
    },
    "B_shear": {
      "Free_RMSE": 0.007484902736974771,
      "ROI_RMSE": 0.012828476970573864
    },
    "B_speed": {
      "Free_RMSE": 0.007484902904050178,
      "ROI_RMSE": 0.012828477256926684
    }
  },
  "independent_full_pair_survivors": [],
  "independent_partial_effects": [],
  "same_seed_intersections": {
    "A": {
      "1": {
        "S0": [],
        "S1": []
      },
      "-1": {
        "S0": [],
        "S1": []
      }
    },
    "B": {
      "1": {
        "S0": [],
        "S1": []
      },
      "-1": {
        "S0": [],
        "S1": []
      }
    }
  },
  "claim_scope": "Frozen controlled mechanism only; no PRIMARY_GO or calibration claim.",
  "STOP": true
}
