[WARN] [1788690149.423967805] [GadenPlayer]: 
--- Deprecation notice ---
You are using ROS parameters to specify the Gaden configuration. This is now considered deprecated (though, for now, still valid).
You should update your configuration to use a gaden project (see test_env for examples).
You can easily configure a gaden project with 'ros2 run gaden_common gaden_gui
----
[INFO] [1788690149.424050184] [GadenPlayer]: num_simulators: 1
[INFO] [1788690149.424079401] [GadenPlayer]: simulation_data_0: /mnt/hgfs/workspace/GADEN_files/scenarios/House03/gas_simulations/1-2,5_fast/FilamentSimulation_gasType_10_sourcePosition_-0.45_1.90_-0.10
[INFO] [1788690149.443311721] [GadenPlayer]: Looking for wind files in:
	-'/mnt/hgfs/workspace/GADEN_files/scenarios/House03/wind'
	-'/mnt/hgfs/workspace/GADEN_files/scenarios/House03/gas_simulations/1-2,5_fast/FilamentSimulation_gasType_10_sourcePosition_-0.45_1.90_-0.10/wind'
[INFO] [1788690149.447702652] [GadenPlayer]: Found wind files at '/mnt/hgfs/workspace/GADEN_files/scenarios/House03/gas_simulations/1-2,5_fast/FilamentSimulation_gasType_10_sourcePosition_-0.45_1.90_-0.10/wind'
[INFO] [1788690150.575273154] [GadenPlayer]: Loaded environment: min=(-0.85,-1.86,-0.95) max=(12.90,6.39,1.55) dimensions=(138,83,25) cell_size=0.1
[INFO] [1788690150.577676283] [GadenPlayer]: player_freq 1.00 Hz
[WARN] [1788690150.587120215] [GADEN]: You are reading a log file that was generated with an old version of gaden. While it should work correctly, if you experience any bugs, this is likely the cause. You can just re-run the filament simulator node to generate an updated version of the simulation
[INFO] [1788690150.587147434] [GADEN]: Legacy V1 coordinate format=NATIVE_DOUBLE double_score=5.474090585266822e-07 float_slot_score=1.4222739657895211e+35
[INFO] [1788690153.301335474] [GADEN]: Legacy V1 coordinate format=NATIVE_DOUBLE double_score=5.474090585266822e-07 float_slot_score=1.4222739657895211e+35
[INFO] [1788690154.551948829] [GADEN]: Legacy V1 coordinate format=NATIVE_DOUBLE double_score=5.474090585266822e-07 float_slot_score=1.4222739657895211e+35
[INFO] [1788690154.749958337] [GADEN]: Legacy V1 coordinate format=NATIVE_DOUBLE double_score=5.474090585266822e-07 float_slot_score=1.4222739657895211e+35
[INFO] [1788690154.957086933] [GADEN]: Legacy V1 coordinate format=NATIVE_DOUBLE double_score=5.474090585266822e-07 float_slot_score=1.4222739657895211e+35
[INFO] [1788690155.153662338] [GADEN]: Legacy V1 coordinate format=NATIVE_DOUBLE double_score=5.474090585266822e-07 float_slot_score=1.4222739657895211e+35
[INFO] [1788690155.357542369] [GADEN]: Legacy V1 coordinate format=NATIVE_DOUBLE double_score=5.474090585266822e-07 float_slot_score=1.4222739657895211e+35
[INFO] [1788690155.545160367] [GADEN]: Legacy V1 coordinate format=NATIVE_DOUBLE double_score=5.474090585266822e-07 float_slot_score=1.4222739657895211e+35
[INFO] [1788690155.751919416] [GADEN]: Legacy V1 coordinate format=NATIVE_DOUBLE double_score=5.474090585266822e-07 float_slot_score=1.4222739657895211e+35
[INFO] [1788690155.948722247] [GADEN]: Legacy V1 coordinate format=NATIVE_DOUBLE double_score=5.474090585266822e-07 float_slot_score=1.4222739657895211e+35
[INFO] [1788690156.113124444] [rclcpp]: signal_handler(signum=15)
