[INFO] [1788877143.700921564] [vgr_uav_sim]: Loading VGR data from /mnt/hgfs/workspace/GADEN_files/scenarios/House01, config=2,4-1_fast
[INFO] [1788877143.761972013] [vgr_uav_sim]: Occupancy: 87x114 slice z_idx=13 (z=0.3m), free=6866, obstacle=3052, input_sha256=846003ffbbc8e99aa322cf189356399412763710e937bb5e5316186afccf17cb
[INFO] [1788877144.028492413] [vgr_uav_sim]: Gas backend=raw_house1_snapshot exec=/home/zyc/CSTAR_CONTROLLED_ASSETS_20260907/tools/cstar_numeric_wind_raw_query env_root=/mnt/hgfs/workspace/GADEN_files/scenarios/House01 gas_results=/mnt/hgfs/workspace/GADEN_files/scenarios/House01/gas_simulations/2,4-1_fast/FilamentSimulation_gasType_10_sourcePosition_-0.40_-2.90_-0.30 max_iteration=1999
[INFO] [1788877144.031103626] [vgr_uav_sim]: Navigation grid: coarse 29x38 cell=0.3000 free=626 obstacle=476 (reduce_scale=3)
[INFO] [1788877144.062953482] [vgr_uav_sim]: UAV Sim v3 ready. Start=(-3.17,-1.75), sim_dt=0.200s, realtime_factor=1.00, sensor=asymmetric, vertical_motion=False, open_loop_profile=hover
[WARN] [1788877171.399002309] [vgr_uav_sim]: PLAN_CB: called with goal=(-4.10,-1.13)
[WARN] [1788877171.400256815] [vgr_uav_sim]: PLAN_CB: returning 5 poses
[WARN] [1788877171.410106024] [vgr_uav_sim]: PLAN_CB: called with goal=(-4.10,-1.13)
[WARN] [1788877171.411263836] [vgr_uav_sim]: PLAN_CB: returning 5 poses
[INFO] [1788877171.422156484] [vgr_uav_sim]: Prepared 5 collision-free navigation waypoints to (-4.10, -1.13)
[INFO] [1788877171.423137527] [vgr_uav_sim]: UAV navigating in audited 2-D mode to (-4.10, -1.13, 0.30)
[WARN] [1788877188.178053355] [vgr_uav_sim]: PLAN_CB: called with goal=(-5.00,-0.83)
[WARN] [1788877188.182375760] [vgr_uav_sim]: PLAN_CB: returning 5 poses
[WARN] [1788877188.193468552] [vgr_uav_sim]: PLAN_CB: called with goal=(-5.00,-0.83)
[WARN] [1788877188.195034949] [vgr_uav_sim]: PLAN_CB: returning 5 poses
[INFO] [1788877188.205362292] [vgr_uav_sim]: Prepared 5 collision-free navigation waypoints to (-5.00, -0.83)
[INFO] [1788877188.206352649] [vgr_uav_sim]: UAV navigating in audited 2-D mode to (-5.00, -0.83, 0.30)
[WARN] [1788877204.983662122] [vgr_uav_sim]: PLAN_CB: called with goal=(-5.90,-0.83)
[WARN] [1788877204.984940915] [vgr_uav_sim]: PLAN_CB: returning 5 poses
[WARN] [1788877204.996480248] [vgr_uav_sim]: PLAN_CB: called with goal=(-5.90,-0.83)
[WARN] [1788877204.997883336] [vgr_uav_sim]: PLAN_CB: returning 5 poses
[INFO] [1788877205.007156340] [vgr_uav_sim]: Prepared 5 collision-free navigation waypoints to (-5.90, -0.83)
[INFO] [1788877205.008275840] [vgr_uav_sim]: UAV navigating in audited 2-D mode to (-5.90, -0.83, 0.30)
[WARN] [1788877222.107668375] [vgr_uav_sim]: PLAN_CB: called with goal=(-2.90,2.47)
[WARN] [1788877222.112402499] [vgr_uav_sim]: PLAN_CB: returning 25 poses
[WARN] [1788877222.123804406] [vgr_uav_sim]: PLAN_CB: called with goal=(-2.90,2.47)
[WARN] [1788877222.136375362] [vgr_uav_sim]: PLAN_CB: returning 25 poses
[INFO] [1788877222.147511672] [vgr_uav_sim]: Prepared 25 collision-free navigation waypoints to (-2.90, 2.47)
[INFO] [1788877222.148426418] [vgr_uav_sim]: UAV navigating in audited 2-D mode to (-2.90, 2.47, 0.30)
[WARN] [1788877243.581170868] [vgr_uav_sim]: PLAN_CB: called with goal=(-2.30,2.47)
[WARN] [1788877243.585579002] [vgr_uav_sim]: PLAN_CB: returning 4 poses
[WARN] [1788877243.600611258] [vgr_uav_sim]: PLAN_CB: called with goal=(-2.30,2.47)
[WARN] [1788877243.602214816] [vgr_uav_sim]: PLAN_CB: returning 4 poses
[INFO] [1788877243.612711608] [vgr_uav_sim]: Prepared 4 collision-free navigation waypoints to (-2.30, 2.47)
[INFO] [1788877243.613757389] [vgr_uav_sim]: UAV navigating in audited 2-D mode to (-2.30, 2.47, 0.30)
[WARN] [1788877260.196054384] [vgr_uav_sim]: PLAN_CB: called with goal=(-1.70,2.47)
[WARN] [1788877260.198432668] [vgr_uav_sim]: PLAN_CB: returning 4 poses
[WARN] [1788877260.207861477] [vgr_uav_sim]: PLAN_CB: called with goal=(-1.70,2.47)
[WARN] [1788877260.208803279] [vgr_uav_sim]: PLAN_CB: returning 4 poses
[INFO] [1788877260.222119685] [vgr_uav_sim]: Prepared 4 collision-free navigation waypoints to (-1.70, 2.47)
[INFO] [1788877260.223302101] [vgr_uav_sim]: UAV navigating in audited 2-D mode to (-1.70, 2.47, 0.30)
[WARN] [1788877277.156955860] [vgr_uav_sim]: PLAN_CB: called with goal=(-4.10,2.17)
[WARN] [1788877277.161047262] [vgr_uav_sim]: PLAN_CB: returning 10 poses
[WARN] [1788877277.166976867] [vgr_uav_sim]: PLAN_CB: called with goal=(-4.10,2.17)
[WARN] [1788877277.168674832] [vgr_uav_sim]: PLAN_CB: returning 10 poses
[INFO] [1788877277.178122596] [vgr_uav_sim]: Prepared 10 collision-free navigation waypoints to (-4.10, 2.17)
[INFO] [1788877277.179481907] [vgr_uav_sim]: UAV navigating in audited 2-D mode to (-4.10, 2.17, 0.30)
[WARN] [1788877294.989207451] [vgr_uav_sim]: PLAN_CB: called with goal=(-3.50,1.87)
[WARN] [1788877294.994824134] [vgr_uav_sim]: PLAN_CB: returning 4 poses
[WARN] [1788877295.005834616] [vgr_uav_sim]: PLAN_CB: called with goal=(-3.50,1.87)
[WARN] [1788877295.006802344] [vgr_uav_sim]: PLAN_CB: returning 4 poses
[INFO] [1788877295.019784292] [vgr_uav_sim]: Prepared 4 collision-free navigation waypoints to (-3.50, 1.87)
[INFO] [1788877295.021529712] [vgr_uav_sim]: UAV navigating in audited 2-D mode to (-3.50, 1.87, 0.30)
[WARN] [1788877311.585285290] [vgr_uav_sim]: PLAN_CB: called with goal=(-3.50,2.47)
[WARN] [1788877311.589648290] [vgr_uav_sim]: PLAN_CB: returning 4 poses
[WARN] [1788877311.599123159] [vgr_uav_sim]: PLAN_CB: called with goal=(-3.50,2.47)
[WARN] [1788877311.600379152] [vgr_uav_sim]: PLAN_CB: returning 4 poses
[INFO] [1788877311.610904781] [vgr_uav_sim]: Prepared 4 collision-free navigation waypoints to (-3.50, 2.47)
[INFO] [1788877311.611939394] [vgr_uav_sim]: UAV navigating in audited 2-D mode to (-3.50, 2.47, 0.30)
[WARN] [1788877328.566925199] [vgr_uav_sim]: PLAN_CB: called with goal=(-1.10,2.47)
[WARN] [1788877328.571048164] [vgr_uav_sim]: PLAN_CB: returning 10 poses
[WARN] [1788877328.581096790] [vgr_uav_sim]: PLAN_CB: called with goal=(-1.10,2.47)
[WARN] [1788877328.582595171] [vgr_uav_sim]: PLAN_CB: returning 10 poses
[INFO] [1788877328.593344945] [vgr_uav_sim]: Prepared 10 collision-free navigation waypoints to (-1.10, 2.47)
[INFO] [1788877328.594550783] [vgr_uav_sim]: UAV navigating in audited 2-D mode to (-1.10, 2.47, 0.30)
[WARN] [1788877346.388491600] [vgr_uav_sim]: PLAN_CB: called with goal=(-0.50,2.47)
[WARN] [1788877346.391680383] [vgr_uav_sim]: PLAN_CB: returning 4 poses
[WARN] [1788877346.404424572] [vgr_uav_sim]: PLAN_CB: called with goal=(-0.50,2.47)
[WARN] [1788877346.405484519] [vgr_uav_sim]: PLAN_CB: returning 4 poses
[INFO] [1788877346.416582508] [vgr_uav_sim]: Prepared 4 collision-free navigation waypoints to (-0.50, 2.47)
[INFO] [1788877346.417574168] [vgr_uav_sim]: UAV navigating in audited 2-D mode to (-0.50, 2.47, 0.30)
[WARN] [1788877362.997573945] [vgr_uav_sim]: PLAN_CB: called with goal=(-4.70,2.17)
[WARN] [1788877363.002509603] [vgr_uav_sim]: PLAN_CB: returning 16 poses
[WARN] [1788877363.013502064] [vgr_uav_sim]: PLAN_CB: called with goal=(-4.70,2.17)
[WARN] [1788877363.015757614] [vgr_uav_sim]: PLAN_CB: returning 16 poses
[INFO] [1788877363.027059241] [vgr_uav_sim]: Prepared 16 collision-free navigation waypoints to (-4.70, 2.17)
[INFO] [1788877363.028609737] [vgr_uav_sim]: UAV navigating in audited 2-D mode to (-4.70, 2.17, 0.30)
[WARN] [1788877382.386621695] [vgr_uav_sim]: PLAN_CB: called with goal=(-6.20,-6.23)
[WARN] [1788877382.395765238] [vgr_uav_sim]: PLAN_CB: returning 49 poses
[WARN] [1788877382.407713358] [vgr_uav_sim]: PLAN_CB: called with goal=(-6.20,-6.23)
[WARN] [1788877382.414352978] [vgr_uav_sim]: PLAN_CB: returning 49 poses
[INFO] [1788877382.428785159] [vgr_uav_sim]: Prepared 49 collision-free navigation waypoints to (-6.20, -6.23)
[INFO] [1788877382.429756783] [vgr_uav_sim]: UAV navigating in audited 2-D mode to (-6.20, -6.23, 0.30)
