	Command being timed: "/tmp/m6_g1b_compact_sampler_20260923 /mnt/hgfs/workspace/GADEN_files/scenarios/House02/OccupancyGrid3D.csv /mnt/hgfs/workspace/GADEN_files/scenarios/House02/gas_simulations/3,5-1_fast/FilamentSimulation_gasType_10_sourcePosition_0.00_-1.00_0.20/wind /mnt/hgfs/workspace/M6_G1_STAGE1_PILOT_20260923_grid.csv -4.642730236053467 -6.70088005065918 0.20 2026092312 train3 train /mnt/hgfs/workspace/M6_G1_STAGE1_PILOT_20260923/full_final/train3/seed2026092312"
	User time (seconds): 20.42
	System time (seconds): 0.13
	Percent of CPU this job got: 1002%
	Elapsed (wall clock) time (h:mm:ss or m:ss): 0:02.05
	Average shared text size (kbytes): 0
	Average unshared data size (kbytes): 0
	Average stack size (kbytes): 0
	Average total size (kbytes): 0
	Maximum resident set size (kbytes): 73672
	Average resident set size (kbytes): 0
	Major (requiring I/O) page faults: 0
	Minor (reclaiming a frame) page faults: 21655
	Voluntary context switches: 290
	Involuntary context switches: 1758
	Swaps: 0
	File system inputs: 0
	File system outputs: 0
	Socket messages sent: 0
	Socket messages received: 0
	Signals delivered: 0
	Page size (bytes): 4096
	Exit status: 0
