[WARN] [1788690149.153378434] [GadenPlayer]: 
--- Deprecation notice ---
You are using ROS parameters to specify the Gaden configuration. This is now considered deprecated (though, for now, still valid).
You should update your configuration to use a gaden project (see test_env for examples).
You can easily configure a gaden project with 'ros2 run gaden_common gaden_gui
----
[INFO] [1788690149.153472152] [GadenPlayer]: num_simulators: 1
[INFO] [1788690149.153504104] [GadenPlayer]: simulation_data_0: /mnt/hgfs/workspace/GADEN_files/scenarios/House02/gas_simulations/3,5-1_fast/FilamentSimulation_gasType_10_sourcePosition_0.00_-1.00_0.20
[INFO] [1788690149.164825989] [GadenPlayer]: Looking for wind files in:
	-'/mnt/hgfs/workspace/GADEN_files/scenarios/House02/wind'
	-'/mnt/hgfs/workspace/GADEN_files/scenarios/House02/gas_simulations/3,5-1_fast/FilamentSimulation_gasType_10_sourcePosition_0.00_-1.00_0.20/wind'
[INFO] [1788690149.167084522] [GadenPlayer]: Found wind files at '/mnt/hgfs/workspace/GADEN_files/scenarios/House02/gas_simulations/3,5-1_fast/FilamentSimulation_gasType_10_sourcePosition_0.00_-1.00_0.20/wind'
[INFO] [1788690149.879804474] [GadenPlayer]: Loaded environment: min=(-5.39,-7.45,-1.00) max=(2.91,4.40,1.55) dimensions=(83,119,26) cell_size=0.1
[INFO] [1788690149.889208265] [GadenPlayer]: player_freq 1.00 Hz
[WARN] [1788690149.907347834] [GADEN]: You are reading a log file that was generated with an old version of gaden. While it should work correctly, if you experience any bugs, this is likely the cause. You can just re-run the filament simulator node to generate an updated version of the simulation
[INFO] [1788690149.907414954] [GADEN]: Legacy V1 coordinate format=NATIVE_DOUBLE double_score=5.257415771620089e-07 float_slot_score=6.383697007539665e+36
[INFO] [1788690150.442471803] [GADEN]: Legacy V1 coordinate format=NATIVE_DOUBLE double_score=5.257415771620089e-07 float_slot_score=6.383697007539665e+36
[INFO] [1788690151.704497203] [GADEN]: Legacy V1 coordinate format=NATIVE_DOUBLE double_score=5.257415771620089e-07 float_slot_score=6.383697007539665e+36
[INFO] [1788690151.893118451] [GADEN]: Legacy V1 coordinate format=NATIVE_DOUBLE double_score=5.257415771620089e-07 float_slot_score=6.383697007539665e+36
[INFO] [1788690152.094962585] [GADEN]: Legacy V1 coordinate format=NATIVE_DOUBLE double_score=5.257415771620089e-07 float_slot_score=6.383697007539665e+36
[INFO] [1788690152.293324857] [GADEN]: Legacy V1 coordinate format=NATIVE_DOUBLE double_score=5.257415771620089e-07 float_slot_score=6.383697007539665e+36
[INFO] [1788690152.511143399] [GADEN]: Legacy V1 coordinate format=NATIVE_DOUBLE double_score=5.257415771620089e-07 float_slot_score=6.383697007539665e+36
[INFO] [1788690152.696244159] [GADEN]: Legacy V1 coordinate format=NATIVE_DOUBLE double_score=5.257415771620089e-07 float_slot_score=6.383697007539665e+36
[INFO] [1788690152.891536549] [GADEN]: Legacy V1 coordinate format=NATIVE_DOUBLE double_score=5.257415771620089e-07 float_slot_score=6.383697007539665e+36
[INFO] [1788690153.095820884] [GADEN]: Legacy V1 coordinate format=NATIVE_DOUBLE double_score=5.257415771620089e-07 float_slot_score=6.383697007539665e+36
[INFO] [1788690153.243459669] [rclcpp]: signal_handler(signum=15)
