[RK0 CACHE 1/196] C7_0 frame=611 cross_poses=10 fit_not_started
[RK0 FIRST NATIVE ANCHOR PASS] remaining reference cache permitted by caller contract
[RK0 CACHE 2/196] C7_0 frame=613 cross_poses=10 fit_not_started
[RK0 CACHE 3/196] C7_0 frame=615 cross_poses=10 fit_not_started
[RK0 CACHE 4/196] C7_0 frame=617 cross_poses=10 fit_not_started
[RK0 CACHE 5/196] C7_0 frame=619 cross_poses=10 fit_not_started
[RK0 CACHE 6/196] C7_0 frame=639 cross_poses=10 fit_not_started
[RK0 CACHE 7/196] C7_0 frame=641 cross_poses=10 fit_not_started
[RK0 CACHE 8/196] C7_0 frame=643 cross_poses=10 fit_not_started
[RK0 CACHE 9/196] C7_0 frame=645 cross_poses=10 fit_not_started
[RK0 CACHE 10/196] C7_0 frame=647 cross_poses=10 fit_not_started
[RK0 CACHE 11/196] C7_0 frame=743 cross_poses=10 fit_not_started
[RK0 CACHE 12/196] C7_0 frame=744 cross_poses=10 fit_not_started
[RK0 CACHE 13/196] C7_0 frame=746 cross_poses=10 fit_not_started
[RK0 CACHE 14/196] C7_0 frame=748 cross_poses=10 fit_not_started
[RK0 CACHE 15/196] C7_0 frame=750 cross_poses=10 fit_not_started
[RK0 CACHE 16/196] C7_0 frame=780 cross_poses=10 fit_not_started
[RK0 CACHE 17/196] C7_0 frame=782 cross_poses=10 fit_not_started
[RK0 CACHE 18/196] C7_0 frame=784 cross_poses=10 fit_not_started
[RK0 CACHE 19/196] C7_0 frame=786 cross_poses=10 fit_not_started
[RK0 CACHE 20/196] C7_0 frame=787 cross_poses=10 fit_not_started
[RK0 CACHE 21/196] C7_0 frame=845 cross_poses=10 fit_not_started
[RK0 CACHE 22/196] C7_0 frame=846 cross_poses=10 fit_not_started
[RK0 CACHE 23/196] C7_0 frame=847 cross_poses=10 fit_not_started
[RK0 CACHE 24/196] C7_0 frame=848 cross_poses=10 fit_not_started
[RK0 CACHE 25/196] C7_0 frame=849 cross_poses=10 fit_not_started
[RK0 CACHE 26/196] C7_0 frame=860 cross_poses=10 fit_not_started
[RK0 CACHE 27/196] C7_0 frame=861 cross_poses=10 fit_not_started
[RK0 CACHE 28/196] C7_0 frame=862 cross_poses=10 fit_not_started
[RK0 CACHE 29/196] C7_0 frame=863 cross_poses=10 fit_not_started
[RK0 CACHE 30/196] C7_0 frame=864 cross_poses=10 fit_not_started
[RK0 CACHE 31/196] C7_0 frame=935 cross_poses=10 fit_not_started
[RK0 CACHE 32/196] C7_0 frame=936 cross_poses=10 fit_not_started
[RK0 CACHE 33/196] C7_0 frame=938 cross_poses=10 fit_not_started
[RK0 CACHE 34/196] C7_0 frame=939 cross_poses=10 fit_not_started
[RK0 CACHE 35/196] C7_0 frame=940 cross_poses=10 fit_not_started
[RK0 CACHE 36/196] C7_0 frame=998 cross_poses=10 fit_not_started
[RK0 CACHE 37/196] C7_0 frame=999 cross_poses=10 fit_not_started
[RK0 CACHE 38/196] C7_0 frame=1000 cross_poses=10 fit_not_started
[RK0 CACHE 39/196] C7_0 frame=1001 cross_poses=10 fit_not_started
[RK0 CACHE 40/196] C7_0 frame=1011 cross_poses=10 fit_not_started
[RK0 CACHE 41/196] C7_0 frame=1012 cross_poses=10 fit_not_started
[RK0 CACHE 42/196] C7_0 frame=1013 cross_poses=10 fit_not_started
[RK0 CACHE 43/196] C7_0 frame=1014 cross_poses=10 fit_not_started
[RK0 CACHE 44/196] C7_0 frame=1015 cross_poses=10 fit_not_started
[RK0 CACHE 45/196] C7_0 frame=1022 cross_poses=10 fit_not_started
[RK0 CACHE 46/196] C7_0 frame=1023 cross_poses=10 fit_not_started
[RK0 CACHE 47/196] C7_0 frame=1024 cross_poses=10 fit_not_started
[RK0 CACHE 48/196] C7_0 frame=1025 cross_poses=10 fit_not_started
[RK0 CACHE 49/196] C7_0 frame=1026 cross_poses=10 fit_not_started
[RK0 CACHE 50/196] C7_1 frame=611 cross_poses=10 fit_not_started
[RK0 CACHE 51/196] C7_1 frame=613 cross_poses=10 fit_not_started
[RK0 CACHE 52/196] C7_1 frame=615 cross_poses=10 fit_not_started
[RK0 CACHE 53/196] C7_1 frame=617 cross_poses=10 fit_not_started
[RK0 CACHE 54/196] C7_1 frame=619 cross_poses=10 fit_not_started
[RK0 CACHE 55/196] C7_1 frame=639 cross_poses=10 fit_not_started
[RK0 CACHE 56/196] C7_1 frame=641 cross_poses=10 fit_not_started
[RK0 CACHE 57/196] C7_1 frame=643 cross_poses=10 fit_not_started
[RK0 CACHE 58/196] C7_1 frame=645 cross_poses=10 fit_not_started
[RK0 CACHE 59/196] C7_1 frame=647 cross_poses=10 fit_not_started
[RK0 CACHE 60/196] C7_1 frame=743 cross_poses=10 fit_not_started
[RK0 CACHE 61/196] C7_1 frame=744 cross_poses=10 fit_not_started
[RK0 CACHE 62/196] C7_1 frame=746 cross_poses=10 fit_not_started
[RK0 CACHE 63/196] C7_1 frame=748 cross_poses=10 fit_not_started
[RK0 CACHE 64/196] C7_1 frame=750 cross_poses=10 fit_not_started
[RK0 CACHE 65/196] C7_1 frame=780 cross_poses=10 fit_not_started
[RK0 CACHE 66/196] C7_1 frame=782 cross_poses=10 fit_not_started
[RK0 CACHE 67/196] C7_1 frame=784 cross_poses=10 fit_not_started
[RK0 CACHE 68/196] C7_1 frame=786 cross_poses=10 fit_not_started
[RK0 CACHE 69/196] C7_1 frame=787 cross_poses=10 fit_not_started
[RK0 CACHE 70/196] C7_1 frame=845 cross_poses=10 fit_not_started
[RK0 CACHE 71/196] C7_1 frame=846 cross_poses=10 fit_not_started
[RK0 CACHE 72/196] C7_1 frame=847 cross_poses=10 fit_not_started
[RK0 CACHE 73/196] C7_1 frame=848 cross_poses=10 fit_not_started
[RK0 CACHE 74/196] C7_1 frame=849 cross_poses=10 fit_not_started
[RK0 CACHE 75/196] C7_1 frame=860 cross_poses=10 fit_not_started
[RK0 CACHE 76/196] C7_1 frame=861 cross_poses=10 fit_not_started
[RK0 CACHE 77/196] C7_1 frame=862 cross_poses=10 fit_not_started
[RK0 CACHE 78/196] C7_1 frame=863 cross_poses=10 fit_not_started
[RK0 CACHE 79/196] C7_1 frame=864 cross_poses=10 fit_not_started
[RK0 CACHE 80/196] C7_1 frame=935 cross_poses=10 fit_not_started
[RK0 CACHE 81/196] C7_1 frame=936 cross_poses=10 fit_not_started
[RK0 CACHE 82/196] C7_1 frame=938 cross_poses=10 fit_not_started
[RK0 CACHE 83/196] C7_1 frame=939 cross_poses=10 fit_not_started
[RK0 CACHE 84/196] C7_1 frame=940 cross_poses=10 fit_not_started
[RK0 CACHE 85/196] C7_1 frame=998 cross_poses=10 fit_not_started
[RK0 CACHE 86/196] C7_1 frame=999 cross_poses=10 fit_not_started
[RK0 CACHE 87/196] C7_1 frame=1000 cross_poses=10 fit_not_started
[RK0 CACHE 88/196] C7_1 frame=1001 cross_poses=10 fit_not_started
[RK0 CACHE 89/196] C7_1 frame=1011 cross_poses=10 fit_not_started
[RK0 CACHE 90/196] C7_1 frame=1012 cross_poses=10 fit_not_started
[RK0 CACHE 91/196] C7_1 frame=1013 cross_poses=10 fit_not_started
[RK0 CACHE 92/196] C7_1 frame=1014 cross_poses=10 fit_not_started
[RK0 CACHE 93/196] C7_1 frame=1015 cross_poses=10 fit_not_started
[RK0 CACHE 94/196] C7_1 frame=1022 cross_poses=10 fit_not_started
[RK0 CACHE 95/196] C7_1 frame=1023 cross_poses=10 fit_not_started
[RK0 CACHE 96/196] C7_1 frame=1024 cross_poses=10 fit_not_started
[RK0 CACHE 97/196] C7_1 frame=1025 cross_poses=10 fit_not_started
[RK0 CACHE 98/196] C7_1 frame=1026 cross_poses=10 fit_not_started
[RK0 CACHE 99/196] K2_0 frame=611 cross_poses=10 fit_not_started
[RK0 CACHE 100/196] K2_0 frame=613 cross_poses=10 fit_not_started
[RK0 CACHE 101/196] K2_0 frame=615 cross_poses=10 fit_not_started
[RK0 CACHE 102/196] K2_0 frame=617 cross_poses=10 fit_not_started
[RK0 CACHE 103/196] K2_0 frame=619 cross_poses=10 fit_not_started
[RK0 CACHE 104/196] K2_0 frame=639 cross_poses=10 fit_not_started
[RK0 CACHE 105/196] K2_0 frame=641 cross_poses=10 fit_not_started
[RK0 CACHE 106/196] K2_0 frame=643 cross_poses=10 fit_not_started
[RK0 CACHE 107/196] K2_0 frame=645 cross_poses=10 fit_not_started
[RK0 CACHE 108/196] K2_0 frame=647 cross_poses=10 fit_not_started
[RK0 CACHE 109/196] K2_0 frame=743 cross_poses=10 fit_not_started
[RK0 CACHE 110/196] K2_0 frame=744 cross_poses=10 fit_not_started
[RK0 CACHE 111/196] K2_0 frame=746 cross_poses=10 fit_not_started
[RK0 CACHE 112/196] K2_0 frame=748 cross_poses=10 fit_not_started
[RK0 CACHE 113/196] K2_0 frame=750 cross_poses=10 fit_not_started
[RK0 CACHE 114/196] K2_0 frame=780 cross_poses=10 fit_not_started
[RK0 CACHE 115/196] K2_0 frame=782 cross_poses=10 fit_not_started
[RK0 CACHE 116/196] K2_0 frame=784 cross_poses=10 fit_not_started
[RK0 CACHE 117/196] K2_0 frame=786 cross_poses=10 fit_not_started
[RK0 CACHE 118/196] K2_0 frame=787 cross_poses=10 fit_not_started
[RK0 CACHE 119/196] K2_0 frame=845 cross_poses=10 fit_not_started
[RK0 CACHE 120/196] K2_0 frame=846 cross_poses=10 fit_not_started
[RK0 CACHE 121/196] K2_0 frame=847 cross_poses=10 fit_not_started
[RK0 CACHE 122/196] K2_0 frame=848 cross_poses=10 fit_not_started
[RK0 CACHE 123/196] K2_0 frame=849 cross_poses=10 fit_not_started
[RK0 CACHE 124/196] K2_0 frame=860 cross_poses=10 fit_not_started
[RK0 CACHE 125/196] K2_0 frame=861 cross_poses=10 fit_not_started
[RK0 CACHE 126/196] K2_0 frame=862 cross_poses=10 fit_not_started
[RK0 CACHE 127/196] K2_0 frame=863 cross_poses=10 fit_not_started
[RK0 CACHE 128/196] K2_0 frame=864 cross_poses=10 fit_not_started
[RK0 CACHE 129/196] K2_0 frame=935 cross_poses=10 fit_not_started
[RK0 CACHE 130/196] K2_0 frame=936 cross_poses=10 fit_not_started
[RK0 CACHE 131/196] K2_0 frame=938 cross_poses=10 fit_not_started
[RK0 CACHE 132/196] K2_0 frame=939 cross_poses=10 fit_not_started
[RK0 CACHE 133/196] K2_0 frame=940 cross_poses=10 fit_not_started
[RK0 CACHE 134/196] K2_0 frame=998 cross_poses=10 fit_not_started
[RK0 CACHE 135/196] K2_0 frame=999 cross_poses=10 fit_not_started
[RK0 CACHE 136/196] K2_0 frame=1000 cross_poses=10 fit_not_started
[RK0 CACHE 137/196] K2_0 frame=1001 cross_poses=10 fit_not_started
[RK0 CACHE 138/196] K2_0 frame=1011 cross_poses=10 fit_not_started
[RK0 CACHE 139/196] K2_0 frame=1012 cross_poses=10 fit_not_started
[RK0 CACHE 140/196] K2_0 frame=1013 cross_poses=10 fit_not_started
[RK0 CACHE 141/196] K2_0 frame=1014 cross_poses=10 fit_not_started
[RK0 CACHE 142/196] K2_0 frame=1015 cross_poses=10 fit_not_started
[RK0 CACHE 143/196] K2_0 frame=1022 cross_poses=10 fit_not_started
[RK0 CACHE 144/196] K2_0 frame=1023 cross_poses=10 fit_not_started
[RK0 CACHE 145/196] K2_0 frame=1024 cross_poses=10 fit_not_started
[RK0 CACHE 146/196] K2_0 frame=1025 cross_poses=10 fit_not_started
[RK0 CACHE 147/196] K2_0 frame=1026 cross_poses=10 fit_not_started
[RK0 CACHE 148/196] K2_1 frame=611 cross_poses=10 fit_not_started
[RK0 CACHE 149/196] K2_1 frame=613 cross_poses=10 fit_not_started
[RK0 CACHE 150/196] K2_1 frame=615 cross_poses=10 fit_not_started
[RK0 CACHE 151/196] K2_1 frame=617 cross_poses=10 fit_not_started
[RK0 CACHE 152/196] K2_1 frame=619 cross_poses=10 fit_not_started
[RK0 CACHE 153/196] K2_1 frame=639 cross_poses=10 fit_not_started
[RK0 CACHE 154/196] K2_1 frame=641 cross_poses=10 fit_not_started
[RK0 CACHE 155/196] K2_1 frame=643 cross_poses=10 fit_not_started
[RK0 CACHE 156/196] K2_1 frame=645 cross_poses=10 fit_not_started
[RK0 CACHE 157/196] K2_1 frame=647 cross_poses=10 fit_not_started
[RK0 CACHE 158/196] K2_1 frame=743 cross_poses=10 fit_not_started
[RK0 CACHE 159/196] K2_1 frame=744 cross_poses=10 fit_not_started
[RK0 CACHE 160/196] K2_1 frame=746 cross_poses=10 fit_not_started
[RK0 CACHE 161/196] K2_1 frame=748 cross_poses=10 fit_not_started
[RK0 CACHE 162/196] K2_1 frame=750 cross_poses=10 fit_not_started
[RK0 CACHE 163/196] K2_1 frame=780 cross_poses=10 fit_not_started
[RK0 CACHE 164/196] K2_1 frame=782 cross_poses=10 fit_not_started
[RK0 CACHE 165/196] K2_1 frame=784 cross_poses=10 fit_not_started
[RK0 CACHE 166/196] K2_1 frame=786 cross_poses=10 fit_not_started
[RK0 CACHE 167/196] K2_1 frame=787 cross_poses=10 fit_not_started
[RK0 CACHE 168/196] K2_1 frame=845 cross_poses=10 fit_not_started
[RK0 CACHE 169/196] K2_1 frame=846 cross_poses=10 fit_not_started
[RK0 CACHE 170/196] K2_1 frame=847 cross_poses=10 fit_not_started
[RK0 CACHE 171/196] K2_1 frame=848 cross_poses=10 fit_not_started
[RK0 CACHE 172/196] K2_1 frame=849 cross_poses=10 fit_not_started
[RK0 CACHE 173/196] K2_1 frame=860 cross_poses=10 fit_not_started
[RK0 CACHE 174/196] K2_1 frame=861 cross_poses=10 fit_not_started
[RK0 CACHE 175/196] K2_1 frame=862 cross_poses=10 fit_not_started
[RK0 CACHE 176/196] K2_1 frame=863 cross_poses=10 fit_not_started
[RK0 CACHE 177/196] K2_1 frame=864 cross_poses=10 fit_not_started
[RK0 CACHE 178/196] K2_1 frame=935 cross_poses=10 fit_not_started
[RK0 CACHE 179/196] K2_1 frame=936 cross_poses=10 fit_not_started
[RK0 CACHE 180/196] K2_1 frame=938 cross_poses=10 fit_not_started
[RK0 CACHE 181/196] K2_1 frame=939 cross_poses=10 fit_not_started
[RK0 CACHE 182/196] K2_1 frame=940 cross_poses=10 fit_not_started
[RK0 CACHE 183/196] K2_1 frame=998 cross_poses=10 fit_not_started
[RK0 CACHE 184/196] K2_1 frame=999 cross_poses=10 fit_not_started
[RK0 CACHE 185/196] K2_1 frame=1000 cross_poses=10 fit_not_started
[RK0 CACHE 186/196] K2_1 frame=1001 cross_poses=10 fit_not_started
[RK0 CACHE 187/196] K2_1 frame=1011 cross_poses=10 fit_not_started
[RK0 CACHE 188/196] K2_1 frame=1012 cross_poses=10 fit_not_started
[RK0 CACHE 189/196] K2_1 frame=1013 cross_poses=10 fit_not_started
[RK0 CACHE 190/196] K2_1 frame=1014 cross_poses=10 fit_not_started
[RK0 CACHE 191/196] K2_1 frame=1015 cross_poses=10 fit_not_started
[RK0 CACHE 192/196] K2_1 frame=1022 cross_poses=10 fit_not_started
[RK0 CACHE 193/196] K2_1 frame=1023 cross_poses=10 fit_not_started
[RK0 CACHE 194/196] K2_1 frame=1024 cross_poses=10 fit_not_started
[RK0 CACHE 195/196] K2_1 frame=1025 cross_poses=10 fit_not_started
[RK0 CACHE 196/196] K2_1 frame=1026 cross_poses=10 fit_not_started
FIT U
FIT S
PREDECLARED R CONTROL
{
  "execution_status": "PASS_WITH_UNSUPPORTED_PREDICTIONS_REPORTED",
  "research_decision": "S_ADDITIONAL_DIAGNOSTIC_VALUE_WITH_KERNEL_COVERAGE_LIMIT",
  "source_task_correct_counts": {
    "U": {
      "log": 4,
      "Brier": 4
    },
    "S": {
      "log": 4,
      "Brier": 4
    },
    "F": {
      "log": 4,
      "Brier": 4
    },
    "R": {
      "log": 4,
      "Brier": 4
    }
  },
  "S_source_both_score_gains": 4,
  "S_joint_common_support_response_and_task_gains": 2,
  "S_direction_nonadverse": true,
  "same_cap_R_control_triggered": true,
  "full_heldout_U_S_receiver_coverage": false,
  "total_wall_s": 60.0266546999992,
  "new_gas": 0,
  "new_CFD": 0,
  "new_navigation": 0,
  "new_training": 0,
  "interpretation": [
    "Response/state compression only, not new transport or deployed source localization.",
    "S is fixed physical binning, not CSCG or learned clones.",
    "Four previously inspected heldouts are exploratory; two proper scores are not independent experiments.",
    "Unseen h entries are missing, never zero-filled; intervals bound their contribution only, not covered-class model error.",
    "Candidate event probability averages per-realization threshold events; does not threshold average concentration across realizations.",
    "Conditional mean class kernels still omit within-class response fluctuations. Population count randomness is preserved only across these finite oracle realizations."
  ]
}
