{
  "decision": "DEPENDENCE_D0_CROSS_TIME_SIGNAL",
  "directionality": {
    "C1_A_median_mean_rank": 1.875,
    "C1_B_median_mean_rank": 1.7083333333333333,
    "C2_A_median_mean_rank": 1.8194444444444444,
    "C2_B_median_mean_rank": 1.6527777777777777,
    "RAW_A_mean_rank": 1.7430555555555556,
    "RAW_B_mean_rank": 1.6041666666666667
  },
  "raw_pooled": {
    "primary": {
      "mean_true_rank": 1.6736111111111112,
      "median_true_rank": 1.0,
      "mrr": 0.8425402722277722,
      "n_targets": 288,
      "score_tie_target_fraction": 0.0,
      "top3_fraction": 0.9097222222222222,
      "unique_top1_fraction": 0.7604166666666666
    },
    "primary_ES_V_diagnostic": {
      "mean_true_rank": 1.6944444444444444,
      "median_true_rank": 1.0,
      "mrr": 0.8385658178626928,
      "n_targets": 288,
      "score_tie_target_fraction": 0.0,
      "top3_fraction": 0.90625,
      "unique_top1_fraction": 0.7534722222222222
    },
    "primary_count_mean": {
      "mean_true_rank": 1.859375,
      "median_true_rank": 1.0,
      "mrr": 0.8173477688796316,
      "n_targets": 288,
      "score_tie_target_fraction": 0.0,
      "top3_fraction": 0.8819444444444444,
      "unique_top1_fraction": 0.7256944444444444
    },
    "primary_marginal_brier": {
      "mean_true_rank": 1.1319444444444444,
      "median_true_rank": 1.0,
      "mrr": 0.9447337962962963,
      "n_targets": 288,
      "score_tie_target_fraction": 0.0,
      "top3_fraction": 0.9965277777777778,
      "unique_top1_fraction": 0.8993055555555556
    },
    "robust": {
      "mean_true_rank": 1.8194444444444444,
      "median_true_rank": 1.0,
      "mrr": 0.8230602297008546,
      "n_targets": 288,
      "score_tie_target_fraction": 0.0,
      "top3_fraction": 0.9131944444444444,
      "unique_top1_fraction": 0.7256944444444444
    },
    "robust_ES_V_diagnostic": {
      "mean_true_rank": 1.8194444444444444,
      "median_true_rank": 1.0,
      "mrr": 0.8238818617724868,
      "n_targets": 288,
      "score_tie_target_fraction": 0.0,
      "top3_fraction": 0.9131944444444444,
      "unique_top1_fraction": 0.7291666666666666
    },
    "robust_count_mean": {
      "mean_true_rank": 1.9444444444444444,
      "median_true_rank": 1.0,
      "mrr": 0.811680493956842,
      "n_targets": 288,
      "score_tie_target_fraction": 0.0,
      "top3_fraction": 0.8993055555555556,
      "unique_top1_fraction": 0.71875
    },
    "robust_marginal_brier": {
      "mean_true_rank": 1.1458333333333333,
      "median_true_rank": 1.0,
      "mrr": 0.9392361111111112,
      "n_targets": 288,
      "score_tie_target_fraction": 0.0,
      "top3_fraction": 0.9930555555555556,
      "unique_top1_fraction": 0.8888888888888888
    }
  },
  "surrogate_fractions": {
    "C1_primary_rank_as_good_or_better": 0.0,
    "C1_primary_unique_top1_as_good_or_better": 0.0,
    "C1_robust_rank_as_good_or_better": 0.0,
    "C1_robust_unique_top1_as_good_or_better": 0.674,
    "C2_primary_rank_as_good_or_better": 0.0,
    "C2_primary_unique_top1_as_good_or_better": 0.018,
    "C2_robust_rank_as_good_or_better": 0.0,
    "C2_robust_unique_top1_as_good_or_better": 0.296
  }
}
