[INFO] [1789221102.121667361] [GSL]: Starting GSL server
[INFO] [1789221107.159682241] [GSL]: GSL action server is ready for action!
[INFO] [1789221108.160995602] [GSL]: [33mRequest received: PMFS[0m
[INFO] [1789221109.176230310] [GSL]: Waiting to hear from localization topic: /amcl_pose
[INFO] [1789221109.179812893] [GSL]: Gas sensor topic: '/PID/Sensor_reading'
[INFO] [1789221109.181023967] [GSL]: Wind sensor topic: '/Anemometer/WindSensor_reading'
[INFO] [1789221109.181078044] [GSL]: [34mINITIALIZATON COMPLETED[0m
[INFO] [1789221109.206156737] [GSL - Trace]: [32mEntering WaitForMap[0m
[INFO] [1789221109.206193882] [GSL - Trace]: [32mNeed occupancy map and costmap[0m
[INFO] [1789221109.258485704] [GSL - Trace]: [32mGot occupancy map[0m
[INFO] [1789221109.258602096] [GSL]: 
--------------GSL---------------
Occupancy Map dimensions:
x_min:-5.4 x_max:2.9   -   y_min:-7.5 y_max:4.4
--------------------------------
[INFO] [1789221109.258793223] [GSL]: [MAP-DEBUG] 83x119 res=0.1000 free=6811 obs=3066 unk=0 origin=(-5.39,-7.45)
[INFO] [1789221109.261063521] [GSL - Trace]: [32mCreated grid[0m
[INFO] [1789221109.261091222] [GSL]: [DEBUG] After reduceOccupancyMap: free=643 obstacle=410 total=1053
[INFO] [1789221109.262062439] [GSL - Trace]: [32mPruned unreachable cells[0m
[INFO] [1789221109.262090873] [GSL]: [DEBUG] After PruneUnreachable: free=631 obstacle=422 total=1053
[INFO] [1789221109.262101272] [GSL]: [DEBUG] Grid dims: 27x39 scale=3 cellSize=0.3
[INFO] [1789221109.262110387] [GSL]: [DEBUG] Start pos: (-0.5, -2.5)
[INFO] [1789221109.268774760] [GSL - Trace]: [32mCreated visibility map[0m
[INFO] [1789221109.273785183] [GSL]: Number of cells after fusing quadtree: 62
[INFO] [1789221109.281574650] [GSL]: [DEBUG-WIND] useGroundTruth=false gmrf_req_size=631 gaden_req_size=-1
[INFO] [1789221109.281603496] [GSL]: [DEBUG-WIND] Taking GMRF path
[INFO] [1789221109.290905983] [GSL - Trace]: [32mEntering StopAndMeasure[0m
[INFO] [1789221110.058263178] [GSL - Trace]: [32mGot cost map[0m
[INFO] [1789221111.308329546] [GSL]: 10 gas measurements, 10 wind measurements over 2.02 seconds
[INFO] [1789221111.308640241] [GSL]: avg_gas=0.37;  avg_windSpeed=0.022;  avg_wind_dir=-3
[INFO] [1789221111.309231872] [GSL]: [33mGAS HIT[0m
[INFO] [1789221111.309242268] [GSL]: [DEBUG-WIND] useGroundTruth=false gmrf_req_size=631 gaden_req_size=-1
[INFO] [1789221111.309249161] [GSL]: [DEBUG-WIND] Taking GMRF path
[INFO] [1789221111.388776937] [GSL - Trace]: [32mEntering StopAndMeasure[0m
[INFO] [1789221113.258276720] [GSL]: 10 gas measurements, 10 wind measurements over 1.87 seconds
[INFO] [1789221113.258328573] [GSL]: avg_gas=0.43;  avg_windSpeed=0.022;  avg_wind_dir=-3
[INFO] [1789221113.258928370] [GSL]: [33mGAS HIT[0m
[INFO] [1789221113.258938963] [GSL]: [DEBUG-WIND] useGroundTruth=false gmrf_req_size=631 gaden_req_size=-1
[INFO] [1789221113.258945907] [GSL]: [DEBUG-WIND] Taking GMRF path
[INFO] [1789221113.288901092] [GSL - Trace]: [32mEntering StopAndMeasure[0m
[INFO] [1789221115.308430427] [GSL]: 10 gas measurements, 10 wind measurements over 2.02 seconds
[INFO] [1789221115.308790684] [GSL]: avg_gas=0.44;  avg_windSpeed=0.022;  avg_wind_dir=-3
[INFO] [1789221115.309393646] [GSL]: [33mGAS HIT[0m
[INFO] [1789221115.309403898] [GSL]: [DEBUG-WIND] useGroundTruth=false gmrf_req_size=631 gaden_req_size=-1
[INFO] [1789221115.309410801] [GSL]: [DEBUG-WIND] Taking GMRF path
[INFO] [1789221115.389025605] [GSL - Trace]: [32mEntering StopAndMeasure[0m
[INFO] [1789221117.258323460] [GSL]: 10 gas measurements, 10 wind measurements over 1.87 seconds
[INFO] [1789221117.258376951] [GSL]: avg_gas=0.43;  avg_windSpeed=0.022;  avg_wind_dir=-3
[INFO] [1789221117.259090289] [GSL]: [33mGAS HIT[0m
[INFO] [1789221117.259101792] [GSL]: [DEBUG-WIND] useGroundTruth=false gmrf_req_size=631 gaden_req_size=-1
[INFO] [1789221117.259109763] [GSL]: [DEBUG-WIND] Taking GMRF path
[INFO] [1789221117.288882308] [GSL - Trace]: [32mEntering StopAndMeasure[0m
[INFO] [1789221119.258358088] [GSL]: 10 gas measurements, 10 wind measurements over 1.97 seconds
[INFO] [1789221119.258654241] [GSL]: avg_gas=0.42;  avg_windSpeed=0.022;  avg_wind_dir=-3
[INFO] [1789221119.259309259] [GSL]: [33mGAS HIT[0m
[INFO] [1789221119.259319767] [GSL]: [DEBUG-WIND] useGroundTruth=false gmrf_req_size=631 gaden_req_size=-1
[INFO] [1789221119.259330525] [GSL]: [DEBUG-WIND] Taking GMRF path
[INFO] [1789221119.289161985] [GSL - Trace]: [32mEntering StopAndMeasure[0m
[INFO] [1789221121.308523440] [GSL]: 10 gas measurements, 10 wind measurements over 2.02 seconds
[INFO] [1789221121.308591117] [GSL]: avg_gas=0.44;  avg_windSpeed=0.022;  avg_wind_dir=-3
[INFO] [1789221121.309384021] [GSL]: [33mGAS HIT[0m
[INFO] [1789221121.309396914] [GSL]: [DEBUG-WIND] useGroundTruth=false gmrf_req_size=631 gaden_req_size=-1
[INFO] [1789221121.309405803] [GSL]: [DEBUG-WIND] Taking GMRF path
[INFO] [1789221121.389835872] [GSL - Trace]: [32mEntering StopAndMeasure[0m
[INFO] [1789221123.308625876] [GSL]: 10 gas measurements, 10 wind measurements over 1.92 seconds
[INFO] [1789221123.308694281] [GSL]: avg_gas=0.48;  avg_windSpeed=0.022;  avg_wind_dir=-3
[INFO] [1789221123.309850761] [GSL]: [33mGAS HIT[0m
[INFO] [1789221123.309875963] [GSL]: [DEBUG-WIND] useGroundTruth=false gmrf_req_size=631 gaden_req_size=-1
[INFO] [1789221123.309884330] [GSL]: [DEBUG-WIND] Taking GMRF path
[INFO] [1789221123.390383840] [GSL - Trace]: [32mEntering StopAndMeasure[0m
[INFO] [1789221125.308390129] [GSL]: 10 gas measurements, 10 wind measurements over 1.92 seconds
[INFO] [1789221125.308489267] [GSL]: avg_gas=0.47;  avg_windSpeed=0.022;  avg_wind_dir=-3
[INFO] [1789221125.309265631] [GSL]: [33mGAS HIT[0m
[INFO] [1789221125.309279669] [GSL]: [DEBUG-WIND] useGroundTruth=false gmrf_req_size=631 gaden_req_size=-1
[INFO] [1789221125.309288373] [GSL]: [DEBUG-WIND] Taking GMRF path
[INFO] [1789221125.394232700] [GSL]: Max mutual info: 6.447
[WARN] [1789221125.394603937] [rcl.logging_rosout]: Publisher already registered for provided node name. If this is due to multiple nodes with the same name then all logs for that logger name will go out over the existing publisher. As soon as any node with that name is destructed it will unregister the publisher, preventing any further logs for that name from being published on the rosout topic.
[INFO] [1789221125.425306147] [GSL]: MutualInformation - Ellapsed: 0.036s
[INFO] [1789221125.475757665] [GSL]: Sending goal (-1.64, -2.50)
[INFO] [1789221125.476329093] [GSL]: Variance: 14.35
[INFO] [1789221125.476352854] [GSL - Trace]: [32mEntering Moving[0m
[INFO] [1789221126.497071300] [GSL - Trace]: [32mEntering StopAndMeasure[0m
[INFO] [1789221128.477484409] [GSL]: 10 gas measurements, 10 wind measurements over 1.98 seconds
[INFO] [1789221128.477554944] [GSL]: avg_gas=0.69;  avg_windSpeed=0.15;  avg_wind_dir=-1.5
[INFO] [1789221128.478241409] [GSL]: [33mGAS HIT[0m
[INFO] [1789221128.478253782] [GSL]: [DEBUG-WIND] useGroundTruth=false gmrf_req_size=631 gaden_req_size=-1
[INFO] [1789221128.478262494] [GSL]: [DEBUG-WIND] Taking GMRF path
[INFO] [1789221128.488951082] [GSL - Trace]: [32mEntering StopAndMeasure[0m
[INFO] [1789221130.477451064] [GSL]: 10 gas measurements, 10 wind measurements over 1.99 seconds
[INFO] [1789221130.477524537] [GSL]: avg_gas=0.73;  avg_windSpeed=0.12;  avg_wind_dir=-1.4
[INFO] [1789221130.478146327] [GSL]: [33mGAS HIT[0m
[INFO] [1789221130.478157604] [GSL]: [DEBUG-WIND] useGroundTruth=false gmrf_req_size=631 gaden_req_size=-1
[INFO] [1789221130.478165638] [GSL]: [DEBUG-WIND] Taking GMRF path
[INFO] [1789221130.488827674] [GSL - Trace]: [32mEntering StopAndMeasure[0m
[INFO] [1789221132.527752414] [GSL]: 10 gas measurements, 10 wind measurements over 2.04 seconds
[INFO] [1789221132.527822621] [GSL]: avg_gas=0.74;  avg_windSpeed=0.15;  avg_wind_dir=-1.5
[INFO] [1789221132.528365417] [GSL]: [33mGAS HIT[0m
[INFO] [1789221132.528375824] [GSL]: [DEBUG-WIND] useGroundTruth=false gmrf_req_size=631 gaden_req_size=-1
[INFO] [1789221132.528382606] [GSL]: [DEBUG-WIND] Taking GMRF path
[INFO] [1789221132.589596605] [GSL - Trace]: [32mEntering StopAndMeasure[0m
[INFO] [1789221134.477445121] [GSL]: 10 gas measurements, 10 wind measurements over 1.89 seconds
[INFO] [1789221134.477897330] [GSL]: avg_gas=0.76;  avg_windSpeed=0.12;  avg_wind_dir=-1.4
[INFO] [1789221134.478540205] [GSL]: [33mGAS HIT[0m
[INFO] [1789221134.478552651] [GSL]: [DEBUG-WIND] useGroundTruth=false gmrf_req_size=631 gaden_req_size=-1
[INFO] [1789221134.478560872] [GSL]: [DEBUG-WIND] Taking GMRF path
[INFO] [1789221134.489109719] [GSL - Trace]: [32mEntering StopAndMeasure[0m
[INFO] [1789221136.477347448] [GSL]: 10 gas measurements, 10 wind measurements over 1.99 seconds
[INFO] [1789221136.477422878] [GSL]: avg_gas=0.8;  avg_windSpeed=0.15;  avg_wind_dir=-1.5
[INFO] [1789221136.478240584] [GSL]: [33mGAS HIT[0m
[INFO] [1789221136.478270909] [GSL]: [DEBUG-WIND] useGroundTruth=false gmrf_req_size=631 gaden_req_size=-1
[INFO] [1789221136.478279635] [GSL]: [DEBUG-WIND] Taking GMRF path
[INFO] [1789221136.489011240] [GSL - Trace]: [32mEntering StopAndMeasure[0m
[INFO] [1789221138.477395502] [GSL]: 10 gas measurements, 10 wind measurements over 1.99 seconds
[INFO] [1789221138.477827743] [GSL]: avg_gas=0.89;  avg_windSpeed=0.12;  avg_wind_dir=-1.4
[INFO] [1789221138.478401930] [GSL]: [33mGAS HIT[0m
[INFO] [1789221138.478413031] [GSL]: [DEBUG-WIND] useGroundTruth=false gmrf_req_size=631 gaden_req_size=-1
[INFO] [1789221138.478420205] [GSL]: [DEBUG-WIND] Taking GMRF path
[INFO] [1789221138.488788047] [GSL - Trace]: [32mEntering StopAndMeasure[0m
[INFO] [1789221140.477573438] [GSL]: 10 gas measurements, 10 wind measurements over 1.99 seconds
[INFO] [1789221140.477641133] [GSL]: avg_gas=0.88;  avg_windSpeed=0.15;  avg_wind_dir=-1.5
[INFO] [1789221140.478264453] [GSL]: [33mGAS HIT[0m
[INFO] [1789221140.478293294] [GSL]: [DEBUG-WIND] useGroundTruth=false gmrf_req_size=631 gaden_req_size=-1
[INFO] [1789221140.478300409] [GSL]: [DEBUG-WIND] Taking GMRF path
[INFO] [1789221140.488749503] [GSL - Trace]: [32mEntering StopAndMeasure[0m
[INFO] [1789221142.477377362] [GSL]: 10 gas measurements, 10 wind measurements over 1.99 seconds
[INFO] [1789221142.477734692] [GSL]: avg_gas=0.86;  avg_windSpeed=0.12;  avg_wind_dir=-1.4
[INFO] [1789221142.478334385] [GSL]: [33mGAS HIT[0m
[INFO] [1789221142.478359198] [GSL]: [DEBUG-WIND] useGroundTruth=false gmrf_req_size=631 gaden_req_size=-1
[INFO] [1789221142.478366301] [GSL]: [DEBUG-WIND] Taking GMRF path
[INFO] [1789221142.495737447] [GSL]: Max mutual info: 6.447
[INFO] [1789221142.495899766] [GSL]: MutualInformation - Ellapsed: 0.007s
[INFO] [1789221142.525300128] [GSL]: Sending goal (-2.54, -2.50)
[INFO] [1789221142.525902912] [GSL]: Variance: 14.35
[INFO] [1789221142.525929703] [GSL - Trace]: [32mEntering Moving[0m
[INFO] [1789221143.328191222] [GSL - Trace]: [32mEntering StopAndMeasure[0m
[INFO] [1789221145.277390945] [GSL]: 10 gas measurements, 10 wind measurements over 1.95 seconds
[INFO] [1789221145.277467267] [GSL]: avg_gas=0.71;  avg_windSpeed=0.04;  avg_wind_dir=-0.87
[INFO] [1789221145.278298502] [GSL]: [33mGAS HIT[0m
[INFO] [1789221145.278314376] [GSL]: [DEBUG-WIND] useGroundTruth=false gmrf_req_size=631 gaden_req_size=-1
[INFO] [1789221145.278602707] [GSL]: [DEBUG-WIND] Taking GMRF path
[INFO] [1789221145.288974553] [GSL - Trace]: [32mEntering StopAndMeasure[0m
[INFO] [1789221147.277375437] [GSL]: 10 gas measurements, 10 wind measurements over 1.99 seconds
[INFO] [1789221147.277446963] [GSL]: avg_gas=0.62;  avg_windSpeed=0.048;  avg_wind_dir=-1.1
[INFO] [1789221147.277950888] [GSL]: [33mGAS HIT[0m
[INFO] [1789221147.277959690] [GSL]: [DEBUG-WIND] useGroundTruth=false gmrf_req_size=631 gaden_req_size=-1
[INFO] [1789221147.277966364] [GSL]: [DEBUG-WIND] Taking GMRF path
[INFO] [1789221147.289103774] [GSL - Trace]: [32mEntering StopAndMeasure[0m
[INFO] [1789221149.277420293] [GSL]: 10 gas measurements, 10 wind measurements over 1.99 seconds
[INFO] [1789221149.277494645] [GSL]: avg_gas=0.58;  avg_windSpeed=0.04;  avg_wind_dir=-0.87
[INFO] [1789221149.278108967] [GSL]: [33mGAS HIT[0m
[INFO] [1789221149.278119868] [GSL]: [DEBUG-WIND] useGroundTruth=false gmrf_req_size=631 gaden_req_size=-1
[INFO] [1789221149.278419138] [GSL]: [DEBUG-WIND] Taking GMRF path
[INFO] [1789221149.289200091] [GSL - Trace]: [32mEntering StopAndMeasure[0m
[INFO] [1789221151.277406166] [GSL]: 10 gas measurements, 10 wind measurements over 1.99 seconds
[INFO] [1789221151.277479625] [GSL]: avg_gas=0.56;  avg_windSpeed=0.048;  avg_wind_dir=-1.1
[INFO] [1789221151.278294783] [GSL]: [33mGAS HIT[0m
[INFO] [1789221151.278363957] [GSL]: [DEBUG-WIND] useGroundTruth=false gmrf_req_size=631 gaden_req_size=-1
[INFO] [1789221151.278396932] [GSL]: [DEBUG-WIND] Taking GMRF path
[INFO] [1789221151.289410720] [GSL - Trace]: [32mEntering StopAndMeasure[0m
[INFO] [1789221153.277472601] [GSL]: 10 gas measurements, 10 wind measurements over 1.99 seconds
[INFO] [1789221153.277565087] [GSL]: avg_gas=0.59;  avg_windSpeed=0.04;  avg_wind_dir=-0.87
[INFO] [1789221153.278531364] [GSL]: [33mGAS HIT[0m
[INFO] [1789221153.278545482] [GSL]: [DEBUG-WIND] useGroundTruth=false gmrf_req_size=631 gaden_req_size=-1
[INFO] [1789221153.278554591] [GSL]: [DEBUG-WIND] Taking GMRF path
[INFO] [1789221153.289222588] [GSL - Trace]: [32mEntering StopAndMeasure[0m
[INFO] [1789221155.277404101] [GSL]: 10 gas measurements, 10 wind measurements over 1.99 seconds
[INFO] [1789221155.277544692] [GSL]: avg_gas=0.61;  avg_windSpeed=0.048;  avg_wind_dir=-1.1
[INFO] [1789221155.278314206] [GSL]: [33mGAS HIT[0m
[INFO] [1789221155.278329117] [GSL]: [DEBUG-WIND] useGroundTruth=false gmrf_req_size=631 gaden_req_size=-1
[INFO] [1789221155.278338083] [GSL]: [DEBUG-WIND] Taking GMRF path
[INFO] [1789221155.289602271] [GSL - Trace]: [32mEntering StopAndMeasure[0m
[INFO] [1789221157.277362029] [GSL]: 10 gas measurements, 10 wind measurements over 1.99 seconds
[INFO] [1789221157.277419768] [GSL]: avg_gas=0.62;  avg_windSpeed=0.04;  avg_wind_dir=-0.87
[INFO] [1789221157.277995435] [GSL]: [33mGAS HIT[0m
[INFO] [1789221157.278006212] [GSL]: [DEBUG-WIND] useGroundTruth=false gmrf_req_size=631 gaden_req_size=-1
[INFO] [1789221157.278014103] [GSL]: [DEBUG-WIND] Taking GMRF path
[INFO] [1789221157.288942653] [GSL - Trace]: [32mEntering StopAndMeasure[0m
[INFO] [1789221159.277339523] [GSL]: 10 gas measurements, 10 wind measurements over 1.99 seconds
[INFO] [1789221159.277447635] [GSL]: avg_gas=0.61;  avg_windSpeed=0.048;  avg_wind_dir=-1.1
[INFO] [1789221159.278079484] [GSL]: [33mGAS HIT[0m
[INFO] [1789221159.278103558] [GSL]: [DEBUG-WIND] useGroundTruth=false gmrf_req_size=631 gaden_req_size=-1
[INFO] [1789221159.278111174] [GSL]: [DEBUG-WIND] Taking GMRF path
[INFO] [1789221159.295183808] [GSL]: Max mutual info: 6.447
[INFO] [1789221159.295417697] [GSL]: MutualInformation - Ellapsed: 0.006s
[INFO] [1789221159.331119926] [GSL]: Sending goal (-3.44, -2.50)
[INFO] [1789221159.331846988] [GSL]: Variance: 14.35
[INFO] [1789221159.331881022] [GSL - Trace]: [32mEntering Moving[0m
[INFO] [1789221160.128051999] [GSL - Trace]: [32mEntering StopAndMeasure[0m
[INFO] [1789221162.127616571] [GSL]: 10 gas measurements, 10 wind measurements over 2.00 seconds
[INFO] [1789221162.127722111] [GSL]: avg_gas=0.61;  avg_windSpeed=0.032;  avg_wind_dir=-1.5
[INFO] [1789221162.129104040] [GSL]: [33mGAS HIT[0m
[INFO] [1789221162.129169809] [GSL]: [DEBUG-WIND] useGroundTruth=false gmrf_req_size=631 gaden_req_size=-1
[INFO] [1789221162.129182201] [GSL]: [DEBUG-WIND] Taking GMRF path
[INFO] [1789221162.189936954] [GSL - Trace]: [32mEntering StopAndMeasure[0m
[INFO] [1789221164.127332179] [GSL]: 10 gas measurements, 10 wind measurements over 1.94 seconds
[INFO] [1789221164.127397760] [GSL]: avg_gas=0.63;  avg_windSpeed=0.035;  avg_wind_dir=-2
[INFO] [1789221164.127940535] [GSL]: [33mGAS HIT[0m
[INFO] [1789221164.127950232] [GSL]: [DEBUG-WIND] useGroundTruth=false gmrf_req_size=631 gaden_req_size=-1
[INFO] [1789221164.127956910] [GSL]: [DEBUG-WIND] Taking GMRF path
[INFO] [1789221164.189435308] [GSL - Trace]: [32mEntering StopAndMeasure[0m
[INFO] [1789221166.127411482] [GSL]: 10 gas measurements, 10 wind measurements over 1.94 seconds
[INFO] [1789221166.127488381] [GSL]: avg_gas=0.63;  avg_windSpeed=0.032;  avg_wind_dir=-1.5
[INFO] [1789221166.128680545] [GSL]: [33mGAS HIT[0m
[INFO] [1789221166.128703988] [GSL]: [DEBUG-WIND] useGroundTruth=false gmrf_req_size=631 gaden_req_size=-1
[INFO] [1789221166.128714190] [GSL]: [DEBUG-WIND] Taking GMRF path
[INFO] [1789221166.190024692] [GSL - Trace]: [32mEntering StopAndMeasure[0m
[INFO] [1789221168.127586924] [GSL]: 10 gas measurements, 10 wind measurements over 1.94 seconds
[INFO] [1789221168.127800380] [GSL]: avg_gas=0.64;  avg_windSpeed=0.035;  avg_wind_dir=-2
[INFO] [1789221168.128788781] [GSL]: [33mGAS HIT[0m
[INFO] [1789221168.128807244] [GSL]: [DEBUG-WIND] useGroundTruth=false gmrf_req_size=631 gaden_req_size=-1
[INFO] [1789221168.128819245] [GSL]: [DEBUG-WIND] Taking GMRF path
[INFO] [1789221168.190060951] [GSL - Trace]: [32mEntering StopAndMeasure[0m
[INFO] [1789221170.127797967] [GSL]: 10 gas measurements, 10 wind measurements over 1.94 seconds
[INFO] [1789221170.127886127] [GSL]: avg_gas=0.64;  avg_windSpeed=0.032;  avg_wind_dir=-1.5
[INFO] [1789221170.129619930] [GSL]: [33mGAS HIT[0m
[INFO] [1789221170.129667969] [GSL]: [DEBUG-WIND] useGroundTruth=false gmrf_req_size=631 gaden_req_size=-1
[INFO] [1789221170.129681633] [GSL]: [DEBUG-WIND] Taking GMRF path
[INFO] [1789221170.190001448] [GSL - Trace]: [32mEntering StopAndMeasure[0m
[INFO] [1789221172.077427256] [GSL]: 10 gas measurements, 10 wind measurements over 1.89 seconds
[INFO] [1789221172.077490677] [GSL]: avg_gas=0.63;  avg_windSpeed=0.035;  avg_wind_dir=-2
[INFO] [1789221172.078038117] [GSL]: [33mGAS HIT[0m
[INFO] [1789221172.078048332] [GSL]: [DEBUG-WIND] useGroundTruth=false gmrf_req_size=631 gaden_req_size=-1
[INFO] [1789221172.078055267] [GSL]: [DEBUG-WIND] Taking GMRF path
[INFO] [1789221172.089175215] [GSL - Trace]: [32mEntering StopAndMeasure[0m
[INFO] [1789221174.077362306] [GSL]: 10 gas measurements, 10 wind measurements over 1.99 seconds
[INFO] [1789221174.077421884] [GSL]: avg_gas=0.63;  avg_windSpeed=0.032;  avg_wind_dir=-1.5
[INFO] [1789221174.077932869] [GSL]: [33mGAS HIT[0m
[INFO] [1789221174.078196585] [GSL]: [DEBUG-WIND] useGroundTruth=false gmrf_req_size=631 gaden_req_size=-1
[INFO] [1789221174.078216921] [GSL]: [DEBUG-WIND] Taking GMRF path
[INFO] [1789221174.088985988] [GSL - Trace]: [32mEntering StopAndMeasure[0m
[INFO] [1789221176.127612129] [GSL]: 10 gas measurements, 10 wind measurements over 2.04 seconds
[INFO] [1789221176.127724211] [GSL]: avg_gas=0.66;  avg_windSpeed=0.035;  avg_wind_dir=-2
[INFO] [1789221176.128549492] [GSL]: [33mGAS HIT[0m
[INFO] [1789221176.128563479] [GSL]: [DEBUG-WIND] useGroundTruth=false gmrf_req_size=631 gaden_req_size=-1
[INFO] [1789221176.128573721] [GSL]: [DEBUG-WIND] Taking GMRF path
[INFO] [1789221176.189869361] [GSL]: [33mStarted simulations. Might take a while![0m
[INFO] [1789221176.301868529] [GSL]: CER contrastive context initialized: events=32, candidates=62, transport_members=1, fixed_ratio_weight=1, context_within_member=true, centered_log_odds=false, transport_pool=arithmetic_mixture
[INFO] [1789221176.405288702] [GSL - Trace]: [32mFirst simulation level done[0m
[INFO] [1789221176.405751775] [GSL]: [RC2-DIAG] scores_size=62 refineFraction=0.25 refine_product=15.5 valid_first_level=62 sum_sourceProbInternal_before_norm=6.472811868085007 min_sourceProbInternal_before_norm=0 max_sourceProbInternal_before_norm=0.3537752127441195 finite_sourceProbInternal=1053 finite_varianceOfHitProb=1053
[INFO] [1789221176.498684149] [GSL - Trace]: [32mSimulation level 2 done[0m
[INFO] [1789221176.557708543] [GSL - Trace]: [32mSimulation level 3 done[0m
[INFO] [1789221176.581202290] [GSL - Trace]: [32mSimulation level 4 done[0m
[INFO] [1789221176.581687374] [GSL - Trace]: [32mSimulation level 5 done[0m
[INFO] [1789221176.581701009] [GSL]: Number of levels in the simulation: 5
[INFO] [1789221176.581709244] [GSL]: Total number of simulations: 158
[INFO] [1789221176.582720012] [GSL]: [RC2-DIAG] normalized_finite_count=1053 normalized_sum=1
[INFO] [1789221176.582748623] [GSL]: Time ellapsed in simulation = 0.39277182000000005 s
[INFO] [1789221176.596904894] [GSL]: Max mutual info: 2.889
[INFO] [1789221176.597081059] [GSL]: MutualInformation - Ellapsed: 0.003s
[INFO] [1789221176.624515855] [GSL]: Sending goal (-1.94, -1.30)
[INFO] [1789221176.625064631] [GSL]: Variance: 0.54
[INFO] [1789221176.625088775] [GSL - Trace]: [32mEntering Moving[0m
[INFO] [1789221177.898954780] [GSL - Trace]: [32mEntering StopAndMeasure[0m
[INFO] [1789221179.876401241] [GSL]: 10 gas measurements, 10 wind measurements over 1.98 seconds
[INFO] [1789221179.876504224] [GSL]: avg_gas=0.86;  avg_windSpeed=0.058;  avg_wind_dir=-0.69
[INFO] [1789221179.877985731] [GSL]: [33mGAS HIT[0m
[INFO] [1789221179.878037962] [GSL]: [DEBUG-WIND] useGroundTruth=false gmrf_req_size=631 gaden_req_size=-1
[INFO] [1789221179.878050779] [GSL]: [DEBUG-WIND] Taking GMRF path
[INFO] [1789221179.889230266] [GSL - Trace]: [32mEntering StopAndMeasure[0m
[INFO] [1789221181.876283834] [GSL]: 10 gas measurements, 10 wind measurements over 1.99 seconds
[INFO] [1789221181.876341931] [GSL]: avg_gas=0.95;  avg_windSpeed=0.052;  avg_wind_dir=-0.65
[INFO] [1789221181.877363192] [GSL]: [33mGAS HIT[0m
[INFO] [1789221181.877390055] [GSL]: [DEBUG-WIND] useGroundTruth=false gmrf_req_size=631 gaden_req_size=-1
[INFO] [1789221181.877396806] [GSL]: [DEBUG-WIND] Taking GMRF path
[INFO] [1789221181.888814733] [GSL - Trace]: [32mEntering StopAndMeasure[0m
[INFO] [1789221183.876339582] [GSL]: 10 gas measurements, 10 wind measurements over 1.99 seconds
[INFO] [1789221183.876409836] [GSL]: avg_gas=0.95;  avg_windSpeed=0.058;  avg_wind_dir=-0.69
[INFO] [1789221183.877192310] [GSL]: [33mGAS HIT[0m
[INFO] [1789221183.877206511] [GSL]: [DEBUG-WIND] useGroundTruth=false gmrf_req_size=631 gaden_req_size=-1
[INFO] [1789221183.877215056] [GSL]: [DEBUG-WIND] Taking GMRF path
[INFO] [1789221183.889187002] [GSL - Trace]: [32mEntering StopAndMeasure[0m
[INFO] [1789221185.926279680] [GSL]: 10 gas measurements, 10 wind measurements over 2.04 seconds
[INFO] [1789221185.926339203] [GSL]: avg_gas=0.99;  avg_windSpeed=0.052;  avg_wind_dir=-0.65
[INFO] [1789221185.927293171] [GSL]: [33mGAS HIT[0m
[INFO] [1789221185.927310447] [GSL]: [DEBUG-WIND] useGroundTruth=false gmrf_req_size=631 gaden_req_size=-1
[INFO] [1789221185.927317619] [GSL]: [DEBUG-WIND] Taking GMRF path
[INFO] [1789221185.989257984] [GSL - Trace]: [32mEntering StopAndMeasure[0m
[INFO] [1789221187.876651672] [GSL]: 10 gas measurements, 10 wind measurements over 1.89 seconds
[INFO] [1789221187.876953451] [GSL]: avg_gas=0.94;  avg_windSpeed=0.058;  avg_wind_dir=-0.69
[INFO] [1789221187.877749191] [GSL]: [33mGAS HIT[0m
[INFO] [1789221187.877762242] [GSL]: [DEBUG-WIND] useGroundTruth=false gmrf_req_size=631 gaden_req_size=-1
[INFO] [1789221187.877770600] [GSL]: [DEBUG-WIND] Taking GMRF path
[INFO] [1789221187.889087615] [GSL - Trace]: [32mEntering StopAndMeasure[0m
[INFO] [1789221189.876186063] [GSL]: 10 gas measurements, 10 wind measurements over 1.99 seconds
[INFO] [1789221189.876241985] [GSL]: avg_gas=0.9;  avg_windSpeed=0.052;  avg_wind_dir=-0.65
[INFO] [1789221189.877177459] [GSL]: [33mGAS HIT[0m
[INFO] [1789221189.877221918] [GSL]: [DEBUG-WIND] useGroundTruth=false gmrf_req_size=631 gaden_req_size=-1
[INFO] [1789221189.877229594] [GSL]: [DEBUG-WIND] Taking GMRF path
[INFO] [1789221189.888955239] [GSL - Trace]: [32mEntering StopAndMeasure[0m
[INFO] [1789221191.876435630] [GSL]: 10 gas measurements, 10 wind measurements over 1.99 seconds
[INFO] [1789221191.876528886] [GSL]: avg_gas=0.88;  avg_windSpeed=0.058;  avg_wind_dir=-0.69
[INFO] [1789221191.877479335] [GSL]: [33mGAS HIT[0m
[INFO] [1789221191.877511606] [GSL]: [DEBUG-WIND] useGroundTruth=false gmrf_req_size=631 gaden_req_size=-1
[INFO] [1789221191.877521500] [GSL]: [DEBUG-WIND] Taking GMRF path
[INFO] [1789221191.889116096] [GSL - Trace]: [32mEntering StopAndMeasure[0m
[INFO] [1789221193.876322263] [GSL]: 10 gas measurements, 10 wind measurements over 1.99 seconds
[INFO] [1789221193.876387983] [GSL]: avg_gas=0.91;  avg_windSpeed=0.052;  avg_wind_dir=-0.65
[INFO] [1789221193.876991680] [GSL]: [33mGAS HIT[0m
[INFO] [1789221193.877402089] [GSL]: [DEBUG-WIND] useGroundTruth=false gmrf_req_size=631 gaden_req_size=-1
[INFO] [1789221193.877418530] [GSL]: [DEBUG-WIND] Taking GMRF path
[INFO] [1789221193.893904232] [GSL]: Max mutual info: 2.889
[INFO] [1789221193.894027511] [GSL]: MutualInformation - Ellapsed: 0.004s
[INFO] [1789221193.927541148] [GSL]: Sending goal (-2.54, -1.30)
[INFO] [1789221193.928890691] [GSL]: Variance: 0.54
[INFO] [1789221193.928916551] [GSL - Trace]: [32mEntering Moving[0m
[INFO] [1789221194.526787894] [GSL - Trace]: [32mEntering StopAndMeasure[0m
[INFO] [1789221196.476187356] [GSL]: 10 gas measurements, 10 wind measurements over 1.95 seconds
[INFO] [1789221196.476229970] [GSL]: avg_gas=0.87;  avg_windSpeed=0.057;  avg_wind_dir=-0.19
[INFO] [1789221196.476815425] [GSL]: [33mGAS HIT[0m
[INFO] [1789221196.476824907] [GSL]: [DEBUG-WIND] useGroundTruth=false gmrf_req_size=631 gaden_req_size=-1
[INFO] [1789221196.476831973] [GSL]: [DEBUG-WIND] Taking GMRF path
[INFO] [1789221196.488789666] [GSL - Trace]: [32mEntering StopAndMeasure[0m
[INFO] [1789221198.476247134] [GSL]: 10 gas measurements, 10 wind measurements over 1.99 seconds
[INFO] [1789221198.476301104] [GSL]: avg_gas=0.86;  avg_windSpeed=0.062;  avg_wind_dir=-0.3
[INFO] [1789221198.476914739] [GSL]: [33mGAS HIT[0m
[INFO] [1789221198.476992485] [GSL]: [DEBUG-WIND] useGroundTruth=false gmrf_req_size=631 gaden_req_size=-1
[INFO] [1789221198.477001121] [GSL]: [DEBUG-WIND] Taking GMRF path
[INFO] [1789221198.488825377] [GSL - Trace]: [32mEntering StopAndMeasure[0m
[INFO] [1789221200.476215634] [GSL]: 10 gas measurements, 10 wind measurements over 1.99 seconds
[INFO] [1789221200.476268178] [GSL]: avg_gas=0.88;  avg_windSpeed=0.057;  avg_wind_dir=-0.19
[INFO] [1789221200.476848114] [GSL]: [33mGAS HIT[0m
[INFO] [1789221200.476857207] [GSL]: [DEBUG-WIND] useGroundTruth=false gmrf_req_size=631 gaden_req_size=-1
[INFO] [1789221200.476863910] [GSL]: [DEBUG-WIND] Taking GMRF path
[INFO] [1789221200.489106225] [GSL - Trace]: [32mEntering StopAndMeasure[0m
[INFO] [1789221202.526391609] [GSL]: 10 gas measurements, 10 wind measurements over 2.04 seconds
[INFO] [1789221202.526477488] [GSL]: avg_gas=0.84;  avg_windSpeed=0.062;  avg_wind_dir=-0.3
[INFO] [1789221202.527435637] [GSL]: [33mGAS HIT[0m
[INFO] [1789221202.527452567] [GSL]: [DEBUG-WIND] useGroundTruth=false gmrf_req_size=631 gaden_req_size=-1
[INFO] [1789221202.527462970] [GSL]: [DEBUG-WIND] Taking GMRF path
[INFO] [1789221202.588889444] [GSL - Trace]: [32mEntering StopAndMeasure[0m
[INFO] [1789221204.476314151] [GSL]: 10 gas measurements, 10 wind measurements over 1.89 seconds
[INFO] [1789221204.476373397] [GSL]: avg_gas=0.81;  avg_windSpeed=0.057;  avg_wind_dir=-0.19
[INFO] [1789221204.477008070] [GSL]: [33mGAS HIT[0m
[INFO] [1789221204.477051381] [GSL]: [DEBUG-WIND] useGroundTruth=false gmrf_req_size=631 gaden_req_size=-1
[INFO] [1789221204.477058427] [GSL]: [DEBUG-WIND] Taking GMRF path
[INFO] [1789221204.488860803] [GSL - Trace]: [32mEntering StopAndMeasure[0m
[INFO] [1789221206.476339217] [GSL]: 10 gas measurements, 10 wind measurements over 1.99 seconds
[INFO] [1789221206.476399611] [GSL]: avg_gas=0.8;  avg_windSpeed=0.062;  avg_wind_dir=-0.3
[INFO] [1789221206.477094743] [GSL]: [33mGAS HIT[0m
[INFO] [1789221206.477112160] [GSL]: [DEBUG-WIND] useGroundTruth=false gmrf_req_size=631 gaden_req_size=-1
[INFO] [1789221206.477119207] [GSL]: [DEBUG-WIND] Taking GMRF path
[INFO] [1789221206.489152937] [GSL - Trace]: [32mEntering StopAndMeasure[0m
[INFO] [1789221208.476340617] [GSL]: 10 gas measurements, 10 wind measurements over 1.99 seconds
[INFO] [1789221208.476411491] [GSL]: avg_gas=0.8;  avg_windSpeed=0.057;  avg_wind_dir=-0.19
[INFO] [1789221208.477018070] [GSL]: [33mGAS HIT[0m
[INFO] [1789221208.477044212] [GSL]: [DEBUG-WIND] useGroundTruth=false gmrf_req_size=631 gaden_req_size=-1
[INFO] [1789221208.477051403] [GSL]: [DEBUG-WIND] Taking GMRF path
[INFO] [1789221208.488860074] [GSL - Trace]: [32mEntering StopAndMeasure[0m
[INFO] [1789221210.476236856] [GSL]: 10 gas measurements, 10 wind measurements over 1.99 seconds
[INFO] [1789221210.476628372] [GSL]: avg_gas=0.77;  avg_windSpeed=0.062;  avg_wind_dir=-0.3
[INFO] [1789221210.477379553] [GSL]: [33mGAS HIT[0m
[INFO] [1789221210.477392523] [GSL]: [DEBUG-WIND] useGroundTruth=false gmrf_req_size=631 gaden_req_size=-1
[INFO] [1789221210.477400662] [GSL]: [DEBUG-WIND] Taking GMRF path
[INFO] [1789221210.503729827] [GSL]: Max mutual info: 2.889
[INFO] [1789221210.504413120] [GSL]: MutualInformation - Ellapsed: 0.015s
[INFO] [1789221210.546115654] [GSL]: Sending goal (-3.14, -1.60)
[INFO] [1789221210.546587389] [GSL]: Variance: 0.54
[INFO] [1789221210.546602168] [GSL - Trace]: [32mEntering Moving[0m
[INFO] [1789221211.127242130] [GSL - Trace]: [32mEntering StopAndMeasure[0m
[INFO] [1789221213.126427094] [GSL]: 10 gas measurements, 10 wind measurements over 2.00 seconds
[INFO] [1789221213.126514879] [GSL]: avg_gas=0.74;  avg_windSpeed=0.04;  avg_wind_dir=-0.3
[INFO] [1789221213.127563613] [GSL]: [33mGAS HIT[0m
[INFO] [1789221213.128052905] [GSL]: [DEBUG-WIND] useGroundTruth=false gmrf_req_size=631 gaden_req_size=-1
[INFO] [1789221213.128076003] [GSL]: [DEBUG-WIND] Taking GMRF path
[INFO] [1789221213.189001862] [GSL - Trace]: [32mEntering StopAndMeasure[0m
[INFO] [1789221215.126467175] [GSL]: 10 gas measurements, 10 wind measurements over 1.94 seconds
[INFO] [1789221215.126580920] [GSL]: avg_gas=0.76;  avg_windSpeed=0.037;  avg_wind_dir=-1
[INFO] [1789221215.127624562] [GSL]: [33mGAS HIT[0m
[INFO] [1789221215.127643047] [GSL]: [DEBUG-WIND] useGroundTruth=false gmrf_req_size=631 gaden_req_size=-1
[INFO] [1789221215.127654674] [GSL]: [DEBUG-WIND] Taking GMRF path
[INFO] [1789221215.189632149] [GSL - Trace]: [32mEntering StopAndMeasure[0m
[INFO] [1789221217.127013202] [GSL]: 10 gas measurements, 10 wind measurements over 1.94 seconds
[INFO] [1789221217.127124538] [GSL]: avg_gas=0.81;  avg_windSpeed=0.04;  avg_wind_dir=-0.3
[INFO] [1789221217.128039629] [GSL]: [33mGAS HIT[0m
[INFO] [1789221217.128053148] [GSL]: [DEBUG-WIND] useGroundTruth=false gmrf_req_size=631 gaden_req_size=-1
[INFO] [1789221217.128412593] [GSL]: [DEBUG-WIND] Taking GMRF path
[INFO] [1789221217.190119684] [GSL - Trace]: [32mEntering StopAndMeasure[0m
[INFO] [1789221219.126893975] [GSL]: 10 gas measurements, 10 wind measurements over 1.94 seconds
[INFO] [1789221219.127008568] [GSL]: avg_gas=0.85;  avg_windSpeed=0.037;  avg_wind_dir=-1
[INFO] [1789221219.128165233] [GSL]: [33mGAS HIT[0m
[INFO] [1789221219.128185721] [GSL]: [DEBUG-WIND] useGroundTruth=false gmrf_req_size=631 gaden_req_size=-1
[INFO] [1789221219.128198470] [GSL]: [DEBUG-WIND] Taking GMRF path
[INFO] [1789221219.190385835] [GSL - Trace]: [32mEntering StopAndMeasure[0m
[INFO] [1789221221.126714711] [GSL]: 10 gas measurements, 10 wind measurements over 1.94 seconds
[INFO] [1789221221.126818724] [GSL]: avg_gas=0.9;  avg_windSpeed=0.04;  avg_wind_dir=-0.3
[INFO] [1789221221.128209586] [GSL]: [33mGAS HIT[0m
[INFO] [1789221221.128281041] [GSL]: [DEBUG-WIND] useGroundTruth=false gmrf_req_size=631 gaden_req_size=-1
[INFO] [1789221221.128966334] [GSL]: [DEBUG-WIND] Taking GMRF path
[INFO] [1789221221.190478271] [GSL - Trace]: [32mEntering StopAndMeasure[0m
[INFO] [1789221223.076443004] [GSL]: 10 gas measurements, 10 wind measurements over 1.89 seconds
[INFO] [1789221223.076510279] [GSL]: avg_gas=0.93;  avg_windSpeed=0.037;  avg_wind_dir=-1
[INFO] [1789221223.077054207] [GSL]: [33mGAS HIT[0m
[INFO] [1789221223.077063613] [GSL]: [DEBUG-WIND] useGroundTruth=false gmrf_req_size=631 gaden_req_size=-1
[INFO] [1789221223.077070023] [GSL]: [DEBUG-WIND] Taking GMRF path
[INFO] [1789221223.089201871] [GSL - Trace]: [32mEntering StopAndMeasure[0m
[INFO] [1789221225.126760574] [GSL]: 10 gas measurements, 10 wind measurements over 2.04 seconds
[INFO] [1789221225.126881741] [GSL]: avg_gas=0.94;  avg_windSpeed=0.04;  avg_wind_dir=-0.3
[INFO] [1789221225.128262826] [GSL]: [33mGAS HIT[0m
[INFO] [1789221225.128308375] [GSL]: [DEBUG-WIND] useGroundTruth=false gmrf_req_size=631 gaden_req_size=-1
[INFO] [1789221225.129370500] [GSL]: [DEBUG-WIND] Taking GMRF path
[INFO] [1789221225.191241459] [GSL - Trace]: [32mEntering StopAndMeasure[0m
[INFO] [1789221227.126540737] [GSL]: 10 gas measurements, 10 wind measurements over 1.94 seconds
[INFO] [1789221227.126655124] [GSL]: avg_gas=0.92;  avg_windSpeed=0.037;  avg_wind_dir=-1
[INFO] [1789221227.127704514] [GSL]: [33mGAS HIT[0m
[INFO] [1789221227.127720923] [GSL]: [DEBUG-WIND] useGroundTruth=false gmrf_req_size=631 gaden_req_size=-1
[INFO] [1789221227.127733307] [GSL]: [DEBUG-WIND] Taking GMRF path
[INFO] [1789221227.190477435] [GSL]: [33mStarted simulations. Might take a while![0m
[INFO] [1789221227.315278542] [GSL]: CER contrastive context initialized: events=56, candidates=62, transport_members=1, fixed_ratio_weight=1, context_within_member=true, centered_log_odds=false, transport_pool=arithmetic_mixture
[INFO] [1789221227.442171826] [GSL - Trace]: [32mFirst simulation level done[0m
[INFO] [1789221227.442286188] [GSL]: [RC2-DIAG] scores_size=62 refineFraction=0.25 refine_product=15.5 valid_first_level=62 sum_sourceProbInternal_before_norm=3.6197887111041642 min_sourceProbInternal_before_norm=0 max_sourceProbInternal_before_norm=0.19643456452148328 finite_sourceProbInternal=1053 finite_varianceOfHitProb=1053
[INFO] [1789221227.541433368] [GSL - Trace]: [32mSimulation level 2 done[0m
[INFO] [1789221227.619013338] [GSL - Trace]: [32mSimulation level 3 done[0m
[INFO] [1789221227.638430543] [GSL - Trace]: [32mSimulation level 4 done[0m
[INFO] [1789221227.638995118] [GSL - Trace]: [32mSimulation level 5 done[0m
[INFO] [1789221227.639007885] [GSL]: Number of levels in the simulation: 5
[INFO] [1789221227.639014787] [GSL]: Total number of simulations: 162
[INFO] [1789221227.639044522] [GSL]: [RC2-DIAG] normalized_finite_count=1053 normalized_sum=1
[INFO] [1789221227.639052332] [GSL]: Time ellapsed in simulation = 0.448455072 s
[INFO] [1789221227.669076481] [GSL]: Max mutual info: 2.911
[INFO] [1789221227.669230715] [GSL]: MutualInformation - Ellapsed: 0.004s
[INFO] [1789221227.697743286] [GSL]: Sending goal (-1.34, -3.10)
[INFO] [1789221227.698617824] [GSL]: Variance: 0.40
[INFO] [1789221227.698644063] [GSL - Trace]: [32mEntering Moving[0m
[INFO] [1789221229.535597201] [GSL - Trace]: [32mEntering StopAndMeasure[0m
[INFO] [1789221231.499848270] [GSL]: 10 gas measurements, 10 wind measurements over 1.96 seconds
[INFO] [1789221231.499903821] [GSL]: avg_gas=1;  avg_windSpeed=0.45;  avg_wind_dir=-1.7
[INFO] [1789221231.500461358] [GSL]: [33mGAS HIT[0m
[INFO] [1789221231.500471872] [GSL]: [DEBUG-WIND] useGroundTruth=false gmrf_req_size=631 gaden_req_size=-1
[INFO] [1789221231.500478620] [GSL]: [DEBUG-WIND] Taking GMRF path
[INFO] [1789221231.589717771] [GSL - Trace]: [32mEntering StopAndMeasure[0m
[INFO] [1789221233.499821549] [GSL]: 10 gas measurements, 10 wind measurements over 1.91 seconds
[INFO] [1789221233.499878294] [GSL]: avg_gas=1.1;  avg_windSpeed=0.42;  avg_wind_dir=-1.7
[INFO] [1789221233.500441288] [GSL]: [33mGAS HIT[0m
[INFO] [1789221233.500451569] [GSL]: [DEBUG-WIND] useGroundTruth=false gmrf_req_size=631 gaden_req_size=-1
[INFO] [1789221233.500725147] [GSL]: [DEBUG-WIND] Taking GMRF path
[INFO] [1789221233.589327003] [GSL - Trace]: [32mEntering StopAndMeasure[0m
[INFO] [1789221235.499733263] [GSL]: 10 gas measurements, 10 wind measurements over 1.91 seconds
[INFO] [1789221235.499767550] [GSL]: avg_gas=1.1;  avg_windSpeed=0.45;  avg_wind_dir=-1.7
[INFO] [1789221235.500309462] [GSL]: [33mGAS HIT[0m
[INFO] [1789221235.500319672] [GSL]: [DEBUG-WIND] useGroundTruth=false gmrf_req_size=631 gaden_req_size=-1
[INFO] [1789221235.500326395] [GSL]: [DEBUG-WIND] Taking GMRF path
[INFO] [1789221235.589436670] [GSL - Trace]: [32mEntering StopAndMeasure[0m
[INFO] [1789221237.499767136] [GSL]: 10 gas measurements, 10 wind measurements over 1.91 seconds
[INFO] [1789221237.499804422] [GSL]: avg_gas=1.1;  avg_windSpeed=0.42;  avg_wind_dir=-1.7
[INFO] [1789221237.500350811] [GSL]: [33mGAS HIT[0m
[INFO] [1789221237.500360274] [GSL]: [DEBUG-WIND] useGroundTruth=false gmrf_req_size=631 gaden_req_size=-1
[INFO] [1789221237.500557340] [GSL]: [DEBUG-WIND] Taking GMRF path
[INFO] [1789221237.589227332] [GSL - Trace]: [32mEntering StopAndMeasure[0m
[INFO] [1789221239.499784273] [GSL]: 10 gas measurements, 10 wind measurements over 1.91 seconds
[INFO] [1789221239.499844140] [GSL]: avg_gas=1.1;  avg_windSpeed=0.45;  avg_wind_dir=-1.7
[INFO] [1789221239.500410737] [GSL]: [33mGAS HIT[0m
[INFO] [1789221239.500420625] [GSL]: [DEBUG-WIND] useGroundTruth=false gmrf_req_size=631 gaden_req_size=-1
[INFO] [1789221239.500427569] [GSL]: [DEBUG-WIND] Taking GMRF path
[INFO] [1789221239.589354910] [GSL - Trace]: [32mEntering StopAndMeasure[0m
[INFO] [1789221241.749711680] [GSL]: 10 gas measurements, 10 wind measurements over 2.16 seconds
[INFO] [1789221241.749774388] [GSL]: avg_gas=1.1;  avg_windSpeed=0.42;  avg_wind_dir=-1.7
[INFO] [1789221241.750315929] [GSL]: [33mGAS HIT[0m
[INFO] [1789221241.750326661] [GSL]: [DEBUG-WIND] useGroundTruth=false gmrf_req_size=631 gaden_req_size=-1
[INFO] [1789221241.750609129] [GSL]: [DEBUG-WIND] Taking GMRF path
[INFO] [1789221241.789064231] [GSL - Trace]: [32mEntering StopAndMeasure[0m
[INFO] [1789221243.699778465] [GSL]: 10 gas measurements, 10 wind measurements over 1.91 seconds
[INFO] [1789221243.699832717] [GSL]: avg_gas=1.2;  avg_windSpeed=0.45;  avg_wind_dir=-1.7
[INFO] [1789221243.700363720] [GSL]: [33mGAS HIT[0m
[INFO] [1789221243.700373343] [GSL]: [DEBUG-WIND] useGroundTruth=false gmrf_req_size=631 gaden_req_size=-1
[INFO] [1789221243.700379875] [GSL]: [DEBUG-WIND] Taking GMRF path
[INFO] [1789221243.790444942] [GSL - Trace]: [32mEntering StopAndMeasure[0m
[INFO] [1789221245.699688271] [GSL]: 10 gas measurements, 10 wind measurements over 1.91 seconds
[INFO] [1789221245.699748742] [GSL]: avg_gas=1.2;  avg_windSpeed=0.42;  avg_wind_dir=-1.7
[INFO] [1789221245.700298792] [GSL]: [33mGAS HIT[0m
[INFO] [1789221245.700308920] [GSL]: [DEBUG-WIND] useGroundTruth=false gmrf_req_size=631 gaden_req_size=-1
[INFO] [1789221245.700315635] [GSL]: [DEBUG-WIND] Taking GMRF path
[INFO] [1789221245.808557473] [GSL]: Max mutual info: 2.911
[INFO] [1789221245.808692888] [GSL]: MutualInformation - Ellapsed: 0.018s
[INFO] [1789221245.841150758] [GSL]: Sending goal (-1.34, -3.70)
[INFO] [1789221245.847683012] [GSL]: Variance: 0.40
[INFO] [1789221245.847716758] [GSL - Trace]: [32mEntering Moving[0m
[INFO] [1789221246.507775043] [GSL - Trace]: [32mEntering StopAndMeasure[0m
[INFO] [1789221248.497699343] [GSL]: 10 gas measurements, 10 wind measurements over 1.99 seconds
[INFO] [1789221248.497763012] [GSL]: avg_gas=1.2;  avg_windSpeed=0.41;  avg_wind_dir=-1.7
[INFO] [1789221248.498354295] [GSL]: [33mGAS HIT[0m
[INFO] [1789221248.498365348] [GSL]: [DEBUG-WIND] useGroundTruth=false gmrf_req_size=631 gaden_req_size=-1
[INFO] [1789221248.498372713] [GSL]: [DEBUG-WIND] Taking GMRF path
[INFO] [1789221248.589642372] [GSL - Trace]: [32mEntering StopAndMeasure[0m
[INFO] [1789221250.515521451] [GSL]: 10 gas measurements, 10 wind measurements over 1.93 seconds
[INFO] [1789221250.516082043] [GSL]: avg_gas=1.3;  avg_windSpeed=0.46;  avg_wind_dir=-1.8
[INFO] [1789221250.517426209] [GSL]: [33mGAS HIT[0m
[INFO] [1789221250.517525014] [GSL]: [DEBUG-WIND] useGroundTruth=false gmrf_req_size=631 gaden_req_size=-1
[INFO] [1789221250.517536664] [GSL]: [DEBUG-WIND] Taking GMRF path
[INFO] [1789221250.599779390] [GSL - Trace]: [32mEntering StopAndMeasure[0m
[INFO] [1789221252.484067544] [GSL]: 10 gas measurements, 10 wind measurements over 1.88 seconds
[INFO] [1789221252.484133931] [GSL]: avg_gas=1.3;  avg_windSpeed=0.41;  avg_wind_dir=-1.7
[INFO] [1789221252.484676785] [GSL]: [33mGAS HIT[0m
[INFO] [1789221252.484687092] [GSL]: [DEBUG-WIND] useGroundTruth=false gmrf_req_size=631 gaden_req_size=-1
[INFO] [1789221252.484693881] [GSL]: [DEBUG-WIND] Taking GMRF path
[INFO] [1789221252.591802266] [GSL - Trace]: [32mEntering StopAndMeasure[0m
[INFO] [1789221254.477700138] [GSL]: 10 gas measurements, 10 wind measurements over 1.89 seconds
[INFO] [1789221254.477761451] [GSL]: avg_gas=1.3;  avg_windSpeed=0.46;  avg_wind_dir=-1.8
[INFO] [1789221254.478667134] [GSL]: [33mGAS HIT[0m
[INFO] [1789221254.478687595] [GSL]: [DEBUG-WIND] useGroundTruth=false gmrf_req_size=631 gaden_req_size=-1
[INFO] [1789221254.478695427] [GSL]: [DEBUG-WIND] Taking GMRF path
[INFO] [1789221254.568807692] [GSL - Trace]: [32mEntering StopAndMeasure[0m
[INFO] [1789221256.496369198] [GSL]: 10 gas measurements, 10 wind measurements over 1.93 seconds
[INFO] [1789221256.496406421] [GSL]: avg_gas=1.3;  avg_windSpeed=0.41;  avg_wind_dir=-1.7
[INFO] [1789221256.496905469] [GSL]: [33mGAS HIT[0m
[INFO] [1789221256.496914803] [GSL]: [DEBUG-WIND] useGroundTruth=false gmrf_req_size=631 gaden_req_size=-1
[INFO] [1789221256.496921423] [GSL]: [DEBUG-WIND] Taking GMRF path
[INFO] [1789221256.588952140] [GSL - Trace]: [32mEntering StopAndMeasure[0m
[INFO] [1789221258.466674049] [GSL]: 10 gas measurements, 10 wind measurements over 1.88 seconds
[INFO] [1789221258.466737111] [GSL]: avg_gas=1.3;  avg_windSpeed=0.46;  avg_wind_dir=-1.8
[INFO] [1789221258.467756469] [GSL]: [33mGAS HIT[0m
[INFO] [1789221258.467797409] [GSL]: [DEBUG-WIND] useGroundTruth=false gmrf_req_size=631 gaden_req_size=-1
[INFO] [1789221258.467804818] [GSL]: [DEBUG-WIND] Taking GMRF path
[INFO] [1789221258.488887105] [GSL - Trace]: [32mEntering StopAndMeasure[0m
[INFO] [1789221260.518442872] [GSL]: 10 gas measurements, 10 wind measurements over 2.03 seconds
[INFO] [1789221260.518509524] [GSL]: avg_gas=1.3;  avg_windSpeed=0.41;  avg_wind_dir=-1.7
[INFO] [1789221260.519145401] [GSL]: [33mGAS HIT[0m
[INFO] [1789221260.519157019] [GSL]: [DEBUG-WIND] useGroundTruth=false gmrf_req_size=631 gaden_req_size=-1
[INFO] [1789221260.519165467] [GSL]: [DEBUG-WIND] Taking GMRF path
[INFO] [1789221260.588841653] [GSL - Trace]: [32mEntering StopAndMeasure[0m
[INFO] [1789221262.498705467] [GSL]: 10 gas measurements, 10 wind measurements over 1.91 seconds
[INFO] [1789221262.498754587] [GSL]: avg_gas=1.3;  avg_windSpeed=0.46;  avg_wind_dir=-1.8
[INFO] [1789221262.499297071] [GSL]: [33mGAS HIT[0m
[INFO] [1789221262.499525255] [GSL]: [DEBUG-WIND] useGroundTruth=false gmrf_req_size=631 gaden_req_size=-1
[INFO] [1789221262.499537461] [GSL]: [DEBUG-WIND] Taking GMRF path
[INFO] [1789221262.599285263] [GSL]: Max mutual info: 3.494
[INFO] [1789221262.599397605] [GSL]: MutualInformation - Ellapsed: 0.011s
[INFO] [1789221262.631589442] [GSL]: Sending goal (-1.94, -3.10)
[INFO] [1789221262.632080940] [GSL]: Variance: 0.40
[INFO] [1789221262.632105998] [GSL - Trace]: [32mEntering Moving[0m
[INFO] [1789221263.142524346] [GSL - Trace]: [32mEntering StopAndMeasure[0m
[INFO] [1789221265.083042524] [GSL]: 10 gas measurements, 10 wind measurements over 1.94 seconds
[INFO] [1789221265.083107609] [GSL]: avg_gas=1.2;  avg_windSpeed=0.079;  avg_wind_dir=-1.6
[INFO] [1789221265.083652586] [GSL]: [33mGAS HIT[0m
[INFO] [1789221265.083663156] [GSL]: [DEBUG-WIND] useGroundTruth=false gmrf_req_size=631 gaden_req_size=-1
[INFO] [1789221265.083669561] [GSL]: [DEBUG-WIND] Taking GMRF path
[INFO] [1789221265.088694087] [GSL - Trace]: [32mEntering StopAndMeasure[0m
[INFO] [1789221267.083221808] [GSL]: 10 gas measurements, 10 wind measurements over 1.99 seconds
[INFO] [1789221267.083315427] [GSL]: avg_gas=1.1;  avg_windSpeed=0.052;  avg_wind_dir=-1.4
[INFO] [1789221267.083808824] [GSL]: [33mGAS HIT[0m
[INFO] [1789221267.083818238] [GSL]: [DEBUG-WIND] useGroundTruth=false gmrf_req_size=631 gaden_req_size=-1
[INFO] [1789221267.083824842] [GSL]: [DEBUG-WIND] Taking GMRF path
[INFO] [1789221267.088815814] [GSL - Trace]: [32mEntering StopAndMeasure[0m
[INFO] [1789221269.133136651] [GSL]: 10 gas measurements, 10 wind measurements over 2.04 seconds
[INFO] [1789221269.133198724] [GSL]: avg_gas=1.1;  avg_windSpeed=0.079;  avg_wind_dir=-1.6
[INFO] [1789221269.133737365] [GSL]: [33mGAS HIT[0m
[INFO] [1789221269.133747043] [GSL]: [DEBUG-WIND] useGroundTruth=false gmrf_req_size=631 gaden_req_size=-1
[INFO] [1789221269.133753627] [GSL]: [DEBUG-WIND] Taking GMRF path
[INFO] [1789221269.189610162] [GSL - Trace]: [32mEntering StopAndMeasure[0m
[INFO] [1789221271.083187881] [GSL]: 10 gas measurements, 10 wind measurements over 1.89 seconds
[INFO] [1789221271.083283092] [GSL]: avg_gas=1.2;  avg_windSpeed=0.052;  avg_wind_dir=-1.4
[INFO] [1789221271.083788827] [GSL]: [33mGAS HIT[0m
[INFO] [1789221271.083797968] [GSL]: [DEBUG-WIND] useGroundTruth=false gmrf_req_size=631 gaden_req_size=-1
[INFO] [1789221271.083804699] [GSL]: [DEBUG-WIND] Taking GMRF path
[INFO] [1789221271.089058444] [GSL - Trace]: [32mEntering StopAndMeasure[0m
[INFO] [1789221273.083102652] [GSL]: 10 gas measurements, 10 wind measurements over 1.99 seconds
[INFO] [1789221273.083168878] [GSL]: avg_gas=1.2;  avg_windSpeed=0.079;  avg_wind_dir=-1.6
[INFO] [1789221273.083768302] [GSL]: [33mGAS HIT[0m
[INFO] [1789221273.083791046] [GSL]: [DEBUG-WIND] useGroundTruth=false gmrf_req_size=631 gaden_req_size=-1
[INFO] [1789221273.083798109] [GSL]: [DEBUG-WIND] Taking GMRF path
[INFO] [1789221273.088984526] [GSL - Trace]: [32mEntering StopAndMeasure[0m
[INFO] [1789221275.083089056] [GSL]: 10 gas measurements, 10 wind measurements over 1.99 seconds
[INFO] [1789221275.083152039] [GSL]: avg_gas=1.1;  avg_windSpeed=0.052;  avg_wind_dir=-1.4
[INFO] [1789221275.083666906] [GSL]: [33mGAS HIT[0m
[INFO] [1789221275.083676188] [GSL]: [DEBUG-WIND] useGroundTruth=false gmrf_req_size=631 gaden_req_size=-1
[INFO] [1789221275.083682825] [GSL]: [DEBUG-WIND] Taking GMRF path
[INFO] [1789221275.088803025] [GSL - Trace]: [32mEntering StopAndMeasure[0m
[INFO] [1789221277.083137571] [GSL]: 10 gas measurements, 10 wind measurements over 1.99 seconds
[INFO] [1789221277.083203376] [GSL]: avg_gas=1.1;  avg_windSpeed=0.079;  avg_wind_dir=-1.6
[INFO] [1789221277.084175753] [GSL]: [33mGAS HIT[0m
[INFO] [1789221277.084203817] [GSL]: [DEBUG-WIND] useGroundTruth=false gmrf_req_size=631 gaden_req_size=-1
[INFO] [1789221277.084211558] [GSL]: [DEBUG-WIND] Taking GMRF path
[INFO] [1789221277.088896102] [GSL - Trace]: [32mEntering StopAndMeasure[0m
[INFO] [1789221279.083148852] [GSL]: 10 gas measurements, 10 wind measurements over 1.99 seconds
[INFO] [1789221279.083569060] [GSL]: avg_gas=1.1;  avg_windSpeed=0.052;  avg_wind_dir=-1.4
[INFO] [1789221279.084116004] [GSL]: [33mGAS HIT[0m
[INFO] [1789221279.084125394] [GSL]: [DEBUG-WIND] useGroundTruth=false gmrf_req_size=631 gaden_req_size=-1
[INFO] [1789221279.084132350] [GSL]: [DEBUG-WIND] Taking GMRF path
[INFO] [1789221279.088729827] [GSL]: [33mStarted simulations. Might take a while![0m
[INFO] [1789221279.189784354] [GSL]: CER contrastive context initialized: events=80, candidates=62, transport_members=1, fixed_ratio_weight=1, context_within_member=true, centered_log_odds=false, transport_pool=arithmetic_mixture
[INFO] [1789221279.345139447] [GSL - Trace]: [32mFirst simulation level done[0m
[INFO] [1789221279.345199382] [GSL]: [RC2-DIAG] scores_size=62 refineFraction=0.25 refine_product=15.5 valid_first_level=62 sum_sourceProbInternal_before_norm=2.6021991370421236 min_sourceProbInternal_before_norm=0 max_sourceProbInternal_before_norm=0.10870602222203579 finite_sourceProbInternal=1053 finite_varianceOfHitProb=1053
[INFO] [1789221279.453674434] [GSL - Trace]: [32mSimulation level 2 done[0m
[INFO] [1789221279.530827444] [GSL - Trace]: [32mSimulation level 3 done[0m
[INFO] [1789221279.552785982] [GSL - Trace]: [32mSimulation level 4 done[0m
[INFO] [1789221279.553219179] [GSL - Trace]: [32mSimulation level 5 done[0m
[INFO] [1789221279.553231619] [GSL]: Number of levels in the simulation: 5
[INFO] [1789221279.553252808] [GSL]: Total number of simulations: 164
[INFO] [1789221279.553409462] [GSL]: [RC2-DIAG] normalized_finite_count=1053 normalized_sum=1
[INFO] [1789221279.553418749] [GSL]: Time ellapsed in simulation = 0.464650879 s
[INFO] [1789221279.567704286] [GSL]: Max mutual info: 2.640
[INFO] [1789221279.567847539] [GSL]: MutualInformation - Ellapsed: 0.003s
[INFO] [1789221279.595734825] [GSL]: Sending goal (-4.04, -2.20)
[INFO] [1789221279.596268628] [GSL]: Variance: 0.27
[INFO] [1789221279.596294341] [GSL - Trace]: [32mEntering Moving[0m
[INFO] [1789221281.329194974] [GSL - Trace]: [32mEntering StopAndMeasure[0m
[INFO] [1789221283.874517360] [GSL]: 10 gas measurements, 10 wind measurements over 2.55 seconds
[INFO] [1789221283.874600350] [GSL]: avg_gas=0.96;  avg_windSpeed=0.025;  avg_wind_dir=3
[INFO] [1789221283.875548820] [GSL]: [33mGAS HIT[0m
[INFO] [1789221283.875563436] [GSL]: [DEBUG-WIND] useGroundTruth=false gmrf_req_size=631 gaden_req_size=-1
[INFO] [1789221283.875574253] [GSL]: [DEBUG-WIND] Taking GMRF path
[INFO] [1789221283.920293746] [GSL - Trace]: [32mEntering StopAndMeasure[0m
[INFO] [1789221285.910119276] [GSL]: 10 gas measurements, 10 wind measurements over 1.99 seconds
[INFO] [1789221285.910272489] [GSL]: avg_gas=0.92;  avg_windSpeed=0.02;  avg_wind_dir=1.1
[INFO] [1789221285.911691989] [GSL]: [33mGAS HIT[0m
[INFO] [1789221285.911713468] [GSL]: [DEBUG-WIND] useGroundTruth=false gmrf_req_size=631 gaden_req_size=-1
[INFO] [1789221285.911727472] [GSL]: [DEBUG-WIND] Taking GMRF path
[INFO] [1789221285.922462475] [GSL - Trace]: [32mEntering StopAndMeasure[0m
[INFO] [1789221287.909974116] [GSL]: 10 gas measurements, 10 wind measurements over 1.99 seconds
[INFO] [1789221287.910047521] [GSL]: avg_gas=0.91;  avg_windSpeed=0.025;  avg_wind_dir=3
[INFO] [1789221287.910650487] [GSL]: [33mGAS HIT[0m
[INFO] [1789221287.910659779] [GSL]: [DEBUG-WIND] useGroundTruth=false gmrf_req_size=631 gaden_req_size=-1
[INFO] [1789221287.910666507] [GSL]: [DEBUG-WIND] Taking GMRF path
[INFO] [1789221287.921968138] [GSL - Trace]: [32mEntering StopAndMeasure[0m
[INFO] [1789221289.910143822] [GSL]: 10 gas measurements, 10 wind measurements over 1.99 seconds
[INFO] [1789221289.910248425] [GSL]: avg_gas=0.92;  avg_windSpeed=0.02;  avg_wind_dir=1.1
[INFO] [1789221289.911282571] [GSL]: [33mGAS HIT[0m
[INFO] [1789221289.911301423] [GSL]: [DEBUG-WIND] useGroundTruth=false gmrf_req_size=631 gaden_req_size=-1
[INFO] [1789221289.911324329] [GSL]: [DEBUG-WIND] Taking GMRF path
[INFO] [1789221289.922104273] [GSL - Trace]: [32mEntering StopAndMeasure[0m
[INFO] [1789221291.859798380] [GSL]: 10 gas measurements, 10 wind measurements over 1.94 seconds
[INFO] [1789221291.859853629] [GSL]: avg_gas=0.94;  avg_windSpeed=0.025;  avg_wind_dir=3
[INFO] [1789221291.860438684] [GSL]: [33mGAS HIT[0m
[INFO] [1789221291.860448887] [GSL]: [DEBUG-WIND] useGroundTruth=false gmrf_req_size=631 gaden_req_size=-1
[INFO] [1789221291.860455393] [GSL]: [DEBUG-WIND] Taking GMRF path
[INFO] [1789221291.922536674] [GSL - Trace]: [32mEntering StopAndMeasure[0m
[INFO] [1789221293.910148713] [GSL]: 10 gas measurements, 10 wind measurements over 1.99 seconds
[INFO] [1789221293.910259424] [GSL]: avg_gas=0.95;  avg_windSpeed=0.02;  avg_wind_dir=1.1
[INFO] [1789221293.911239782] [GSL]: [33mGAS HIT[0m
[INFO] [1789221293.911255485] [GSL]: [DEBUG-WIND] useGroundTruth=false gmrf_req_size=631 gaden_req_size=-1
[INFO] [1789221293.911266088] [GSL]: [DEBUG-WIND] Taking GMRF path
[INFO] [1789221293.923129125] [GSL - Trace]: [32mEntering StopAndMeasure[0m
[INFO] [1789221295.909854300] [GSL]: 10 gas measurements, 10 wind measurements over 1.99 seconds
[INFO] [1789221295.910231298] [GSL]: avg_gas=0.96;  avg_windSpeed=0.025;  avg_wind_dir=3
[INFO] [1789221295.910860260] [GSL]: [33mGAS HIT[0m
[INFO] [1789221295.910871538] [GSL]: [DEBUG-WIND] useGroundTruth=false gmrf_req_size=631 gaden_req_size=-1
[INFO] [1789221295.910878675] [GSL]: [DEBUG-WIND] Taking GMRF path
[INFO] [1789221295.921904458] [GSL - Trace]: [32mEntering StopAndMeasure[0m
[INFO] [1789221297.909957310] [GSL]: 10 gas measurements, 10 wind measurements over 1.99 seconds
[INFO] [1789221297.910029290] [GSL]: avg_gas=0.59;  avg_windSpeed=0.016;  avg_wind_dir=0.73
[INFO] [1789221297.910633646] [GSL]: [33mGAS HIT[0m
[INFO] [1789221297.910644081] [GSL]: [DEBUG-WIND] useGroundTruth=false gmrf_req_size=631 gaden_req_size=-1
[INFO] [1789221297.910651045] [GSL]: [DEBUG-WIND] Taking GMRF path
[INFO] [1789221297.926040644] [GSL]: Max mutual info: 2.640
[INFO] [1789221297.926206664] [GSL]: MutualInformation - Ellapsed: 0.004s
[INFO] [1789221297.960073810] [GSL]: Sending goal (-3.74, -1.60)
[INFO] [1789221297.960794031] [GSL]: Variance: 0.27
[INFO] [1789221297.960818302] [GSL - Trace]: [32mEntering Moving[0m
[INFO] [1789221298.510224323] [GSL - Trace]: [32mEntering StopAndMeasure[0m
[INFO] [1789221300.510042069] [GSL]: 10 gas measurements, 10 wind measurements over 2.00 seconds
[INFO] [1789221300.510120353] [GSL]: avg_gas=0.07;  avg_windSpeed=0.03;  avg_wind_dir=-0.66
[INFO] [1789221300.510743287] [GSL]: [33mNOTHING [0m
[INFO] [1789221300.510754107] [GSL]: [DEBUG-WIND] useGroundTruth=false gmrf_req_size=631 gaden_req_size=-1
[INFO] [1789221300.510761016] [GSL]: [DEBUG-WIND] Taking GMRF path
[INFO] [1789221300.522096714] [GSL - Trace]: [32mEntering StopAndMeasure[0m
[INFO] [1789221302.459771073] [GSL]: 10 gas measurements, 10 wind measurements over 1.94 seconds
[INFO] [1789221302.459834792] [GSL]: avg_gas=0.013;  avg_windSpeed=0.033;  avg_wind_dir=-0.027
[INFO] [1789221302.460457673] [GSL]: [33mNOTHING [0m
[INFO] [1789221302.460468008] [GSL]: [DEBUG-WIND] useGroundTruth=false gmrf_req_size=631 gaden_req_size=-1
[INFO] [1789221302.460739358] [GSL]: [DEBUG-WIND] Taking GMRF path
[INFO] [1789221302.521952696] [GSL - Trace]: [32mEntering StopAndMeasure[0m
[INFO] [1789221304.509871095] [GSL]: 10 gas measurements, 10 wind measurements over 1.99 seconds
[INFO] [1789221304.509985070] [GSL]: avg_gas=0.0025;  avg_windSpeed=0.03;  avg_wind_dir=-0.62
[INFO] [1789221304.511665036] [GSL]: [33mNOTHING [0m
[INFO] [1789221304.511723562] [GSL]: [DEBUG-WIND] useGroundTruth=false gmrf_req_size=631 gaden_req_size=-1
[INFO] [1789221304.511737976] [GSL]: [DEBUG-WIND] Taking GMRF path
[INFO] [1789221304.522062002] [GSL - Trace]: [32mEntering StopAndMeasure[0m
[INFO] [1789221306.509817313] [GSL]: 10 gas measurements, 10 wind measurements over 1.99 seconds
[INFO] [1789221306.509885682] [GSL]: avg_gas=0.00047;  avg_windSpeed=0.032;  avg_wind_dir=-0.043
[INFO] [1789221306.510553004] [GSL]: [33mNOTHING [0m
[INFO] [1789221306.510563643] [GSL]: [DEBUG-WIND] useGroundTruth=false gmrf_req_size=631 gaden_req_size=-1
[INFO] [1789221306.510930736] [GSL]: [DEBUG-WIND] Taking GMRF path
[INFO] [1789221306.521999423] [GSL - Trace]: [32mEntering StopAndMeasure[0m
[INFO] [1789221308.509947517] [GSL]: 10 gas measurements, 10 wind measurements over 1.99 seconds
[INFO] [1789221308.510042745] [GSL]: avg_gas=8.8e-05;  avg_windSpeed=0.03;  avg_wind_dir=-0.62
[INFO] [1789221308.511151814] [GSL]: [33mNOTHING [0m
[INFO] [1789221308.511182554] [GSL]: [DEBUG-WIND] useGroundTruth=false gmrf_req_size=631 gaden_req_size=-1
[INFO] [1789221308.511195354] [GSL]: [DEBUG-WIND] Taking GMRF path
[INFO] [1789221308.522052265] [GSL - Trace]: [32mEntering StopAndMeasure[0m
[INFO] [1789221310.459790945] [GSL]: 10 gas measurements, 10 wind measurements over 1.94 seconds
[INFO] [1789221310.459853157] [GSL]: avg_gas=1.7e-05;  avg_windSpeed=0.032;  avg_wind_dir=-0.043
[INFO] [1789221310.460487573] [GSL]: [33mNOTHING [0m
[INFO] [1789221310.460498065] [GSL]: [DEBUG-WIND] useGroundTruth=false gmrf_req_size=631 gaden_req_size=-1
[INFO] [1789221310.460683020] [GSL]: [DEBUG-WIND] Taking GMRF path
[INFO] [1789221310.522981363] [GSL - Trace]: [32mEntering StopAndMeasure[0m
[INFO] [1789221312.509850336] [GSL]: 10 gas measurements, 10 wind measurements over 1.99 seconds
[INFO] [1789221312.509930465] [GSL]: avg_gas=3.2e-06;  avg_windSpeed=0.03;  avg_wind_dir=-0.62
[INFO] [1789221312.510751087] [GSL]: [33mNOTHING [0m
[INFO] [1789221312.510764247] [GSL]: [DEBUG-WIND] useGroundTruth=false gmrf_req_size=631 gaden_req_size=-1
[INFO] [1789221312.510773325] [GSL]: [DEBUG-WIND] Taking GMRF path
[INFO] [1789221312.522413069] [GSL - Trace]: [32mEntering StopAndMeasure[0m
[INFO] [1789221314.709885428] [GSL]: 10 gas measurements, 10 wind measurements over 2.19 seconds
[INFO] [1789221314.709948573] [GSL]: avg_gas=6e-07;  avg_windSpeed=0.032;  avg_wind_dir=-0.037
[INFO] [1789221314.710599238] [GSL]: [33mNOTHING [0m
[INFO] [1789221314.710609410] [GSL]: [DEBUG-WIND] useGroundTruth=false gmrf_req_size=631 gaden_req_size=-1
[INFO] [1789221314.710869517] [GSL]: [DEBUG-WIND] Taking GMRF path
[INFO] [1789221314.734344066] [GSL]: Max mutual info: 2.640
[INFO] [1789221314.734479617] [GSL]: MutualInformation - Ellapsed: 0.013s
[INFO] [1789221314.765669989] [GSL]: Sending goal (-3.14, -3.10)
[INFO] [1789221314.766207385] [GSL]: Variance: 0.27
[INFO] [1789221314.766231073] [GSL - Trace]: [32mEntering Moving[0m
[INFO] [1789221315.910195090] [GSL - Trace]: [32mEntering StopAndMeasure[0m
[INFO] [1789221317.859998151] [GSL]: 10 gas measurements, 10 wind measurements over 1.95 seconds
[INFO] [1789221317.860055626] [GSL]: avg_gas=3.5e-08;  avg_windSpeed=0.028;  avg_wind_dir=-3
[INFO] [1789221317.860751819] [GSL]: [33mNOTHING [0m
[INFO] [1789221317.860763526] [GSL]: [DEBUG-WIND] useGroundTruth=false gmrf_req_size=631 gaden_req_size=-1
[INFO] [1789221317.860771174] [GSL]: [DEBUG-WIND] Taking GMRF path
[INFO] [1789221317.922174784] [GSL - Trace]: [32mEntering StopAndMeasure[0m
[INFO] [1789221319.910002562] [GSL]: 10 gas measurements, 10 wind measurements over 1.99 seconds
[INFO] [1789221319.910621318] [GSL]: avg_gas=6.6e-09;  avg_windSpeed=0.042;  avg_wind_dir=-2.6
[INFO] [1789221319.911537846] [GSL]: [33mNOTHING [0m
[INFO] [1789221319.911552536] [GSL]: [DEBUG-WIND] useGroundTruth=false gmrf_req_size=631 gaden_req_size=-1
[INFO] [1789221319.911562408] [GSL]: [DEBUG-WIND] Taking GMRF path
[INFO] [1789221319.922044755] [GSL - Trace]: [32mEntering StopAndMeasure[0m
[INFO] [1789221321.859832290] [GSL]: 10 gas measurements, 10 wind measurements over 1.94 seconds
[INFO] [1789221321.859893186] [GSL]: avg_gas=1.3e-09;  avg_windSpeed=0.028;  avg_wind_dir=-3
[INFO] [1789221321.860477280] [GSL]: [33mNOTHING [0m
[INFO] [1789221321.860487042] [GSL]: [DEBUG-WIND] useGroundTruth=false gmrf_req_size=631 gaden_req_size=-1
[INFO] [1789221321.860493877] [GSL]: [DEBUG-WIND] Taking GMRF path
[INFO] [1789221321.922018165] [GSL - Trace]: [32mEntering StopAndMeasure[0m
[INFO] [1789221323.859770129] [GSL]: 10 gas measurements, 10 wind measurements over 1.94 seconds
[INFO] [1789221323.860105015] [GSL]: avg_gas=2.4e-10;  avg_windSpeed=0.042;  avg_wind_dir=-2.6
[INFO] [1789221323.860774232] [GSL]: [33mNOTHING [0m
[INFO] [1789221323.860785920] [GSL]: [DEBUG-WIND] useGroundTruth=false gmrf_req_size=631 gaden_req_size=-1
[INFO] [1789221323.860792952] [GSL]: [DEBUG-WIND] Taking GMRF path
[INFO] [1789221323.922300913] [GSL - Trace]: [32mEntering StopAndMeasure[0m
[INFO] [1789221325.909968502] [GSL]: 10 gas measurements, 10 wind measurements over 1.99 seconds
[INFO] [1789221325.910082602] [GSL]: avg_gas=4.5e-11;  avg_windSpeed=0.031;  avg_wind_dir=-2.7
[INFO] [1789221325.911086130] [GSL]: [33mNOTHING [0m
[INFO] [1789221325.911103227] [GSL]: [DEBUG-WIND] useGroundTruth=false gmrf_req_size=631 gaden_req_size=-1
[INFO] [1789221325.911114231] [GSL]: [DEBUG-WIND] Taking GMRF path
[INFO] [1789221325.922018439] [GSL - Trace]: [32mEntering StopAndMeasure[0m
[INFO] [1789221327.859809432] [GSL]: 10 gas measurements, 10 wind measurements over 1.94 seconds
[INFO] [1789221327.860163680] [GSL]: avg_gas=8.4e-12;  avg_windSpeed=0.035;  avg_wind_dir=-2.7
[INFO] [1789221327.860829045] [GSL]: [33mNOTHING [0m
[INFO] [1789221327.860844136] [GSL]: [DEBUG-WIND] useGroundTruth=false gmrf_req_size=631 gaden_req_size=-1
[INFO] [1789221327.860851193] [GSL]: [DEBUG-WIND] Taking GMRF path
[INFO] [1789221327.922111097] [GSL - Trace]: [32mEntering StopAndMeasure[0m
[INFO] [1789221329.859767501] [GSL]: 10 gas measurements, 10 wind measurements over 1.94 seconds
[INFO] [1789221329.859827332] [GSL]: avg_gas=1.6e-12;  avg_windSpeed=0.038;  avg_wind_dir=-2.5
[INFO] [1789221329.860448235] [GSL]: [33mNOTHING [0m
[INFO] [1789221329.860459339] [GSL]: [DEBUG-WIND] useGroundTruth=false gmrf_req_size=631 gaden_req_size=-1
[INFO] [1789221329.860466265] [GSL]: [DEBUG-WIND] Taking GMRF path
[INFO] [1789221329.921912606] [GSL - Trace]: [32mEntering StopAndMeasure[0m
[INFO] [1789221331.909832118] [GSL]: 10 gas measurements, 10 wind measurements over 1.99 seconds
[INFO] [1789221331.909897461] [GSL]: avg_gas=3e-13;  avg_windSpeed=0.027;  avg_wind_dir=-3.1
[INFO] [1789221331.910760488] [GSL]: [33mNOTHING [0m
[INFO] [1789221331.910776648] [GSL]: [DEBUG-WIND] useGroundTruth=false gmrf_req_size=631 gaden_req_size=-1
[INFO] [1789221331.910783319] [GSL]: [DEBUG-WIND] Taking GMRF path
[INFO] [1789221331.921855030] [GSL]: [33mStarted simulations. Might take a while![0m
[INFO] [1789221332.048284446] [GSL]: CER contrastive context initialized: events=104, candidates=62, transport_members=1, fixed_ratio_weight=1, context_within_member=true, centered_log_odds=false, transport_pool=arithmetic_mixture
[INFO] [1789221332.223405902] [GSL - Trace]: [32mFirst simulation level done[0m
[INFO] [1789221332.223466663] [GSL]: [RC2-DIAG] scores_size=62 refineFraction=0.25 refine_product=15.5 valid_first_level=62 sum_sourceProbInternal_before_norm=4.5181263052211466e-13 min_sourceProbInternal_before_norm=0 max_sourceProbInternal_before_norm=2.5342949444076162e-14 finite_sourceProbInternal=1053 finite_varianceOfHitProb=1053
[INFO] [1789221332.318409715] [GSL - Trace]: [32mSimulation level 2 done[0m
[INFO] [1789221332.380409680] [GSL - Trace]: [32mSimulation level 3 done[0m
[INFO] [1789221332.398874195] [GSL - Trace]: [32mSimulation level 4 done[0m
[INFO] [1789221332.399245297] [GSL - Trace]: [32mSimulation level 5 done[0m
[INFO] [1789221332.399255656] [GSL]: Number of levels in the simulation: 5
[INFO] [1789221332.399263419] [GSL]: Total number of simulations: 150
[INFO] [1789221332.399915209] [GSL]: [RC2-DIAG] normalized_finite_count=1053 normalized_sum=1
[INFO] [1789221332.399924526] [GSL]: Time ellapsed in simulation = 0.47802378700000003 s
[INFO] [1789221332.414983928] [GSL]: Max mutual info: 0.563
[INFO] [1789221332.415117590] [GSL]: MutualInformation - Ellapsed: 0.003s
[INFO] [1789221332.467469677] [GSL]: Sending goal (0.76, -3.40)
[INFO] [1789221332.467936817] [GSL]: Variance: 0.49
[INFO] [1789221332.467962425] [GSL - Trace]: [32mEntering Moving[0m
[INFO] [1789221335.317505951] [GSL - Trace]: [32mEntering StopAndMeasure[0m
[INFO] [1789221337.268883220] [GSL]: 10 gas measurements, 10 wind measurements over 1.95 seconds
[INFO] [1789221337.268954001] [GSL]: avg_gas=3.3e-15;  avg_windSpeed=0.015;  avg_wind_dir=1.9
[INFO] [1789221337.269528335] [GSL]: [33mNOTHING [0m
[INFO] [1789221337.269537241] [GSL]: [DEBUG-WIND] useGroundTruth=false gmrf_req_size=631 gaden_req_size=-1
[INFO] [1789221337.269543825] [GSL]: [DEBUG-WIND] Taking GMRF path
[INFO] [1789221337.321906879] [GSL - Trace]: [32mEntering StopAndMeasure[0m
[INFO] [1789221339.268880853] [GSL]: 10 gas measurements, 10 wind measurements over 1.95 seconds
[INFO] [1789221339.268938945] [GSL]: avg_gas=6.3e-16;  avg_windSpeed=0.019;  avg_wind_dir=2.3
[INFO] [1789221339.269562035] [GSL]: [33mNOTHING [0m
[INFO] [1789221339.269572493] [GSL]: [DEBUG-WIND] useGroundTruth=false gmrf_req_size=631 gaden_req_size=-1
[INFO] [1789221339.269579302] [GSL]: [DEBUG-WIND] Taking GMRF path
[INFO] [1789221339.321918097] [GSL - Trace]: [32mEntering StopAndMeasure[0m
[INFO] [1789221341.268873224] [GSL]: 10 gas measurements, 10 wind measurements over 1.95 seconds
[INFO] [1789221341.269169148] [GSL]: avg_gas=1.2e-16;  avg_windSpeed=0.013;  avg_wind_dir=1.9
[INFO] [1789221341.269760527] [GSL]: [33mNOTHING [0m
[INFO] [1789221341.269771299] [GSL]: [DEBUG-WIND] useGroundTruth=false gmrf_req_size=631 gaden_req_size=-1
[INFO] [1789221341.269778351] [GSL]: [DEBUG-WIND] Taking GMRF path
[INFO] [1789221341.322381788] [GSL - Trace]: [32mEntering StopAndMeasure[0m
[INFO] [1789221343.268819228] [GSL]: 10 gas measurements, 10 wind measurements over 1.95 seconds
[INFO] [1789221343.268884861] [GSL]: avg_gas=2.3e-17;  avg_windSpeed=0.019;  avg_wind_dir=2.3
[INFO] [1789221343.269466478] [GSL]: [33mNOTHING [0m
[INFO] [1789221343.269476238] [GSL]: [DEBUG-WIND] useGroundTruth=false gmrf_req_size=631 gaden_req_size=-1
[INFO] [1789221343.269482813] [GSL]: [DEBUG-WIND] Taking GMRF path
[INFO] [1789221343.321916942] [GSL - Trace]: [32mEntering StopAndMeasure[0m
[INFO] [1789221345.268844837] [GSL]: 10 gas measurements, 10 wind measurements over 1.95 seconds
[INFO] [1789221345.269132794] [GSL]: avg_gas=4.3e-18;  avg_windSpeed=0.015;  avg_wind_dir=2.1
[INFO] [1789221345.269729486] [GSL]: [33mNOTHING [0m
[INFO] [1789221345.269739639] [GSL]: [DEBUG-WIND] useGroundTruth=false gmrf_req_size=631 gaden_req_size=-1
[INFO] [1789221345.269746496] [GSL]: [DEBUG-WIND] Taking GMRF path
[INFO] [1789221345.321908738] [GSL - Trace]: [32mEntering StopAndMeasure[0m
[INFO] [1789221347.268861526] [GSL]: 10 gas measurements, 10 wind measurements over 1.95 seconds
[INFO] [1789221347.268938984] [GSL]: avg_gas=8e-19;  avg_windSpeed=0.017;  avg_wind_dir=2
[INFO] [1789221347.269781264] [GSL]: [33mNOTHING [0m
[INFO] [1789221347.269796786] [GSL]: [DEBUG-WIND] useGroundTruth=false gmrf_req_size=631 gaden_req_size=-1
[INFO] [1789221347.269806704] [GSL]: [DEBUG-WIND] Taking GMRF path
[INFO] [1789221347.321824342] [GSL - Trace]: [32mEntering StopAndMeasure[0m
[INFO] [1789221349.218731407] [GSL]: Could not find the source. Sorry!
[INFO] [1789221350.244241826] [GSL]: [34mDONE, CLOSING[0m
